[0.009s] Invoking command in '/home/deathstroke/vins-fusion-ros2/build/global_fusion': CMAKE_PREFIX_PATH=${CMAKE_PREFIX_PATH}:/home/deathstroke/realsense-ros/install/realsense2_ros_mqtt_bridge:/home/deathstroke/rust_ws/install/examples_worker_demo:/home/deathstroke/rust_ws/install/examples_rclrs_minimal_pub_sub:/home/deathstroke/rust_ws/install/examples_rclrs_minimal_client_service:/home/deathstroke/rust_ws/install/examples_parameter_demo:/home/deathstroke/rust_ws/install/examples_logging_demo:/home/deathstroke/rust_ws/install/sensor_msgs_py:/home/deathstroke/rust_ws/install/rust_pubsub:/home/deathstroke/rust_ws/install/examples_rclrs_message_demo:/home/deathstroke/rust_ws/install/rosidl_runtime_rs:/home/deathstroke/rust_ws/install/rclrs:/opt/ros/humble /usr/bin/cmake /home/deathstroke/vins-fusion-ros2/src/VINS-Fusion-ROS2-humble-arm/global_fusion -DCMAKE_INSTALL_PREFIX=/home/deathstroke/vins-fusion-ros2/install/global_fusion
[0.016s] -- Found ament_cmake: 1.3.14 (/opt/ros/humble/share/ament_cmake/cmake)
[0.107s] -- Override CMake install command with custom implementation using symlinks instead of copying resources
[0.110s] -- Found rclcpp: 16.0.19 (/opt/ros/humble/share/rclcpp/cmake)
[0.126s] -- Found rosidl_generator_c: 3.1.9 (/opt/ros/humble/share/rosidl_generator_c/cmake)
[0.127s] -- Found rosidl_adapter: 3.1.9 (/opt/ros/humble/share/rosidl_adapter/cmake)
[0.130s] -- Found rosidl_generator_cpp: 3.1.9 (/opt/ros/humble/share/rosidl_generator_cpp/cmake)
[0.136s] -- Using all available rosidl_typesupport_c: rosidl_typesupport_fastrtps_c;rosidl_typesupport_introspection_c
[0.143s] -- Using all available rosidl_typesupport_cpp: rosidl_typesupport_fastrtps_cpp;rosidl_typesupport_introspection_cpp
[0.160s] -- Found rmw_implementation_cmake: 6.1.3 (/opt/ros/humble/share/rmw_implementation_cmake/cmake)
[0.162s] -- Found rmw_fastrtps_cpp: 6.2.10 (/opt/ros/humble/share/rmw_fastrtps_cpp/cmake)
[0.234s] -- Using RMW implementation 'rmw_fastrtps_cpp' as default
[0.258s] -- Found rclpy: 3.3.21 (/opt/ros/humble/share/rclpy/cmake)
[0.259s] -- Found sensor_msgs: 4.9.0 (/home/deathstroke/rust_ws/install/sensor_msgs/share/sensor_msgs/cmake)
[0.281s] -- Found nav_msgs: 4.9.0 (/home/deathstroke/rust_ws/install/nav_msgs/share/nav_msgs/cmake)
[0.292s] -- Found visualization_msgs: 4.9.0 (/home/deathstroke/rust_ws/install/visualization_msgs/share/visualization_msgs/cmake)
[0.385s] -- Found AMD headers in: /usr/include/suitesparse
[0.385s] -- Found AMD library: /usr/lib/x86_64-linux-gnu/libamd.so
[0.385s] -- Found CAMD headers in: /usr/include/suitesparse
[0.385s] -- Found CAMD library: /usr/lib/x86_64-linux-gnu/libcamd.so
[0.385s] -- Found CCOLAMD headers in: /usr/include/suitesparse
[0.385s] -- Found CCOLAMD library: /usr/lib/x86_64-linux-gnu/libccolamd.so
[0.385s] -- Found CHOLMOD headers in: /usr/include/suitesparse
[0.385s] -- Found CHOLMOD library: /usr/lib/x86_64-linux-gnu/libcholmod.so
[0.385s] -- Found COLAMD headers in: /usr/include/suitesparse
[0.385s] -- Found COLAMD library: /usr/lib/x86_64-linux-gnu/libcolamd.so
[0.385s] -- Found SPQR headers in: /usr/include/suitesparse
[0.385s] -- Found SPQR library: /usr/lib/x86_64-linux-gnu/libspqr.so
[0.385s] -- Found Config headers in: /usr/include/suitesparse
[0.385s] -- Found Config library: /usr/lib/x86_64-linux-gnu/libsuitesparseconfig.so
[0.386s] -- Found Intel Thread Building Blocks (TBB) library (2021.5 / ) include location: . Assuming SuiteSparseQR was compiled with TBB.
[0.386s] -- Adding librt to SuiteSparse_config libraries (required on Linux & Unix [not OSX] if SuiteSparse is compiled with timing).
[0.392s] -- Could NOT find METIS (missing: METIS_INCLUDE_DIR METIS_LIBRARY) 
[0.393s] -- Found required Ceres dependency: Eigen version 3.3.91 in /usr/local/share/eigen3/cmake
[0.394s] -- Found required Ceres dependency: glog
[0.395s] -- Found required Ceres dependency: gflags
[0.395s] -- Found Ceres version: 2.1.0 installed in: /usr/local with components: [EigenSparse, SparseLinearAlgebraLibrary, LAPACK, SuiteSparse, CXSparse, SchurSpecializations, Multithreading]
[0.396s] [0mCMake Deprecation Warning at ThirdParty/GeographicLib/CMakeLists.txt:19 (cmake_minimum_required):
[0.396s]   Compatibility with CMake < 2.8.12 will be removed from a future version of
[0.396s]   CMake.
[0.396s] 
[0.396s]   Update the VERSION argument <min> value or use a ...<max> suffix to tell
[0.396s]   CMake that the project does not need compatibility with older versions.
[0.396s] 
[0.396s] [0m
[0.448s] -- Configuring done
[0.463s] -- Generating done
[0.465s] -- Build files have been written to: /home/deathstroke/vins-fusion-ros2/build/global_fusion
[0.472s] Invoked command in '/home/deathstroke/vins-fusion-ros2/build/global_fusion' returned '0': CMAKE_PREFIX_PATH=${CMAKE_PREFIX_PATH}:/home/deathstroke/realsense-ros/install/realsense2_ros_mqtt_bridge:/home/deathstroke/rust_ws/install/examples_worker_demo:/home/deathstroke/rust_ws/install/examples_rclrs_minimal_pub_sub:/home/deathstroke/rust_ws/install/examples_rclrs_minimal_client_service:/home/deathstroke/rust_ws/install/examples_parameter_demo:/home/deathstroke/rust_ws/install/examples_logging_demo:/home/deathstroke/rust_ws/install/sensor_msgs_py:/home/deathstroke/rust_ws/install/rust_pubsub:/home/deathstroke/rust_ws/install/examples_rclrs_message_demo:/home/deathstroke/rust_ws/install/rosidl_runtime_rs:/home/deathstroke/rust_ws/install/rclrs:/opt/ros/humble /usr/bin/cmake /home/deathstroke/vins-fusion-ros2/src/VINS-Fusion-ROS2-humble-arm/global_fusion -DCMAKE_INSTALL_PREFIX=/home/deathstroke/vins-fusion-ros2/install/global_fusion
[0.474s] Invoking command in '/home/deathstroke/vins-fusion-ros2/build/global_fusion': CMAKE_PREFIX_PATH=${CMAKE_PREFIX_PATH}:/home/deathstroke/realsense-ros/install/realsense2_ros_mqtt_bridge:/home/deathstroke/rust_ws/install/examples_worker_demo:/home/deathstroke/rust_ws/install/examples_rclrs_minimal_pub_sub:/home/deathstroke/rust_ws/install/examples_rclrs_minimal_client_service:/home/deathstroke/rust_ws/install/examples_parameter_demo:/home/deathstroke/rust_ws/install/examples_logging_demo:/home/deathstroke/rust_ws/install/sensor_msgs_py:/home/deathstroke/rust_ws/install/rust_pubsub:/home/deathstroke/rust_ws/install/examples_rclrs_message_demo:/home/deathstroke/rust_ws/install/rosidl_runtime_rs:/home/deathstroke/rust_ws/install/rclrs:/opt/ros/humble /usr/bin/cmake --build /home/deathstroke/vins-fusion-ros2/build/global_fusion -- -j32 -l32
[0.498s] [35m[1mConsolidate compiler generated dependencies of target libGeographiccc[0m
[0.505s] [ 57%] Built target libGeographiccc
[0.514s] [35m[1mConsolidate compiler generated dependencies of target global_fusion_node[0m
[0.529s] [100%] Built target global_fusion_node
[0.537s] Invoked command in '/home/deathstroke/vins-fusion-ros2/build/global_fusion' returned '0': CMAKE_PREFIX_PATH=${CMAKE_PREFIX_PATH}:/home/deathstroke/realsense-ros/install/realsense2_ros_mqtt_bridge:/home/deathstroke/rust_ws/install/examples_worker_demo:/home/deathstroke/rust_ws/install/examples_rclrs_minimal_pub_sub:/home/deathstroke/rust_ws/install/examples_rclrs_minimal_client_service:/home/deathstroke/rust_ws/install/examples_parameter_demo:/home/deathstroke/rust_ws/install/examples_logging_demo:/home/deathstroke/rust_ws/install/sensor_msgs_py:/home/deathstroke/rust_ws/install/rust_pubsub:/home/deathstroke/rust_ws/install/examples_rclrs_message_demo:/home/deathstroke/rust_ws/install/rosidl_runtime_rs:/home/deathstroke/rust_ws/install/rclrs:/opt/ros/humble /usr/bin/cmake --build /home/deathstroke/vins-fusion-ros2/build/global_fusion -- -j32 -l32
[0.543s] Invoking command in '/home/deathstroke/vins-fusion-ros2/build/global_fusion': CMAKE_PREFIX_PATH=${CMAKE_PREFIX_PATH}:/home/deathstroke/realsense-ros/install/realsense2_ros_mqtt_bridge:/home/deathstroke/rust_ws/install/examples_worker_demo:/home/deathstroke/rust_ws/install/examples_rclrs_minimal_pub_sub:/home/deathstroke/rust_ws/install/examples_rclrs_minimal_client_service:/home/deathstroke/rust_ws/install/examples_parameter_demo:/home/deathstroke/rust_ws/install/examples_logging_demo:/home/deathstroke/rust_ws/install/sensor_msgs_py:/home/deathstroke/rust_ws/install/rust_pubsub:/home/deathstroke/rust_ws/install/examples_rclrs_message_demo:/home/deathstroke/rust_ws/install/rosidl_runtime_rs:/home/deathstroke/rust_ws/install/rclrs:/opt/ros/humble /usr/bin/cmake --install /home/deathstroke/vins-fusion-ros2/build/global_fusion
[0.548s] -- Install configuration: "Release"
[0.549s] -- Execute custom install script
[0.550s] -- Up-to-date symlink: /home/deathstroke/vins-fusion-ros2/install/global_fusion/lib/global_fusion/global_fusion_node
[0.550s] -- Up-to-date symlink: /home/deathstroke/vins-fusion-ros2/install/global_fusion/bin/global_fusion_node
[0.550s] -- Up-to-date symlink: /home/deathstroke/vins-fusion-ros2/install/global_fusion/lib/global_fusion/global_fusion_node
[0.550s] -- Up-to-date symlink: /home/deathstroke/vins-fusion-ros2/install/global_fusion/share/ament_index/resource_index/package_run_dependencies/global_fusion
[0.550s] -- Up-to-date symlink: /home/deathstroke/vins-fusion-ros2/install/global_fusion/share/ament_index/resource_index/parent_prefix_path/global_fusion
[0.550s] -- Up-to-date symlink: /home/deathstroke/vins-fusion-ros2/install/global_fusion/share/global_fusion/environment/ament_prefix_path.sh
[0.550s] -- Up-to-date symlink: /home/deathstroke/vins-fusion-ros2/install/global_fusion/share/global_fusion/environment/ament_prefix_path.dsv
[0.550s] -- Up-to-date symlink: /home/deathstroke/vins-fusion-ros2/install/global_fusion/share/global_fusion/environment/path.sh
[0.550s] -- Up-to-date symlink: /home/deathstroke/vins-fusion-ros2/install/global_fusion/share/global_fusion/environment/path.dsv
[0.550s] -- Up-to-date symlink: /home/deathstroke/vins-fusion-ros2/install/global_fusion/share/global_fusion/local_setup.bash
[0.550s] -- Up-to-date symlink: /home/deathstroke/vins-fusion-ros2/install/global_fusion/share/global_fusion/local_setup.sh
[0.550s] -- Up-to-date symlink: /home/deathstroke/vins-fusion-ros2/install/global_fusion/share/global_fusion/local_setup.zsh
[0.550s] -- Up-to-date symlink: /home/deathstroke/vins-fusion-ros2/install/global_fusion/share/global_fusion/local_setup.dsv
[0.550s] -- Symlinking: /home/deathstroke/vins-fusion-ros2/install/global_fusion/share/global_fusion/package.dsv
[0.555s] -- Up-to-date symlink: /home/deathstroke/vins-fusion-ros2/install/global_fusion/share/ament_index/resource_index/packages/global_fusion
[0.555s] -- Up-to-date symlink: /home/deathstroke/vins-fusion-ros2/install/global_fusion/share/global_fusion/cmake/global_fusionConfig.cmake
[0.556s] -- Up-to-date symlink: /home/deathstroke/vins-fusion-ros2/install/global_fusion/share/global_fusion/cmake/global_fusionConfig-version.cmake
[0.556s] -- Up-to-date symlink: /home/deathstroke/vins-fusion-ros2/install/global_fusion/share/global_fusion/package.xml
[0.557s] Invoked command in '/home/deathstroke/vins-fusion-ros2/build/global_fusion' returned '0': CMAKE_PREFIX_PATH=${CMAKE_PREFIX_PATH}:/home/deathstroke/realsense-ros/install/realsense2_ros_mqtt_bridge:/home/deathstroke/rust_ws/install/examples_worker_demo:/home/deathstroke/rust_ws/install/examples_rclrs_minimal_pub_sub:/home/deathstroke/rust_ws/install/examples_rclrs_minimal_client_service:/home/deathstroke/rust_ws/install/examples_parameter_demo:/home/deathstroke/rust_ws/install/examples_logging_demo:/home/deathstroke/rust_ws/install/sensor_msgs_py:/home/deathstroke/rust_ws/install/rust_pubsub:/home/deathstroke/rust_ws/install/examples_rclrs_message_demo:/home/deathstroke/rust_ws/install/rosidl_runtime_rs:/home/deathstroke/rust_ws/install/rclrs:/opt/ros/humble /usr/bin/cmake --install /home/deathstroke/vins-fusion-ros2/build/global_fusion
