-- The C compiler identification is GNU 11.4.0
-- The CXX compiler identification is GNU 11.4.0
-- Detecting C compiler ABI info
-- Detecting C compiler ABI info - done
-- Check for working C compiler: /usr/lib/ccache/cc - skipped
-- Detecting C compile features
-- Detecting C compile features - done
-- Detecting CXX compiler ABI info
-- Detecting CXX compiler ABI info - done
-- Check for working CXX compiler: /usr/lib/ccache/c++ - skipped
-- Detecting CXX compile features
-- Detecting CXX compile features - done
-- Found ament_cmake: 1.3.14 (/opt/ros/humble/share/ament_cmake/cmake)
-- Found Python3: /usr/bin/python3 (found version "3.10.12") found components: Interpreter 
-- Override CMake install command with custom implementation using symlinks instead of copying resources
-- Found rclcpp: 16.0.19 (/opt/ros/humble/share/rclcpp/cmake)
-- Found rosidl_generator_c: 3.1.9 (/opt/ros/humble/share/rosidl_generator_c/cmake)
-- Found rosidl_adapter: 3.1.9 (/opt/ros/humble/share/rosidl_adapter/cmake)
-- Found rosidl_generator_cpp: 3.1.9 (/opt/ros/humble/share/rosidl_generator_cpp/cmake)
-- Using all available rosidl_typesupport_c: rosidl_typesupport_fastrtps_c;rosidl_typesupport_introspection_c
-- Using all available rosidl_typesupport_cpp: rosidl_typesupport_fastrtps_cpp;rosidl_typesupport_introspection_cpp
-- Found rmw_implementation_cmake: 6.1.2 (/opt/ros/humble/share/rmw_implementation_cmake/cmake)
-- Found rmw_fastrtps_cpp: 6.2.10 (/opt/ros/humble/share/rmw_fastrtps_cpp/cmake)
-- Found OpenSSL: /usr/lib/x86_64-linux-gnu/libcrypto.so (found version "3.0.2")  
-- Found FastRTPS: /opt/ros/humble/include  
-- Using RMW implementation 'rmw_fastrtps_cpp' as default
-- Looking for pthread.h
-- Looking for pthread.h - found
-- Performing Test CMAKE_HAVE_LIBC_PTHREAD
-- Performing Test CMAKE_HAVE_LIBC_PTHREAD - Success
-- Found Threads: TRUE  
-- Found sensor_msgs: 4.9.0 (/home/deathstroke/rust_ws/install/sensor_msgs/share/sensor_msgs/cmake)
-- Found visualization_msgs: 4.9.0 (/home/deathstroke/rust_ws/install/visualization_msgs/share/visualization_msgs/cmake)
-- Found nav_msgs: 4.9.0 (/home/deathstroke/rust_ws/install/nav_msgs/share/nav_msgs/cmake)
-- Found cv_bridge: 3.2.1 (/opt/ros/humble/share/cv_bridge/cmake)
-- Found CUDA: /usr/local/cuda-12.8 (found suitable exact version "12.8") 
-- Found camera_models: 0.0.0 (/home/deathstroke/vins-fusion-ros2/install/camera_models/share/camera_models/cmake)
-- Found OpenCV: /usr/local (found version "4.8.0") 
-- Found CXSparse: /usr/include/suitesparse (found suitable version "3.2.0", minimum required is "3.2.0") 
-- Found AMD headers in: /usr/include/suitesparse
-- Found AMD library: /usr/lib/x86_64-linux-gnu/libamd.so
-- Found CAMD headers in: /usr/include/suitesparse
-- Found CAMD library: /usr/lib/x86_64-linux-gnu/libcamd.so
-- Found CCOLAMD headers in: /usr/include/suitesparse
-- Found CCOLAMD library: /usr/lib/x86_64-linux-gnu/libccolamd.so
-- Found CHOLMOD headers in: /usr/include/suitesparse
-- Found CHOLMOD library: /usr/lib/x86_64-linux-gnu/libcholmod.so
-- Found COLAMD headers in: /usr/include/suitesparse
-- Found COLAMD library: /usr/lib/x86_64-linux-gnu/libcolamd.so
-- Found SPQR headers in: /usr/include/suitesparse
-- Found SPQR library: /usr/lib/x86_64-linux-gnu/libspqr.so
-- Found Config headers in: /usr/include/suitesparse
-- Found Config library: /usr/lib/x86_64-linux-gnu/libsuitesparseconfig.so
-- Found Intel Thread Building Blocks (TBB) library (2021.5 / ) include location: . Assuming SuiteSparseQR was compiled with TBB.
-- Looking for shm_open in rt
-- Looking for shm_open in rt - found
-- Adding librt to SuiteSparse_config libraries (required on Linux & Unix [not OSX] if SuiteSparse is compiled with timing).
-- Could NOT find METIS (missing: METIS_INCLUDE_DIR METIS_LIBRARY) 
-- Found SuiteSparse: /usr/include/suitesparse (found suitable version "5.10.1", minimum required is "5.10.1") found components: AMD CAMD CCOLAMD CHOLMOD COLAMD SPQR Config 
-- Found required Ceres dependency: Eigen version 3.3.91 in /usr/local/share/eigen3/cmake
-- Found required Ceres dependency: glog
-- Found required Ceres dependency: gflags
-- Found Ceres version: 2.1.0 installed in: /usr/local with components: [EigenSparse, SparseLinearAlgebraLibrary, LAPACK, SuiteSparse, CXSparse, SchurSpecializations, Multithreading]
-- Configuring done
-- Generating done
-- Build files have been written to: /home/deathstroke/vins-fusion-ros2/build/loop_fusion
[ 28%] [32mBuilding CXX object CMakeFiles/loop_fusion_node.dir/src/ThirdParty/DUtils/Random.cpp.o[0m
[ 28%] [32mBuilding CXX object CMakeFiles/loop_fusion_node.dir/src/ThirdParty/DBoW/ScoringObject.cpp.o[0m
[ 28%] [32mBuilding CXX object CMakeFiles/loop_fusion_node.dir/src/ThirdParty/DVision/BRIEF.cpp.o[0m
[ 28%] [32mBuilding CXX object CMakeFiles/loop_fusion_node.dir/src/ThirdParty/VocabularyBinary.cpp.o[0m
[ 42%] [32mBuilding CXX object CMakeFiles/loop_fusion_node.dir/src/pose_graph_node.cpp.o[0m
[ 42%] [32mBuilding CXX object CMakeFiles/loop_fusion_node.dir/src/pose_graph.cpp.o[0m
[ 57%] [32mBuilding CXX object CMakeFiles/loop_fusion_node.dir/src/keyframe.cpp.o[0m
[ 57%] [32mBuilding CXX object CMakeFiles/loop_fusion_node.dir/src/ThirdParty/DBoW/BowVector.cpp.o[0m
[ 64%] [32mBuilding CXX object CMakeFiles/loop_fusion_node.dir/src/utility/CameraPoseVisualization.cpp.o[0m
[ 78%] [32mBuilding CXX object CMakeFiles/loop_fusion_node.dir/src/ThirdParty/DBoW/FBrief.cpp.o[0m
[ 78%] [32mBuilding CXX object CMakeFiles/loop_fusion_node.dir/src/ThirdParty/DBoW/FeatureVector.cpp.o[0m
[ 85%] [32mBuilding CXX object CMakeFiles/loop_fusion_node.dir/src/ThirdParty/DBoW/QueryResults.cpp.o[0m
[ 92%] [32mBuilding CXX object CMakeFiles/loop_fusion_node.dir/src/ThirdParty/DUtils/Timestamp.cpp.o[0m
In file included from [01m[K/home/deathstroke/vins-fusion-ros2/src/VINS-Fusion-ROS2-humble-arm/loop_fusion/src/keyframe.h:22[m[K,
                 from [01m[K/home/deathstroke/vins-fusion-ros2/src/VINS-Fusion-ROS2-humble-arm/loop_fusion/src/keyframe.cpp:12[m[K:
[01m[K/home/deathstroke/vins-fusion-ros2/src/VINS-Fusion-ROS2-humble-arm/loop_fusion/src/utility/utility.h:148:6:[m[K [01;35m[Kwarning: [m[Kextra ‘[01m[K;[m[K’ [[01;35m[K-Wpedantic[m[K]
  148 |     }[01;35m[K;[m[K
      |      [01;35m[K^[m[K
      |      [31m[K-[m[K
In file included from [01m[K/home/deathstroke/vins-fusion-ros2/src/VINS-Fusion-ROS2-humble-arm/loop_fusion/src/keyframe.h:22[m[K,
                 from [01m[K/home/deathstroke/vins-fusion-ros2/src/VINS-Fusion-ROS2-humble-arm/loop_fusion/src/pose_graph.h:28[m[K,
                 from [01m[K/home/deathstroke/vins-fusion-ros2/src/VINS-Fusion-ROS2-humble-arm/loop_fusion/src/pose_graph.cpp:12[m[K:
[01m[K/home/deathstroke/vins-fusion-ros2/src/VINS-Fusion-ROS2-humble-arm/loop_fusion/src/utility/utility.h:148:6:[m[K [01;35m[Kwarning: [m[Kextra ‘[01m[K;[m[K’ [[01;35m[K-Wpedantic[m[K]
  148 |     }[01;35m[K;[m[K
      |      [01;35m[K^[m[K
      |      [31m[K-[m[K
In file included from [01m[K/home/deathstroke/vins-fusion-ros2/src/VINS-Fusion-ROS2-humble-arm/loop_fusion/src/pose_graph.cpp:12[m[K:
[01m[K/home/deathstroke/vins-fusion-ros2/src/VINS-Fusion-ROS2-humble-arm/loop_fusion/src/pose_graph.h:137:47:[m[K [01;35m[Kwarning: [m[K‘[01m[KLocalParameterization[m[K’ is deprecated: LocalParameterizations will be removed from the Ceres Solver API in version 2.2.0. Use Manifolds instead. [[01;35m[K-Wdeprecated-declarations[m[K]
  137 |   static ceres::LocalParameterization* Create([01;35m[K)[m[K {
      |                                               [01;35m[K^[m[K
In file included from [01m[K/usr/local/include/ceres/autodiff_local_parameterization.h:39[m[K,
                 from [01m[K/usr/local/include/ceres/ceres.h:39[m[K,
                 from [01m[K/home/deathstroke/vins-fusion-ros2/src/VINS-Fusion-ROS2-humble-arm/loop_fusion/src/pose_graph.h:19[m[K,
                 from [01m[K/home/deathstroke/vins-fusion-ros2/src/VINS-Fusion-ROS2-humble-arm/loop_fusion/src/pose_graph.cpp:12[m[K:
[01m[K/usr/local/include/ceres/local_parameterization.h:121:18:[m[K [01;36m[Knote: [m[Kdeclared here
  121 |     CERES_EXPORT [01;36m[KLocalParameterization[m[K {
      |                  [01;36m[K^~~~~~~~~~~~~~~~~~~~~[m[K
In file included from [01m[K/home/deathstroke/vins-fusion-ros2/src/VINS-Fusion-ROS2-humble-arm/loop_fusion/src/pose_graph.cpp:12[m[K:
[01m[K/home/deathstroke/vins-fusion-ros2/src/VINS-Fusion-ROS2-humble-arm/loop_fusion/src/pose_graph.h:[m[K In static member function ‘[01m[Kstatic ceres::LocalParameterization* AngleLocalParameterization::Create()[m[K’:
[01m[K/home/deathstroke/vins-fusion-ros2/src/VINS-Fusion-ROS2-humble-arm/loop_fusion/src/pose_graph.h:138:24:[m[K [01;35m[Kwarning: [m[K‘[01m[Ktemplate<class Functor, int kGlobalSize, int kLocalSize> class ceres::AutoDiffLocalParameterization[m[K’ is deprecated: Use AutoDiffManifold instead. [[01;35m[K-Wdeprecated-declarations[m[K]
  138 |     return (new ceres::[01;35m[KAutoDiffLocalParameterization[m[K<AngleLocalParameterization,
      |                        [01;35m[K^~~~~~~~~~~~~~~~~~~~~~~~~~~~~[m[K
In file included from [01m[K/usr/local/include/ceres/ceres.h:39[m[K,
                 from [01m[K/home/deathstroke/vins-fusion-ros2/src/VINS-Fusion-ROS2-humble-arm/loop_fusion/src/pose_graph.h:19[m[K,
                 from [01m[K/home/deathstroke/vins-fusion-ros2/src/VINS-Fusion-ROS2-humble-arm/loop_fusion/src/pose_graph.cpp:12[m[K:
[01m[K/usr/local/include/ceres/autodiff_local_parameterization.h:114:5:[m[K [01;36m[Knote: [m[Kdeclared here
  114 |     [01;36m[KAutoDiffLocalParameterization[m[K : public LocalParameterization {
      |     [01;36m[K^~~~~~~~~~~~~~~~~~~~~~~~~~~~~[m[K
[01m[K/home/deathstroke/vins-fusion-ros2/src/VINS-Fusion-ROS2-humble-arm/loop_fusion/src/pose_graph.cpp:[m[K In member function ‘[01m[Kint PoseGraph::detectLoop(KeyFrame*, int)[m[K’:
[01m[K/home/deathstroke/vins-fusion-ros2/src/VINS-Fusion-ROS2-humble-arm/loop_fusion/src/pose_graph.cpp:419:47:[m[K [01;35m[Kwarning: [m[Kcomparison of integer expressions of different signedness: ‘[01m[KDBoW2::EntryId[m[K’ {aka ‘[01m[Kunsigned int[m[K’} and ‘[01m[Kint[m[K’ [[01;35m[K-Wsign-compare[m[K]
  419 |             if (min_index == -1 || (ret[i].Id < min_index && ret[i].Score > 0.015))
[01m[K/home/deathstroke/vins-fusion-ros2/src/VINS-Fusion-ROS2-humble-arm/loop_fusion/src/pose_graph.cpp:[m[K In member function ‘[01m[Kvoid PoseGraph::optimize4DoF()[m[K’:
[01m[K/home/deathstroke/vins-fusion-ros2/src/VINS-Fusion-ROS2-humble-arm/loop_fusion/src/pose_graph.cpp:468:20:[m[K [01;35m[Kwarning: [m[KISO C++ forbids variable length array ‘[01m[Kt_array[m[K’ [[01;35m[K-Wvla[m[K]
  468 |             double [01;35m[Kt_array[m[K[max_length][3];
      |                    [01;35m[K^~~~~~~[m[K
[01m[K/home/deathstroke/vins-fusion-ros2/src/VINS-Fusion-ROS2-humble-arm/loop_fusion/src/pose_graph.cpp:469:25:[m[K [01;35m[Kwarning: [m[KISO C++ forbids variable length array ‘[01m[Kq_array[m[K’ [[01;35m[K-Wvla[m[K]
  469 |             Quaterniond [01;35m[Kq_array[m[K[max_length];
      |                         [01;35m[K^~~~~~~[m[K
[01m[K/home/deathstroke/vins-fusion-ros2/src/VINS-Fusion-ROS2-humble-arm/loop_fusion/src/pose_graph.cpp:470:20:[m[K [01;35m[Kwarning: [m[KISO C++ forbids variable length array ‘[01m[Keuler_array[m[K’ [[01;35m[K-Wvla[m[K]
  470 |             double [01;35m[Keuler_array[m[K[max_length][3];
      |                    [01;35m[K^~~~~~~~~~~[m[K
[01m[K/home/deathstroke/vins-fusion-ros2/src/VINS-Fusion-ROS2-humble-arm/loop_fusion/src/pose_graph.cpp:471:20:[m[K [01;35m[Kwarning: [m[KISO C++ forbids variable length array ‘[01m[Ksequence_array[m[K’ [[01;35m[K-Wvla[m[K]
  471 |             double [01;35m[Ksequence_array[m[K[max_length];
      |                    [01;35m[K^~~~~~~~~~~~~~[m[K
[01m[K/home/deathstroke/vins-fusion-ros2/src/VINS-Fusion-ROS2-humble-arm/loop_fusion/src/pose_graph.cpp:483:43:[m[K [01;35m[Kwarning: [m[K‘[01m[KLocalParameterization[m[K’ is deprecated: LocalParameterizations will be removed from the Ceres Solver API in version 2.2.0. Use Manifolds instead. [[01;35m[K-Wdeprecated-declarations[m[K]
  483 |             ceres::LocalParameterization* [01;35m[Kangle_local_parameterization[m[K =
      |                                           [01;35m[K^~~~~~~~~~~~~~~~~~~~~~~~~~~~[m[K
In file included from [01m[K/usr/local/include/ceres/autodiff_local_parameterization.h:39[m[K,
                 from [01m[K/usr/local/include/ceres/ceres.h:39[m[K,
                 from [01m[K/home/deathstroke/vins-fusion-ros2/src/VINS-Fusion-ROS2-humble-arm/loop_fusion/src/pose_graph.h:19[m[K,
                 from [01m[K/home/deathstroke/vins-fusion-ros2/src/VINS-Fusion-ROS2-humble-arm/loop_fusion/src/pose_graph.cpp:12[m[K:
[01m[K/usr/local/include/ceres/local_parameterization.h:121:18:[m[K [01;36m[Knote: [m[Kdeclared here
  121 |     CERES_EXPORT [01;36m[KLocalParameterization[m[K {
      |                  [01;36m[K^~~~~~~~~~~~~~~~~~~~~[m[K
[01m[K/home/deathstroke/vins-fusion-ros2/src/VINS-Fusion-ROS2-humble-arm/loop_fusion/src/pose_graph.cpp:511:42:[m[K [01;35m[Kwarning: [m[K‘[01m[Kvoid ceres::Problem::AddParameterBlock(double*, int, ceres::LocalParameterization*)[m[K’ is deprecated: LocalParameterizations are deprecated. Use the version with Manifolds instead. [[01;35m[K-Wdeprecated-declarations[m[K]
  511 |                 [01;35m[Kproblem.AddParameterBlock(euler_array[i], 1, angle_local_parameterization)[m[K;
      |                 [01;35m[K~~~~~~~~~~~~~~~~~~~~~~~~~^~~~~~~~~~~~~~~~~~~~~~~~~~~~~~~~~~~~~~~~~~~~~~~~~[m[K
In file included from [01m[K/usr/local/include/ceres/ceres.h:66[m[K,
                 from [01m[K/home/deathstroke/vins-fusion-ros2/src/VINS-Fusion-ROS2-humble-arm/loop_fusion/src/pose_graph.h:19[m[K,
                 from [01m[K/home/deathstroke/vins-fusion-ros2/src/VINS-Fusion-ROS2-humble-arm/loop_fusion/src/pose_graph.cpp:12[m[K:
[01m[K/usr/local/include/ceres/problem.h:302:8:[m[K [01;36m[Knote: [m[Kdeclared here
  302 |   void [01;36m[KAddParameterBlock[m[K(double* values,
      |        [01;36m[K^~~~~~~~~~~~~~~~~[m[K
[01m[K/home/deathstroke/vins-fusion-ros2/src/VINS-Fusion-ROS2-humble-arm/loop_fusion/src/pose_graph.cpp:[m[K In member function ‘[01m[Kvoid PoseGraph::optimize6DoF()[m[K’:
[01m[K/home/deathstroke/vins-fusion-ros2/src/VINS-Fusion-ROS2-humble-arm/loop_fusion/src/pose_graph.cpp:648:20:[m[K [01;35m[Kwarning: [m[KISO C++ forbids variable length array ‘[01m[Kt_array[m[K’ [[01;35m[K-Wvla[m[K]
  648 |             double [01;35m[Kt_array[m[K[max_length][3];
      |                    [01;35m[K^~~~~~~[m[K
[01m[K/home/deathstroke/vins-fusion-ros2/src/VINS-Fusion-ROS2-humble-arm/loop_fusion/src/pose_graph.cpp:649:20:[m[K [01;35m[Kwarning: [m[KISO C++ forbids variable length array ‘[01m[Kq_array[m[K’ [[01;35m[K-Wvla[m[K]
  649 |             double [01;35m[Kq_array[m[K[max_length][4];
      |                    [01;35m[K^~~~~~~[m[K
[01m[K/home/deathstroke/vins-fusion-ros2/src/VINS-Fusion-ROS2-humble-arm/loop_fusion/src/pose_graph.cpp:650:20:[m[K [01;35m[Kwarning: [m[KISO C++ forbids variable length array ‘[01m[Ksequence_array[m[K’ [[01;35m[K-Wvla[m[K]
  650 |             double [01;35m[Ksequence_array[m[K[max_length];
      |                    [01;35m[K^~~~~~~~~~~~~~[m[K
[01m[K/home/deathstroke/vins-fusion-ros2/src/VINS-Fusion-ROS2-humble-arm/loop_fusion/src/pose_graph.cpp:662:43:[m[K [01;35m[Kwarning: [m[K‘[01m[KLocalParameterization[m[K’ is deprecated: LocalParameterizations will be removed from the Ceres Solver API in version 2.2.0. Use Manifolds instead. [[01;35m[K-Wdeprecated-declarations[m[K]
  662 |             ceres::LocalParameterization* [01;35m[Klocal_parameterization[m[K = new ceres::QuaternionParameterization();
      |                                           [01;35m[K^~~~~~~~~~~~~~~~~~~~~~[m[K
In file included from [01m[K/usr/local/include/ceres/autodiff_local_parameterization.h:39[m[K,
                 from [01m[K/usr/local/include/ceres/ceres.h:39[m[K,
                 from [01m[K/home/deathstroke/vins-fusion-ros2/src/VINS-Fusion-ROS2-humble-arm/loop_fusion/src/pose_graph.h:19[m[K,
                 from [01m[K/home/deathstroke/vins-fusion-ros2/src/VINS-Fusion-ROS2-humble-arm/loop_fusion/src/pose_graph.cpp:12[m[K:
[01m[K/usr/local/include/ceres/local_parameterization.h:121:18:[m[K [01;36m[Knote: [m[Kdeclared here
  121 |     CERES_EXPORT [01;36m[KLocalParameterization[m[K {
      |                  [01;36m[K^~~~~~~~~~~~~~~~~~~~~[m[K
[01m[K/home/deathstroke/vins-fusion-ros2/src/VINS-Fusion-ROS2-humble-arm/loop_fusion/src/pose_graph.cpp:662:79:[m[K [01;35m[Kwarning: [m[K‘[01m[KQuaternionParameterization[m[K’ is deprecated: Use QuaternionManifold instead. [[01;35m[K-Wdeprecated-declarations[m[K]
  662 |             ceres::LocalParameterization* local_parameterization = new ceres::[01;35m[KQuaternionParameterization[m[K();
      |                                                                               [01;35m[K^~~~~~~~~~~~~~~~~~~~~~~~~~[m[K
In file included from [01m[K/usr/local/include/ceres/autodiff_local_parameterization.h:39[m[K,
                 from [01m[K/usr/local/include/ceres/ceres.h:39[m[K,
                 from [01m[K/home/deathstroke/vins-fusion-ros2/src/VINS-Fusion-ROS2-humble-arm/loop_fusion/src/pose_graph.h:19[m[K,
                 from [01m[K/home/deathstroke/vins-fusion-ros2/src/VINS-Fusion-ROS2-humble-arm/loop_fusion/src/pose_graph.cpp:12[m[K:
[01m[K/usr/local/include/ceres/local_parameterization.h:211:18:[m[K [01;36m[Knote: [m[Kdeclared here
  211 |     CERES_EXPORT [01;36m[KQuaternionParameterization[m[K : public LocalParameterization {
      |                  [01;36m[K^~~~~~~~~~~~~~~~~~~~~~~~~~[m[K
[01m[K/home/deathstroke/vins-fusion-ros2/src/VINS-Fusion-ROS2-humble-arm/loop_fusion/src/pose_graph.cpp:687:42:[m[K [01;35m[Kwarning: [m[K‘[01m[Kvoid ceres::Problem::AddParameterBlock(double*, int, ceres::LocalParameterization*)[m[K’ is deprecated: LocalParameterizations are deprecated. Use the version with Manifolds instead. [[01;35m[K-Wdeprecated-declarations[m[K]
  687 |                 [01;35m[Kproblem.AddParameterBlock(q_array[i], 4, local_parameterization)[m[K;
      |                 [01;35m[K~~~~~~~~~~~~~~~~~~~~~~~~~^~~~~~~~~~~~~~~~~~~~~~~~~~~~~~~~~~~~~~~[m[K
In file included from [01m[K/usr/local/include/ceres/ceres.h:66[m[K,
                 from [01m[K/home/deathstroke/vins-fusion-ros2/src/VINS-Fusion-ROS2-humble-arm/loop_fusion/src/pose_graph.h:19[m[K,
                 from [01m[K/home/deathstroke/vins-fusion-ros2/src/VINS-Fusion-ROS2-humble-arm/loop_fusion/src/pose_graph.cpp:12[m[K:
[01m[K/usr/local/include/ceres/problem.h:302:8:[m[K [01;36m[Knote: [m[Kdeclared here
  302 |   void [01;36m[KAddParameterBlock[m[K(double* values,
      |        [01;36m[K^~~~~~~~~~~~~~~~~[m[K
In file included from [01m[K/home/deathstroke/vins-fusion-ros2/src/VINS-Fusion-ROS2-humble-arm/loop_fusion/src/ThirdParty/DBoW/DBoW2.h:63[m[K,
                 from [01m[K/home/deathstroke/vins-fusion-ros2/src/VINS-Fusion-ROS2-humble-arm/loop_fusion/src/keyframe.h:24[m[K,
                 from [01m[K/home/deathstroke/vins-fusion-ros2/src/VINS-Fusion-ROS2-humble-arm/loop_fusion/src/pose_graph.h:28[m[K,
                 from [01m[K/home/deathstroke/vins-fusion-ros2/src/VINS-Fusion-ROS2-humble-arm/loop_fusion/src/pose_graph.cpp:12[m[K:
/home/deathstroke/vins-fusion-ros2/src/VINS-Fusion-ROS2-humble-arm/loop_fusion/src/ThirdParty/DBoW/TemplatedVocabulary.h: In instantiation of ‘[01m[Kvoid DBoW2::TemplatedVocabulary<TDescriptor, F>::loadBin(const string&) [with TDescriptor = boost::dynamic_bitset<>; F = DBoW2::FBrief; std::string = std::__cxx11::basic_string<char>][m[K’:
[01m[K/home/deathstroke/vins-fusion-ros2/src/VINS-Fusion-ROS2-humble-arm/loop_fusion/src/ThirdParty/DBoW/TemplatedVocabulary.h:439:5:[m[K   required from ‘[01m[KDBoW2::TemplatedVocabulary<TDescriptor, F>::TemplatedVocabulary(const string&) [with TDescriptor = boost::dynamic_bitset<>; F = DBoW2::FBrief; std::string = std::__cxx11::basic_string<char>][m[K’
[01m[K/home/deathstroke/vins-fusion-ros2/src/VINS-Fusion-ROS2-humble-arm/loop_fusion/src/pose_graph.cpp:64:39:[m[K   required from here
[01m[K/home/deathstroke/vins-fusion-ros2/src/VINS-Fusion-ROS2-humble-arm/loop_fusion/src/ThirdParty/DBoW/TemplatedVocabulary.h:1530:29:[m[K [01;35m[Kwarning: [m[Kcomparison of integer expressions of different signedness: ‘[01m[Kunsigned int[m[K’ and ‘[01m[Kint32_t[m[K’ {aka ‘[01m[Kint[m[K’} [[01;35m[K-Wsign-compare[m[K]
 1530 |   for(unsigned int i = 0; [01;35m[Ki < voc.nNodes[m[K; ++i)
      |                           [01;35m[K~~^~~~~~~~~~~~[m[K
[01m[K/home/deathstroke/vins-fusion-ros2/src/VINS-Fusion-ROS2-humble-arm/loop_fusion/src/ThirdParty/DBoW/TemplatedVocabulary.h:1554:29:[m[K [01;35m[Kwarning: [m[Kcomparison of integer expressions of different signedness: ‘[01m[Kunsigned int[m[K’ and ‘[01m[Kint32_t[m[K’ {aka ‘[01m[Kint[m[K’} [[01;35m[K-Wsign-compare[m[K]
 1554 |   for(unsigned int i = 0; [01;35m[Ki < voc.nWords[m[K; ++i)
      |                           [01;35m[K~~^~~~~~~~~~~~[m[K
In file included from [01m[K/home/deathstroke/vins-fusion-ros2/src/VINS-Fusion-ROS2-humble-arm/loop_fusion/src/keyframe.h:22[m[K,
                 from [01m[K/home/deathstroke/vins-fusion-ros2/src/VINS-Fusion-ROS2-humble-arm/loop_fusion/src/pose_graph_node.cpp:32[m[K:
[01m[K/home/deathstroke/vins-fusion-ros2/src/VINS-Fusion-ROS2-humble-arm/loop_fusion/src/utility/utility.h:148:6:[m[K [01;35m[Kwarning: [m[Kextra ‘[01m[K;[m[K’ [[01;35m[K-Wpedantic[m[K]
  148 |     }[01;35m[K;[m[K
      |      [01;35m[K^[m[K
      |      [31m[K-[m[K
In file included from [01m[K/home/deathstroke/vins-fusion-ros2/src/VINS-Fusion-ROS2-humble-arm/loop_fusion/src/pose_graph_node.cpp:34[m[K:
[01m[K/home/deathstroke/vins-fusion-ros2/src/VINS-Fusion-ROS2-humble-arm/loop_fusion/src/pose_graph.h:137:47:[m[K [01;35m[Kwarning: [m[K‘[01m[KLocalParameterization[m[K’ is deprecated: LocalParameterizations will be removed from the Ceres Solver API in version 2.2.0. Use Manifolds instead. [[01;35m[K-Wdeprecated-declarations[m[K]
  137 |   static ceres::LocalParameterization* Create([01;35m[K)[m[K {
      |                                               [01;35m[K^[m[K
In file included from [01m[K/usr/local/include/ceres/autodiff_local_parameterization.h:39[m[K,
                 from [01m[K/usr/local/include/ceres/ceres.h:39[m[K,
                 from [01m[K/home/deathstroke/vins-fusion-ros2/src/VINS-Fusion-ROS2-humble-arm/loop_fusion/src/pose_graph.h:19[m[K,
                 from [01m[K/home/deathstroke/vins-fusion-ros2/src/VINS-Fusion-ROS2-humble-arm/loop_fusion/src/pose_graph_node.cpp:34[m[K:
[01m[K/usr/local/include/ceres/local_parameterization.h:121:18:[m[K [01;36m[Knote: [m[Kdeclared here
  121 |     CERES_EXPORT [01;36m[KLocalParameterization[m[K {
      |                  [01;36m[K^~~~~~~~~~~~~~~~~~~~~[m[K
In file included from [01m[K/home/deathstroke/vins-fusion-ros2/src/VINS-Fusion-ROS2-humble-arm/loop_fusion/src/pose_graph_node.cpp:34[m[K:
[01m[K/home/deathstroke/vins-fusion-ros2/src/VINS-Fusion-ROS2-humble-arm/loop_fusion/src/pose_graph.h:[m[K In static member function ‘[01m[Kstatic ceres::LocalParameterization* AngleLocalParameterization::Create()[m[K’:
[01m[K/home/deathstroke/vins-fusion-ros2/src/VINS-Fusion-ROS2-humble-arm/loop_fusion/src/pose_graph.h:138:24:[m[K [01;35m[Kwarning: [m[K‘[01m[Ktemplate<class Functor, int kGlobalSize, int kLocalSize> class ceres::AutoDiffLocalParameterization[m[K’ is deprecated: Use AutoDiffManifold instead. [[01;35m[K-Wdeprecated-declarations[m[K]
  138 |     return (new ceres::[01;35m[KAutoDiffLocalParameterization[m[K<AngleLocalParameterization,
      |                        [01;35m[K^~~~~~~~~~~~~~~~~~~~~~~~~~~~~[m[K
In file included from [01m[K/usr/local/include/ceres/ceres.h:39[m[K,
                 from [01m[K/home/deathstroke/vins-fusion-ros2/src/VINS-Fusion-ROS2-humble-arm/loop_fusion/src/pose_graph.h:19[m[K,
                 from [01m[K/home/deathstroke/vins-fusion-ros2/src/VINS-Fusion-ROS2-humble-arm/loop_fusion/src/pose_graph_node.cpp:34[m[K:
[01m[K/usr/local/include/ceres/autodiff_local_parameterization.h:114:5:[m[K [01;36m[Knote: [m[Kdeclared here
  114 |     [01;36m[KAutoDiffLocalParameterization[m[K : public LocalParameterization {
      |     [01;36m[K^~~~~~~~~~~~~~~~~~~~~~~~~~~~~[m[K
[01m[K/home/deathstroke/vins-fusion-ros2/src/VINS-Fusion-ROS2-humble-arm/loop_fusion/src/pose_graph_node.cpp:[m[K At global scope:
[01m[K/home/deathstroke/vins-fusion-ros2/src/VINS-Fusion-ROS2-humble-arm/loop_fusion/src/pose_graph_node.cpp:41:32:[m[K [01;35m[Kwarning: [m[K‘[01m[Ksensor_msgs::msg::Image_<std::allocator<void> >::ConstPtr[m[K’ is deprecated [[01;35m[K-Wdeprecated-declarations[m[K]
   41 | queue<sensor_msgs::msg::Image::[01;35m[KConstPtr[m[K> image_buf;
      |                                [01;35m[K^~~~~~~~[m[K
In file included from [01m[K/home/deathstroke/rust_ws/install/sensor_msgs/include/sensor_msgs/sensor_msgs/msg/image.hpp:7[m[K,
                 from [01m[K/home/deathstroke/vins-fusion-ros2/src/VINS-Fusion-ROS2-humble-arm/loop_fusion/src/pose_graph_node.cpp:17[m[K:
[01m[K/home/deathstroke/rust_ws/install/sensor_msgs/include/sensor_msgs/sensor_msgs/msg/detail/image__struct.hpp:174:5:[m[K [01;36m[Knote: [m[Kdeclared here
  174 |     [01;36m[KConstPtr[m[K;
      |     [01;36m[K^~~~~~~~[m[K
[01m[K/home/deathstroke/vins-fusion-ros2/src/VINS-Fusion-ROS2-humble-arm/loop_fusion/src/pose_graph_node.cpp:42:37:[m[K [01;35m[Kwarning: [m[K‘[01m[Ksensor_msgs::msg::PointCloud_<std::allocator<void> >::ConstPtr[m[K’ is deprecated [[01;35m[K-Wdeprecated-declarations[m[K]
   42 | queue<sensor_msgs::msg::PointCloud::[01;35m[KConstPtr[m[K> point_buf;
      |                                     [01;35m[K^~~~~~~~[m[K
In file included from [01m[K/home/deathstroke/rust_ws/install/sensor_msgs/include/sensor_msgs/sensor_msgs/msg/point_cloud.hpp:7[m[K,
                 from [01m[K/home/deathstroke/vins-fusion-ros2/src/VINS-Fusion-ROS2-humble-arm/loop_fusion/src/pose_graph_node.cpp:16[m[K:
[01m[K/home/deathstroke/rust_ws/install/sensor_msgs/include/sensor_msgs/sensor_msgs/msg/detail/point_cloud__struct.hpp:125:5:[m[K [01;36m[Knote: [m[Kdeclared here
  125 |     [01;36m[KConstPtr[m[K;
      |     [01;36m[K^~~~~~~~[m[K
[01m[K/home/deathstroke/vins-fusion-ros2/src/VINS-Fusion-ROS2-humble-arm/loop_fusion/src/pose_graph_node.cpp:44:32:[m[K [01;35m[Kwarning: [m[K‘[01m[Knav_msgs::msg::Odometry_<std::allocator<void> >::ConstPtr[m[K’ is deprecated [[01;35m[K-Wdeprecated-declarations[m[K]
   44 | queue<nav_msgs::msg::Odometry::[01;35m[KConstPtr[m[K> pose_buf;
      |                                [01;35m[K^~~~~~~~[m[K
In file included from [01m[K/home/deathstroke/rust_ws/install/nav_msgs/include/nav_msgs/nav_msgs/msg/odometry.hpp:7[m[K,
                 from [01m[K/home/deathstroke/vins-fusion-ros2/src/VINS-Fusion-ROS2-humble-arm/loop_fusion/src/pose_graph_node.cpp:14[m[K:
[01m[K/home/deathstroke/rust_ws/install/nav_msgs/include/nav_msgs/nav_msgs/msg/detail/odometry__struct.hpp:147:5:[m[K [01;36m[Knote: [m[Kdeclared here
  147 |     [01;36m[KConstPtr[m[K;
      |     [01;36m[K^~~~~~~~[m[K
[01m[K/home/deathstroke/vins-fusion-ros2/src/VINS-Fusion-ROS2-humble-arm/loop_fusion/src/pose_graph_node.cpp:[m[K In function ‘[01m[Kvoid process()[m[K’:
[01m[K/home/deathstroke/vins-fusion-ros2/src/VINS-Fusion-ROS2-humble-arm/loop_fusion/src/pose_graph_node.cpp:254:43:[m[K [01;35m[Kwarning: [m[K‘[01m[Ksensor_msgs::msg::Image_<std::allocator<void> >::ConstPtr[m[K’ is deprecated [[01;35m[K-Wdeprecated-declarations[m[K]
  254 |         sensor_msgs::msg::Image::ConstPtr [01;35m[Kimage_msg[m[K = NULL;
      |                                           [01;35m[K^~~~~~~~~[m[K
In file included from [01m[K/home/deathstroke/rust_ws/install/sensor_msgs/include/sensor_msgs/sensor_msgs/msg/image.hpp:7[m[K,
                 from [01m[K/home/deathstroke/vins-fusion-ros2/src/VINS-Fusion-ROS2-humble-arm/loop_fusion/src/pose_graph_node.cpp:17[m[K:
[01m[K/home/deathstroke/rust_ws/install/sensor_msgs/include/sensor_msgs/sensor_msgs/msg/detail/image__struct.hpp:174:5:[m[K [01;36m[Knote: [m[Kdeclared here
  174 |     [01;36m[KConstPtr[m[K;
      |     [01;36m[K^~~~~~~~[m[K
[01m[K/home/deathstroke/vins-fusion-ros2/src/VINS-Fusion-ROS2-humble-arm/loop_fusion/src/pose_graph_node.cpp:255:48:[m[K [01;35m[Kwarning: [m[K‘[01m[Ksensor_msgs::msg::PointCloud_<std::allocator<void> >::ConstPtr[m[K’ is deprecated [[01;35m[K-Wdeprecated-declarations[m[K]
  255 |         sensor_msgs::msg::PointCloud::ConstPtr [01;35m[Kpoint_msg[m[K = NULL;
      |                                                [01;35m[K^~~~~~~~~[m[K
In file included from [01m[K/home/deathstroke/rust_ws/install/sensor_msgs/include/sensor_msgs/sensor_msgs/msg/point_cloud.hpp:7[m[K,
                 from [01m[K/home/deathstroke/vins-fusion-ros2/src/VINS-Fusion-ROS2-humble-arm/loop_fusion/src/pose_graph_node.cpp:16[m[K:
[01m[K/home/deathstroke/rust_ws/install/sensor_msgs/include/sensor_msgs/sensor_msgs/msg/detail/point_cloud__struct.hpp:125:5:[m[K [01;36m[Knote: [m[Kdeclared here
  125 |     [01;36m[KConstPtr[m[K;
      |     [01;36m[K^~~~~~~~[m[K
[01m[K/home/deathstroke/vins-fusion-ros2/src/VINS-Fusion-ROS2-humble-arm/loop_fusion/src/pose_graph_node.cpp:256:43:[m[K [01;35m[Kwarning: [m[K‘[01m[Knav_msgs::msg::Odometry_<std::allocator<void> >::ConstPtr[m[K’ is deprecated [[01;35m[K-Wdeprecated-declarations[m[K]
  256 |         nav_msgs::msg::Odometry::ConstPtr [01;35m[Kpose_msg[m[K = NULL;
      |                                           [01;35m[K^~~~~~~~[m[K
In file included from [01m[K/home/deathstroke/rust_ws/install/nav_msgs/include/nav_msgs/nav_msgs/msg/odometry.hpp:7[m[K,
                 from [01m[K/home/deathstroke/vins-fusion-ros2/src/VINS-Fusion-ROS2-humble-arm/loop_fusion/src/pose_graph_node.cpp:14[m[K:
[01m[K/home/deathstroke/rust_ws/install/nav_msgs/include/nav_msgs/nav_msgs/msg/detail/odometry__struct.hpp:147:5:[m[K [01;36m[Knote: [m[Kdeclared here
  147 |     [01;36m[KConstPtr[m[K;
      |     [01;36m[K^~~~~~~~[m[K
[100%] [32m[1mLinking CXX executable loop_fusion_node[0m
/usr/bin/ld: warning: libopencv_imgcodecs.so.4.5d, needed by /opt/ros/humble/lib/libcv_bridge.so, may conflict with libopencv_imgcodecs.so.408
/usr/bin/ld: warning: libopencv_imgproc.so.4.5d, needed by /opt/ros/humble/lib/libcv_bridge.so, may conflict with libopencv_imgproc.so.408
/usr/bin/ld: warning: libopencv_core.so.4.5d, needed by /opt/ros/humble/lib/libcv_bridge.so, may conflict with libopencv_core.so.408
[100%] Built target loop_fusion_node
-- Install configuration: "Release"
-- Execute custom install script
-- Symlinking: /home/deathstroke/vins-fusion-ros2/install/loop_fusion/lib/loop_fusion/loop_fusion_node
-- Symlinking: /home/deathstroke/vins-fusion-ros2/install/loop_fusion/share/loop_fusion/../support_files/brief_k10L6.bin
-- Symlinking: /home/deathstroke/vins-fusion-ros2/install/loop_fusion/share/loop_fusion/../support_files/brief_pattern.yml
-- Symlinking: /home/deathstroke/vins-fusion-ros2/install/loop_fusion/share/ament_index/resource_index/package_run_dependencies/loop_fusion
-- Symlinking: /home/deathstroke/vins-fusion-ros2/install/loop_fusion/share/ament_index/resource_index/parent_prefix_path/loop_fusion
-- Symlinking: /home/deathstroke/vins-fusion-ros2/install/loop_fusion/share/loop_fusion/environment/ament_prefix_path.sh
-- Symlinking: /home/deathstroke/vins-fusion-ros2/install/loop_fusion/share/loop_fusion/environment/ament_prefix_path.dsv
-- Symlinking: /home/deathstroke/vins-fusion-ros2/install/loop_fusion/share/loop_fusion/environment/path.sh
-- Symlinking: /home/deathstroke/vins-fusion-ros2/install/loop_fusion/share/loop_fusion/environment/path.dsv
-- Symlinking: /home/deathstroke/vins-fusion-ros2/install/loop_fusion/share/loop_fusion/local_setup.bash
-- Symlinking: /home/deathstroke/vins-fusion-ros2/install/loop_fusion/share/loop_fusion/local_setup.sh
-- Symlinking: /home/deathstroke/vins-fusion-ros2/install/loop_fusion/share/loop_fusion/local_setup.zsh
-- Symlinking: /home/deathstroke/vins-fusion-ros2/install/loop_fusion/share/loop_fusion/local_setup.dsv
-- Symlinking: /home/deathstroke/vins-fusion-ros2/install/loop_fusion/share/loop_fusion/package.dsv
-- Symlinking: /home/deathstroke/vins-fusion-ros2/install/loop_fusion/share/ament_index/resource_index/packages/loop_fusion
-- Symlinking: /home/deathstroke/vins-fusion-ros2/install/loop_fusion/share/loop_fusion/cmake/loop_fusionConfig.cmake
-- Symlinking: /home/deathstroke/vins-fusion-ros2/install/loop_fusion/share/loop_fusion/cmake/loop_fusionConfig-version.cmake
-- Symlinking: /home/deathstroke/vins-fusion-ros2/install/loop_fusion/share/loop_fusion/package.xml
