[01m[K/home/deathstroke/vins-fusion-ros2/src/VINS-Fusion-ROS2-humble-arm/vins/src/initial/initial_sfm.cpp:[m[K In member function ‘[01m[Kbool GlobalSFM::construct(int, Eigen::Quaterniond*, Eigen::Vector3d*, int, Eigen::Matrix3d, Eigen::Vector3d, std::vector<SFMFeature>&, std::map<int, Eigen::Matrix<double, 3, 1> >&)[m[K’:
[01m[K/home/deathstroke/vins-fusion-ros2/src/VINS-Fusion-ROS2-humble-arm/vins/src/initial/initial_sfm.cpp:147:18:[m[K [01;35m[Kwarning: [m[KISO C++ forbids variable length array ‘[01m[Kc_Rotation[m[K’ [[01;35m[K-Wvla[m[K]
  147 |         Matrix3d [01;35m[Kc_Rotation[m[K[frame_num];
      |                  [01;35m[K^~~~~~~~~~[m[K
[01m[K/home/deathstroke/vins-fusion-ros2/src/VINS-Fusion-ROS2-humble-arm/vins/src/initial/initial_sfm.cpp:148:18:[m[K [01;35m[Kwarning: [m[KISO C++ forbids variable length array ‘[01m[Kc_Translation[m[K’ [[01;35m[K-Wvla[m[K]
  148 |         Vector3d [01;35m[Kc_Translation[m[K[frame_num];
      |                  [01;35m[K^~~~~~~~~~~~~[m[K
[01m[K/home/deathstroke/vins-fusion-ros2/src/VINS-Fusion-ROS2-humble-arm/vins/src/initial/initial_sfm.cpp:149:21:[m[K [01;35m[Kwarning: [m[KISO C++ forbids variable length array ‘[01m[Kc_Quat[m[K’ [[01;35m[K-Wvla[m[K]
  149 |         Quaterniond [01;35m[Kc_Quat[m[K[frame_num];
      |                     [01;35m[K^~~~~~[m[K
[01m[K/home/deathstroke/vins-fusion-ros2/src/VINS-Fusion-ROS2-humble-arm/vins/src/initial/initial_sfm.cpp:150:16:[m[K [01;35m[Kwarning: [m[KISO C++ forbids variable length array ‘[01m[Kc_rotation[m[K’ [[01;35m[K-Wvla[m[K]
  150 |         double [01;35m[Kc_rotation[m[K[frame_num][4];
      |                [01;35m[K^~~~~~~~~~[m[K
[01m[K/home/deathstroke/vins-fusion-ros2/src/VINS-Fusion-ROS2-humble-arm/vins/src/initial/initial_sfm.cpp:151:16:[m[K [01;35m[Kwarning: [m[KISO C++ forbids variable length array ‘[01m[Kc_translation[m[K’ [[01;35m[K-Wvla[m[K]
  151 |         double [01;35m[Kc_translation[m[K[frame_num][3];
      |                [01;35m[K^~~~~~~~~~~~~[m[K
[01m[K/home/deathstroke/vins-fusion-ros2/src/VINS-Fusion-ROS2-humble-arm/vins/src/initial/initial_sfm.cpp:152:37:[m[K [01;35m[Kwarning: [m[KISO C++ forbids variable length array ‘[01m[KPose[m[K’ [[01;35m[K-Wvla[m[K]
  152 |         Eigen::Matrix<double, 3, 4> [01;35m[KPose[m[K[frame_num];
      |                                     [01;35m[K^~~~[m[K
[01m[K/home/deathstroke/vins-fusion-ros2/src/VINS-Fusion-ROS2-humble-arm/vins/src/estimator/estimator.cpp:[m[K In member function ‘[01m[Kbool Estimator::initialStructure()[m[K’:
[01m[K/home/deathstroke/vins-fusion-ros2/src/VINS-Fusion-ROS2-humble-arm/vins/src/estimator/estimator.cpp:693:17:[m[K [01;35m[Kwarning: [m[KISO C++ forbids variable length array ‘[01m[KQ[m[K’ [[01;35m[K-Wvla[m[K]
  693 |     Quaterniond [01;35m[KQ[m[K[frame_count + 1];
      |                 [01;35m[K^[m[K
[01m[K/home/deathstroke/vins-fusion-ros2/src/VINS-Fusion-ROS2-humble-arm/vins/src/estimator/estimator.cpp:694:14:[m[K [01;35m[Kwarning: [m[KISO C++ forbids variable length array ‘[01m[KT[m[K’ [[01;35m[K-Wvla[m[K]
  694 |     Vector3d [01;35m[KT[m[K[frame_count + 1];
      |              [01;35m[K^[m[K
[01m[K/home/deathstroke/vins-fusion-ros2/src/VINS-Fusion-ROS2-humble-arm/vins/src/KITTIGPSTest.cpp:[m[K In function ‘[01m[Kint main(int, char**)[m[K’:
[01m[K/home/deathstroke/vins-fusion-ros2/src/VINS-Fusion-ROS2-humble-arm/vins/src/KITTIGPSTest.cpp:146:31:[m[K [01;35m[Kwarning: [m[Kignoring return value of ‘[01m[Kint fscanf(FILE*, const char*, ...)[m[K’ declared with attribute ‘[01m[Kwarn_unused_result[m[K’ [[01;35m[K-Wunused-result[m[K]
  146 |                         [01;35m[Kfscanf(GPSFile, "%lf %lf %lf %lf %lf %lf ", &lat, &lon, &alt, &roll, &pitch, &yaw)[m[K;
      |                         [01;35m[K~~~~~~^~~~~~~~~~~~~~~~~~~~~~~~~~~~~~~~~~~~~~~~~~~~~~~~~~~~~~~~~~~~~~~~~~~~~~~~~~~~[m[K
[01m[K/home/deathstroke/vins-fusion-ros2/src/VINS-Fusion-ROS2-humble-arm/vins/src/KITTIGPSTest.cpp:148:31:[m[K [01;35m[Kwarning: [m[Kignoring return value of ‘[01m[Kint fscanf(FILE*, const char*, ...)[m[K’ declared with attribute ‘[01m[Kwarn_unused_result[m[K’ [[01;35m[K-Wunused-result[m[K]
  148 |                         [01;35m[Kfscanf(GPSFile, "%lf %lf %lf %lf %lf ", &vn, &ve, &vf, &vl, &vu)[m[K;
      |                         [01;35m[K~~~~~~^~~~~~~~~~~~~~~~~~~~~~~~~~~~~~~~~~~~~~~~~~~~~~~~~~~~~~~~~~[m[K
[01m[K/home/deathstroke/vins-fusion-ros2/src/VINS-Fusion-ROS2-humble-arm/vins/src/KITTIGPSTest.cpp:150:31:[m[K [01;35m[Kwarning: [m[Kignoring return value of ‘[01m[Kint fscanf(FILE*, const char*, ...)[m[K’ declared with attribute ‘[01m[Kwarn_unused_result[m[K’ [[01;35m[K-Wunused-result[m[K]
  150 |                         [01;35m[Kfscanf(GPSFile, "%lf %lf %lf %lf %lf %lf ", &ax, &ay, &az, &af, &al, &au)[m[K;
      |                         [01;35m[K~~~~~~^~~~~~~~~~~~~~~~~~~~~~~~~~~~~~~~~~~~~~~~~~~~~~~~~~~~~~~~~~~~~~~~~~~[m[K
[01m[K/home/deathstroke/vins-fusion-ros2/src/VINS-Fusion-ROS2-humble-arm/vins/src/KITTIGPSTest.cpp:152:31:[m[K [01;35m[Kwarning: [m[Kignoring return value of ‘[01m[Kint fscanf(FILE*, const char*, ...)[m[K’ declared with attribute ‘[01m[Kwarn_unused_result[m[K’ [[01;35m[K-Wunused-result[m[K]
  152 |                         [01;35m[Kfscanf(GPSFile, "%lf %lf %lf %lf %lf %lf ", &wx, &wy, &wz, &wf, &wl, &wu)[m[K;
      |                         [01;35m[K~~~~~~^~~~~~~~~~~~~~~~~~~~~~~~~~~~~~~~~~~~~~~~~~~~~~~~~~~~~~~~~~~~~~~~~~~[m[K
[01m[K/home/deathstroke/vins-fusion-ros2/src/VINS-Fusion-ROS2-humble-arm/vins/src/KITTIGPSTest.cpp:154:31:[m[K [01;35m[Kwarning: [m[Kignoring return value of ‘[01m[Kint fscanf(FILE*, const char*, ...)[m[K’ declared with attribute ‘[01m[Kwarn_unused_result[m[K’ [[01;35m[K-Wunused-result[m[K]
  154 |                         [01;35m[Kfscanf(GPSFile, "%lf %lf %lf %lf %lf %lf ", &pos_accuracy, &vel_accuracy, &navstat, &numsats, &velmode, &orimode)[m[K;
      |                         [01;35m[K~~~~~~^~~~~~~~~~~~~~~~~~~~~~~~~~~~~~~~~~~~~~~~~~~~~~~~~~~~~~~~~~~~~~~~~~~~~~~~~~~~~~~~~~~~~~~~~~~~~~~~~~~~~~~~~~~[m[K
/usr/bin/ld: warning: libopencv_imgcodecs.so.4.5d, needed by /opt/ros/humble/lib/libcv_bridge.so, may conflict with libopencv_imgcodecs.so.410
/usr/bin/ld: warning: libopencv_core.so.4.5d, needed by /opt/ros/humble/lib/libcv_bridge.so, may conflict with libopencv_core.so.410
/usr/bin/ld: warning: libopencv_imgcodecs.so.4.5d, needed by /opt/ros/humble/lib/libcv_bridge.so, may conflict with libopencv_imgcodecs.so.410
/usr/bin/ld: warning: libopencv_core.so.4.5d, needed by /opt/ros/humble/lib/libcv_bridge.so, may conflict with libopencv_core.so.410
[01m[K/home/deathstroke/vins-fusion-ros2/src/VINS-Fusion-ROS2-humble-arm/vins/src/rosNodeTest.cpp:26:30:[m[K [01;35m[Kwarning: [m[K‘[01m[Ksensor_msgs::msg::Imu_<std::allocator<void> >::ConstPtr[m[K’ is deprecated [[01;35m[K-Wdeprecated-declarations[m[K]
   26 | queue<sensor_msgs::msg::Imu::[01;35m[KConstPtr[m[K> imu_buf;
      |                              [01;35m[K^~~~~~~~[m[K
In file included from [01m[K/home/deathstroke/rust_ws/install/sensor_msgs/include/sensor_msgs/sensor_msgs/msg/imu.hpp:7[m[K,
                 from [01m[K/home/deathstroke/vins-fusion-ros2/src/VINS-Fusion-ROS2-humble-arm/vins/src/utility/visualization.h:16[m[K,
                 from [01m[K/home/deathstroke/vins-fusion-ros2/src/VINS-Fusion-ROS2-humble-arm/vins/src/rosNodeTest.cpp:22[m[K:
[01m[K/home/deathstroke/rust_ws/install/sensor_msgs/include/sensor_msgs/sensor_msgs/msg/detail/imu__struct.hpp:183:5:[m[K [01;36m[Knote: [m[Kdeclared here
  183 |     [01;36m[KConstPtr[m[K;
      |     [01;36m[K^~~~~~~~[m[K
[01m[K/home/deathstroke/vins-fusion-ros2/src/VINS-Fusion-ROS2-humble-arm/vins/src/rosNodeTest.cpp:27:37:[m[K [01;35m[Kwarning: [m[K‘[01m[Ksensor_msgs::msg::PointCloud_<std::allocator<void> >::ConstPtr[m[K’ is deprecated [[01;35m[K-Wdeprecated-declarations[m[K]
   27 | queue<sensor_msgs::msg::PointCloud::[01;35m[KConstPtr[m[K> feature_buf;
      |                                     [01;35m[K^~~~~~~~[m[K
In file included from [01m[K/home/deathstroke/rust_ws/install/sensor_msgs/include/sensor_msgs/sensor_msgs/msg/point_cloud.hpp:7[m[K,
                 from [01m[K/home/deathstroke/vins-fusion-ros2/src/VINS-Fusion-ROS2-humble-arm/vins/src/utility/visualization.h:17[m[K,
                 from [01m[K/home/deathstroke/vins-fusion-ros2/src/VINS-Fusion-ROS2-humble-arm/vins/src/rosNodeTest.cpp:22[m[K:
[01m[K/home/deathstroke/rust_ws/install/sensor_msgs/include/sensor_msgs/sensor_msgs/msg/detail/point_cloud__struct.hpp:125:5:[m[K [01;36m[Knote: [m[Kdeclared here
  125 |     [01;36m[KConstPtr[m[K;
      |     [01;36m[K^~~~~~~~[m[K
[01m[K/home/deathstroke/vins-fusion-ros2/src/VINS-Fusion-ROS2-humble-arm/vins/src/rosNodeTest.cpp:28:32:[m[K [01;35m[Kwarning: [m[K‘[01m[Ksensor_msgs::msg::Image_<std::allocator<void> >::ConstPtr[m[K’ is deprecated [[01;35m[K-Wdeprecated-declarations[m[K]
   28 | queue<sensor_msgs::msg::Image::[01;35m[KConstPtr[m[K> img0_buf;
      |                                [01;35m[K^~~~~~~~[m[K
In file included from [01m[K/home/deathstroke/rust_ws/install/sensor_msgs/include/sensor_msgs/sensor_msgs/msg/image.hpp:7[m[K,
                 from [01m[K/opt/ros/humble/include/cv_bridge/cv_bridge/cv_bridge.h:40[m[K,
                 from [01m[K/home/deathstroke/vins-fusion-ros2/src/VINS-Fusion-ROS2-humble-arm/vins/src/rosNodeTest.cpp:18[m[K:
[01m[K/home/deathstroke/rust_ws/install/sensor_msgs/include/sensor_msgs/sensor_msgs/msg/detail/image__struct.hpp:174:5:[m[K [01;36m[Knote: [m[Kdeclared here
  174 |     [01;36m[KConstPtr[m[K;
      |     [01;36m[K^~~~~~~~[m[K
[01m[K/home/deathstroke/vins-fusion-ros2/src/VINS-Fusion-ROS2-humble-arm/vins/src/rosNodeTest.cpp:29:32:[m[K [01;35m[Kwarning: [m[K‘[01m[Ksensor_msgs::msg::Image_<std::allocator<void> >::ConstPtr[m[K’ is deprecated [[01;35m[K-Wdeprecated-declarations[m[K]
   29 | queue<sensor_msgs::msg::Image::[01;35m[KConstPtr[m[K> img1_buf;
      |                                [01;35m[K^~~~~~~~[m[K
In file included from [01m[K/home/deathstroke/rust_ws/install/sensor_msgs/include/sensor_msgs/sensor_msgs/msg/image.hpp:7[m[K,
                 from [01m[K/opt/ros/humble/include/cv_bridge/cv_bridge/cv_bridge.h:40[m[K,
                 from [01m[K/home/deathstroke/vins-fusion-ros2/src/VINS-Fusion-ROS2-humble-arm/vins/src/rosNodeTest.cpp:18[m[K:
[01m[K/home/deathstroke/rust_ws/install/sensor_msgs/include/sensor_msgs/sensor_msgs/msg/detail/image__struct.hpp:174:5:[m[K [01;36m[Knote: [m[Kdeclared here
  174 |     [01;36m[KConstPtr[m[K;
      |     [01;36m[K^~~~~~~~[m[K
[01m[K/home/deathstroke/vins-fusion-ros2/src/VINS-Fusion-ROS2-humble-arm/vins/src/rosNodeTest.cpp:51:73:[m[K [01;35m[Kwarning: [m[K‘[01m[Ksensor_msgs::msg::Image_<std::allocator<void> >::ConstPtr[m[K’ is deprecated [[01;35m[K-Wdeprecated-declarations[m[K]
   51 | cv::Mat getImageFromMsg(const sensor_msgs::msg::Image::ConstPtr &img_msg[01;35m[K)[m[K
      |                                                                         [01;35m[K^[m[K
In file included from [01m[K/home/deathstroke/rust_ws/install/sensor_msgs/include/sensor_msgs/sensor_msgs/msg/image.hpp:7[m[K,
                 from [01m[K/opt/ros/humble/include/cv_bridge/cv_bridge/cv_bridge.h:40[m[K,
                 from [01m[K/home/deathstroke/vins-fusion-ros2/src/VINS-Fusion-ROS2-humble-arm/vins/src/rosNodeTest.cpp:18[m[K:
[01m[K/home/deathstroke/rust_ws/install/sensor_msgs/include/sensor_msgs/sensor_msgs/msg/detail/image__struct.hpp:174:5:[m[K [01;36m[Knote: [m[Kdeclared here
  174 |     [01;36m[KConstPtr[m[K;
      |     [01;36m[K^~~~~~~~[m[K
/usr/bin/ld: warning: libopencv_core.so.4.5d, needed by /opt/ros/humble/lib/libcv_bridge.so, may conflict with libopencv_core.so.410
