-- The C compiler identification is GNU 11.4.0
-- The CXX compiler identification is GNU 11.4.0
-- Detecting C compiler ABI info
-- Detecting C compiler ABI info - done
-- Check for working C compiler: /usr/lib/ccache/cc - skipped
-- Detecting C compile features
-- Detecting C compile features - done
-- Detecting CXX compiler ABI info
-- Detecting CXX compiler ABI info - done
-- Check for working CXX compiler: /usr/lib/ccache/c++ - skipped
-- Detecting CXX compile features
-- Detecting CXX compile features - done
-- Found ament_cmake: 1.3.14 (/opt/ros/humble/share/ament_cmake/cmake)
-- Found Python3: /usr/bin/python3 (found version "3.10.12") found components: Interpreter 
-- Override CMake install command with custom implementation using symlinks instead of copying resources
-- Found rclcpp: 16.0.19 (/opt/ros/humble/share/rclcpp/cmake)
-- Found rosidl_generator_c: 3.1.9 (/opt/ros/humble/share/rosidl_generator_c/cmake)
-- Found rosidl_adapter: 3.1.9 (/opt/ros/humble/share/rosidl_adapter/cmake)
-- Found rosidl_generator_cpp: 3.1.9 (/opt/ros/humble/share/rosidl_generator_cpp/cmake)
-- Using all available rosidl_typesupport_c: rosidl_typesupport_fastrtps_c;rosidl_typesupport_introspection_c
-- Using all available rosidl_typesupport_cpp: rosidl_typesupport_fastrtps_cpp;rosidl_typesupport_introspection_cpp
-- Found rmw_implementation_cmake: 6.1.2 (/opt/ros/humble/share/rmw_implementation_cmake/cmake)
-- Found rmw_fastrtps_cpp: 6.2.10 (/opt/ros/humble/share/rmw_fastrtps_cpp/cmake)
-- Found OpenSSL: /usr/lib/x86_64-linux-gnu/libcrypto.so (found version "3.0.2")  
-- Found FastRTPS: /opt/ros/humble/include  
-- Using RMW implementation 'rmw_fastrtps_cpp' as default
-- Looking for pthread.h
-- Looking for pthread.h - found
-- Performing Test CMAKE_HAVE_LIBC_PTHREAD
-- Performing Test CMAKE_HAVE_LIBC_PTHREAD - Success
-- Found Threads: TRUE  
-- Found rosidl_default_generators: 1.2.0 (/home/deathstroke/rust_ws/install/rosidl_default_generators/share/rosidl_default_generators/cmake)
-- Found geometry_msgs: 4.9.0 (/home/deathstroke/rust_ws/install/geometry_msgs/share/geometry_msgs/cmake)
-- Found visualization_msgs: 4.9.0 (/home/deathstroke/rust_ws/install/visualization_msgs/share/visualization_msgs/cmake)
-- Found nav_msgs: 4.9.0 (/home/deathstroke/rust_ws/install/nav_msgs/share/nav_msgs/cmake)
-- Found tf2: 0.25.20 (/opt/ros/humble/share/tf2/cmake)
-- Found tf2_ros: 0.25.20 (/opt/ros/humble/share/tf2_ros/cmake)
-- Found cv_bridge: 3.2.1 (/opt/ros/humble/share/cv_bridge/cmake)
-- Found CUDA: /usr/local/cuda-12.8 (found suitable exact version "12.8") 
-- Found camera_models: 0.0.0 (/home/deathstroke/vins-fusion-ros2/install/camera_models/share/camera_models/cmake)
-- Found image_transport: 3.1.13 (/opt/ros/humble/share/image_transport/cmake)
-- Found OpenCV: /usr/local (found version "4.8.0") 
-- Found CXSparse: /usr/include/suitesparse (found suitable version "3.2.0", minimum required is "3.2.0") 
-- Found AMD headers in: /usr/include/suitesparse
-- Found AMD library: /usr/lib/x86_64-linux-gnu/libamd.so
-- Found CAMD headers in: /usr/include/suitesparse
-- Found CAMD library: /usr/lib/x86_64-linux-gnu/libcamd.so
-- Found CCOLAMD headers in: /usr/include/suitesparse
-- Found CCOLAMD library: /usr/lib/x86_64-linux-gnu/libccolamd.so
-- Found CHOLMOD headers in: /usr/include/suitesparse
-- Found CHOLMOD library: /usr/lib/x86_64-linux-gnu/libcholmod.so
-- Found COLAMD headers in: /usr/include/suitesparse
-- Found COLAMD library: /usr/lib/x86_64-linux-gnu/libcolamd.so
-- Found SPQR headers in: /usr/include/suitesparse
-- Found SPQR library: /usr/lib/x86_64-linux-gnu/libspqr.so
-- Found Config headers in: /usr/include/suitesparse
-- Found Config library: /usr/lib/x86_64-linux-gnu/libsuitesparseconfig.so
-- Found Intel Thread Building Blocks (TBB) library (2021.5 / ) include location: . Assuming SuiteSparseQR was compiled with TBB.
-- Looking for shm_open in rt
-- Looking for shm_open in rt - found
-- Adding librt to SuiteSparse_config libraries (required on Linux & Unix [not OSX] if SuiteSparse is compiled with timing).
-- Could NOT find METIS (missing: METIS_INCLUDE_DIR METIS_LIBRARY) 
-- Found SuiteSparse: /usr/include/suitesparse (found suitable version "5.10.1", minimum required is "5.10.1") found components: AMD CAMD CCOLAMD CHOLMOD COLAMD SPQR Config 
-- Found required Ceres dependency: Eigen version 3.3.91 in /usr/local/share/eigen3/cmake
-- Found required Ceres dependency: glog
-- Found required Ceres dependency: gflags
-- Found Ceres version: 2.1.0 installed in: /usr/local with components: [EigenSparse, SparseLinearAlgebraLibrary, LAPACK, SuiteSparse, CXSparse, SchurSpecializations, Multithreading]
-- Found ament_cmake_ros: 0.10.0 (/opt/ros/humble/share/ament_cmake_ros/cmake)
-- Using all available rosidl_typesupport_c: rosidl_typesupport_fastrtps_c;rosidl_typesupport_introspection_c
-- Using all available rosidl_typesupport_cpp: rosidl_typesupport_fastrtps_cpp;rosidl_typesupport_introspection_cpp
-- Found PythonInterp: /usr/bin/python3 (found suitable version "3.10.12", minimum required is "3.6") 
-- Found python_cmake_module: 0.10.0 (/opt/ros/humble/share/python_cmake_module/cmake)
-- Found PythonLibs: /usr/lib/x86_64-linux-gnu/libpython3.10.so (found suitable version "3.10.12", minimum required is "3.5") 
-- Using PYTHON_EXECUTABLE: /usr/bin/python3
-- Using PYTHON_INCLUDE_DIRS: /usr/include/python3.10
-- Using PYTHON_LIBRARIES: /usr/lib/x86_64-linux-gnu/libpython3.10.so
-- Found PythonExtra: .so  
-- Configuring done
-- Generating done
-- Build files have been written to: /home/deathstroke/vins-fusion-ros2/build/vins
[  1%] [34m[1mGenerating C code for ROS interfaces[0m
[  3%] [32mBuilding CXX object CMakeFiles/vins_lib.dir/src/factor/projectionTwoFrameTwoCamFactor.cpp.o[0m
[  5%] [32mBuilding CXX object CMakeFiles/vins_lib.dir/src/factor/marginalization_factor.cpp.o[0m
[  8%] [34m[1mGenerating C++ code for ROS interfaces[0m
[  8%] [34m[1mGenerating Rust code for ROS interfaces[0m
[ 10%] [32mBuilding CXX object CMakeFiles/vins_lib.dir/src/factor/projectionOneFrameTwoCamFactor.cpp.o[0m
[ 12%] [32mBuilding CXX object CMakeFiles/vins_lib.dir/src/factor/projection_fixed_point_factor.cpp.o[0m
[ 14%] [32mBuilding CXX object CMakeFiles/vins_lib.dir/src/factor/projectionTwoFrameOneCamFactor.cpp.o[0m
[ 17%] [32mBuilding CXX object CMakeFiles/vins_lib.dir/src/initial/initial_aligment.cpp.o[0m
[ 21%] [32mBuilding CXX object CMakeFiles/vins_lib.dir/src/initial/solve_5pts.cpp.o[0m
[ 21%] [32mBuilding CXX object CMakeFiles/vins_lib.dir/src/estimator/parameters.cpp.o[0m
[ 21%] [32mBuilding CXX object CMakeFiles/vins_lib.dir/src/estimator/estimator.cpp.o[0m
[ 23%] [32mBuilding CXX object CMakeFiles/vins_lib.dir/src/initial/initial_sfm.cpp.o[0m
[ 25%] [32mBuilding CXX object CMakeFiles/vins_lib.dir/src/estimator/feature_manager.cpp.o[0m
[ 26%] [32mBuilding CXX object CMakeFiles/vins_lib.dir/src/factor/pose_local_parameterization.cpp.o[0m
[ 28%] [32mBuilding CXX object CMakeFiles/vins_lib.dir/src/initial/initial_ex_rotation.cpp.o[0m
[ 30%] [32mBuilding CXX object CMakeFiles/vins_lib.dir/src/featureTracker/feature_tracker.cpp.o[0m
[ 33%] [32mBuilding CXX object CMakeFiles/vins_lib.dir/src/utility/utility.cpp.o[0m
[ 33%] [32mBuilding CXX object CMakeFiles/vins_lib.dir/src/utility/visualization.cpp.o[0m
[ 35%] [32mBuilding CXX object CMakeFiles/vins_lib.dir/src/utility/CameraPoseVisualization.cpp.o[0m
[ 35%] Built target ament_cmake_python_symlink_vins
[ 35%] Built target vins__rs
[ 37%] [32mBuilding C object CMakeFiles/vins__rosidl_generator_c.dir/rosidl_generator_c/vins/msg/detail/feature_quality__functions.c.o[0m
[ 37%] Built target vins__cpp
[ 39%] [34m[1mGenerating C++ type support for eProsima Fast-RTPS[0m
[ 41%] [34m[1mGenerating C++ type support dispatch for ROS interfaces[0m
[ 42%] [34m[1mGenerating C++ introspection for ROS interfaces[0m
[ 44%] [32m[1mLinking C shared library libvins__rosidl_generator_c.so[0m
[ 44%] Built target vins__rosidl_generator_c
[ 46%] [34m[1mGenerating C introspection for ROS interfaces[0m
[ 48%] [34m[1mGenerating C type support for eProsima Fast-RTPS[0m
[ 50%] [34m[1mGenerating C type support dispatch for ROS interfaces[0m
running egg_info
creating vins.egg-info
writing manifest file 'vins.egg-info/SOURCES.txt'
writing manifest file 'vins.egg-info/SOURCES.txt'
[ 51%] [32mBuilding CXX object CMakeFiles/vins__rosidl_typesupport_cpp.dir/rosidl_typesupport_cpp/vins/msg/feature_quality__type_support.cpp.o[0m
[ 51%] Built target ament_cmake_python_build_vins_egg
[ 53%] [32mBuilding CXX object CMakeFiles/vins__rosidl_typesupport_fastrtps_cpp.dir/rosidl_typesupport_fastrtps_cpp/vins/msg/detail/dds_fastrtps/feature_quality__type_support.cpp.o[0m
[ 55%] [32m[1mLinking CXX shared library libvins__rosidl_typesupport_cpp.so[0m
[ 57%] [32mBuilding CXX object CMakeFiles/vins__rosidl_typesupport_c.dir/rosidl_typesupport_c/vins/msg/feature_quality__type_support.cpp.o[0m
[ 58%] [32mBuilding C object CMakeFiles/vins__rosidl_typesupport_introspection_c.dir/rosidl_typesupport_introspection_c/vins/msg/detail/feature_quality__type_support.c.o[0m
[ 60%] [32m[1mLinking CXX shared library libvins__rosidl_typesupport_c.so[0m
[ 60%] Built target vins__rosidl_typesupport_cpp
[ 62%] [32m[1mLinking C shared library libvins__rosidl_typesupport_introspection_c.so[0m
[ 64%] [32mBuilding CXX object CMakeFiles/vins__rosidl_typesupport_introspection_cpp.dir/rosidl_typesupport_introspection_cpp/vins/msg/detail/feature_quality__type_support.cpp.o[0m
[ 64%] Built target vins__rosidl_typesupport_c
[ 66%] [32m[1mLinking CXX shared library libvins__rosidl_typesupport_fastrtps_cpp.so[0m
[ 66%] Built target vins__rosidl_typesupport_introspection_c
[ 67%] [32m[1mLinking CXX shared library libvins__rosidl_typesupport_introspection_cpp.so[0m
[ 67%] Built target vins__rosidl_typesupport_fastrtps_cpp
[ 69%] [32mBuilding CXX object CMakeFiles/vins__rosidl_typesupport_fastrtps_c.dir/rosidl_typesupport_fastrtps_c/vins/msg/detail/feature_quality__type_support_c.cpp.o[0m
[ 69%] Built target vins__rosidl_typesupport_introspection_cpp
[ 71%] [32m[1mLinking CXX shared library libvins__rosidl_typesupport_fastrtps_c.so[0m
[ 71%] Built target vins__rosidl_typesupport_fastrtps_c
[ 71%] Built target vins
[ 73%] [34m[1mGenerating Python code for ROS interfaces[0m
[ 73%] Built target vins__py
[ 75%] [32mBuilding C object CMakeFiles/vins__rosidl_generator_py.dir/rosidl_generator_py/vins/msg/_feature_quality_s.c.o[0m
[ 76%] [32m[1mLinking C shared library rosidl_generator_py/vins/libvins__rosidl_generator_py.so[0m
[ 76%] Built target vins__rosidl_generator_py
[ 78%] [32mBuilding C object CMakeFiles/vins__rosidl_typesupport_fastrtps_c__pyext.dir/rosidl_generator_py/vins/_vins_s.ep.rosidl_typesupport_fastrtps_c.c.o[0m
[ 82%] [32mBuilding C object CMakeFiles/vins__rosidl_typesupport_introspection_c__pyext.dir/rosidl_generator_py/vins/_vins_s.ep.rosidl_typesupport_introspection_c.c.o[0m
[ 82%] [32mBuilding C object CMakeFiles/vins__rosidl_typesupport_c__pyext.dir/rosidl_generator_py/vins/_vins_s.ep.rosidl_typesupport_c.c.o[0m
[ 83%] [32m[1mLinking C shared library rosidl_generator_py/vins/vins_s__rosidl_typesupport_c.cpython-310-x86_64-linux-gnu.so[0m
[ 85%] [32m[1mLinking C shared library rosidl_generator_py/vins/vins_s__rosidl_typesupport_fastrtps_c.cpython-310-x86_64-linux-gnu.so[0m
[ 87%] [32m[1mLinking C shared library rosidl_generator_py/vins/vins_s__rosidl_typesupport_introspection_c.cpython-310-x86_64-linux-gnu.so[0m
[ 87%] Built target vins__rosidl_typesupport_fastrtps_c__pyext
[ 87%] Built target vins__rosidl_typesupport_c__pyext
[ 87%] Built target vins__rosidl_typesupport_introspection_c__pyext
