[0.008s] Invoking command in '/home/deathstroke/vins-fusion-ros2/build/global_fusion': CMAKE_PREFIX_PATH=${CMAKE_PREFIX_PATH}:/home/deathstroke/realsense-ros/install/realsense2_ros_mqtt_bridge:/home/deathstroke/rust_ws/install/examples_worker_demo:/home/deathstroke/rust_ws/install/examples_rclrs_minimal_pub_sub:/home/deathstroke/rust_ws/install/examples_rclrs_minimal_client_service:/home/deathstroke/rust_ws/install/examples_parameter_demo:/home/deathstroke/rust_ws/install/examples_logging_demo:/home/deathstroke/rust_ws/install/sensor_msgs_py:/home/deathstroke/rust_ws/install/rust_pubsub:/home/deathstroke/rust_ws/install/examples_rclrs_message_demo:/home/deathstroke/rust_ws/install/rosidl_runtime_rs:/home/deathstroke/rust_ws/install/rclrs:/opt/ros/humble /usr/bin/cmake --build /home/deathstroke/vins-fusion-ros2/build/global_fusion -- -j32 -l32
[0.037s] [ 57%] Built target libGeographiccc
[0.054s] [100%] Built target global_fusion_node
[0.061s] Invoked command in '/home/deathstroke/vins-fusion-ros2/build/global_fusion' returned '0': CMAKE_PREFIX_PATH=${CMAKE_PREFIX_PATH}:/home/deathstroke/realsense-ros/install/realsense2_ros_mqtt_bridge:/home/deathstroke/rust_ws/install/examples_worker_demo:/home/deathstroke/rust_ws/install/examples_rclrs_minimal_pub_sub:/home/deathstroke/rust_ws/install/examples_rclrs_minimal_client_service:/home/deathstroke/rust_ws/install/examples_parameter_demo:/home/deathstroke/rust_ws/install/examples_logging_demo:/home/deathstroke/rust_ws/install/sensor_msgs_py:/home/deathstroke/rust_ws/install/rust_pubsub:/home/deathstroke/rust_ws/install/examples_rclrs_message_demo:/home/deathstroke/rust_ws/install/rosidl_runtime_rs:/home/deathstroke/rust_ws/install/rclrs:/opt/ros/humble /usr/bin/cmake --build /home/deathstroke/vins-fusion-ros2/build/global_fusion -- -j32 -l32
[0.068s] Invoking command in '/home/deathstroke/vins-fusion-ros2/build/global_fusion': CMAKE_PREFIX_PATH=${CMAKE_PREFIX_PATH}:/home/deathstroke/realsense-ros/install/realsense2_ros_mqtt_bridge:/home/deathstroke/rust_ws/install/examples_worker_demo:/home/deathstroke/rust_ws/install/examples_rclrs_minimal_pub_sub:/home/deathstroke/rust_ws/install/examples_rclrs_minimal_client_service:/home/deathstroke/rust_ws/install/examples_parameter_demo:/home/deathstroke/rust_ws/install/examples_logging_demo:/home/deathstroke/rust_ws/install/sensor_msgs_py:/home/deathstroke/rust_ws/install/rust_pubsub:/home/deathstroke/rust_ws/install/examples_rclrs_message_demo:/home/deathstroke/rust_ws/install/rosidl_runtime_rs:/home/deathstroke/rust_ws/install/rclrs:/opt/ros/humble /usr/bin/cmake --install /home/deathstroke/vins-fusion-ros2/build/global_fusion
[0.072s] -- Install configuration: "Release"
[0.072s] -- Execute custom install script
[0.072s] -- Up-to-date symlink: /home/deathstroke/vins-fusion-ros2/install/global_fusion/lib/global_fusion/global_fusion_node
[0.073s] -- Up-to-date symlink: /home/deathstroke/vins-fusion-ros2/install/global_fusion/bin/global_fusion_node
[0.073s] -- Up-to-date symlink: /home/deathstroke/vins-fusion-ros2/install/global_fusion/lib/global_fusion/global_fusion_node
[0.073s] -- Up-to-date symlink: /home/deathstroke/vins-fusion-ros2/install/global_fusion/share/ament_index/resource_index/package_run_dependencies/global_fusion
[0.073s] -- Up-to-date symlink: /home/deathstroke/vins-fusion-ros2/install/global_fusion/share/ament_index/resource_index/parent_prefix_path/global_fusion
[0.073s] -- Up-to-date symlink: /home/deathstroke/vins-fusion-ros2/install/global_fusion/share/global_fusion/environment/ament_prefix_path.sh
[0.073s] -- Up-to-date symlink: /home/deathstroke/vins-fusion-ros2/install/global_fusion/share/global_fusion/environment/ament_prefix_path.dsv
[0.073s] -- Up-to-date symlink: /home/deathstroke/vins-fusion-ros2/install/global_fusion/share/global_fusion/environment/path.sh
[0.073s] -- Up-to-date symlink: /home/deathstroke/vins-fusion-ros2/install/global_fusion/share/global_fusion/environment/path.dsv
[0.073s] -- Up-to-date symlink: /home/deathstroke/vins-fusion-ros2/install/global_fusion/share/global_fusion/local_setup.bash
[0.073s] -- Up-to-date symlink: /home/deathstroke/vins-fusion-ros2/install/global_fusion/share/global_fusion/local_setup.sh
[0.073s] -- Up-to-date symlink: /home/deathstroke/vins-fusion-ros2/install/global_fusion/share/global_fusion/local_setup.zsh
[0.073s] -- Up-to-date symlink: /home/deathstroke/vins-fusion-ros2/install/global_fusion/share/global_fusion/local_setup.dsv
[0.073s] -- Symlinking: /home/deathstroke/vins-fusion-ros2/install/global_fusion/share/global_fusion/package.dsv
[0.077s] -- Up-to-date symlink: /home/deathstroke/vins-fusion-ros2/install/global_fusion/share/ament_index/resource_index/packages/global_fusion
[0.077s] -- Up-to-date symlink: /home/deathstroke/vins-fusion-ros2/install/global_fusion/share/global_fusion/cmake/global_fusionConfig.cmake
[0.077s] -- Up-to-date symlink: /home/deathstroke/vins-fusion-ros2/install/global_fusion/share/global_fusion/cmake/global_fusionConfig-version.cmake
[0.078s] -- Up-to-date symlink: /home/deathstroke/vins-fusion-ros2/install/global_fusion/share/global_fusion/package.xml
[0.079s] Invoked command in '/home/deathstroke/vins-fusion-ros2/build/global_fusion' returned '0': CMAKE_PREFIX_PATH=${CMAKE_PREFIX_PATH}:/home/deathstroke/realsense-ros/install/realsense2_ros_mqtt_bridge:/home/deathstroke/rust_ws/install/examples_worker_demo:/home/deathstroke/rust_ws/install/examples_rclrs_minimal_pub_sub:/home/deathstroke/rust_ws/install/examples_rclrs_minimal_client_service:/home/deathstroke/rust_ws/install/examples_parameter_demo:/home/deathstroke/rust_ws/install/examples_logging_demo:/home/deathstroke/rust_ws/install/sensor_msgs_py:/home/deathstroke/rust_ws/install/rust_pubsub:/home/deathstroke/rust_ws/install/examples_rclrs_message_demo:/home/deathstroke/rust_ws/install/rosidl_runtime_rs:/home/deathstroke/rust_ws/install/rclrs:/opt/ros/humble /usr/bin/cmake --install /home/deathstroke/vins-fusion-ros2/build/global_fusion
