-- The C compiler identification is GNU 11.4.0
-- The CXX compiler identification is GNU 11.4.0
-- Detecting C compiler ABI info
-- Detecting C compiler ABI info - done
-- Check for working C compiler: /usr/lib/ccache/cc - skipped
-- Detecting C compile features
-- Detecting C compile features - done
-- Detecting CXX compiler ABI info
-- Detecting CXX compiler ABI info - done
-- Check for working CXX compiler: /usr/lib/ccache/c++ - skipped
-- Detecting CXX compile features
-- Detecting CXX compile features - done
-- Found ament_cmake: 1.3.12 (/opt/ros/humble/share/ament_cmake/cmake)
-- Found Python3: /usr/bin/python3 (found version "3.10.12") found components: Interpreter 
-- Override CMake install command with custom implementation using symlinks instead of copying resources
-- Found rclcpp: 16.0.17 (/opt/ros/humble/share/rclcpp/cmake)
-- Found rosidl_generator_c: 3.1.8 (/opt/ros/humble/share/rosidl_generator_c/cmake)
-- Found rosidl_adapter: 3.1.8 (/opt/ros/humble/share/rosidl_adapter/cmake)
-- Found rosidl_generator_cpp: 3.1.8 (/opt/ros/humble/share/rosidl_generator_cpp/cmake)
-- Using all available rosidl_typesupport_c: rosidl_typesupport_fastrtps_c;rosidl_typesupport_introspection_c
-- Using all available rosidl_typesupport_cpp: rosidl_typesupport_fastrtps_cpp;rosidl_typesupport_introspection_cpp
-- Found rmw_implementation_cmake: 6.1.2 (/opt/ros/humble/share/rmw_implementation_cmake/cmake)
-- Found rmw_fastrtps_cpp: 6.2.9 (/opt/ros/humble/share/rmw_fastrtps_cpp/cmake)
-- Found OpenSSL: /usr/lib/x86_64-linux-gnu/libcrypto.so (found version "3.0.2")  
-- Found FastRTPS: /opt/ros/humble/include  
-- Using RMW implementation 'rmw_fastrtps_cpp' as default
-- Looking for pthread.h
-- Looking for pthread.h - found
-- Performing Test CMAKE_HAVE_LIBC_PTHREAD
-- Performing Test CMAKE_HAVE_LIBC_PTHREAD - Success
-- Found Threads: TRUE  
-- Found rclpy: 3.3.19 (/opt/ros/humble/share/rclpy/cmake)
-- Found sensor_msgs: 4.9.0 (/home/deathstroke/rust_ws/install/sensor_msgs/share/sensor_msgs/cmake)
-- Found nav_msgs: 4.9.0 (/home/deathstroke/rust_ws/install/nav_msgs/share/nav_msgs/cmake)
-- Found visualization_msgs: 4.9.0 (/home/deathstroke/rust_ws/install/visualization_msgs/share/visualization_msgs/cmake)
-- Found CXSparse: /usr/include/suitesparse (found suitable version "3.2.0", minimum required is "3.2.0") 
-- Found AMD headers in: /usr/include/suitesparse
-- Found AMD library: /usr/lib/x86_64-linux-gnu/libamd.so
-- Found CAMD headers in: /usr/include/suitesparse
-- Found CAMD library: /usr/lib/x86_64-linux-gnu/libcamd.so
-- Found CCOLAMD headers in: /usr/include/suitesparse
-- Found CCOLAMD library: /usr/lib/x86_64-linux-gnu/libccolamd.so
-- Found CHOLMOD headers in: /usr/include/suitesparse
-- Found CHOLMOD library: /usr/lib/x86_64-linux-gnu/libcholmod.so
-- Found COLAMD headers in: /usr/include/suitesparse
-- Found COLAMD library: /usr/lib/x86_64-linux-gnu/libcolamd.so
-- Found SPQR headers in: /usr/include/suitesparse
-- Found SPQR library: /usr/lib/x86_64-linux-gnu/libspqr.so
-- Found Config headers in: /usr/include/suitesparse
-- Found Config library: /usr/lib/x86_64-linux-gnu/libsuitesparseconfig.so
-- Found Intel Thread Building Blocks (TBB) library (2021.5 / ) include location: . Assuming SuiteSparseQR was compiled with TBB.
-- Looking for shm_open in rt
-- Looking for shm_open in rt - found
-- Adding librt to SuiteSparse_config libraries (required on Linux & Unix [not OSX] if SuiteSparse is compiled with timing).
-- Could NOT find METIS (missing: METIS_INCLUDE_DIR METIS_LIBRARY) 
-- Found SuiteSparse: /usr/include/suitesparse (found suitable version "5.10.1", minimum required is "5.10.1") found components: AMD CAMD CCOLAMD CHOLMOD COLAMD SPQR Config 
-- Found required Ceres dependency: Eigen version 3.3.91 in /usr/local/share/eigen3/cmake
-- Found required Ceres dependency: glog
-- Found required Ceres dependency: gflags
-- Found Ceres version: 2.1.0 installed in: /usr/local with components: [EigenSparse, SparseLinearAlgebraLibrary, LAPACK, SuiteSparse, CXSparse, SchurSpecializations, Multithreading]
[0mCMake Deprecation Warning at ThirdParty/GeographicLib/CMakeLists.txt:19 (cmake_minimum_required):
  Compatibility with CMake < 2.8.12 will be removed from a future version of
  CMake.

  Update the VERSION argument <min> value or use a ...<max> suffix to tell
  CMake that the project does not need compatibility with older versions.

[0m
-- Configuring done
-- Generating done
-- Build files have been written to: /home/deathstroke/vins-fusion-ros2/build/global_fusion
[ 14%] [32mBuilding CXX object ThirdParty/GeographicLib/CMakeFiles/libGeographiccc.dir/src/LocalCartesian.cpp.o[0m
[ 28%] [32mBuilding CXX object ThirdParty/GeographicLib/CMakeFiles/libGeographiccc.dir/src/Geocentric.cpp.o[0m
[ 42%] [32mBuilding CXX object ThirdParty/GeographicLib/CMakeFiles/libGeographiccc.dir/src/Math.cpp.o[0m
[ 57%] [32m[1mLinking CXX static library liblibGeographiccc.a[0m
[ 57%] Built target libGeographiccc
[ 85%] [32mBuilding CXX object CMakeFiles/global_fusion_node.dir/src/globalOptNode.cpp.o[0m
[ 85%] [32mBuilding CXX object CMakeFiles/global_fusion_node.dir/src/globalOpt.cpp.o[0m
[01m[K/home/deathstroke/vins-fusion-ros2/src/VINS-Fusion-ROS2-humble-arm/global_fusion/src/globalOpt.cpp:[m[K In member function ‘[01m[Kvoid GlobalOptimization::optimize()[m[K’:
[01m[K/home/deathstroke/vins-fusion-ros2/src/VINS-Fusion-ROS2-humble-arm/global_fusion/src/globalOpt.cpp:117:43:[m[K [01;35m[Kwarning: [m[K‘[01m[KLocalParameterization[m[K’ is deprecated: LocalParameterizations will be removed from the Ceres Solver API in version 2.2.0. Use Manifolds instead. [[01;35m[K-Wdeprecated-declarations[m[K]
  117 |             ceres::LocalParameterization* [01;35m[Klocal_parameterization[m[K = new ceres::QuaternionParameterization();
      |                                           [01;35m[K^~~~~~~~~~~~~~~~~~~~~~[m[K
In file included from [01m[K/usr/local/include/ceres/autodiff_local_parameterization.h:39[m[K,
                 from [01m[K/usr/local/include/ceres/ceres.h:39[m[K,
                 from [01m[K/home/deathstroke/vins-fusion-ros2/src/VINS-Fusion-ROS2-humble-arm/global_fusion/src/globalOpt.h:20[m[K,
                 from [01m[K/home/deathstroke/vins-fusion-ros2/src/VINS-Fusion-ROS2-humble-arm/global_fusion/src/globalOpt.cpp:12[m[K:
[01m[K/usr/local/include/ceres/local_parameterization.h:121:18:[m[K [01;36m[Knote: [m[Kdeclared here
  121 |     CERES_EXPORT [01;36m[KLocalParameterization[m[K {
      |                  [01;36m[K^~~~~~~~~~~~~~~~~~~~~[m[K
[01m[K/home/deathstroke/vins-fusion-ros2/src/VINS-Fusion-ROS2-humble-arm/global_fusion/src/globalOpt.cpp:117:79:[m[K [01;35m[Kwarning: [m[K‘[01m[KQuaternionParameterization[m[K’ is deprecated: Use QuaternionManifold instead. [[01;35m[K-Wdeprecated-declarations[m[K]
  117 |             ceres::LocalParameterization* local_parameterization = new ceres::[01;35m[KQuaternionParameterization[m[K();
      |                                                                               [01;35m[K^~~~~~~~~~~~~~~~~~~~~~~~~~[m[K
In file included from [01m[K/usr/local/include/ceres/autodiff_local_parameterization.h:39[m[K,
                 from [01m[K/usr/local/include/ceres/ceres.h:39[m[K,
                 from [01m[K/home/deathstroke/vins-fusion-ros2/src/VINS-Fusion-ROS2-humble-arm/global_fusion/src/globalOpt.h:20[m[K,
                 from [01m[K/home/deathstroke/vins-fusion-ros2/src/VINS-Fusion-ROS2-humble-arm/global_fusion/src/globalOpt.cpp:12[m[K:
[01m[K/usr/local/include/ceres/local_parameterization.h:211:18:[m[K [01;36m[Knote: [m[Kdeclared here
  211 |     CERES_EXPORT [01;36m[KQuaternionParameterization[m[K : public LocalParameterization {
      |                  [01;36m[K^~~~~~~~~~~~~~~~~~~~~~~~~~[m[K
[01m[K/home/deathstroke/vins-fusion-ros2/src/VINS-Fusion-ROS2-humble-arm/global_fusion/src/globalOpt.cpp:123:20:[m[K [01;35m[Kwarning: [m[KISO C++ forbids variable length array ‘[01m[Kt_array[m[K’ [[01;35m[K-Wvla[m[K]
  123 |             double [01;35m[Kt_array[m[K[length][3];
      |                    [01;35m[K^~~~~~~[m[K
[01m[K/home/deathstroke/vins-fusion-ros2/src/VINS-Fusion-ROS2-humble-arm/global_fusion/src/globalOpt.cpp:124:20:[m[K [01;35m[Kwarning: [m[KISO C++ forbids variable length array ‘[01m[Kq_array[m[K’ [[01;35m[K-Wvla[m[K]
  124 |             double [01;35m[Kq_array[m[K[length][4];
      |                    [01;35m[K^~~~~~~[m[K
[01m[K/home/deathstroke/vins-fusion-ros2/src/VINS-Fusion-ROS2-humble-arm/global_fusion/src/globalOpt.cpp:136:42:[m[K [01;35m[Kwarning: [m[K‘[01m[Kvoid ceres::Problem::AddParameterBlock(double*, int, ceres::LocalParameterization*)[m[K’ is deprecated: LocalParameterizations are deprecated. Use the version with Manifolds instead. [[01;35m[K-Wdeprecated-declarations[m[K]
  136 |                 [01;35m[Kproblem.AddParameterBlock(q_array[i], 4, local_parameterization)[m[K;
      |                 [01;35m[K~~~~~~~~~~~~~~~~~~~~~~~~~^~~~~~~~~~~~~~~~~~~~~~~~~~~~~~~~~~~~~~~[m[K
In file included from [01m[K/usr/local/include/ceres/ceres.h:66[m[K,
                 from [01m[K/home/deathstroke/vins-fusion-ros2/src/VINS-Fusion-ROS2-humble-arm/global_fusion/src/globalOpt.h:20[m[K,
                 from [01m[K/home/deathstroke/vins-fusion-ros2/src/VINS-Fusion-ROS2-humble-arm/global_fusion/src/globalOpt.cpp:12[m[K:
[01m[K/usr/local/include/ceres/problem.h:302:8:[m[K [01;36m[Knote: [m[Kdeclared here
  302 |   void [01;36m[KAddParameterBlock[m[K(double* values,
      |        [01;36m[K^~~~~~~~~~~~~~~~~[m[K
[01m[K/home/deathstroke/vins-fusion-ros2/src/VINS-Fusion-ROS2-humble-arm/global_fusion/src/globalOptNode.cpp:[m[K In function ‘[01m[Kvoid vio_callback(nav_msgs::msg::Odometry_<std::allocator<void> >::SharedPtr)[m[K’:
[01m[K/home/deathstroke/vins-fusion-ros2/src/VINS-Fusion-ROS2-humble-arm/global_fusion/src/globalOptNode.cpp:99:47:[m[K [01;35m[Kwarning: [m[K‘[01m[Ksensor_msgs::msg::NavSatFix_<std::allocator<void> >::ConstPtr[m[K’ is deprecated [[01;35m[K-Wdeprecated-declarations[m[K]
   99 |         sensor_msgs::msg::NavSatFix::ConstPtr [01;35m[KGPS_msg[m[K = gpsQueue.front();
      |                                               [01;35m[K^~~~~~~[m[K
In file included from [01m[K/home/deathstroke/rust_ws/install/sensor_msgs/include/sensor_msgs/sensor_msgs/msg/nav_sat_fix.hpp:7[m[K,
                 from [01m[K/home/deathstroke/vins-fusion-ros2/src/VINS-Fusion-ROS2-humble-arm/global_fusion/src/globalOpt.h:28[m[K,
                 from [01m[K/home/deathstroke/vins-fusion-ros2/src/VINS-Fusion-ROS2-humble-arm/global_fusion/src/globalOptNode.cpp:13[m[K:
[01m[K/home/deathstroke/rust_ws/install/sensor_msgs/include/sensor_msgs/sensor_msgs/msg/detail/nav_sat_fix__struct.hpp:185:5:[m[K [01;36m[Knote: [m[Kdeclared here
  185 |     [01;36m[KConstPtr[m[K;
      |     [01;36m[K^~~~~~~~[m[K
[01m[K/home/deathstroke/vins-fusion-ros2/src/VINS-Fusion-ROS2-humble-arm/global_fusion/src/globalOptNode.cpp:[m[K In function ‘[01m[Kint main(int, char**)[m[K’:
[01m[K/home/deathstroke/vins-fusion-ros2/src/VINS-Fusion-ROS2-humble-arm/global_fusion/src/globalOptNode.cpp:177:10:[m[K [01;35m[Kwarning: [m[Kvariable ‘[01m[Kqos_profile[m[K’ set but not used [[01;35m[K-Wunused-but-set-variable[m[K]
  177 |     auto [01;35m[Kqos_profile[m[K = rclcpp::QoS(rclcpp::KeepLast(100));
      |          [01;35m[K^~~~~~~~~~~[m[K
[100%] [32m[1mLinking CXX executable global_fusion_node[0m
[100%] Built target global_fusion_node
-- Install configuration: "Release"
-- Execute custom install script
-- Symlinking: /home/deathstroke/vins-fusion-ros2/install/global_fusion/lib/global_fusion/global_fusion_node
-- Symlinking: /home/deathstroke/vins-fusion-ros2/install/global_fusion/bin/global_fusion_node
-- Up-to-date symlink: /home/deathstroke/vins-fusion-ros2/install/global_fusion/lib/global_fusion/global_fusion_node
-- Symlinking: /home/deathstroke/vins-fusion-ros2/install/global_fusion/share/ament_index/resource_index/package_run_dependencies/global_fusion
-- Symlinking: /home/deathstroke/vins-fusion-ros2/install/global_fusion/share/ament_index/resource_index/parent_prefix_path/global_fusion
-- Symlinking: /home/deathstroke/vins-fusion-ros2/install/global_fusion/share/global_fusion/environment/ament_prefix_path.sh
-- Symlinking: /home/deathstroke/vins-fusion-ros2/install/global_fusion/share/global_fusion/environment/ament_prefix_path.dsv
-- Symlinking: /home/deathstroke/vins-fusion-ros2/install/global_fusion/share/global_fusion/environment/path.sh
-- Symlinking: /home/deathstroke/vins-fusion-ros2/install/global_fusion/share/global_fusion/environment/path.dsv
-- Symlinking: /home/deathstroke/vins-fusion-ros2/install/global_fusion/share/global_fusion/local_setup.bash
-- Symlinking: /home/deathstroke/vins-fusion-ros2/install/global_fusion/share/global_fusion/local_setup.sh
-- Symlinking: /home/deathstroke/vins-fusion-ros2/install/global_fusion/share/global_fusion/local_setup.zsh
-- Symlinking: /home/deathstroke/vins-fusion-ros2/install/global_fusion/share/global_fusion/local_setup.dsv
-- Symlinking: /home/deathstroke/vins-fusion-ros2/install/global_fusion/share/global_fusion/package.dsv
-- Symlinking: /home/deathstroke/vins-fusion-ros2/install/global_fusion/share/ament_index/resource_index/packages/global_fusion
-- Symlinking: /home/deathstroke/vins-fusion-ros2/install/global_fusion/share/global_fusion/cmake/global_fusionConfig.cmake
-- Symlinking: /home/deathstroke/vins-fusion-ros2/install/global_fusion/share/global_fusion/cmake/global_fusionConfig-version.cmake
-- Symlinking: /home/deathstroke/vins-fusion-ros2/install/global_fusion/share/global_fusion/package.xml
