[  1%] Built target vins__cpp
[  3%] Built target vins__rs
[  8%] Built target vins__rosidl_generator_c
[  8%] Built target ament_cmake_python_symlink_vins
[ 14%] Built target vins__rosidl_typesupport_fastrtps_cpp
[ 19%] Built target vins__rosidl_typesupport_cpp
[ 25%] Built target vins__rosidl_typesupport_fastrtps_c
[ 30%] Built target vins__rosidl_typesupport_introspection_cpp
[ 35%] Built target vins__rosidl_typesupport_c
[ 41%] Built target vins__rosidl_typesupport_introspection_c
[ 73%] Built target vins_lib
[ 73%] Built target vins
[35m[1mConsolidate compiler generated dependencies of target vins_node[0m
[ 75%] Built target vins__py
[ 80%] Built target kitti_odom_test
[ 82%] Built target kitti_gps_test
[ 85%] Built target vins__rosidl_generator_py
[ 87%] [32mBuilding CXX object CMakeFiles/vins_node.dir/src/rosNodeTest.cpp.o[0m
[ 91%] Built target vins__rosidl_typesupport_fastrtps_c__pyext
[ 96%] Built target vins__rosidl_typesupport_introspection_c__pyext
[ 98%] Built target vins__rosidl_typesupport_c__pyext
running egg_info
writing manifest file 'vins.egg-info/SOURCES.txt'
[ 98%] Built target ament_cmake_python_build_vins_egg
[01m[K/home/deathstroke/vins-fusion-ros2/src/VINS-Fusion-ROS2-humble-arm/vins/src/rosNodeTest.cpp:26:30:[m[K [01;35m[Kwarning: [m[K‘[01m[Ksensor_msgs::msg::Imu_<std::allocator<void> >::ConstPtr[m[K’ is deprecated [[01;35m[K-Wdeprecated-declarations[m[K]
   26 | queue<sensor_msgs::msg::Imu::[01;35m[KConstPtr[m[K> imu_buf;
      |                              [01;35m[K^~~~~~~~[m[K
In file included from [01m[K/home/deathstroke/rust_ws/install/sensor_msgs/include/sensor_msgs/sensor_msgs/msg/imu.hpp:7[m[K,
                 from [01m[K/home/deathstroke/vins-fusion-ros2/src/VINS-Fusion-ROS2-humble-arm/vins/src/utility/visualization.h:16[m[K,
                 from [01m[K/home/deathstroke/vins-fusion-ros2/src/VINS-Fusion-ROS2-humble-arm/vins/src/rosNodeTest.cpp:22[m[K:
[01m[K/home/deathstroke/rust_ws/install/sensor_msgs/include/sensor_msgs/sensor_msgs/msg/detail/imu__struct.hpp:183:5:[m[K [01;36m[Knote: [m[Kdeclared here
  183 |     [01;36m[KConstPtr[m[K;
      |     [01;36m[K^~~~~~~~[m[K
[01m[K/home/deathstroke/vins-fusion-ros2/src/VINS-Fusion-ROS2-humble-arm/vins/src/rosNodeTest.cpp:27:37:[m[K [01;35m[Kwarning: [m[K‘[01m[Ksensor_msgs::msg::PointCloud_<std::allocator<void> >::ConstPtr[m[K’ is deprecated [[01;35m[K-Wdeprecated-declarations[m[K]
   27 | queue<sensor_msgs::msg::PointCloud::[01;35m[KConstPtr[m[K> feature_buf;
      |                                     [01;35m[K^~~~~~~~[m[K
In file included from [01m[K/home/deathstroke/rust_ws/install/sensor_msgs/include/sensor_msgs/sensor_msgs/msg/point_cloud.hpp:7[m[K,
                 from [01m[K/home/deathstroke/vins-fusion-ros2/src/VINS-Fusion-ROS2-humble-arm/vins/src/utility/visualization.h:17[m[K,
                 from [01m[K/home/deathstroke/vins-fusion-ros2/src/VINS-Fusion-ROS2-humble-arm/vins/src/rosNodeTest.cpp:22[m[K:
[01m[K/home/deathstroke/rust_ws/install/sensor_msgs/include/sensor_msgs/sensor_msgs/msg/detail/point_cloud__struct.hpp:125:5:[m[K [01;36m[Knote: [m[Kdeclared here
  125 |     [01;36m[KConstPtr[m[K;
      |     [01;36m[K^~~~~~~~[m[K
[01m[K/home/deathstroke/vins-fusion-ros2/src/VINS-Fusion-ROS2-humble-arm/vins/src/rosNodeTest.cpp:28:32:[m[K [01;35m[Kwarning: [m[K‘[01m[Ksensor_msgs::msg::Image_<std::allocator<void> >::ConstPtr[m[K’ is deprecated [[01;35m[K-Wdeprecated-declarations[m[K]
   28 | queue<sensor_msgs::msg::Image::[01;35m[KConstPtr[m[K> img0_buf;
      |                                [01;35m[K^~~~~~~~[m[K
In file included from [01m[K/home/deathstroke/rust_ws/install/sensor_msgs/include/sensor_msgs/sensor_msgs/msg/image.hpp:7[m[K,
                 from [01m[K/opt/ros/humble/include/cv_bridge/cv_bridge/cv_bridge.h:40[m[K,
                 from [01m[K/home/deathstroke/vins-fusion-ros2/src/VINS-Fusion-ROS2-humble-arm/vins/src/rosNodeTest.cpp:18[m[K:
[01m[K/home/deathstroke/rust_ws/install/sensor_msgs/include/sensor_msgs/sensor_msgs/msg/detail/image__struct.hpp:174:5:[m[K [01;36m[Knote: [m[Kdeclared here
  174 |     [01;36m[KConstPtr[m[K;
      |     [01;36m[K^~~~~~~~[m[K
[01m[K/home/deathstroke/vins-fusion-ros2/src/VINS-Fusion-ROS2-humble-arm/vins/src/rosNodeTest.cpp:29:32:[m[K [01;35m[Kwarning: [m[K‘[01m[Ksensor_msgs::msg::Image_<std::allocator<void> >::ConstPtr[m[K’ is deprecated [[01;35m[K-Wdeprecated-declarations[m[K]
   29 | queue<sensor_msgs::msg::Image::[01;35m[KConstPtr[m[K> img1_buf;
      |                                [01;35m[K^~~~~~~~[m[K
In file included from [01m[K/home/deathstroke/rust_ws/install/sensor_msgs/include/sensor_msgs/sensor_msgs/msg/image.hpp:7[m[K,
                 from [01m[K/opt/ros/humble/include/cv_bridge/cv_bridge/cv_bridge.h:40[m[K,
                 from [01m[K/home/deathstroke/vins-fusion-ros2/src/VINS-Fusion-ROS2-humble-arm/vins/src/rosNodeTest.cpp:18[m[K:
[01m[K/home/deathstroke/rust_ws/install/sensor_msgs/include/sensor_msgs/sensor_msgs/msg/detail/image__struct.hpp:174:5:[m[K [01;36m[Knote: [m[Kdeclared here
  174 |     [01;36m[KConstPtr[m[K;
      |     [01;36m[K^~~~~~~~[m[K
[01m[K/home/deathstroke/vins-fusion-ros2/src/VINS-Fusion-ROS2-humble-arm/vins/src/rosNodeTest.cpp:51:73:[m[K [01;35m[Kwarning: [m[K‘[01m[Ksensor_msgs::msg::Image_<std::allocator<void> >::ConstPtr[m[K’ is deprecated [[01;35m[K-Wdeprecated-declarations[m[K]
   51 | cv::Mat getImageFromMsg(const sensor_msgs::msg::Image::ConstPtr &img_msg[01;35m[K)[m[K
      |                                                                         [01;35m[K^[m[K
In file included from [01m[K/home/deathstroke/rust_ws/install/sensor_msgs/include/sensor_msgs/sensor_msgs/msg/image.hpp:7[m[K,
                 from [01m[K/opt/ros/humble/include/cv_bridge/cv_bridge/cv_bridge.h:40[m[K,
                 from [01m[K/home/deathstroke/vins-fusion-ros2/src/VINS-Fusion-ROS2-humble-arm/vins/src/rosNodeTest.cpp:18[m[K:
[01m[K/home/deathstroke/rust_ws/install/sensor_msgs/include/sensor_msgs/sensor_msgs/msg/detail/image__struct.hpp:174:5:[m[K [01;36m[Knote: [m[Kdeclared here
  174 |     [01;36m[KConstPtr[m[K;
      |     [01;36m[K^~~~~~~~[m[K
[100%] [32m[1mLinking CXX executable vins_node[0m
/usr/bin/ld: warning: libopencv_core.so.4.5d, needed by /opt/ros/humble/lib/libcv_bridge.so, may conflict with libopencv_core.so.410
[100%] Built target vins_node
-- Install configuration: "Release"
-- Execute custom install script
-- Up-to-date symlink: /home/deathstroke/vins-fusion-ros2/install/vins/share/ament_index/resource_index/rosidl_interfaces/vins
-- Up-to-date symlink: /home/deathstroke/vins-fusion-ros2/install/vins/include/vins/vins/msg/detail/feature_quality__functions.h
-- Up-to-date symlink: /home/deathstroke/vins-fusion-ros2/install/vins/include/vins/vins/msg/detail/feature_quality__struct.h
-- Up-to-date symlink: /home/deathstroke/vins-fusion-ros2/install/vins/include/vins/vins/msg/detail/feature_quality__type_support.h
-- Up-to-date symlink: /home/deathstroke/vins-fusion-ros2/install/vins/include/vins/vins/msg/feature_quality.h
-- Up-to-date symlink: /home/deathstroke/vins-fusion-ros2/install/vins/include/vins/vins/msg/rosidl_generator_c__visibility_control.h
-- Up-to-date symlink: /home/deathstroke/vins-fusion-ros2/install/vins/share/vins/environment/library_path.sh
-- Up-to-date symlink: /home/deathstroke/vins-fusion-ros2/install/vins/share/vins/environment/library_path.dsv
-- Up-to-date symlink: /home/deathstroke/vins-fusion-ros2/install/vins/include/vins/vins/msg/detail/feature_quality__rosidl_typesupport_fastrtps_c.h
-- Up-to-date symlink: /home/deathstroke/vins-fusion-ros2/install/vins/include/vins/vins/msg/rosidl_typesupport_fastrtps_c__visibility_control.h
-- Up-to-date symlink: /home/deathstroke/vins-fusion-ros2/install/vins/include/vins/vins/msg/detail/feature_quality__builder.hpp
-- Up-to-date symlink: /home/deathstroke/vins-fusion-ros2/install/vins/include/vins/vins/msg/detail/feature_quality__struct.hpp
-- Up-to-date symlink: /home/deathstroke/vins-fusion-ros2/install/vins/include/vins/vins/msg/detail/feature_quality__traits.hpp
-- Up-to-date symlink: /home/deathstroke/vins-fusion-ros2/install/vins/include/vins/vins/msg/detail/feature_quality__type_support.hpp
-- Up-to-date symlink: /home/deathstroke/vins-fusion-ros2/install/vins/include/vins/vins/msg/feature_quality.hpp
-- Up-to-date symlink: /home/deathstroke/vins-fusion-ros2/install/vins/include/vins/vins/msg/rosidl_generator_cpp__visibility_control.hpp
-- Up-to-date symlink: /home/deathstroke/vins-fusion-ros2/install/vins/include/vins/vins/msg/detail/feature_quality__rosidl_typesupport_fastrtps_cpp.hpp
-- Up-to-date symlink: /home/deathstroke/vins-fusion-ros2/install/vins/include/vins/vins/msg/rosidl_typesupport_fastrtps_cpp__visibility_control.h
-- Up-to-date symlink: /home/deathstroke/vins-fusion-ros2/install/vins/include/vins/vins/msg/detail/feature_quality__rosidl_typesupport_introspection_c.h
-- Up-to-date symlink: /home/deathstroke/vins-fusion-ros2/install/vins/include/vins/vins/msg/rosidl_typesupport_introspection_c__visibility_control.h
-- Up-to-date symlink: /home/deathstroke/vins-fusion-ros2/install/vins/include/vins/vins/msg/detail/feature_quality__rosidl_typesupport_introspection_cpp.hpp
-- Up-to-date symlink: /home/deathstroke/vins-fusion-ros2/install/vins/share/ament_index/resource_index/rust_packages/vins
-- Up-to-date symlink: /home/deathstroke/vins-fusion-ros2/install/vins/share/vins/rust/Cargo.toml
-- Up-to-date symlink: /home/deathstroke/vins-fusion-ros2/install/vins/share/vins/rust/build.rs
-- Up-to-date symlink: /home/deathstroke/vins-fusion-ros2/install/vins/share/vins/rust/src/lib.rs
-- Up-to-date symlink: /home/deathstroke/vins-fusion-ros2/install/vins/share/vins/rust/src/msg.rs
-- Up-to-date symlink: /home/deathstroke/vins-fusion-ros2/install/vins/share/vins/environment/pythonpath.sh
-- Up-to-date symlink: /home/deathstroke/vins-fusion-ros2/install/vins/share/vins/environment/pythonpath.dsv
-- Up-to-date symlink: /home/deathstroke/vins-fusion-ros2/install/vins/local/lib/python3.10/dist-packages/vins-0.0.0-py3.10.egg-info/PKG-INFO
-- Up-to-date symlink: /home/deathstroke/vins-fusion-ros2/install/vins/local/lib/python3.10/dist-packages/vins-0.0.0-py3.10.egg-info/SOURCES.txt
-- Up-to-date symlink: /home/deathstroke/vins-fusion-ros2/install/vins/local/lib/python3.10/dist-packages/vins-0.0.0-py3.10.egg-info/dependency_links.txt
-- Up-to-date symlink: /home/deathstroke/vins-fusion-ros2/install/vins/local/lib/python3.10/dist-packages/vins-0.0.0-py3.10.egg-info/top_level.txt
-- Up-to-date symlink: /home/deathstroke/vins-fusion-ros2/install/vins/local/lib/python3.10/dist-packages/vins/__init__.py
-- Up-to-date symlink: /home/deathstroke/vins-fusion-ros2/install/vins/local/lib/python3.10/dist-packages/vins/_vins_s.ep.rosidl_typesupport_c.c
-- Up-to-date symlink: /home/deathstroke/vins-fusion-ros2/install/vins/local/lib/python3.10/dist-packages/vins/_vins_s.ep.rosidl_typesupport_fastrtps_c.c
-- Up-to-date symlink: /home/deathstroke/vins-fusion-ros2/install/vins/local/lib/python3.10/dist-packages/vins/_vins_s.ep.rosidl_typesupport_introspection_c.c
-- Up-to-date symlink: /home/deathstroke/vins-fusion-ros2/install/vins/local/lib/python3.10/dist-packages/vins/libvins__rosidl_generator_py.so
-- Up-to-date symlink: /home/deathstroke/vins-fusion-ros2/install/vins/local/lib/python3.10/dist-packages/vins/msg/__init__.py
-- Up-to-date symlink: /home/deathstroke/vins-fusion-ros2/install/vins/local/lib/python3.10/dist-packages/vins/msg/_feature_quality.py
-- Up-to-date symlink: /home/deathstroke/vins-fusion-ros2/install/vins/local/lib/python3.10/dist-packages/vins/msg/_feature_quality_s.c
-- Up-to-date symlink: /home/deathstroke/vins-fusion-ros2/install/vins/local/lib/python3.10/dist-packages/vins/vins_s__rosidl_typesupport_c.cpython-310-x86_64-linux-gnu.so
-- Up-to-date symlink: /home/deathstroke/vins-fusion-ros2/install/vins/local/lib/python3.10/dist-packages/vins/vins_s__rosidl_typesupport_fastrtps_c.cpython-310-x86_64-linux-gnu.so
-- Up-to-date symlink: /home/deathstroke/vins-fusion-ros2/install/vins/local/lib/python3.10/dist-packages/vins/vins_s__rosidl_typesupport_introspection_c.cpython-310-x86_64-linux-gnu.so
-- Up-to-date symlink: /home/deathstroke/vins-fusion-ros2/install/vins/local/lib/python3.10/dist-packages/vins/vins_s__rosidl_typesupport_fastrtps_c.cpython-310-x86_64-linux-gnu.so
-- Up-to-date symlink: /home/deathstroke/vins-fusion-ros2/install/vins/local/lib/python3.10/dist-packages/vins/vins_s__rosidl_typesupport_introspection_c.cpython-310-x86_64-linux-gnu.so
-- Up-to-date symlink: /home/deathstroke/vins-fusion-ros2/install/vins/local/lib/python3.10/dist-packages/vins/vins_s__rosidl_typesupport_c.cpython-310-x86_64-linux-gnu.so
-- Up-to-date symlink: /home/deathstroke/vins-fusion-ros2/install/vins/share/vins/msg/FeatureQuality.idl
-- Up-to-date symlink: /home/deathstroke/vins-fusion-ros2/install/vins/share/vins/msg/FeatureQuality.msg
-- Up-to-date symlink: /home/deathstroke/vins-fusion-ros2/install/vins/share/vins/launch/vins_rviz.launch.xml
-- Up-to-date symlink: /home/deathstroke/vins-fusion-ros2/install/vins/lib/vins/vins_node
-- Up-to-date symlink: /home/deathstroke/vins-fusion-ros2/install/vins/bin/vins_node
-- Up-to-date symlink: /home/deathstroke/vins-fusion-ros2/install/vins/bin/kitti_odom_test
-- Up-to-date symlink: /home/deathstroke/vins-fusion-ros2/install/vins/bin/kitti_gps_test
-- Up-to-date symlink: /home/deathstroke/vins-fusion-ros2/install/vins/lib/libvins_lib.so
-- Up-to-date symlink: /home/deathstroke/vins-fusion-ros2/install/vins/share/ament_index/resource_index/package_run_dependencies/vins
-- Up-to-date symlink: /home/deathstroke/vins-fusion-ros2/install/vins/share/ament_index/resource_index/parent_prefix_path/vins
-- Up-to-date symlink: /home/deathstroke/vins-fusion-ros2/install/vins/share/vins/environment/ament_prefix_path.sh
-- Up-to-date symlink: /home/deathstroke/vins-fusion-ros2/install/vins/share/vins/environment/ament_prefix_path.dsv
-- Up-to-date symlink: /home/deathstroke/vins-fusion-ros2/install/vins/share/vins/environment/path.sh
-- Up-to-date symlink: /home/deathstroke/vins-fusion-ros2/install/vins/share/vins/environment/path.dsv
-- Up-to-date symlink: /home/deathstroke/vins-fusion-ros2/install/vins/share/vins/local_setup.bash
-- Up-to-date symlink: /home/deathstroke/vins-fusion-ros2/install/vins/share/vins/local_setup.sh
-- Up-to-date symlink: /home/deathstroke/vins-fusion-ros2/install/vins/share/vins/local_setup.zsh
-- Up-to-date symlink: /home/deathstroke/vins-fusion-ros2/install/vins/share/vins/local_setup.dsv
-- Symlinking: /home/deathstroke/vins-fusion-ros2/install/vins/share/vins/package.dsv
-- Up-to-date symlink: /home/deathstroke/vins-fusion-ros2/install/vins/share/ament_index/resource_index/packages/vins
-- Up-to-date symlink: /home/deathstroke/vins-fusion-ros2/install/vins/share/vins/cmake/rosidl_cmake-extras.cmake
-- Up-to-date symlink: /home/deathstroke/vins-fusion-ros2/install/vins/share/vins/cmake/ament_cmake_export_dependencies-extras.cmake
-- Up-to-date symlink: /home/deathstroke/vins-fusion-ros2/install/vins/share/vins/cmake/ament_cmake_export_include_directories-extras.cmake
-- Up-to-date symlink: /home/deathstroke/vins-fusion-ros2/install/vins/share/vins/cmake/ament_cmake_export_libraries-extras.cmake
-- Up-to-date symlink: /home/deathstroke/vins-fusion-ros2/install/vins/share/vins/cmake/ament_cmake_export_targets-extras.cmake
-- Up-to-date symlink: /home/deathstroke/vins-fusion-ros2/install/vins/share/vins/cmake/rosidl_cmake_export_typesupport_targets-extras.cmake
-- Up-to-date symlink: /home/deathstroke/vins-fusion-ros2/install/vins/share/vins/cmake/rosidl_cmake_export_typesupport_libraries-extras.cmake
-- Up-to-date symlink: /home/deathstroke/vins-fusion-ros2/install/vins/share/vins/cmake/rosidl_cmake_aggregate_target-extras.cmake
-- Up-to-date symlink: /home/deathstroke/vins-fusion-ros2/install/vins/share/vins/cmake/vinsConfig.cmake
-- Up-to-date symlink: /home/deathstroke/vins-fusion-ros2/install/vins/share/vins/cmake/vinsConfig-version.cmake
-- Up-to-date symlink: /home/deathstroke/vins-fusion-ros2/install/vins/share/vins/package.xml
-- Up-to-date: /home/deathstroke/vins-fusion-ros2/install/vins/lib/libvins__rosidl_generator_c.so
-- Up-to-date: /home/deathstroke/vins-fusion-ros2/install/vins/lib/libvins__rosidl_typesupport_fastrtps_c.so
-- Up-to-date: /home/deathstroke/vins-fusion-ros2/install/vins/lib/libvins__rosidl_typesupport_fastrtps_cpp.so
-- Up-to-date: /home/deathstroke/vins-fusion-ros2/install/vins/lib/libvins__rosidl_typesupport_introspection_c.so
-- Up-to-date: /home/deathstroke/vins-fusion-ros2/install/vins/lib/libvins__rosidl_typesupport_c.so
-- Up-to-date: /home/deathstroke/vins-fusion-ros2/install/vins/lib/libvins__rosidl_typesupport_introspection_cpp.so
-- Up-to-date: /home/deathstroke/vins-fusion-ros2/install/vins/lib/libvins__rosidl_typesupport_cpp.so
Listing '/home/deathstroke/vins-fusion-ros2/install/vins/local/lib/python3.10/dist-packages/vins'...
Listing '/home/deathstroke/vins-fusion-ros2/install/vins/local/lib/python3.10/dist-packages/vins/msg'...
-- Up-to-date: /home/deathstroke/vins-fusion-ros2/install/vins/lib/libvins__rosidl_generator_py.so
-- Up-to-date: /home/deathstroke/vins-fusion-ros2/install/vins/share/vins/cmake/export_vins__rosidl_generator_cExport.cmake
-- Up-to-date: /home/deathstroke/vins-fusion-ros2/install/vins/share/vins/cmake/export_vins__rosidl_generator_cExport-release.cmake
-- Up-to-date: /home/deathstroke/vins-fusion-ros2/install/vins/share/vins/cmake/export_vins__rosidl_typesupport_fastrtps_cExport.cmake
-- Up-to-date: /home/deathstroke/vins-fusion-ros2/install/vins/share/vins/cmake/export_vins__rosidl_typesupport_fastrtps_cExport-release.cmake
-- Up-to-date: /home/deathstroke/vins-fusion-ros2/install/vins/share/vins/cmake/export_vins__rosidl_generator_cppExport.cmake
-- Up-to-date: /home/deathstroke/vins-fusion-ros2/install/vins/share/vins/cmake/export_vins__rosidl_typesupport_fastrtps_cppExport.cmake
-- Up-to-date: /home/deathstroke/vins-fusion-ros2/install/vins/share/vins/cmake/export_vins__rosidl_typesupport_fastrtps_cppExport-release.cmake
-- Up-to-date: /home/deathstroke/vins-fusion-ros2/install/vins/share/vins/cmake/vins__rosidl_typesupport_introspection_cExport.cmake
-- Up-to-date: /home/deathstroke/vins-fusion-ros2/install/vins/share/vins/cmake/vins__rosidl_typesupport_introspection_cExport-release.cmake
-- Up-to-date: /home/deathstroke/vins-fusion-ros2/install/vins/share/vins/cmake/vins__rosidl_typesupport_cExport.cmake
-- Up-to-date: /home/deathstroke/vins-fusion-ros2/install/vins/share/vins/cmake/vins__rosidl_typesupport_cExport-release.cmake
-- Up-to-date: /home/deathstroke/vins-fusion-ros2/install/vins/share/vins/cmake/vins__rosidl_typesupport_introspection_cppExport.cmake
-- Up-to-date: /home/deathstroke/vins-fusion-ros2/install/vins/share/vins/cmake/vins__rosidl_typesupport_introspection_cppExport-release.cmake
-- Up-to-date: /home/deathstroke/vins-fusion-ros2/install/vins/share/vins/cmake/vins__rosidl_typesupport_cppExport.cmake
-- Up-to-date: /home/deathstroke/vins-fusion-ros2/install/vins/share/vins/cmake/vins__rosidl_typesupport_cppExport-release.cmake
-- Up-to-date: /home/deathstroke/vins-fusion-ros2/install/vins/share/vins/cmake/export_vins__rosidl_generator_pyExport.cmake
-- Up-to-date: /home/deathstroke/vins-fusion-ros2/install/vins/share/vins/cmake/export_vins__rosidl_generator_pyExport-release.cmake
