[0.010s] Invoking command in '/home/deathstroke/vins-fusion-ros2/build/vins': CMAKE_PREFIX_PATH=/home/deathstroke/vins-fusion-ros2/install/camera_models:/home/deathstroke/.local:/home/deathstroke/LTU-RAI/install/ltu-sensor-bridge:/home/deathstroke/gz-ros2-bridge/install/gz-ros2-bridge:/home/deathstroke/mavros/install/mavros_extras:/home/deathstroke/mavros/install/mavros_examples:/home/deathstroke/mavros/install/mavros:/home/deathstroke/mavros/install/mavros_msgs:/home/deathstroke/mavros/install/libmavconn:/home/deathstroke/.local:/home/deathstroke/aruco_lander/install/aruco_mavsdk:/home/deathstroke/aruco_lander/install/aruco_detector:/home/deathstroke/workspace/catkin_ws_ov/install/ov_msckf:/home/deathstroke/workspace/catkin_ws_ov/install/ov_init:/home/deathstroke/workspace/catkin_ws_ov/install/ov_eval:/home/deathstroke/workspace/catkin_ws_ov/install/ov_data:/home/deathstroke/workspace/catkin_ws_ov/install/ov_core:/home/deathstroke/vins-fusion-ros2/install/vins:/home/deathstroke/vins-fusion-ros2/install/loop_fusion:/home/deathstroke/vins-fusion-ros2/install/global_fusion:/home/deathstroke/realsense-ros/install/realsense2_rviz_plugin:/home/deathstroke/realsense-ros/install/realsense2_description:/home/deathstroke/realsense-ros/install/realsense2_camera:/home/deathstroke/realsense-ros/install/realsense2_camera_msgs:/home/deathstroke/rust_ws/install/common_interfaces:/home/deathstroke/rust_ws/install/visualization_msgs:/home/deathstroke/rust_ws/install/test_msgs:/home/deathstroke/rust_ws/install/example_interfaces:/home/deathstroke/rust_ws/install/action_msgs:/home/deathstroke/rust_ws/install/unique_identifier_msgs:/home/deathstroke/rust_ws/install/trajectory_msgs:/home/deathstroke/rust_ws/install/test_interface_files:/home/deathstroke/rust_ws/install/stereo_msgs:/home/deathstroke/rust_ws/install/std_srvs:/home/deathstroke/rust_ws/install/shape_msgs:/home/deathstroke/rust_ws/install/sensor_msgs:/home/deathstroke/rust_ws/install/nav_msgs:/home/deathstroke/rust_ws/install/diagnostic_msgs:/home/deathstroke/rust_ws/install/geometry_msgs:/home/deathstroke/rust_ws/install/actionlib_msgs:/home/deathstroke/rust_ws/install/std_msgs:/home/deathstroke/rust_ws/install/statistics_msgs:/home/deathstroke/rust_ws/install/rosgraph_msgs:/home/deathstroke/rust_ws/install/rclrs_example_msgs:/home/deathstroke/rust_ws/install/composition_interfaces:/home/deathstroke/rust_ws/install/rcl_interfaces:/home/deathstroke/rust_ws/install/lifecycle_msgs:/home/deathstroke/rust_ws/install/builtin_interfaces:/home/deathstroke/rust_ws/install/rosidl_default_runtime:/home/deathstroke/rust_ws/install/rosidl_default_generators:/home/deathstroke/rust_ws/install/rosidl_generator_rs:/home/deathstroke/zed-ros2/install/zed_ros2:/home/deathstroke/zed-ros2/install/zed_wrapper:/home/deathstroke/zed-ros2/install/zed_debug:/home/deathstroke/zed-ros2/install/zed_components:/home/deathstroke/realsense-ros/install/realsense2_ros_mqtt_bridge:/home/deathstroke/rust_ws/install/examples_worker_demo:/home/deathstroke/rust_ws/install/examples_rclrs_minimal_pub_sub:/home/deathstroke/rust_ws/install/examples_rclrs_minimal_client_service:/home/deathstroke/rust_ws/install/examples_parameter_demo:/home/deathstroke/rust_ws/install/examples_logging_demo:/home/deathstroke/rust_ws/install/sensor_msgs_py:/home/deathstroke/rust_ws/install/rust_pubsub:/home/deathstroke/rust_ws/install/examples_rclrs_message_demo:/home/deathstroke/rust_ws/install/rosidl_runtime_rs:/home/deathstroke/rust_ws/install/rclrs:/opt/ros/humble PATH=/home/deathstroke/vins-fusion-ros2/install/camera_models/bin:/home/deathstroke/Android/Sdk/platform-tools:/usr/local/cuda-12.8/bin:/home/deathstroke/.pyenv/shims:/home/deathstroke/.pyenv/bin:/home/deathstroke/.pyenv/bin:/usr/lib/ccache:/home/deathstroke/rt-ardupilot/Tools/autotest:/home/deathstroke/Android/Sdk/platform-tools:/usr/local/cuda-12.8/bin:/home/deathstroke/.pyenv/bin:/home/deathstroke/.pyenv/bin:/home/deathstroke/vins-fusion-ros2/install/vins/bin:/home/deathstroke/vins-fusion-ros2/install/global_fusion/bin:/opt/ros/humble/bin:/usr/lib/ccache:/home/deathstroke/rt-ardupilot/Tools/autotest:/home/deathstroke/ardupilot/Tools/autotest:/usr/lib/ccache:/home/deathstroke/ardupilot/Tools/autotest:/opt/gcc-arm-none-eabi-10-2020-q4-major/bin:/home/deathstroke/.cargo/bin:/home/deathstroke/.local/bin:/usr/local/sbin:/usr/local/bin:/usr/sbin:/usr/bin:/sbin:/bin:/usr/games:/usr/local/games:/snap/bin:/snap/bin:/usr/local/lib/android-ndk:/usr/local/lib/android-ndk /usr/bin/cmake --build /home/deathstroke/vins-fusion-ros2/build/vins -- -j32 -l32
[0.042s] [  1%] Built target vins__cpp
[0.042s] [  3%] Built target vins__rs
[0.043s] [  8%] Built target vins__rosidl_generator_c
[0.044s] [  8%] Built target ament_cmake_python_symlink_vins
[0.054s] [ 14%] Built target vins__rosidl_typesupport_fastrtps_cpp
[0.055s] [ 19%] Built target vins__rosidl_typesupport_cpp
[0.055s] [ 25%] Built target vins__rosidl_typesupport_fastrtps_c
[0.056s] [ 30%] Built target vins__rosidl_typesupport_introspection_cpp
[0.057s] [ 35%] Built target vins__rosidl_typesupport_c
[0.057s] [ 41%] Built target vins__rosidl_typesupport_introspection_c
[0.066s] [ 73%] Built target vins_lib
[0.067s] [ 73%] Built target vins
[0.076s] [35m[1mConsolidate compiler generated dependencies of target vins_node[0m
[0.077s] [ 75%] Built target vins__py
[0.086s] [ 80%] Built target kitti_odom_test
[0.086s] [ 82%] Built target kitti_gps_test
[0.089s] [ 85%] Built target vins__rosidl_generator_py
[0.093s] [ 87%] [32mBuilding CXX object CMakeFiles/vins_node.dir/src/rosNodeTest.cpp.o[0m
[0.101s] [ 91%] Built target vins__rosidl_typesupport_fastrtps_c__pyext
[0.102s] [ 96%] Built target vins__rosidl_typesupport_introspection_c__pyext
[0.102s] [ 98%] Built target vins__rosidl_typesupport_c__pyext
[0.247s] running egg_info
[0.264s] writing manifest file 'vins.egg-info/SOURCES.txt'
[0.279s] [ 98%] Built target ament_cmake_python_build_vins_egg
[18.661s] [01m[K/home/deathstroke/vins-fusion-ros2/src/VINS-Fusion-ROS2-humble-arm/vins/src/rosNodeTest.cpp:26:30:[m[K [01;35m[Kwarning: [m[K‘[01m[Ksensor_msgs::msg::Imu_<std::allocator<void> >::ConstPtr[m[K’ is deprecated [[01;35m[K-Wdeprecated-declarations[m[K]
[18.661s]    26 | queue<sensor_msgs::msg::Imu::[01;35m[KConstPtr[m[K> imu_buf;
[18.661s]       |                              [01;35m[K^~~~~~~~[m[K
[18.661s] In file included from [01m[K/home/deathstroke/rust_ws/install/sensor_msgs/include/sensor_msgs/sensor_msgs/msg/imu.hpp:7[m[K,
[18.661s]                  from [01m[K/home/deathstroke/vins-fusion-ros2/src/VINS-Fusion-ROS2-humble-arm/vins/src/utility/visualization.h:16[m[K,
[18.661s]                  from [01m[K/home/deathstroke/vins-fusion-ros2/src/VINS-Fusion-ROS2-humble-arm/vins/src/rosNodeTest.cpp:22[m[K:
[18.661s] [01m[K/home/deathstroke/rust_ws/install/sensor_msgs/include/sensor_msgs/sensor_msgs/msg/detail/imu__struct.hpp:183:5:[m[K [01;36m[Knote: [m[Kdeclared here
[18.661s]   183 |     [01;36m[KConstPtr[m[K;
[18.661s]       |     [01;36m[K^~~~~~~~[m[K
[18.661s] [01m[K/home/deathstroke/vins-fusion-ros2/src/VINS-Fusion-ROS2-humble-arm/vins/src/rosNodeTest.cpp:27:37:[m[K [01;35m[Kwarning: [m[K‘[01m[Ksensor_msgs::msg::PointCloud_<std::allocator<void> >::ConstPtr[m[K’ is deprecated [[01;35m[K-Wdeprecated-declarations[m[K]
[18.661s]    27 | queue<sensor_msgs::msg::PointCloud::[01;35m[KConstPtr[m[K> feature_buf;
[18.661s]       |                                     [01;35m[K^~~~~~~~[m[K
[18.661s] In file included from [01m[K/home/deathstroke/rust_ws/install/sensor_msgs/include/sensor_msgs/sensor_msgs/msg/point_cloud.hpp:7[m[K,
[18.661s]                  from [01m[K/home/deathstroke/vins-fusion-ros2/src/VINS-Fusion-ROS2-humble-arm/vins/src/utility/visualization.h:17[m[K,
[18.661s]                  from [01m[K/home/deathstroke/vins-fusion-ros2/src/VINS-Fusion-ROS2-humble-arm/vins/src/rosNodeTest.cpp:22[m[K:
[18.661s] [01m[K/home/deathstroke/rust_ws/install/sensor_msgs/include/sensor_msgs/sensor_msgs/msg/detail/point_cloud__struct.hpp:125:5:[m[K [01;36m[Knote: [m[Kdeclared here
[18.661s]   125 |     [01;36m[KConstPtr[m[K;
[18.661s]       |     [01;36m[K^~~~~~~~[m[K
[18.661s] [01m[K/home/deathstroke/vins-fusion-ros2/src/VINS-Fusion-ROS2-humble-arm/vins/src/rosNodeTest.cpp:28:32:[m[K [01;35m[Kwarning: [m[K‘[01m[Ksensor_msgs::msg::Image_<std::allocator<void> >::ConstPtr[m[K’ is deprecated [[01;35m[K-Wdeprecated-declarations[m[K]
[18.661s]    28 | queue<sensor_msgs::msg::Image::[01;35m[KConstPtr[m[K> img0_buf;
[18.661s]       |                                [01;35m[K^~~~~~~~[m[K
[18.661s] In file included from [01m[K/home/deathstroke/rust_ws/install/sensor_msgs/include/sensor_msgs/sensor_msgs/msg/image.hpp:7[m[K,
[18.661s]                  from [01m[K/opt/ros/humble/include/cv_bridge/cv_bridge/cv_bridge.h:40[m[K,
[18.661s]                  from [01m[K/home/deathstroke/vins-fusion-ros2/src/VINS-Fusion-ROS2-humble-arm/vins/src/rosNodeTest.cpp:18[m[K:
[18.661s] [01m[K/home/deathstroke/rust_ws/install/sensor_msgs/include/sensor_msgs/sensor_msgs/msg/detail/image__struct.hpp:174:5:[m[K [01;36m[Knote: [m[Kdeclared here
[18.661s]   174 |     [01;36m[KConstPtr[m[K;
[18.661s]       |     [01;36m[K^~~~~~~~[m[K
[18.661s] [01m[K/home/deathstroke/vins-fusion-ros2/src/VINS-Fusion-ROS2-humble-arm/vins/src/rosNodeTest.cpp:29:32:[m[K [01;35m[Kwarning: [m[K‘[01m[Ksensor_msgs::msg::Image_<std::allocator<void> >::ConstPtr[m[K’ is deprecated [[01;35m[K-Wdeprecated-declarations[m[K]
[18.661s]    29 | queue<sensor_msgs::msg::Image::[01;35m[KConstPtr[m[K> img1_buf;
[18.661s]       |                                [01;35m[K^~~~~~~~[m[K
[18.661s] In file included from [01m[K/home/deathstroke/rust_ws/install/sensor_msgs/include/sensor_msgs/sensor_msgs/msg/image.hpp:7[m[K,
[18.661s]                  from [01m[K/opt/ros/humble/include/cv_bridge/cv_bridge/cv_bridge.h:40[m[K,
[18.661s]                  from [01m[K/home/deathstroke/vins-fusion-ros2/src/VINS-Fusion-ROS2-humble-arm/vins/src/rosNodeTest.cpp:18[m[K:
[18.661s] [01m[K/home/deathstroke/rust_ws/install/sensor_msgs/include/sensor_msgs/sensor_msgs/msg/detail/image__struct.hpp:174:5:[m[K [01;36m[Knote: [m[Kdeclared here
[18.661s]   174 |     [01;36m[KConstPtr[m[K;
[18.662s]       |     [01;36m[K^~~~~~~~[m[K
[18.662s] [01m[K/home/deathstroke/vins-fusion-ros2/src/VINS-Fusion-ROS2-humble-arm/vins/src/rosNodeTest.cpp:51:73:[m[K [01;35m[Kwarning: [m[K‘[01m[Ksensor_msgs::msg::Image_<std::allocator<void> >::ConstPtr[m[K’ is deprecated [[01;35m[K-Wdeprecated-declarations[m[K]
[18.662s]    51 | cv::Mat getImageFromMsg(const sensor_msgs::msg::Image::ConstPtr &img_msg[01;35m[K)[m[K
[18.662s]       |                                                                         [01;35m[K^[m[K
[18.662s] In file included from [01m[K/home/deathstroke/rust_ws/install/sensor_msgs/include/sensor_msgs/sensor_msgs/msg/image.hpp:7[m[K,
[18.662s]                  from [01m[K/opt/ros/humble/include/cv_bridge/cv_bridge/cv_bridge.h:40[m[K,
[18.662s]                  from [01m[K/home/deathstroke/vins-fusion-ros2/src/VINS-Fusion-ROS2-humble-arm/vins/src/rosNodeTest.cpp:18[m[K:
[18.662s] [01m[K/home/deathstroke/rust_ws/install/sensor_msgs/include/sensor_msgs/sensor_msgs/msg/detail/image__struct.hpp:174:5:[m[K [01;36m[Knote: [m[Kdeclared here
[18.662s]   174 |     [01;36m[KConstPtr[m[K;
[18.662s]       |     [01;36m[K^~~~~~~~[m[K
[18.669s] [100%] [32m[1mLinking CXX executable vins_node[0m
[18.978s] /usr/bin/ld: warning: libopencv_core.so.4.5d, needed by /opt/ros/humble/lib/libcv_bridge.so, may conflict with libopencv_core.so.410
[19.261s] [100%] Built target vins_node
[19.271s] Invoked command in '/home/deathstroke/vins-fusion-ros2/build/vins' returned '0': CMAKE_PREFIX_PATH=/home/deathstroke/vins-fusion-ros2/install/camera_models:/home/deathstroke/.local:/home/deathstroke/LTU-RAI/install/ltu-sensor-bridge:/home/deathstroke/gz-ros2-bridge/install/gz-ros2-bridge:/home/deathstroke/mavros/install/mavros_extras:/home/deathstroke/mavros/install/mavros_examples:/home/deathstroke/mavros/install/mavros:/home/deathstroke/mavros/install/mavros_msgs:/home/deathstroke/mavros/install/libmavconn:/home/deathstroke/.local:/home/deathstroke/aruco_lander/install/aruco_mavsdk:/home/deathstroke/aruco_lander/install/aruco_detector:/home/deathstroke/workspace/catkin_ws_ov/install/ov_msckf:/home/deathstroke/workspace/catkin_ws_ov/install/ov_init:/home/deathstroke/workspace/catkin_ws_ov/install/ov_eval:/home/deathstroke/workspace/catkin_ws_ov/install/ov_data:/home/deathstroke/workspace/catkin_ws_ov/install/ov_core:/home/deathstroke/vins-fusion-ros2/install/vins:/home/deathstroke/vins-fusion-ros2/install/loop_fusion:/home/deathstroke/vins-fusion-ros2/install/global_fusion:/home/deathstroke/realsense-ros/install/realsense2_rviz_plugin:/home/deathstroke/realsense-ros/install/realsense2_description:/home/deathstroke/realsense-ros/install/realsense2_camera:/home/deathstroke/realsense-ros/install/realsense2_camera_msgs:/home/deathstroke/rust_ws/install/common_interfaces:/home/deathstroke/rust_ws/install/visualization_msgs:/home/deathstroke/rust_ws/install/test_msgs:/home/deathstroke/rust_ws/install/example_interfaces:/home/deathstroke/rust_ws/install/action_msgs:/home/deathstroke/rust_ws/install/unique_identifier_msgs:/home/deathstroke/rust_ws/install/trajectory_msgs:/home/deathstroke/rust_ws/install/test_interface_files:/home/deathstroke/rust_ws/install/stereo_msgs:/home/deathstroke/rust_ws/install/std_srvs:/home/deathstroke/rust_ws/install/shape_msgs:/home/deathstroke/rust_ws/install/sensor_msgs:/home/deathstroke/rust_ws/install/nav_msgs:/home/deathstroke/rust_ws/install/diagnostic_msgs:/home/deathstroke/rust_ws/install/geometry_msgs:/home/deathstroke/rust_ws/install/actionlib_msgs:/home/deathstroke/rust_ws/install/std_msgs:/home/deathstroke/rust_ws/install/statistics_msgs:/home/deathstroke/rust_ws/install/rosgraph_msgs:/home/deathstroke/rust_ws/install/rclrs_example_msgs:/home/deathstroke/rust_ws/install/composition_interfaces:/home/deathstroke/rust_ws/install/rcl_interfaces:/home/deathstroke/rust_ws/install/lifecycle_msgs:/home/deathstroke/rust_ws/install/builtin_interfaces:/home/deathstroke/rust_ws/install/rosidl_default_runtime:/home/deathstroke/rust_ws/install/rosidl_default_generators:/home/deathstroke/rust_ws/install/rosidl_generator_rs:/home/deathstroke/zed-ros2/install/zed_ros2:/home/deathstroke/zed-ros2/install/zed_wrapper:/home/deathstroke/zed-ros2/install/zed_debug:/home/deathstroke/zed-ros2/install/zed_components:/home/deathstroke/realsense-ros/install/realsense2_ros_mqtt_bridge:/home/deathstroke/rust_ws/install/examples_worker_demo:/home/deathstroke/rust_ws/install/examples_rclrs_minimal_pub_sub:/home/deathstroke/rust_ws/install/examples_rclrs_minimal_client_service:/home/deathstroke/rust_ws/install/examples_parameter_demo:/home/deathstroke/rust_ws/install/examples_logging_demo:/home/deathstroke/rust_ws/install/sensor_msgs_py:/home/deathstroke/rust_ws/install/rust_pubsub:/home/deathstroke/rust_ws/install/examples_rclrs_message_demo:/home/deathstroke/rust_ws/install/rosidl_runtime_rs:/home/deathstroke/rust_ws/install/rclrs:/opt/ros/humble PATH=/home/deathstroke/vins-fusion-ros2/install/camera_models/bin:/home/deathstroke/Android/Sdk/platform-tools:/usr/local/cuda-12.8/bin:/home/deathstroke/.pyenv/shims:/home/deathstroke/.pyenv/bin:/home/deathstroke/.pyenv/bin:/usr/lib/ccache:/home/deathstroke/rt-ardupilot/Tools/autotest:/home/deathstroke/Android/Sdk/platform-tools:/usr/local/cuda-12.8/bin:/home/deathstroke/.pyenv/bin:/home/deathstroke/.pyenv/bin:/home/deathstroke/vins-fusion-ros2/install/vins/bin:/home/deathstroke/vins-fusion-ros2/install/global_fusion/bin:/opt/ros/humble/bin:/usr/lib/ccache:/home/deathstroke/rt-ardupilot/Tools/autotest:/home/deathstroke/ardupilot/Tools/autotest:/usr/lib/ccache:/home/deathstroke/ardupilot/Tools/autotest:/opt/gcc-arm-none-eabi-10-2020-q4-major/bin:/home/deathstroke/.cargo/bin:/home/deathstroke/.local/bin:/usr/local/sbin:/usr/local/bin:/usr/sbin:/usr/bin:/sbin:/bin:/usr/games:/usr/local/games:/snap/bin:/snap/bin:/usr/local/lib/android-ndk:/usr/local/lib/android-ndk /usr/bin/cmake --build /home/deathstroke/vins-fusion-ros2/build/vins -- -j32 -l32
[19.273s] Invoking command in '/home/deathstroke/vins-fusion-ros2/build/vins': CMAKE_PREFIX_PATH=/home/deathstroke/vins-fusion-ros2/install/camera_models:/home/deathstroke/.local:/home/deathstroke/LTU-RAI/install/ltu-sensor-bridge:/home/deathstroke/gz-ros2-bridge/install/gz-ros2-bridge:/home/deathstroke/mavros/install/mavros_extras:/home/deathstroke/mavros/install/mavros_examples:/home/deathstroke/mavros/install/mavros:/home/deathstroke/mavros/install/mavros_msgs:/home/deathstroke/mavros/install/libmavconn:/home/deathstroke/.local:/home/deathstroke/aruco_lander/install/aruco_mavsdk:/home/deathstroke/aruco_lander/install/aruco_detector:/home/deathstroke/workspace/catkin_ws_ov/install/ov_msckf:/home/deathstroke/workspace/catkin_ws_ov/install/ov_init:/home/deathstroke/workspace/catkin_ws_ov/install/ov_eval:/home/deathstroke/workspace/catkin_ws_ov/install/ov_data:/home/deathstroke/workspace/catkin_ws_ov/install/ov_core:/home/deathstroke/vins-fusion-ros2/install/vins:/home/deathstroke/vins-fusion-ros2/install/loop_fusion:/home/deathstroke/vins-fusion-ros2/install/global_fusion:/home/deathstroke/realsense-ros/install/realsense2_rviz_plugin:/home/deathstroke/realsense-ros/install/realsense2_description:/home/deathstroke/realsense-ros/install/realsense2_camera:/home/deathstroke/realsense-ros/install/realsense2_camera_msgs:/home/deathstroke/rust_ws/install/common_interfaces:/home/deathstroke/rust_ws/install/visualization_msgs:/home/deathstroke/rust_ws/install/test_msgs:/home/deathstroke/rust_ws/install/example_interfaces:/home/deathstroke/rust_ws/install/action_msgs:/home/deathstroke/rust_ws/install/unique_identifier_msgs:/home/deathstroke/rust_ws/install/trajectory_msgs:/home/deathstroke/rust_ws/install/test_interface_files:/home/deathstroke/rust_ws/install/stereo_msgs:/home/deathstroke/rust_ws/install/std_srvs:/home/deathstroke/rust_ws/install/shape_msgs:/home/deathstroke/rust_ws/install/sensor_msgs:/home/deathstroke/rust_ws/install/nav_msgs:/home/deathstroke/rust_ws/install/diagnostic_msgs:/home/deathstroke/rust_ws/install/geometry_msgs:/home/deathstroke/rust_ws/install/actionlib_msgs:/home/deathstroke/rust_ws/install/std_msgs:/home/deathstroke/rust_ws/install/statistics_msgs:/home/deathstroke/rust_ws/install/rosgraph_msgs:/home/deathstroke/rust_ws/install/rclrs_example_msgs:/home/deathstroke/rust_ws/install/composition_interfaces:/home/deathstroke/rust_ws/install/rcl_interfaces:/home/deathstroke/rust_ws/install/lifecycle_msgs:/home/deathstroke/rust_ws/install/builtin_interfaces:/home/deathstroke/rust_ws/install/rosidl_default_runtime:/home/deathstroke/rust_ws/install/rosidl_default_generators:/home/deathstroke/rust_ws/install/rosidl_generator_rs:/home/deathstroke/zed-ros2/install/zed_ros2:/home/deathstroke/zed-ros2/install/zed_wrapper:/home/deathstroke/zed-ros2/install/zed_debug:/home/deathstroke/zed-ros2/install/zed_components:/home/deathstroke/realsense-ros/install/realsense2_ros_mqtt_bridge:/home/deathstroke/rust_ws/install/examples_worker_demo:/home/deathstroke/rust_ws/install/examples_rclrs_minimal_pub_sub:/home/deathstroke/rust_ws/install/examples_rclrs_minimal_client_service:/home/deathstroke/rust_ws/install/examples_parameter_demo:/home/deathstroke/rust_ws/install/examples_logging_demo:/home/deathstroke/rust_ws/install/sensor_msgs_py:/home/deathstroke/rust_ws/install/rust_pubsub:/home/deathstroke/rust_ws/install/examples_rclrs_message_demo:/home/deathstroke/rust_ws/install/rosidl_runtime_rs:/home/deathstroke/rust_ws/install/rclrs:/opt/ros/humble PATH=/home/deathstroke/vins-fusion-ros2/install/camera_models/bin:/home/deathstroke/Android/Sdk/platform-tools:/usr/local/cuda-12.8/bin:/home/deathstroke/.pyenv/shims:/home/deathstroke/.pyenv/bin:/home/deathstroke/.pyenv/bin:/usr/lib/ccache:/home/deathstroke/rt-ardupilot/Tools/autotest:/home/deathstroke/Android/Sdk/platform-tools:/usr/local/cuda-12.8/bin:/home/deathstroke/.pyenv/bin:/home/deathstroke/.pyenv/bin:/home/deathstroke/vins-fusion-ros2/install/vins/bin:/home/deathstroke/vins-fusion-ros2/install/global_fusion/bin:/opt/ros/humble/bin:/usr/lib/ccache:/home/deathstroke/rt-ardupilot/Tools/autotest:/home/deathstroke/ardupilot/Tools/autotest:/usr/lib/ccache:/home/deathstroke/ardupilot/Tools/autotest:/opt/gcc-arm-none-eabi-10-2020-q4-major/bin:/home/deathstroke/.cargo/bin:/home/deathstroke/.local/bin:/usr/local/sbin:/usr/local/bin:/usr/sbin:/usr/bin:/sbin:/bin:/usr/games:/usr/local/games:/snap/bin:/snap/bin:/usr/local/lib/android-ndk:/usr/local/lib/android-ndk /usr/bin/cmake --install /home/deathstroke/vins-fusion-ros2/build/vins
[19.279s] -- Install configuration: "Release"
[19.279s] -- Execute custom install script
[19.279s] -- Up-to-date symlink: /home/deathstroke/vins-fusion-ros2/install/vins/share/ament_index/resource_index/rosidl_interfaces/vins
[19.280s] -- Up-to-date symlink: /home/deathstroke/vins-fusion-ros2/install/vins/include/vins/vins/msg/detail/feature_quality__functions.h
[19.280s] -- Up-to-date symlink: /home/deathstroke/vins-fusion-ros2/install/vins/include/vins/vins/msg/detail/feature_quality__struct.h
[19.280s] -- Up-to-date symlink: /home/deathstroke/vins-fusion-ros2/install/vins/include/vins/vins/msg/detail/feature_quality__type_support.h
[19.280s] -- Up-to-date symlink: /home/deathstroke/vins-fusion-ros2/install/vins/include/vins/vins/msg/feature_quality.h
[19.280s] -- Up-to-date symlink: /home/deathstroke/vins-fusion-ros2/install/vins/include/vins/vins/msg/rosidl_generator_c__visibility_control.h
[19.280s] -- Up-to-date symlink: /home/deathstroke/vins-fusion-ros2/install/vins/share/vins/environment/library_path.sh
[19.280s] -- Up-to-date symlink: /home/deathstroke/vins-fusion-ros2/install/vins/share/vins/environment/library_path.dsv
[19.280s] -- Up-to-date symlink: /home/deathstroke/vins-fusion-ros2/install/vins/include/vins/vins/msg/detail/feature_quality__rosidl_typesupport_fastrtps_c.h
[19.280s] -- Up-to-date symlink: /home/deathstroke/vins-fusion-ros2/install/vins/include/vins/vins/msg/rosidl_typesupport_fastrtps_c__visibility_control.h
[19.281s] -- Up-to-date symlink: /home/deathstroke/vins-fusion-ros2/install/vins/include/vins/vins/msg/detail/feature_quality__builder.hpp
[19.281s] -- Up-to-date symlink: /home/deathstroke/vins-fusion-ros2/install/vins/include/vins/vins/msg/detail/feature_quality__struct.hpp
[19.281s] -- Up-to-date symlink: /home/deathstroke/vins-fusion-ros2/install/vins/include/vins/vins/msg/detail/feature_quality__traits.hpp
[19.281s] -- Up-to-date symlink: /home/deathstroke/vins-fusion-ros2/install/vins/include/vins/vins/msg/detail/feature_quality__type_support.hpp
[19.281s] -- Up-to-date symlink: /home/deathstroke/vins-fusion-ros2/install/vins/include/vins/vins/msg/feature_quality.hpp
[19.281s] -- Up-to-date symlink: /home/deathstroke/vins-fusion-ros2/install/vins/include/vins/vins/msg/rosidl_generator_cpp__visibility_control.hpp
[19.281s] -- Up-to-date symlink: /home/deathstroke/vins-fusion-ros2/install/vins/include/vins/vins/msg/detail/feature_quality__rosidl_typesupport_fastrtps_cpp.hpp
[19.281s] -- Up-to-date symlink: /home/deathstroke/vins-fusion-ros2/install/vins/include/vins/vins/msg/rosidl_typesupport_fastrtps_cpp__visibility_control.h
[19.282s] -- Up-to-date symlink: /home/deathstroke/vins-fusion-ros2/install/vins/include/vins/vins/msg/detail/feature_quality__rosidl_typesupport_introspection_c.h
[19.282s] -- Up-to-date symlink: /home/deathstroke/vins-fusion-ros2/install/vins/include/vins/vins/msg/rosidl_typesupport_introspection_c__visibility_control.h
[19.282s] -- Up-to-date symlink: /home/deathstroke/vins-fusion-ros2/install/vins/include/vins/vins/msg/detail/feature_quality__rosidl_typesupport_introspection_cpp.hpp
[19.282s] -- Up-to-date symlink: /home/deathstroke/vins-fusion-ros2/install/vins/share/ament_index/resource_index/rust_packages/vins
[19.282s] -- Up-to-date symlink: /home/deathstroke/vins-fusion-ros2/install/vins/share/vins/rust/Cargo.toml
[19.282s] -- Up-to-date symlink: /home/deathstroke/vins-fusion-ros2/install/vins/share/vins/rust/build.rs
[19.282s] -- Up-to-date symlink: /home/deathstroke/vins-fusion-ros2/install/vins/share/vins/rust/src/lib.rs
[19.282s] -- Up-to-date symlink: /home/deathstroke/vins-fusion-ros2/install/vins/share/vins/rust/src/msg.rs
[19.282s] -- Up-to-date symlink: /home/deathstroke/vins-fusion-ros2/install/vins/share/vins/environment/pythonpath.sh
[19.283s] -- Up-to-date symlink: /home/deathstroke/vins-fusion-ros2/install/vins/share/vins/environment/pythonpath.dsv
[19.283s] -- Up-to-date symlink: /home/deathstroke/vins-fusion-ros2/install/vins/local/lib/python3.10/dist-packages/vins-0.0.0-py3.10.egg-info/PKG-INFO
[19.283s] -- Up-to-date symlink: /home/deathstroke/vins-fusion-ros2/install/vins/local/lib/python3.10/dist-packages/vins-0.0.0-py3.10.egg-info/SOURCES.txt
[19.283s] -- Up-to-date symlink: /home/deathstroke/vins-fusion-ros2/install/vins/local/lib/python3.10/dist-packages/vins-0.0.0-py3.10.egg-info/dependency_links.txt
[19.283s] -- Up-to-date symlink: /home/deathstroke/vins-fusion-ros2/install/vins/local/lib/python3.10/dist-packages/vins-0.0.0-py3.10.egg-info/top_level.txt
[19.283s] -- Up-to-date symlink: /home/deathstroke/vins-fusion-ros2/install/vins/local/lib/python3.10/dist-packages/vins/__init__.py
[19.283s] -- Up-to-date symlink: /home/deathstroke/vins-fusion-ros2/install/vins/local/lib/python3.10/dist-packages/vins/_vins_s.ep.rosidl_typesupport_c.c
[19.283s] -- Up-to-date symlink: /home/deathstroke/vins-fusion-ros2/install/vins/local/lib/python3.10/dist-packages/vins/_vins_s.ep.rosidl_typesupport_fastrtps_c.c
[19.283s] -- Up-to-date symlink: /home/deathstroke/vins-fusion-ros2/install/vins/local/lib/python3.10/dist-packages/vins/_vins_s.ep.rosidl_typesupport_introspection_c.c
[19.284s] -- Up-to-date symlink: /home/deathstroke/vins-fusion-ros2/install/vins/local/lib/python3.10/dist-packages/vins/libvins__rosidl_generator_py.so
[19.284s] -- Up-to-date symlink: /home/deathstroke/vins-fusion-ros2/install/vins/local/lib/python3.10/dist-packages/vins/msg/__init__.py
[19.284s] -- Up-to-date symlink: /home/deathstroke/vins-fusion-ros2/install/vins/local/lib/python3.10/dist-packages/vins/msg/_feature_quality.py
[19.284s] -- Up-to-date symlink: /home/deathstroke/vins-fusion-ros2/install/vins/local/lib/python3.10/dist-packages/vins/msg/_feature_quality_s.c
[19.284s] -- Up-to-date symlink: /home/deathstroke/vins-fusion-ros2/install/vins/local/lib/python3.10/dist-packages/vins/vins_s__rosidl_typesupport_c.cpython-310-x86_64-linux-gnu.so
[19.284s] -- Up-to-date symlink: /home/deathstroke/vins-fusion-ros2/install/vins/local/lib/python3.10/dist-packages/vins/vins_s__rosidl_typesupport_fastrtps_c.cpython-310-x86_64-linux-gnu.so
[19.284s] -- Up-to-date symlink: /home/deathstroke/vins-fusion-ros2/install/vins/local/lib/python3.10/dist-packages/vins/vins_s__rosidl_typesupport_introspection_c.cpython-310-x86_64-linux-gnu.so
[19.284s] -- Up-to-date symlink: /home/deathstroke/vins-fusion-ros2/install/vins/local/lib/python3.10/dist-packages/vins/vins_s__rosidl_typesupport_fastrtps_c.cpython-310-x86_64-linux-gnu.so
[19.284s] -- Up-to-date symlink: /home/deathstroke/vins-fusion-ros2/install/vins/local/lib/python3.10/dist-packages/vins/vins_s__rosidl_typesupport_introspection_c.cpython-310-x86_64-linux-gnu.so
[19.284s] -- Up-to-date symlink: /home/deathstroke/vins-fusion-ros2/install/vins/local/lib/python3.10/dist-packages/vins/vins_s__rosidl_typesupport_c.cpython-310-x86_64-linux-gnu.so
[19.285s] -- Up-to-date symlink: /home/deathstroke/vins-fusion-ros2/install/vins/share/vins/msg/FeatureQuality.idl
[19.285s] -- Up-to-date symlink: /home/deathstroke/vins-fusion-ros2/install/vins/share/vins/msg/FeatureQuality.msg
[19.285s] -- Up-to-date symlink: /home/deathstroke/vins-fusion-ros2/install/vins/share/vins/launch/vins_rviz.launch.xml
[19.285s] -- Up-to-date symlink: /home/deathstroke/vins-fusion-ros2/install/vins/lib/vins/vins_node
[19.285s] -- Up-to-date symlink: /home/deathstroke/vins-fusion-ros2/install/vins/bin/vins_node
[19.285s] -- Up-to-date symlink: /home/deathstroke/vins-fusion-ros2/install/vins/bin/kitti_odom_test
[19.285s] -- Up-to-date symlink: /home/deathstroke/vins-fusion-ros2/install/vins/bin/kitti_gps_test
[19.285s] -- Up-to-date symlink: /home/deathstroke/vins-fusion-ros2/install/vins/lib/libvins_lib.so
[19.286s] -- Up-to-date symlink: /home/deathstroke/vins-fusion-ros2/install/vins/share/ament_index/resource_index/package_run_dependencies/vins
[19.286s] -- Up-to-date symlink: /home/deathstroke/vins-fusion-ros2/install/vins/share/ament_index/resource_index/parent_prefix_path/vins
[19.286s] -- Up-to-date symlink: /home/deathstroke/vins-fusion-ros2/install/vins/share/vins/environment/ament_prefix_path.sh
[19.286s] -- Up-to-date symlink: /home/deathstroke/vins-fusion-ros2/install/vins/share/vins/environment/ament_prefix_path.dsv
[19.286s] -- Up-to-date symlink: /home/deathstroke/vins-fusion-ros2/install/vins/share/vins/environment/path.sh
[19.286s] -- Up-to-date symlink: /home/deathstroke/vins-fusion-ros2/install/vins/share/vins/environment/path.dsv
[19.286s] -- Up-to-date symlink: /home/deathstroke/vins-fusion-ros2/install/vins/share/vins/local_setup.bash
[19.286s] -- Up-to-date symlink: /home/deathstroke/vins-fusion-ros2/install/vins/share/vins/local_setup.sh
[19.286s] -- Up-to-date symlink: /home/deathstroke/vins-fusion-ros2/install/vins/share/vins/local_setup.zsh
[19.286s] -- Up-to-date symlink: /home/deathstroke/vins-fusion-ros2/install/vins/share/vins/local_setup.dsv
[19.286s] -- Symlinking: /home/deathstroke/vins-fusion-ros2/install/vins/share/vins/package.dsv
[19.292s] -- Up-to-date symlink: /home/deathstroke/vins-fusion-ros2/install/vins/share/ament_index/resource_index/packages/vins
[19.292s] -- Up-to-date symlink: /home/deathstroke/vins-fusion-ros2/install/vins/share/vins/cmake/rosidl_cmake-extras.cmake
[19.292s] -- Up-to-date symlink: /home/deathstroke/vins-fusion-ros2/install/vins/share/vins/cmake/ament_cmake_export_dependencies-extras.cmake
[19.292s] -- Up-to-date symlink: /home/deathstroke/vins-fusion-ros2/install/vins/share/vins/cmake/ament_cmake_export_include_directories-extras.cmake
[19.292s] -- Up-to-date symlink: /home/deathstroke/vins-fusion-ros2/install/vins/share/vins/cmake/ament_cmake_export_libraries-extras.cmake
[19.292s] -- Up-to-date symlink: /home/deathstroke/vins-fusion-ros2/install/vins/share/vins/cmake/ament_cmake_export_targets-extras.cmake
[19.293s] -- Up-to-date symlink: /home/deathstroke/vins-fusion-ros2/install/vins/share/vins/cmake/rosidl_cmake_export_typesupport_targets-extras.cmake
[19.293s] -- Up-to-date symlink: /home/deathstroke/vins-fusion-ros2/install/vins/share/vins/cmake/rosidl_cmake_export_typesupport_libraries-extras.cmake
[19.293s] -- Up-to-date symlink: /home/deathstroke/vins-fusion-ros2/install/vins/share/vins/cmake/rosidl_cmake_aggregate_target-extras.cmake
[19.293s] -- Up-to-date symlink: /home/deathstroke/vins-fusion-ros2/install/vins/share/vins/cmake/vinsConfig.cmake
[19.293s] -- Up-to-date symlink: /home/deathstroke/vins-fusion-ros2/install/vins/share/vins/cmake/vinsConfig-version.cmake
[19.293s] -- Up-to-date symlink: /home/deathstroke/vins-fusion-ros2/install/vins/share/vins/package.xml
[19.293s] -- Up-to-date: /home/deathstroke/vins-fusion-ros2/install/vins/lib/libvins__rosidl_generator_c.so
[19.293s] -- Up-to-date: /home/deathstroke/vins-fusion-ros2/install/vins/lib/libvins__rosidl_typesupport_fastrtps_c.so
[19.294s] -- Up-to-date: /home/deathstroke/vins-fusion-ros2/install/vins/lib/libvins__rosidl_typesupport_fastrtps_cpp.so
[19.294s] -- Up-to-date: /home/deathstroke/vins-fusion-ros2/install/vins/lib/libvins__rosidl_typesupport_introspection_c.so
[19.294s] -- Up-to-date: /home/deathstroke/vins-fusion-ros2/install/vins/lib/libvins__rosidl_typesupport_c.so
[19.294s] -- Up-to-date: /home/deathstroke/vins-fusion-ros2/install/vins/lib/libvins__rosidl_typesupport_introspection_cpp.so
[19.294s] -- Up-to-date: /home/deathstroke/vins-fusion-ros2/install/vins/lib/libvins__rosidl_typesupport_cpp.so
[19.329s] Listing '/home/deathstroke/vins-fusion-ros2/install/vins/local/lib/python3.10/dist-packages/vins'...
[19.329s] Listing '/home/deathstroke/vins-fusion-ros2/install/vins/local/lib/python3.10/dist-packages/vins/msg'...
[19.333s] -- Up-to-date: /home/deathstroke/vins-fusion-ros2/install/vins/lib/libvins__rosidl_generator_py.so
[19.333s] -- Up-to-date: /home/deathstroke/vins-fusion-ros2/install/vins/share/vins/cmake/export_vins__rosidl_generator_cExport.cmake
[19.333s] -- Up-to-date: /home/deathstroke/vins-fusion-ros2/install/vins/share/vins/cmake/export_vins__rosidl_generator_cExport-release.cmake
[19.333s] -- Up-to-date: /home/deathstroke/vins-fusion-ros2/install/vins/share/vins/cmake/export_vins__rosidl_typesupport_fastrtps_cExport.cmake
[19.333s] -- Up-to-date: /home/deathstroke/vins-fusion-ros2/install/vins/share/vins/cmake/export_vins__rosidl_typesupport_fastrtps_cExport-release.cmake
[19.333s] -- Up-to-date: /home/deathstroke/vins-fusion-ros2/install/vins/share/vins/cmake/export_vins__rosidl_generator_cppExport.cmake
[19.333s] -- Up-to-date: /home/deathstroke/vins-fusion-ros2/install/vins/share/vins/cmake/export_vins__rosidl_typesupport_fastrtps_cppExport.cmake
[19.333s] -- Up-to-date: /home/deathstroke/vins-fusion-ros2/install/vins/share/vins/cmake/export_vins__rosidl_typesupport_fastrtps_cppExport-release.cmake
[19.333s] -- Up-to-date: /home/deathstroke/vins-fusion-ros2/install/vins/share/vins/cmake/vins__rosidl_typesupport_introspection_cExport.cmake
[19.333s] -- Up-to-date: /home/deathstroke/vins-fusion-ros2/install/vins/share/vins/cmake/vins__rosidl_typesupport_introspection_cExport-release.cmake
[19.333s] -- Up-to-date: /home/deathstroke/vins-fusion-ros2/install/vins/share/vins/cmake/vins__rosidl_typesupport_cExport.cmake
[19.333s] -- Up-to-date: /home/deathstroke/vins-fusion-ros2/install/vins/share/vins/cmake/vins__rosidl_typesupport_cExport-release.cmake
[19.333s] -- Up-to-date: /home/deathstroke/vins-fusion-ros2/install/vins/share/vins/cmake/vins__rosidl_typesupport_introspection_cppExport.cmake
[19.333s] -- Up-to-date: /home/deathstroke/vins-fusion-ros2/install/vins/share/vins/cmake/vins__rosidl_typesupport_introspection_cppExport-release.cmake
[19.333s] -- Up-to-date: /home/deathstroke/vins-fusion-ros2/install/vins/share/vins/cmake/vins__rosidl_typesupport_cppExport.cmake
[19.333s] -- Up-to-date: /home/deathstroke/vins-fusion-ros2/install/vins/share/vins/cmake/vins__rosidl_typesupport_cppExport-release.cmake
[19.334s] -- Up-to-date: /home/deathstroke/vins-fusion-ros2/install/vins/share/vins/cmake/export_vins__rosidl_generator_pyExport.cmake
[19.334s] -- Up-to-date: /home/deathstroke/vins-fusion-ros2/install/vins/share/vins/cmake/export_vins__rosidl_generator_pyExport-release.cmake
[19.336s] Invoked command in '/home/deathstroke/vins-fusion-ros2/build/vins' returned '0': CMAKE_PREFIX_PATH=/home/deathstroke/vins-fusion-ros2/install/camera_models:/home/deathstroke/.local:/home/deathstroke/LTU-RAI/install/ltu-sensor-bridge:/home/deathstroke/gz-ros2-bridge/install/gz-ros2-bridge:/home/deathstroke/mavros/install/mavros_extras:/home/deathstroke/mavros/install/mavros_examples:/home/deathstroke/mavros/install/mavros:/home/deathstroke/mavros/install/mavros_msgs:/home/deathstroke/mavros/install/libmavconn:/home/deathstroke/.local:/home/deathstroke/aruco_lander/install/aruco_mavsdk:/home/deathstroke/aruco_lander/install/aruco_detector:/home/deathstroke/workspace/catkin_ws_ov/install/ov_msckf:/home/deathstroke/workspace/catkin_ws_ov/install/ov_init:/home/deathstroke/workspace/catkin_ws_ov/install/ov_eval:/home/deathstroke/workspace/catkin_ws_ov/install/ov_data:/home/deathstroke/workspace/catkin_ws_ov/install/ov_core:/home/deathstroke/vins-fusion-ros2/install/vins:/home/deathstroke/vins-fusion-ros2/install/loop_fusion:/home/deathstroke/vins-fusion-ros2/install/global_fusion:/home/deathstroke/realsense-ros/install/realsense2_rviz_plugin:/home/deathstroke/realsense-ros/install/realsense2_description:/home/deathstroke/realsense-ros/install/realsense2_camera:/home/deathstroke/realsense-ros/install/realsense2_camera_msgs:/home/deathstroke/rust_ws/install/common_interfaces:/home/deathstroke/rust_ws/install/visualization_msgs:/home/deathstroke/rust_ws/install/test_msgs:/home/deathstroke/rust_ws/install/example_interfaces:/home/deathstroke/rust_ws/install/action_msgs:/home/deathstroke/rust_ws/install/unique_identifier_msgs:/home/deathstroke/rust_ws/install/trajectory_msgs:/home/deathstroke/rust_ws/install/test_interface_files:/home/deathstroke/rust_ws/install/stereo_msgs:/home/deathstroke/rust_ws/install/std_srvs:/home/deathstroke/rust_ws/install/shape_msgs:/home/deathstroke/rust_ws/install/sensor_msgs:/home/deathstroke/rust_ws/install/nav_msgs:/home/deathstroke/rust_ws/install/diagnostic_msgs:/home/deathstroke/rust_ws/install/geometry_msgs:/home/deathstroke/rust_ws/install/actionlib_msgs:/home/deathstroke/rust_ws/install/std_msgs:/home/deathstroke/rust_ws/install/statistics_msgs:/home/deathstroke/rust_ws/install/rosgraph_msgs:/home/deathstroke/rust_ws/install/rclrs_example_msgs:/home/deathstroke/rust_ws/install/composition_interfaces:/home/deathstroke/rust_ws/install/rcl_interfaces:/home/deathstroke/rust_ws/install/lifecycle_msgs:/home/deathstroke/rust_ws/install/builtin_interfaces:/home/deathstroke/rust_ws/install/rosidl_default_runtime:/home/deathstroke/rust_ws/install/rosidl_default_generators:/home/deathstroke/rust_ws/install/rosidl_generator_rs:/home/deathstroke/zed-ros2/install/zed_ros2:/home/deathstroke/zed-ros2/install/zed_wrapper:/home/deathstroke/zed-ros2/install/zed_debug:/home/deathstroke/zed-ros2/install/zed_components:/home/deathstroke/realsense-ros/install/realsense2_ros_mqtt_bridge:/home/deathstroke/rust_ws/install/examples_worker_demo:/home/deathstroke/rust_ws/install/examples_rclrs_minimal_pub_sub:/home/deathstroke/rust_ws/install/examples_rclrs_minimal_client_service:/home/deathstroke/rust_ws/install/examples_parameter_demo:/home/deathstroke/rust_ws/install/examples_logging_demo:/home/deathstroke/rust_ws/install/sensor_msgs_py:/home/deathstroke/rust_ws/install/rust_pubsub:/home/deathstroke/rust_ws/install/examples_rclrs_message_demo:/home/deathstroke/rust_ws/install/rosidl_runtime_rs:/home/deathstroke/rust_ws/install/rclrs:/opt/ros/humble PATH=/home/deathstroke/vins-fusion-ros2/install/camera_models/bin:/home/deathstroke/Android/Sdk/platform-tools:/usr/local/cuda-12.8/bin:/home/deathstroke/.pyenv/shims:/home/deathstroke/.pyenv/bin:/home/deathstroke/.pyenv/bin:/usr/lib/ccache:/home/deathstroke/rt-ardupilot/Tools/autotest:/home/deathstroke/Android/Sdk/platform-tools:/usr/local/cuda-12.8/bin:/home/deathstroke/.pyenv/bin:/home/deathstroke/.pyenv/bin:/home/deathstroke/vins-fusion-ros2/install/vins/bin:/home/deathstroke/vins-fusion-ros2/install/global_fusion/bin:/opt/ros/humble/bin:/usr/lib/ccache:/home/deathstroke/rt-ardupilot/Tools/autotest:/home/deathstroke/ardupilot/Tools/autotest:/usr/lib/ccache:/home/deathstroke/ardupilot/Tools/autotest:/opt/gcc-arm-none-eabi-10-2020-q4-major/bin:/home/deathstroke/.cargo/bin:/home/deathstroke/.local/bin:/usr/local/sbin:/usr/local/bin:/usr/sbin:/usr/bin:/sbin:/bin:/usr/games:/usr/local/games:/snap/bin:/snap/bin:/usr/local/lib/android-ndk:/usr/local/lib/android-ndk /usr/bin/cmake --install /home/deathstroke/vins-fusion-ros2/build/vins
