[  3%] Built target vins__cpp
[  3%] Built target vins__rs
[  8%] Built target vins__rosidl_generator_c
[  8%] Built target ament_cmake_python_symlink_vins
[35m[1mConsolidate compiler generated dependencies of target vins__rosidl_typesupport_introspection_cpp[0m
[35m[1mConsolidate compiler generated dependencies of target vins__rosidl_typesupport_cpp[0m
[35m[1mConsolidate compiler generated dependencies of target vins__rosidl_typesupport_fastrtps_cpp[0m
[35m[1mConsolidate compiler generated dependencies of target vins__rosidl_typesupport_fastrtps_c[0m
[35m[1mConsolidate compiler generated dependencies of target vins_lib[0m
[ 14%] Built target vins__rosidl_typesupport_introspection_c
[ 19%] Built target vins__rosidl_typesupport_cpp
[ 25%] Built target vins__rosidl_typesupport_c
[ 30%] Built target vins__rosidl_typesupport_introspection_cpp
[ 35%] Built target vins__rosidl_typesupport_fastrtps_cpp
[ 41%] Built target vins__rosidl_typesupport_fastrtps_c
[ 41%] Built target vins
[ 42%] Built target vins__py
[35m[1mConsolidate compiler generated dependencies of target vins__rosidl_generator_py[0m
[ 75%] Built target vins_lib
[ 78%] Built target vins__rosidl_generator_py
[35m[1mConsolidate compiler generated dependencies of target vins__rosidl_typesupport_introspection_c__pyext[0m
[35m[1mConsolidate compiler generated dependencies of target vins_node[0m
[35m[1mConsolidate compiler generated dependencies of target vins__rosidl_typesupport_fastrtps_c__pyext[0m
[35m[1mConsolidate compiler generated dependencies of target vins__rosidl_typesupport_c__pyext[0m
[ 82%] Built target vins__rosidl_typesupport_introspection_c__pyext
[ 89%] Built target vins__rosidl_typesupport_fastrtps_c__pyext
[ 89%] Built target kitti_odom_test
[ 92%] Built target vins__rosidl_typesupport_c__pyext
[ 96%] Built target kitti_gps_test
[ 98%] [32mBuilding CXX object CMakeFiles/vins_node.dir/src/rosNodeTest.cpp.o[0m
running egg_info
writing manifest file 'vins.egg-info/SOURCES.txt'
[ 98%] Built target ament_cmake_python_build_vins_egg
