In file included from [01m[K/home/deathstroke/vins-fusion-ros2/src/VINS-Fusion-ROS2-humble-arm/vins/src/featureTracker/feature_tracker.cpp:12[m[K:
[01m[K/home/deathstroke/vins-fusion-ros2/src/VINS-Fusion-ROS2-humble-arm/vins/src/featureTracker/feature_tracker.h:26:10:[m[K [01;31m[Kfatal error: [m[Kopencv2/cudaoptflow.hpp: No such file or directory
   26 | #include [01;31m[K<opencv2/cudaoptflow.hpp>[m[K
      |          [01;31m[K^~~~~~~~~~~~~~~~~~~~~~~~~[m[K
compilation terminated.
gmake[2]: *** [CMakeFiles/vins_lib.dir/build.make:300: CMakeFiles/vins_lib.dir/src/featureTracker/feature_tracker.cpp.o] Error 1
gmake[2]: *** Waiting for unfinished jobs....
In file included from [01m[K/home/deathstroke/vins-fusion-ros2/src/VINS-Fusion-ROS2-humble-arm/vins/src/utility/../estimator/estimator.h:42[m[K,
                 from [01m[K/home/deathstroke/vins-fusion-ros2/src/VINS-Fusion-ROS2-humble-arm/vins/src/utility/visualization.h:31[m[K,
                 from [01m[K/home/deathstroke/vins-fusion-ros2/src/VINS-Fusion-ROS2-humble-arm/vins/src/utility/visualization.cpp:10[m[K:
[01m[K/home/deathstroke/vins-fusion-ros2/src/VINS-Fusion-ROS2-humble-arm/vins/src/utility/../estimator/../featureTracker/feature_tracker.h:26:10:[m[K [01;31m[Kfatal error: [m[Kopencv2/cudaoptflow.hpp: No such file or directory
   26 | #include [01;31m[K<opencv2/cudaoptflow.hpp>[m[K
      |          [01;31m[K^~~~~~~~~~~~~~~~~~~~~~~~~[m[K
compilation terminated.
gmake[2]: *** [CMakeFiles/vins_lib.dir/build.make:216: CMakeFiles/vins_lib.dir/src/utility/visualization.cpp.o] Error 1
In file included from [01m[K/home/deathstroke/vins-fusion-ros2/src/VINS-Fusion-ROS2-humble-arm/vins/src/estimator/estimator.h:42[m[K,
                 from [01m[K/home/deathstroke/vins-fusion-ros2/src/VINS-Fusion-ROS2-humble-arm/vins/src/estimator/estimator.cpp:10[m[K:
[01m[K/home/deathstroke/vins-fusion-ros2/src/VINS-Fusion-ROS2-humble-arm/vins/src/estimator/../featureTracker/feature_tracker.h:26:10:[m[K [01;31m[Kfatal error: [m[Kopencv2/cudaoptflow.hpp: No such file or directory
   26 | #include [01;31m[K<opencv2/cudaoptflow.hpp>[m[K
      |          [01;31m[K^~~~~~~~~~~~~~~~~~~~~~~~~[m[K
compilation terminated.
gmake[2]: *** [CMakeFiles/vins_lib.dir/build.make:90: CMakeFiles/vins_lib.dir/src/estimator/estimator.cpp.o] Error 1
[01m[K/home/deathstroke/vins-fusion-ros2/src/VINS-Fusion-ROS2-humble-arm/vins/src/initial/initial_sfm.cpp:[m[K In member function ‘[01m[Kbool GlobalSFM::construct(int, Eigen::Quaterniond*, Eigen::Vector3d*, int, Eigen::Matrix3d, Eigen::Vector3d, std::vector<SFMFeature>&, std::map<int, Eigen::Matrix<double, 3, 1> >&)[m[K’:
[01m[K/home/deathstroke/vins-fusion-ros2/src/VINS-Fusion-ROS2-humble-arm/vins/src/initial/initial_sfm.cpp:147:18:[m[K [01;35m[Kwarning: [m[KISO C++ forbids variable length array ‘[01m[Kc_Rotation[m[K’ [[01;35m[K-Wvla[m[K]
  147 |         Matrix3d [01;35m[Kc_Rotation[m[K[frame_num];
      |                  [01;35m[K^~~~~~~~~~[m[K
[01m[K/home/deathstroke/vins-fusion-ros2/src/VINS-Fusion-ROS2-humble-arm/vins/src/initial/initial_sfm.cpp:148:18:[m[K [01;35m[Kwarning: [m[KISO C++ forbids variable length array ‘[01m[Kc_Translation[m[K’ [[01;35m[K-Wvla[m[K]
  148 |         Vector3d [01;35m[Kc_Translation[m[K[frame_num];
      |                  [01;35m[K^~~~~~~~~~~~~[m[K
[01m[K/home/deathstroke/vins-fusion-ros2/src/VINS-Fusion-ROS2-humble-arm/vins/src/initial/initial_sfm.cpp:149:21:[m[K [01;35m[Kwarning: [m[KISO C++ forbids variable length array ‘[01m[Kc_Quat[m[K’ [[01;35m[K-Wvla[m[K]
  149 |         Quaterniond [01;35m[Kc_Quat[m[K[frame_num];
      |                     [01;35m[K^~~~~~[m[K
[01m[K/home/deathstroke/vins-fusion-ros2/src/VINS-Fusion-ROS2-humble-arm/vins/src/initial/initial_sfm.cpp:150:16:[m[K [01;35m[Kwarning: [m[KISO C++ forbids variable length array ‘[01m[Kc_rotation[m[K’ [[01;35m[K-Wvla[m[K]
  150 |         double [01;35m[Kc_rotation[m[K[frame_num][4];
      |                [01;35m[K^~~~~~~~~~[m[K
[01m[K/home/deathstroke/vins-fusion-ros2/src/VINS-Fusion-ROS2-humble-arm/vins/src/initial/initial_sfm.cpp:151:16:[m[K [01;35m[Kwarning: [m[KISO C++ forbids variable length array ‘[01m[Kc_translation[m[K’ [[01;35m[K-Wvla[m[K]
  151 |         double [01;35m[Kc_translation[m[K[frame_num][3];
      |                [01;35m[K^~~~~~~~~~~~~[m[K
[01m[K/home/deathstroke/vins-fusion-ros2/src/VINS-Fusion-ROS2-humble-arm/vins/src/initial/initial_sfm.cpp:152:37:[m[K [01;35m[Kwarning: [m[KISO C++ forbids variable length array ‘[01m[KPose[m[K’ [[01;35m[K-Wvla[m[K]
  152 |         Eigen::Matrix<double, 3, 4> [01;35m[KPose[m[K[frame_num];
      |                                     [01;35m[K^~~~[m[K
gmake[1]: *** [CMakeFiles/Makefile2:617: CMakeFiles/vins_lib.dir/all] Error 2
gmake: *** [Makefile:146: all] Error 2
