In file included from [01m[K/home/deathstroke/vins-fusion-ros2/src/VINS-Fusion-ROS2-humble-arm/vins/src/utility/utility.cpp:10[m[K:
[01m[K/home/deathstroke/vins-fusion-ros2/src/VINS-Fusion-ROS2-humble-arm/vins/src/utility/utility.h:148:6:[m[K [01;35m[Kwarning: [m[Kextra ‘[01m[K;[m[K’ [[01;35m[K-Wpedantic[m[K]
  148 |     }[01;35m[K;[m[K
      |      [01;35m[K^[m[K
      |      [31m[K-[m[K
In file included from [01m[K/home/deathstroke/vins-fusion-ros2/src/VINS-Fusion-ROS2-humble-arm/vins/src/factor/pose_local_parameterization.h:14[m[K,
                 from [01m[K/home/deathstroke/vins-fusion-ros2/src/VINS-Fusion-ROS2-humble-arm/vins/src/factor/pose_local_parameterization.cpp:10[m[K:
[01m[K/home/deathstroke/vins-fusion-ros2/src/VINS-Fusion-ROS2-humble-arm/vins/src/factor/../utility/utility.h:148:6:[m[K [01;35m[Kwarning: [m[Kextra ‘[01m[K;[m[K’ [[01;35m[K-Wpedantic[m[K]
  148 |     }[01;35m[K;[m[K
      |      [01;35m[K^[m[K
      |      [31m[K-[m[K
In file included from [01m[K/home/deathstroke/vins-fusion-ros2/src/VINS-Fusion-ROS2-humble-arm/vins/src/estimator/parameters.h:15[m[K,
                 from [01m[K/home/deathstroke/vins-fusion-ros2/src/VINS-Fusion-ROS2-humble-arm/vins/src/estimator/parameters.cpp:10[m[K:
[01m[K/home/deathstroke/vins-fusion-ros2/src/VINS-Fusion-ROS2-humble-arm/vins/src/estimator/../utility/utility.h:148:6:[m[K [01;35m[Kwarning: [m[Kextra ‘[01m[K;[m[K’ [[01;35m[K-Wpedantic[m[K]
  148 |     }[01;35m[K;[m[K
      |      [01;35m[K^[m[K
      |      [31m[K-[m[K
In file included from [01m[K/home/deathstroke/vins-fusion-ros2/src/VINS-Fusion-ROS2-humble-arm/vins/src/initial/../estimator/parameters.h:15[m[K,
                 from [01m[K/home/deathstroke/vins-fusion-ros2/src/VINS-Fusion-ROS2-humble-arm/vins/src/initial/initial_ex_rotation.h:15[m[K,
                 from [01m[K/home/deathstroke/vins-fusion-ros2/src/VINS-Fusion-ROS2-humble-arm/vins/src/initial/initial_ex_rotation.cpp:12[m[K:
[01m[K/home/deathstroke/vins-fusion-ros2/src/VINS-Fusion-ROS2-humble-arm/vins/src/initial/../estimator/../utility/utility.h:148:6:[m[K [01;35m[Kwarning: [m[Kextra ‘[01m[K;[m[K’ [[01;35m[K-Wpedantic[m[K]
  148 |     }[01;35m[K;[m[K
      |      [01;35m[K^[m[K
      |      [31m[K-[m[K
In file included from [01m[K/home/deathstroke/vins-fusion-ros2/src/VINS-Fusion-ROS2-humble-arm/vins/src/initial/../factor/imu_factor.h:15[m[K,
                 from [01m[K/home/deathstroke/vins-fusion-ros2/src/VINS-Fusion-ROS2-humble-arm/vins/src/initial/initial_alignment.h:15[m[K,
                 from [01m[K/home/deathstroke/vins-fusion-ros2/src/VINS-Fusion-ROS2-humble-arm/vins/src/initial/initial_aligment.cpp:12[m[K:
[01m[K/home/deathstroke/vins-fusion-ros2/src/VINS-Fusion-ROS2-humble-arm/vins/src/initial/../factor/../utility/utility.h:148:6:[m[K [01;35m[Kwarning: [m[Kextra ‘[01m[K;[m[K’ [[01;35m[K-Wpedantic[m[K]
  148 |     }[01;35m[K;[m[K
      |      [01;35m[K^[m[K
      |      [31m[K-[m[K
In file included from [01m[K/home/deathstroke/vins-fusion-ros2/src/VINS-Fusion-ROS2-humble-arm/vins/src/factor/projectionTwoFrameOneCamFactor.h:17[m[K,
                 from [01m[K/home/deathstroke/vins-fusion-ros2/src/VINS-Fusion-ROS2-humble-arm/vins/src/factor/projectionTwoFrameOneCamFactor.cpp:12[m[K:
[01m[K/home/deathstroke/vins-fusion-ros2/src/VINS-Fusion-ROS2-humble-arm/vins/src/factor/../utility/utility.h:148:6:[m[K [01;35m[Kwarning: [m[Kextra ‘[01m[K;[m[K’ [[01;35m[K-Wpedantic[m[K]
  148 |     }[01;35m[K;[m[K
      |      [01;35m[K^[m[K
      |      [31m[K-[m[K
[01m[K/home/deathstroke/vins-fusion-ros2/src/VINS-Fusion-ROS2-humble-arm/vins/src/initial/initial_sfm.cpp:[m[K In member function ‘[01m[Kbool GlobalSFM::construct(int, Eigen::Quaterniond*, Eigen::Vector3d*, int, Eigen::Matrix3d, Eigen::Vector3d, std::vector<SFMFeature>&, std::map<int, Eigen::Matrix<double, 3, 1> >&)[m[K’:
[01m[K/home/deathstroke/vins-fusion-ros2/src/VINS-Fusion-ROS2-humble-arm/vins/src/initial/initial_sfm.cpp:147:18:[m[K [01;35m[Kwarning: [m[KISO C++ forbids variable length array ‘[01m[Kc_Rotation[m[K’ [[01;35m[K-Wvla[m[K]
  147 |         Matrix3d [01;35m[Kc_Rotation[m[K[frame_num];
      |                  [01;35m[K^~~~~~~~~~[m[K
[01m[K/home/deathstroke/vins-fusion-ros2/src/VINS-Fusion-ROS2-humble-arm/vins/src/initial/initial_sfm.cpp:148:18:[m[K [01;35m[Kwarning: [m[KISO C++ forbids variable length array ‘[01m[Kc_Translation[m[K’ [[01;35m[K-Wvla[m[K]
  148 |         Vector3d [01;35m[Kc_Translation[m[K[frame_num];
      |                  [01;35m[K^~~~~~~~~~~~~[m[K
[01m[K/home/deathstroke/vins-fusion-ros2/src/VINS-Fusion-ROS2-humble-arm/vins/src/initial/initial_sfm.cpp:149:21:[m[K [01;35m[Kwarning: [m[KISO C++ forbids variable length array ‘[01m[Kc_Quat[m[K’ [[01;35m[K-Wvla[m[K]
  149 |         Quaterniond [01;35m[Kc_Quat[m[K[frame_num];
      |                     [01;35m[K^~~~~~[m[K
[01m[K/home/deathstroke/vins-fusion-ros2/src/VINS-Fusion-ROS2-humble-arm/vins/src/initial/initial_sfm.cpp:150:16:[m[K [01;35m[Kwarning: [m[KISO C++ forbids variable length array ‘[01m[Kc_rotation[m[K’ [[01;35m[K-Wvla[m[K]
  150 |         double [01;35m[Kc_rotation[m[K[frame_num][4];
      |                [01;35m[K^~~~~~~~~~[m[K
[01m[K/home/deathstroke/vins-fusion-ros2/src/VINS-Fusion-ROS2-humble-arm/vins/src/initial/initial_sfm.cpp:151:16:[m[K [01;35m[Kwarning: [m[KISO C++ forbids variable length array ‘[01m[Kc_translation[m[K’ [[01;35m[K-Wvla[m[K]
  151 |         double [01;35m[Kc_translation[m[K[frame_num][3];
      |                [01;35m[K^~~~~~~~~~~~~[m[K
[01m[K/home/deathstroke/vins-fusion-ros2/src/VINS-Fusion-ROS2-humble-arm/vins/src/initial/initial_sfm.cpp:152:37:[m[K [01;35m[Kwarning: [m[KISO C++ forbids variable length array ‘[01m[KPose[m[K’ [[01;35m[K-Wvla[m[K]
  152 |         Eigen::Matrix<double, 3, 4> [01;35m[KPose[m[K[frame_num];
      |                                     [01;35m[K^~~~[m[K
[01m[K/home/deathstroke/vins-fusion-ros2/src/VINS-Fusion-ROS2-humble-arm/vins/src/initial/initial_sfm.cpp:245:39:[m[K [01;35m[Kwarning: [m[K‘[01m[KLocalParameterization[m[K’ is deprecated: LocalParameterizations will be removed from the Ceres Solver API in version 2.2.0. Use Manifolds instead. [[01;35m[K-Wdeprecated-declarations[m[K]
  245 |         ceres::LocalParameterization* [01;35m[Klocal_parameterization[m[K = new ceres::QuaternionParameterization();
      |                                       [01;35m[K^~~~~~~~~~~~~~~~~~~~~~[m[K
In file included from [01m[K/usr/local/include/ceres/autodiff_local_parameterization.h:39[m[K,
                 from [01m[K/usr/local/include/ceres/ceres.h:39[m[K,
                 from [01m[K/home/deathstroke/vins-fusion-ros2/src/VINS-Fusion-ROS2-humble-arm/vins/src/initial/initial_sfm.h:13[m[K,
                 from [01m[K/home/deathstroke/vins-fusion-ros2/src/VINS-Fusion-ROS2-humble-arm/vins/src/initial/initial_sfm.cpp:12[m[K:
[01m[K/usr/local/include/ceres/local_parameterization.h:121:18:[m[K [01;36m[Knote: [m[Kdeclared here
  121 |     CERES_EXPORT [01;36m[KLocalParameterization[m[K {
      |                  [01;36m[K^~~~~~~~~~~~~~~~~~~~~[m[K
[01m[K/home/deathstroke/vins-fusion-ros2/src/VINS-Fusion-ROS2-humble-arm/vins/src/initial/initial_sfm.cpp:245:75:[m[K [01;35m[Kwarning: [m[K‘[01m[KQuaternionParameterization[m[K’ is deprecated: Use QuaternionManifold instead. [[01;35m[K-Wdeprecated-declarations[m[K]
  245 |         ceres::LocalParameterization* local_parameterization = new ceres::[01;35m[KQuaternionParameterization[m[K();
      |                                                                           [01;35m[K^~~~~~~~~~~~~~~~~~~~~~~~~~[m[K
In file included from [01m[K/usr/local/include/ceres/autodiff_local_parameterization.h:39[m[K,
                 from [01m[K/usr/local/include/ceres/ceres.h:39[m[K,
                 from [01m[K/home/deathstroke/vins-fusion-ros2/src/VINS-Fusion-ROS2-humble-arm/vins/src/initial/initial_sfm.h:13[m[K,
                 from [01m[K/home/deathstroke/vins-fusion-ros2/src/VINS-Fusion-ROS2-humble-arm/vins/src/initial/initial_sfm.cpp:12[m[K:
[01m[K/usr/local/include/ceres/local_parameterization.h:211:18:[m[K [01;36m[Knote: [m[Kdeclared here
  211 |     CERES_EXPORT [01;36m[KQuaternionParameterization[m[K : public LocalParameterization {
      |                  [01;36m[K^~~~~~~~~~~~~~~~~~~~~~~~~~[m[K
[01m[K/home/deathstroke/vins-fusion-ros2/src/VINS-Fusion-ROS2-humble-arm/vins/src/initial/initial_sfm.cpp:257:42:[m[K [01;35m[Kwarning: [m[K‘[01m[Kvoid ceres::Problem::AddParameterBlock(double*, int, ceres::LocalParameterization*)[m[K’ is deprecated: LocalParameterizations are deprecated. Use the version with Manifolds instead. [[01;35m[K-Wdeprecated-declarations[m[K]
  257 |                 [01;35m[Kproblem.AddParameterBlock(c_rotation[i], 4, local_parameterization)[m[K;
      |                 [01;35m[K~~~~~~~~~~~~~~~~~~~~~~~~~^~~~~~~~~~~~~~~~~~~~~~~~~~~~~~~~~~~~~~~~~~[m[K
In file included from [01m[K/usr/local/include/ceres/ceres.h:66[m[K,
                 from [01m[K/home/deathstroke/vins-fusion-ros2/src/VINS-Fusion-ROS2-humble-arm/vins/src/initial/initial_sfm.h:13[m[K,
                 from [01m[K/home/deathstroke/vins-fusion-ros2/src/VINS-Fusion-ROS2-humble-arm/vins/src/initial/initial_sfm.cpp:12[m[K:
[01m[K/usr/local/include/ceres/problem.h:302:8:[m[K [01;36m[Knote: [m[Kdeclared here
  302 |   void [01;36m[KAddParameterBlock[m[K(double* values,
      |        [01;36m[K^~~~~~~~~~~~~~~~~[m[K
In file included from [01m[K/home/deathstroke/vins-fusion-ros2/src/VINS-Fusion-ROS2-humble-arm/vins/src/factor/marginalization_factor.h:19[m[K,
                 from [01m[K/home/deathstroke/vins-fusion-ros2/src/VINS-Fusion-ROS2-humble-arm/vins/src/factor/marginalization_factor.cpp:10[m[K:
[01m[K/home/deathstroke/vins-fusion-ros2/src/VINS-Fusion-ROS2-humble-arm/vins/src/factor/../utility/utility.h:148:6:[m[K [01;35m[Kwarning: [m[Kextra ‘[01m[K;[m[K’ [[01;35m[K-Wpedantic[m[K]
  148 |     }[01;35m[K;[m[K
      |      [01;35m[K^[m[K
      |      [31m[K-[m[K
In file included from [01m[K/home/deathstroke/vins-fusion-ros2/src/VINS-Fusion-ROS2-humble-arm/vins/src/estimator/parameters.h:15[m[K,
                 from [01m[K/home/deathstroke/vins-fusion-ros2/src/VINS-Fusion-ROS2-humble-arm/vins/src/estimator/feature_manager.h:25[m[K,
                 from [01m[K/home/deathstroke/vins-fusion-ros2/src/VINS-Fusion-ROS2-humble-arm/vins/src/estimator/feature_manager.cpp:10[m[K:
[01m[K/home/deathstroke/vins-fusion-ros2/src/VINS-Fusion-ROS2-humble-arm/vins/src/estimator/../utility/utility.h:148:6:[m[K [01;35m[Kwarning: [m[Kextra ‘[01m[K;[m[K’ [[01;35m[K-Wpedantic[m[K]
  148 |     }[01;35m[K;[m[K
      |      [01;35m[K^[m[K
      |      [31m[K-[m[K
In file included from [01m[K/home/deathstroke/vins-fusion-ros2/src/VINS-Fusion-ROS2-humble-arm/vins/src/factor/projectionOneFrameTwoCamFactor.h:17[m[K,
                 from [01m[K/home/deathstroke/vins-fusion-ros2/src/VINS-Fusion-ROS2-humble-arm/vins/src/factor/projectionOneFrameTwoCamFactor.cpp:12[m[K:
[01m[K/home/deathstroke/vins-fusion-ros2/src/VINS-Fusion-ROS2-humble-arm/vins/src/factor/../utility/utility.h:148:6:[m[K [01;35m[Kwarning: [m[Kextra ‘[01m[K;[m[K’ [[01;35m[K-Wpedantic[m[K]
  148 |     }[01;35m[K;[m[K
      |      [01;35m[K^[m[K
      |      [31m[K-[m[K
In file included from [01m[K/home/deathstroke/vins-fusion-ros2/src/VINS-Fusion-ROS2-humble-arm/vins/src/factor/projectionTwoFrameTwoCamFactor.h:17[m[K,
                 from [01m[K/home/deathstroke/vins-fusion-ros2/src/VINS-Fusion-ROS2-humble-arm/vins/src/factor/projectionTwoFrameTwoCamFactor.cpp:12[m[K:
[01m[K/home/deathstroke/vins-fusion-ros2/src/VINS-Fusion-ROS2-humble-arm/vins/src/factor/../utility/utility.h:148:6:[m[K [01;35m[Kwarning: [m[Kextra ‘[01m[K;[m[K’ [[01;35m[K-Wpedantic[m[K]
  148 |     }[01;35m[K;[m[K
      |      [01;35m[K^[m[K
      |      [31m[K-[m[K
In file included from [01m[K/home/deathstroke/vins-fusion-ros2/src/VINS-Fusion-ROS2-humble-arm/vins/src/estimator/parameters.h:15[m[K,
                 from [01m[K/home/deathstroke/vins-fusion-ros2/src/VINS-Fusion-ROS2-humble-arm/vins/src/estimator/estimator.h:23[m[K,
                 from [01m[K/home/deathstroke/vins-fusion-ros2/src/VINS-Fusion-ROS2-humble-arm/vins/src/estimator/estimator.cpp:10[m[K:
[01m[K/home/deathstroke/vins-fusion-ros2/src/VINS-Fusion-ROS2-humble-arm/vins/src/estimator/../utility/utility.h:148:6:[m[K [01;35m[Kwarning: [m[Kextra ‘[01m[K;[m[K’ [[01;35m[K-Wpedantic[m[K]
  148 |     }[01;35m[K;[m[K
      |      [01;35m[K^[m[K
      |      [31m[K-[m[K
[01m[K/home/deathstroke/vins-fusion-ros2/src/VINS-Fusion-ROS2-humble-arm/vins/src/estimator/estimator.cpp:[m[K In member function ‘[01m[Kbool Estimator::initialStructure()[m[K’:
[01m[K/home/deathstroke/vins-fusion-ros2/src/VINS-Fusion-ROS2-humble-arm/vins/src/estimator/estimator.cpp:663:17:[m[K [01;35m[Kwarning: [m[KISO C++ forbids variable length array ‘[01m[KQ[m[K’ [[01;35m[K-Wvla[m[K]
  663 |     Quaterniond [01;35m[KQ[m[K[frame_count + 1];
      |                 [01;35m[K^[m[K
[01m[K/home/deathstroke/vins-fusion-ros2/src/VINS-Fusion-ROS2-humble-arm/vins/src/estimator/estimator.cpp:664:14:[m[K [01;35m[Kwarning: [m[KISO C++ forbids variable length array ‘[01m[KT[m[K’ [[01;35m[K-Wvla[m[K]
  664 |     Vector3d [01;35m[KT[m[K[frame_count + 1];
      |              [01;35m[K^[m[K
[01m[K/home/deathstroke/vins-fusion-ros2/src/VINS-Fusion-ROS2-humble-arm/vins/src/estimator/estimator.cpp:[m[K In member function ‘[01m[Kvoid Estimator::optimization()[m[K’:
[01m[K/home/deathstroke/vins-fusion-ros2/src/VINS-Fusion-ROS2-humble-arm/vins/src/estimator/estimator.cpp:1071:39:[m[K [01;35m[Kwarning: [m[K‘[01m[KLocalParameterization[m[K’ is deprecated: LocalParameterizations will be removed from the Ceres Solver API in version 2.2.0. Use Manifolds instead. [[01;35m[K-Wdeprecated-declarations[m[K]
 1071 |         ceres::LocalParameterization *[01;35m[Klocal_parameterization[m[K = new PoseLocalParameterization();
      |                                       [01;35m[K^~~~~~~~~~~~~~~~~~~~~~[m[K
In file included from [01m[K/usr/local/include/ceres/autodiff_local_parameterization.h:39[m[K,
                 from [01m[K/usr/local/include/ceres/ceres.h:39[m[K,
                 from [01m[K/home/deathstroke/vins-fusion-ros2/src/VINS-Fusion-ROS2-humble-arm/vins/src/estimator/estimator.h:16[m[K,
                 from [01m[K/home/deathstroke/vins-fusion-ros2/src/VINS-Fusion-ROS2-humble-arm/vins/src/estimator/estimator.cpp:10[m[K:
[01m[K/usr/local/include/ceres/local_parameterization.h:121:18:[m[K [01;36m[Knote: [m[Kdeclared here
  121 |     CERES_EXPORT [01;36m[KLocalParameterization[m[K {
      |                  [01;36m[K^~~~~~~~~~~~~~~~~~~~~[m[K
[01m[K/home/deathstroke/vins-fusion-ros2/src/VINS-Fusion-ROS2-humble-arm/vins/src/estimator/estimator.cpp:1072:34:[m[K [01;35m[Kwarning: [m[K‘[01m[Kvoid ceres::Problem::AddParameterBlock(double*, int, ceres::LocalParameterization*)[m[K’ is deprecated: LocalParameterizations are deprecated. Use the version with Manifolds instead. [[01;35m[K-Wdeprecated-declarations[m[K]
 1072 |         [01;35m[Kproblem.AddParameterBlock(para_Pose[i], SIZE_POSE, local_parameterization)[m[K;
      |         [01;35m[K~~~~~~~~~~~~~~~~~~~~~~~~~^~~~~~~~~~~~~~~~~~~~~~~~~~~~~~~~~~~~~~~~~~~~~~~~~[m[K
In file included from [01m[K/usr/local/include/ceres/ceres.h:66[m[K,
                 from [01m[K/home/deathstroke/vins-fusion-ros2/src/VINS-Fusion-ROS2-humble-arm/vins/src/estimator/estimator.h:16[m[K,
                 from [01m[K/home/deathstroke/vins-fusion-ros2/src/VINS-Fusion-ROS2-humble-arm/vins/src/estimator/estimator.cpp:10[m[K:
[01m[K/usr/local/include/ceres/problem.h:302:8:[m[K [01;36m[Knote: [m[Kdeclared here
  302 |   void [01;36m[KAddParameterBlock[m[K(double* values,
      |        [01;36m[K^~~~~~~~~~~~~~~~~[m[K
[01m[K/home/deathstroke/vins-fusion-ros2/src/VINS-Fusion-ROS2-humble-arm/vins/src/estimator/estimator.cpp:1081:39:[m[K [01;35m[Kwarning: [m[K‘[01m[KLocalParameterization[m[K’ is deprecated: LocalParameterizations will be removed from the Ceres Solver API in version 2.2.0. Use Manifolds instead. [[01;35m[K-Wdeprecated-declarations[m[K]
 1081 |         ceres::LocalParameterization *[01;35m[Klocal_parameterization[m[K = new PoseLocalParameterization();
      |                                       [01;35m[K^~~~~~~~~~~~~~~~~~~~~~[m[K
In file included from [01m[K/usr/local/include/ceres/autodiff_local_parameterization.h:39[m[K,
                 from [01m[K/usr/local/include/ceres/ceres.h:39[m[K,
                 from [01m[K/home/deathstroke/vins-fusion-ros2/src/VINS-Fusion-ROS2-humble-arm/vins/src/estimator/estimator.h:16[m[K,
                 from [01m[K/home/deathstroke/vins-fusion-ros2/src/VINS-Fusion-ROS2-humble-arm/vins/src/estimator/estimator.cpp:10[m[K:
[01m[K/usr/local/include/ceres/local_parameterization.h:121:18:[m[K [01;36m[Knote: [m[Kdeclared here
  121 |     CERES_EXPORT [01;36m[KLocalParameterization[m[K {
      |                  [01;36m[K^~~~~~~~~~~~~~~~~~~~~[m[K
[01m[K/home/deathstroke/vins-fusion-ros2/src/VINS-Fusion-ROS2-humble-arm/vins/src/estimator/estimator.cpp:1082:34:[m[K [01;35m[Kwarning: [m[K‘[01m[Kvoid ceres::Problem::AddParameterBlock(double*, int, ceres::LocalParameterization*)[m[K’ is deprecated: LocalParameterizations are deprecated. Use the version with Manifolds instead. [[01;35m[K-Wdeprecated-declarations[m[K]
 1082 |         [01;35m[Kproblem.AddParameterBlock(para_Ex_Pose[i], SIZE_POSE, local_parameterization)[m[K;
      |         [01;35m[K~~~~~~~~~~~~~~~~~~~~~~~~~^~~~~~~~~~~~~~~~~~~~~~~~~~~~~~~~~~~~~~~~~~~~~~~~~~~~[m[K
In file included from [01m[K/usr/local/include/ceres/ceres.h:66[m[K,
                 from [01m[K/home/deathstroke/vins-fusion-ros2/src/VINS-Fusion-ROS2-humble-arm/vins/src/estimator/estimator.h:16[m[K,
                 from [01m[K/home/deathstroke/vins-fusion-ros2/src/VINS-Fusion-ROS2-humble-arm/vins/src/estimator/estimator.cpp:10[m[K:
[01m[K/usr/local/include/ceres/problem.h:302:8:[m[K [01;36m[Knote: [m[Kdeclared here
  302 |   void [01;36m[KAddParameterBlock[m[K(double* values,
      |        [01;36m[K^~~~~~~~~~~~~~~~~[m[K
In file included from [01m[K/home/deathstroke/vins-fusion-ros2/src/VINS-Fusion-ROS2-humble-arm/vins/src/featureTracker/../estimator/parameters.h:15[m[K,
                 from [01m[K/home/deathstroke/vins-fusion-ros2/src/VINS-Fusion-ROS2-humble-arm/vins/src/featureTracker/feature_tracker.h:34[m[K,
                 from [01m[K/home/deathstroke/vins-fusion-ros2/src/VINS-Fusion-ROS2-humble-arm/vins/src/featureTracker/feature_tracker.cpp:12[m[K:
[01m[K/home/deathstroke/vins-fusion-ros2/src/VINS-Fusion-ROS2-humble-arm/vins/src/featureTracker/../estimator/../utility/utility.h:148:6:[m[K [01;35m[Kwarning: [m[Kextra ‘[01m[K;[m[K’ [[01;35m[K-Wpedantic[m[K]
  148 |     }[01;35m[K;[m[K
      |      [01;35m[K^[m[K
      |      [31m[K-[m[K
In file included from [01m[K/home/deathstroke/vins-fusion-ros2/src/VINS-Fusion-ROS2-humble-arm/vins/src/utility/../estimator/parameters.h:15[m[K,
                 from [01m[K/home/deathstroke/vins-fusion-ros2/src/VINS-Fusion-ROS2-humble-arm/vins/src/utility/../estimator/estimator.h:23[m[K,
                 from [01m[K/home/deathstroke/vins-fusion-ros2/src/VINS-Fusion-ROS2-humble-arm/vins/src/utility/visualization.h:31[m[K,
                 from [01m[K/home/deathstroke/vins-fusion-ros2/src/VINS-Fusion-ROS2-humble-arm/vins/src/utility/visualization.cpp:10[m[K:
[01m[K/home/deathstroke/vins-fusion-ros2/src/VINS-Fusion-ROS2-humble-arm/vins/src/utility/../estimator/../utility/utility.h:148:6:[m[K [01;35m[Kwarning: [m[Kextra ‘[01m[K;[m[K’ [[01;35m[K-Wpedantic[m[K]
  148 |     }[01;35m[K;[m[K
      |      [01;35m[K^[m[K
      |      [31m[K-[m[K
In file included from [01m[K/home/deathstroke/vins-fusion-ros2/src/VINS-Fusion-ROS2-humble-arm/vins/src/estimator/parameters.h:15[m[K,
                 from [01m[K/home/deathstroke/vins-fusion-ros2/src/VINS-Fusion-ROS2-humble-arm/vins/src/estimator/estimator.h:23[m[K,
                 from [01m[K/home/deathstroke/vins-fusion-ros2/src/VINS-Fusion-ROS2-humble-arm/vins/src/KITTIGPSTest.cpp:20[m[K:
[01m[K/home/deathstroke/vins-fusion-ros2/src/VINS-Fusion-ROS2-humble-arm/vins/src/estimator/../utility/utility.h:148:6:[m[K [01;35m[Kwarning: [m[Kextra ‘[01m[K;[m[K’ [[01;35m[K-Wpedantic[m[K]
  148 |     }[01;35m[K;[m[K
      |      [01;35m[K^[m[K
      |      [31m[K-[m[K
[01m[K/home/deathstroke/vins-fusion-ros2/src/VINS-Fusion-ROS2-humble-arm/vins/src/KITTIGPSTest.cpp:[m[K In function ‘[01m[Kint main(int, char**)[m[K’:
[01m[K/home/deathstroke/vins-fusion-ros2/src/VINS-Fusion-ROS2-humble-arm/vins/src/KITTIGPSTest.cpp:146:31:[m[K [01;35m[Kwarning: [m[Kignoring return value of ‘[01m[Kint fscanf(FILE*, const char*, ...)[m[K’ declared with attribute ‘[01m[Kwarn_unused_result[m[K’ [[01;35m[K-Wunused-result[m[K]
  146 |                         [01;35m[Kfscanf(GPSFile, "%lf %lf %lf %lf %lf %lf ", &lat, &lon, &alt, &roll, &pitch, &yaw)[m[K;
      |                         [01;35m[K~~~~~~^~~~~~~~~~~~~~~~~~~~~~~~~~~~~~~~~~~~~~~~~~~~~~~~~~~~~~~~~~~~~~~~~~~~~~~~~~~~[m[K
[01m[K/home/deathstroke/vins-fusion-ros2/src/VINS-Fusion-ROS2-humble-arm/vins/src/KITTIGPSTest.cpp:148:31:[m[K [01;35m[Kwarning: [m[Kignoring return value of ‘[01m[Kint fscanf(FILE*, const char*, ...)[m[K’ declared with attribute ‘[01m[Kwarn_unused_result[m[K’ [[01;35m[K-Wunused-result[m[K]
  148 |                         [01;35m[Kfscanf(GPSFile, "%lf %lf %lf %lf %lf ", &vn, &ve, &vf, &vl, &vu)[m[K;
      |                         [01;35m[K~~~~~~^~~~~~~~~~~~~~~~~~~~~~~~~~~~~~~~~~~~~~~~~~~~~~~~~~~~~~~~~~[m[K
[01m[K/home/deathstroke/vins-fusion-ros2/src/VINS-Fusion-ROS2-humble-arm/vins/src/KITTIGPSTest.cpp:150:31:[m[K [01;35m[Kwarning: [m[Kignoring return value of ‘[01m[Kint fscanf(FILE*, const char*, ...)[m[K’ declared with attribute ‘[01m[Kwarn_unused_result[m[K’ [[01;35m[K-Wunused-result[m[K]
  150 |                         [01;35m[Kfscanf(GPSFile, "%lf %lf %lf %lf %lf %lf ", &ax, &ay, &az, &af, &al, &au)[m[K;
      |                         [01;35m[K~~~~~~^~~~~~~~~~~~~~~~~~~~~~~~~~~~~~~~~~~~~~~~~~~~~~~~~~~~~~~~~~~~~~~~~~~[m[K
[01m[K/home/deathstroke/vins-fusion-ros2/src/VINS-Fusion-ROS2-humble-arm/vins/src/KITTIGPSTest.cpp:152:31:[m[K [01;35m[Kwarning: [m[Kignoring return value of ‘[01m[Kint fscanf(FILE*, const char*, ...)[m[K’ declared with attribute ‘[01m[Kwarn_unused_result[m[K’ [[01;35m[K-Wunused-result[m[K]
  152 |                         [01;35m[Kfscanf(GPSFile, "%lf %lf %lf %lf %lf %lf ", &wx, &wy, &wz, &wf, &wl, &wu)[m[K;
      |                         [01;35m[K~~~~~~^~~~~~~~~~~~~~~~~~~~~~~~~~~~~~~~~~~~~~~~~~~~~~~~~~~~~~~~~~~~~~~~~~~[m[K
[01m[K/home/deathstroke/vins-fusion-ros2/src/VINS-Fusion-ROS2-humble-arm/vins/src/KITTIGPSTest.cpp:154:31:[m[K [01;35m[Kwarning: [m[Kignoring return value of ‘[01m[Kint fscanf(FILE*, const char*, ...)[m[K’ declared with attribute ‘[01m[Kwarn_unused_result[m[K’ [[01;35m[K-Wunused-result[m[K]
  154 |                         [01;35m[Kfscanf(GPSFile, "%lf %lf %lf %lf %lf %lf ", &pos_accuracy, &vel_accuracy, &navstat, &numsats, &velmode, &orimode)[m[K;
      |                         [01;35m[K~~~~~~^~~~~~~~~~~~~~~~~~~~~~~~~~~~~~~~~~~~~~~~~~~~~~~~~~~~~~~~~~~~~~~~~~~~~~~~~~~~~~~~~~~~~~~~~~~~~~~~~~~~~~~~~~~[m[K
In file included from [01m[K/home/deathstroke/vins-fusion-ros2/src/VINS-Fusion-ROS2-humble-arm/vins/src/estimator/parameters.h:15[m[K,
                 from [01m[K/home/deathstroke/vins-fusion-ros2/src/VINS-Fusion-ROS2-humble-arm/vins/src/estimator/estimator.h:23[m[K,
                 from [01m[K/home/deathstroke/vins-fusion-ros2/src/VINS-Fusion-ROS2-humble-arm/vins/src/KITTIOdomTest.cpp:20[m[K:
[01m[K/home/deathstroke/vins-fusion-ros2/src/VINS-Fusion-ROS2-humble-arm/vins/src/estimator/../utility/utility.h:148:6:[m[K [01;35m[Kwarning: [m[Kextra ‘[01m[K;[m[K’ [[01;35m[K-Wpedantic[m[K]
  148 |     }[01;35m[K;[m[K
      |      [01;35m[K^[m[K
      |      [31m[K-[m[K
/usr/bin/ld: warning: libopencv_imgcodecs.so.4.5d, needed by /opt/ros/humble/lib/libcv_bridge.so, may conflict with libopencv_imgcodecs.so.410
/usr/bin/ld: warning: libopencv_imgproc.so.4.5d, needed by /opt/ros/humble/lib/libcv_bridge.so, may conflict with libopencv_imgproc.so.410
/usr/bin/ld: warning: libopencv_core.so.4.5d, needed by /opt/ros/humble/lib/libcv_bridge.so, may conflict with libopencv_core.so.410
/usr/bin/ld: warning: libopencv_imgcodecs.so.4.5d, needed by /opt/ros/humble/lib/libcv_bridge.so, may conflict with libopencv_imgcodecs.so.410
/usr/bin/ld: warning: libopencv_imgproc.so.4.5d, needed by /opt/ros/humble/lib/libcv_bridge.so, may conflict with libopencv_imgproc.so.410
/usr/bin/ld: warning: libopencv_core.so.4.5d, needed by /opt/ros/humble/lib/libcv_bridge.so, may conflict with libopencv_core.so.410
In file included from [01m[K/home/deathstroke/vins-fusion-ros2/src/VINS-Fusion-ROS2-humble-arm/vins/src/estimator/parameters.h:15[m[K,
                 from [01m[K/home/deathstroke/vins-fusion-ros2/src/VINS-Fusion-ROS2-humble-arm/vins/src/estimator/estimator.h:23[m[K,
                 from [01m[K/home/deathstroke/vins-fusion-ros2/src/VINS-Fusion-ROS2-humble-arm/vins/src/rosNodeTest.cpp:20[m[K:
[01m[K/home/deathstroke/vins-fusion-ros2/src/VINS-Fusion-ROS2-humble-arm/vins/src/estimator/../utility/utility.h:148:6:[m[K [01;35m[Kwarning: [m[Kextra ‘[01m[K;[m[K’ [[01;35m[K-Wpedantic[m[K]
  148 |     }[01;35m[K;[m[K
      |      [01;35m[K^[m[K
      |      [31m[K-[m[K
[01m[K/home/deathstroke/vins-fusion-ros2/src/VINS-Fusion-ROS2-humble-arm/vins/src/rosNodeTest.cpp:27:30:[m[K [01;35m[Kwarning: [m[K‘[01m[Ksensor_msgs::msg::Imu_<std::allocator<void> >::ConstPtr[m[K’ is deprecated [[01;35m[K-Wdeprecated-declarations[m[K]
   27 | queue<sensor_msgs::msg::Imu::[01;35m[KConstPtr[m[K> imu_buf;
      |                              [01;35m[K^~~~~~~~[m[K
In file included from [01m[K/home/deathstroke/rust_ws/install/sensor_msgs/include/sensor_msgs/sensor_msgs/msg/imu.hpp:7[m[K,
                 from [01m[K/home/deathstroke/vins-fusion-ros2/src/VINS-Fusion-ROS2-humble-arm/vins/src/utility/visualization.h:16[m[K,
                 from [01m[K/home/deathstroke/vins-fusion-ros2/src/VINS-Fusion-ROS2-humble-arm/vins/src/rosNodeTest.cpp:22[m[K:
[01m[K/home/deathstroke/rust_ws/install/sensor_msgs/include/sensor_msgs/sensor_msgs/msg/detail/imu__struct.hpp:182:5:[m[K [01;36m[Knote: [m[Kdeclared here
  182 |     [01;36m[KConstPtr[m[K;
      |     [01;36m[K^~~~~~~~[m[K
[01m[K/home/deathstroke/vins-fusion-ros2/src/VINS-Fusion-ROS2-humble-arm/vins/src/rosNodeTest.cpp:28:37:[m[K [01;35m[Kwarning: [m[K‘[01m[Ksensor_msgs::msg::PointCloud_<std::allocator<void> >::ConstPtr[m[K’ is deprecated [[01;35m[K-Wdeprecated-declarations[m[K]
   28 | queue<sensor_msgs::msg::PointCloud::[01;35m[KConstPtr[m[K> feature_buf;
      |                                     [01;35m[K^~~~~~~~[m[K
In file included from [01m[K/home/deathstroke/rust_ws/install/sensor_msgs/include/sensor_msgs/sensor_msgs/msg/point_cloud.hpp:7[m[K,
                 from [01m[K/home/deathstroke/vins-fusion-ros2/src/VINS-Fusion-ROS2-humble-arm/vins/src/utility/visualization.h:17[m[K,
                 from [01m[K/home/deathstroke/vins-fusion-ros2/src/VINS-Fusion-ROS2-humble-arm/vins/src/rosNodeTest.cpp:22[m[K:
[01m[K/home/deathstroke/rust_ws/install/sensor_msgs/include/sensor_msgs/sensor_msgs/msg/detail/point_cloud__struct.hpp:124:5:[m[K [01;36m[Knote: [m[Kdeclared here
  124 |     [01;36m[KConstPtr[m[K;
      |     [01;36m[K^~~~~~~~[m[K
[01m[K/home/deathstroke/vins-fusion-ros2/src/VINS-Fusion-ROS2-humble-arm/vins/src/rosNodeTest.cpp:29:32:[m[K [01;35m[Kwarning: [m[K‘[01m[Ksensor_msgs::msg::Image_<std::allocator<void> >::ConstPtr[m[K’ is deprecated [[01;35m[K-Wdeprecated-declarations[m[K]
   29 | queue<sensor_msgs::msg::Image::[01;35m[KConstPtr[m[K> img0_buf;
      |                                [01;35m[K^~~~~~~~[m[K
In file included from [01m[K/home/deathstroke/rust_ws/install/sensor_msgs/include/sensor_msgs/sensor_msgs/msg/image.hpp:7[m[K,
                 from [01m[K/opt/ros/humble/include/cv_bridge/cv_bridge/cv_bridge.h:40[m[K,
                 from [01m[K/home/deathstroke/vins-fusion-ros2/src/VINS-Fusion-ROS2-humble-arm/vins/src/rosNodeTest.cpp:18[m[K:
[01m[K/home/deathstroke/rust_ws/install/sensor_msgs/include/sensor_msgs/sensor_msgs/msg/detail/image__struct.hpp:173:5:[m[K [01;36m[Knote: [m[Kdeclared here
  173 |     [01;36m[KConstPtr[m[K;
      |     [01;36m[K^~~~~~~~[m[K
[01m[K/home/deathstroke/vins-fusion-ros2/src/VINS-Fusion-ROS2-humble-arm/vins/src/rosNodeTest.cpp:30:32:[m[K [01;35m[Kwarning: [m[K‘[01m[Ksensor_msgs::msg::Image_<std::allocator<void> >::ConstPtr[m[K’ is deprecated [[01;35m[K-Wdeprecated-declarations[m[K]
   30 | queue<sensor_msgs::msg::Image::[01;35m[KConstPtr[m[K> img1_buf;
      |                                [01;35m[K^~~~~~~~[m[K
In file included from [01m[K/home/deathstroke/rust_ws/install/sensor_msgs/include/sensor_msgs/sensor_msgs/msg/image.hpp:7[m[K,
                 from [01m[K/opt/ros/humble/include/cv_bridge/cv_bridge/cv_bridge.h:40[m[K,
                 from [01m[K/home/deathstroke/vins-fusion-ros2/src/VINS-Fusion-ROS2-humble-arm/vins/src/rosNodeTest.cpp:18[m[K:
[01m[K/home/deathstroke/rust_ws/install/sensor_msgs/include/sensor_msgs/sensor_msgs/msg/detail/image__struct.hpp:173:5:[m[K [01;36m[Knote: [m[Kdeclared here
  173 |     [01;36m[KConstPtr[m[K;
      |     [01;36m[K^~~~~~~~[m[K
[01m[K/home/deathstroke/vins-fusion-ros2/src/VINS-Fusion-ROS2-humble-arm/vins/src/rosNodeTest.cpp:52:73:[m[K [01;35m[Kwarning: [m[K‘[01m[Ksensor_msgs::msg::Image_<std::allocator<void> >::ConstPtr[m[K’ is deprecated [[01;35m[K-Wdeprecated-declarations[m[K]
   52 | cv::Mat getImageFromMsg(const sensor_msgs::msg::Image::ConstPtr &img_msg[01;35m[K)[m[K
      |                                                                         [01;35m[K^[m[K
In file included from [01m[K/home/deathstroke/rust_ws/install/sensor_msgs/include/sensor_msgs/sensor_msgs/msg/image.hpp:7[m[K,
                 from [01m[K/opt/ros/humble/include/cv_bridge/cv_bridge/cv_bridge.h:40[m[K,
                 from [01m[K/home/deathstroke/vins-fusion-ros2/src/VINS-Fusion-ROS2-humble-arm/vins/src/rosNodeTest.cpp:18[m[K:
[01m[K/home/deathstroke/rust_ws/install/sensor_msgs/include/sensor_msgs/sensor_msgs/msg/detail/image__struct.hpp:173:5:[m[K [01;36m[Knote: [m[Kdeclared here
  173 |     [01;36m[KConstPtr[m[K;
      |     [01;36m[K^~~~~~~~[m[K
/usr/bin/ld: warning: libopencv_imgcodecs.so.4.5d, needed by /opt/ros/humble/lib/libcv_bridge.so, may conflict with libopencv_imgcodecs.so.410
/usr/bin/ld: warning: libopencv_imgproc.so.4.5d, needed by /opt/ros/humble/lib/libcv_bridge.so, may conflict with libopencv_imgproc.so.410
/usr/bin/ld: warning: libopencv_core.so.4.5d, needed by /opt/ros/humble/lib/libcv_bridge.so, may conflict with libopencv_core.so.410
