[0.001s] Invoking command in '/home/deathstroke/vins-fusion-ros2/build/vins': CMAKE_PREFIX_PATH=/home/deathstroke/vins-fusion-ros2/install/camera_models:/home/deathstroke/.local:/home/deathstroke/vins-fusion-ros2/install/vins:/home/deathstroke/vins-fusion-ros2/install/loop_fusion:/home/deathstroke/vins-fusion-ros2/install/global_fusion:/home/deathstroke/.local:/home/deathstroke/workspace/catkin_ws_ov/install/ov_msckf:/home/deathstroke/workspace/catkin_ws_ov/install/ov_init:/home/deathstroke/workspace/catkin_ws_ov/install/ov_eval:/home/deathstroke/workspace/catkin_ws_ov/install/ov_data:/home/deathstroke/workspace/catkin_ws_ov/install/ov_core:/home/deathstroke/zed-ros/install/zed_ros2:/home/deathstroke/zed-ros/install/zed_wrapper:/home/deathstroke/zed-ros/install/zed_components:/home/deathstroke/realsense-ros/install/realsense2_rviz_plugin:/home/deathstroke/realsense-ros/install/realsense2_description:/home/deathstroke/realsense-ros/install/realsense2_camera_msgs:/home/deathstroke/rust_ws/install/common_interfaces:/home/deathstroke/rust_ws/install/visualization_msgs:/home/deathstroke/rust_ws/install/test_msgs:/home/deathstroke/rust_ws/install/example_interfaces:/home/deathstroke/rust_ws/install/action_msgs:/home/deathstroke/rust_ws/install/unique_identifier_msgs:/home/deathstroke/rust_ws/install/trajectory_msgs:/home/deathstroke/rust_ws/install/test_interface_files:/home/deathstroke/rust_ws/install/stereo_msgs:/home/deathstroke/rust_ws/install/std_srvs:/home/deathstroke/rust_ws/install/shape_msgs:/home/deathstroke/rust_ws/install/sensor_msgs:/home/deathstroke/rust_ws/install/nav_msgs:/home/deathstroke/rust_ws/install/diagnostic_msgs:/home/deathstroke/rust_ws/install/geometry_msgs:/home/deathstroke/rust_ws/install/actionlib_msgs:/home/deathstroke/rust_ws/install/std_msgs:/home/deathstroke/rust_ws/install/statistics_msgs:/home/deathstroke/rust_ws/install/rosgraph_msgs:/home/deathstroke/rust_ws/install/rclrs_example_msgs:/home/deathstroke/rust_ws/install/composition_interfaces:/home/deathstroke/rust_ws/install/rcl_interfaces:/home/deathstroke/rust_ws/install/lifecycle_msgs:/home/deathstroke/rust_ws/install/builtin_interfaces:/home/deathstroke/rust_ws/install/rosidl_default_runtime:/home/deathstroke/rust_ws/install/rosidl_default_generators:/home/deathstroke/rust_ws/install/rosidl_generator_rs:/home/deathstroke/realsense-ros/install/realsense2_ros_mqtt_bridge:/home/deathstroke/rust_ws/install/examples_worker_demo:/home/deathstroke/rust_ws/install/examples_rclrs_minimal_pub_sub:/home/deathstroke/rust_ws/install/examples_rclrs_minimal_client_service:/home/deathstroke/rust_ws/install/examples_parameter_demo:/home/deathstroke/rust_ws/install/examples_logging_demo:/home/deathstroke/rust_ws/install/sensor_msgs_py:/home/deathstroke/rust_ws/install/rust_pubsub:/home/deathstroke/rust_ws/install/examples_rclrs_message_demo:/home/deathstroke/rust_ws/install/rosidl_runtime_rs:/home/deathstroke/rust_ws/install/rclrs:/opt/ros/humble PATH=/home/deathstroke/vins-fusion-ros2/install/camera_models/bin:/home/deathstroke/Android/Sdk/platform-tools:/usr/local/cuda-12.8/bin:/home/deathstroke/.pyenv/shims:/home/deathstroke/.pyenv/bin:/home/deathstroke/.pyenv/bin:/usr/lib/ccache:/home/deathstroke/rt-ardupilot/Tools/autotest:/home/deathstroke/vins-fusion-ros2/install/global_fusion/bin:/home/deathstroke/Android/Sdk/platform-tools:/usr/local/cuda-12.8/bin:/home/deathstroke/.pyenv/bin:/home/deathstroke/.pyenv/bin:/opt/ros/humble/bin:/usr/lib/ccache:/home/deathstroke/rt-ardupilot/Tools/autotest:/home/deathstroke/ardupilot/Tools/autotest:/usr/lib/ccache:/home/deathstroke/ardupilot/Tools/autotest:/opt/gcc-arm-none-eabi-10-2020-q4-major/bin:/home/deathstroke/.cargo/bin:/home/deathstroke/.local/bin:/usr/local/sbin:/usr/local/bin:/usr/sbin:/usr/bin:/sbin:/bin:/usr/games:/usr/local/games:/snap/bin:/snap/bin:/usr/local/lib/android-ndk:/usr/local/lib/android-ndk /usr/bin/cmake /home/deathstroke/vins-fusion-ros2/src/VINS-Fusion-ROS2-humble-arm/vins -DAMENT_CMAKE_SYMLINK_INSTALL=1 -DCMAKE_INSTALL_PREFIX=/home/deathstroke/vins-fusion-ros2/install/vins
[0.029s] -- The C compiler identification is GNU 11.4.0
[0.065s] -- The CXX compiler identification is GNU 11.4.0
[0.071s] -- Detecting C compiler ABI info
[0.108s] -- Detecting C compiler ABI info - done
[0.111s] -- Check for working C compiler: /usr/lib/ccache/cc - skipped
[0.112s] -- Detecting C compile features
[0.112s] -- Detecting C compile features - done
[0.113s] -- Detecting CXX compiler ABI info
[0.159s] -- Detecting CXX compiler ABI info - done
[0.163s] -- Check for working CXX compiler: /usr/lib/ccache/c++ - skipped
[0.163s] -- Detecting CXX compile features
[0.164s] -- Detecting CXX compile features - done
[0.166s] -- Found ament_cmake: 1.3.12 (/opt/ros/humble/share/ament_cmake/cmake)
[0.543s] -- Found Python3: /usr/bin/python3 (found version "3.10.12") found components: Interpreter 
[0.581s] -- Override CMake install command with custom implementation using symlinks instead of copying resources
[0.617s] -- Found rclcpp: 16.0.17 (/opt/ros/humble/share/rclcpp/cmake)
[0.655s] -- Found rosidl_generator_c: 3.1.8 (/opt/ros/humble/share/rosidl_generator_c/cmake)
[0.661s] -- Found rosidl_adapter: 3.1.8 (/opt/ros/humble/share/rosidl_adapter/cmake)
[0.668s] -- Found rosidl_generator_cpp: 3.1.8 (/opt/ros/humble/share/rosidl_generator_cpp/cmake)
[0.678s] -- Using all available rosidl_typesupport_c: rosidl_typesupport_fastrtps_c;rosidl_typesupport_introspection_c
[0.691s] -- Using all available rosidl_typesupport_cpp: rosidl_typesupport_fastrtps_cpp;rosidl_typesupport_introspection_cpp
[0.726s] -- Found rmw_implementation_cmake: 6.1.2 (/opt/ros/humble/share/rmw_implementation_cmake/cmake)
[0.729s] -- Found rmw_fastrtps_cpp: 6.2.9 (/opt/ros/humble/share/rmw_fastrtps_cpp/cmake)
[0.802s] -- Found OpenSSL: /usr/lib/x86_64-linux-gnu/libcrypto.so (found version "3.0.2")  
[0.825s] -- Found FastRTPS: /opt/ros/humble/include  
[0.855s] -- Using RMW implementation 'rmw_fastrtps_cpp' as default
[0.865s] -- Looking for pthread.h
[0.907s] -- Looking for pthread.h - found
[0.907s] -- Performing Test CMAKE_HAVE_LIBC_PTHREAD
[0.949s] -- Performing Test CMAKE_HAVE_LIBC_PTHREAD - Success
[0.950s] -- Found Threads: TRUE  
[0.978s] -- Found geometry_msgs: 4.9.0 (/home/deathstroke/rust_ws/install/geometry_msgs/share/geometry_msgs/cmake)
[0.984s] -- Found visualization_msgs: 4.9.0 (/home/deathstroke/rust_ws/install/visualization_msgs/share/visualization_msgs/cmake)
[1.003s] -- Found nav_msgs: 4.9.0 (/home/deathstroke/rust_ws/install/nav_msgs/share/nav_msgs/cmake)
[1.013s] -- Found tf2: 0.25.18 (/opt/ros/humble/share/tf2/cmake)
[1.022s] -- Found tf2_ros: 0.25.18 (/opt/ros/humble/share/tf2_ros/cmake)
[1.077s] -- Found cv_bridge: 3.2.1 (/opt/ros/humble/share/cv_bridge/cmake)
[1.097s] -- Found CUDA: /usr/local/cuda-12.8 (found suitable exact version "12.8") 
[1.103s] -- Found camera_models: 0.0.0 (/home/deathstroke/vins-fusion-ros2/install/camera_models/share/camera_models/cmake)
[1.107s] -- Found image_transport: 3.1.12 (/opt/ros/humble/share/image_transport/cmake)
[1.126s] -- Found OpenCV: /usr/local (found version "4.10.0") 
[1.139s] -- Found CXSparse: /usr/include/suitesparse (found suitable version "3.2.0", minimum required is "3.2.0") 
[1.343s] -- Found AMD headers in: /usr/include/suitesparse
[1.344s] -- Found AMD library: /usr/lib/x86_64-linux-gnu/libamd.so
[1.344s] -- Found CAMD headers in: /usr/include/suitesparse
[1.345s] -- Found CAMD library: /usr/lib/x86_64-linux-gnu/libcamd.so
[1.346s] -- Found CCOLAMD headers in: /usr/include/suitesparse
[1.346s] -- Found CCOLAMD library: /usr/lib/x86_64-linux-gnu/libccolamd.so
[1.347s] -- Found CHOLMOD headers in: /usr/include/suitesparse
[1.347s] -- Found CHOLMOD library: /usr/lib/x86_64-linux-gnu/libcholmod.so
[1.348s] -- Found COLAMD headers in: /usr/include/suitesparse
[1.348s] -- Found COLAMD library: /usr/lib/x86_64-linux-gnu/libcolamd.so
[1.349s] -- Found SPQR headers in: /usr/include/suitesparse
[1.349s] -- Found SPQR library: /usr/lib/x86_64-linux-gnu/libspqr.so
[1.350s] -- Found Config headers in: /usr/include/suitesparse
[1.351s] -- Found Config library: /usr/lib/x86_64-linux-gnu/libsuitesparseconfig.so
[1.354s] -- Found Intel Thread Building Blocks (TBB) library (2021.5 / ) include location: . Assuming SuiteSparseQR was compiled with TBB.
[1.354s] -- Looking for shm_open in rt
[1.391s] -- Looking for shm_open in rt - found
[1.391s] -- Adding librt to SuiteSparse_config libraries (required on Linux & Unix [not OSX] if SuiteSparse is compiled with timing).
[1.395s] -- Could NOT find METIS (missing: METIS_INCLUDE_DIR METIS_LIBRARY) 
[1.395s] -- Found SuiteSparse: /usr/include/suitesparse (found suitable version "5.10.1", minimum required is "5.10.1") found components: AMD CAMD CCOLAMD CHOLMOD COLAMD SPQR Config 
[1.399s] -- Found required Ceres dependency: Eigen version 3.3.91 in /usr/local/share/eigen3/cmake
[1.402s] -- Found required Ceres dependency: glog
[1.405s] -- Found required Ceres dependency: gflags
[1.405s] -- Found Ceres version: 2.1.0 installed in: /usr/local with components: [EigenSparse, SparseLinearAlgebraLibrary, LAPACK, SuiteSparse, CXSparse, SchurSpecializations, Multithreading]
[1.472s] -- Configuring done
[1.506s] -- Generating done
[1.512s] -- Build files have been written to: /home/deathstroke/vins-fusion-ros2/build/vins
[1.520s] Invoked command in '/home/deathstroke/vins-fusion-ros2/build/vins' returned '0': CMAKE_PREFIX_PATH=/home/deathstroke/vins-fusion-ros2/install/camera_models:/home/deathstroke/.local:/home/deathstroke/vins-fusion-ros2/install/vins:/home/deathstroke/vins-fusion-ros2/install/loop_fusion:/home/deathstroke/vins-fusion-ros2/install/global_fusion:/home/deathstroke/.local:/home/deathstroke/workspace/catkin_ws_ov/install/ov_msckf:/home/deathstroke/workspace/catkin_ws_ov/install/ov_init:/home/deathstroke/workspace/catkin_ws_ov/install/ov_eval:/home/deathstroke/workspace/catkin_ws_ov/install/ov_data:/home/deathstroke/workspace/catkin_ws_ov/install/ov_core:/home/deathstroke/zed-ros/install/zed_ros2:/home/deathstroke/zed-ros/install/zed_wrapper:/home/deathstroke/zed-ros/install/zed_components:/home/deathstroke/realsense-ros/install/realsense2_rviz_plugin:/home/deathstroke/realsense-ros/install/realsense2_description:/home/deathstroke/realsense-ros/install/realsense2_camera_msgs:/home/deathstroke/rust_ws/install/common_interfaces:/home/deathstroke/rust_ws/install/visualization_msgs:/home/deathstroke/rust_ws/install/test_msgs:/home/deathstroke/rust_ws/install/example_interfaces:/home/deathstroke/rust_ws/install/action_msgs:/home/deathstroke/rust_ws/install/unique_identifier_msgs:/home/deathstroke/rust_ws/install/trajectory_msgs:/home/deathstroke/rust_ws/install/test_interface_files:/home/deathstroke/rust_ws/install/stereo_msgs:/home/deathstroke/rust_ws/install/std_srvs:/home/deathstroke/rust_ws/install/shape_msgs:/home/deathstroke/rust_ws/install/sensor_msgs:/home/deathstroke/rust_ws/install/nav_msgs:/home/deathstroke/rust_ws/install/diagnostic_msgs:/home/deathstroke/rust_ws/install/geometry_msgs:/home/deathstroke/rust_ws/install/actionlib_msgs:/home/deathstroke/rust_ws/install/std_msgs:/home/deathstroke/rust_ws/install/statistics_msgs:/home/deathstroke/rust_ws/install/rosgraph_msgs:/home/deathstroke/rust_ws/install/rclrs_example_msgs:/home/deathstroke/rust_ws/install/composition_interfaces:/home/deathstroke/rust_ws/install/rcl_interfaces:/home/deathstroke/rust_ws/install/lifecycle_msgs:/home/deathstroke/rust_ws/install/builtin_interfaces:/home/deathstroke/rust_ws/install/rosidl_default_runtime:/home/deathstroke/rust_ws/install/rosidl_default_generators:/home/deathstroke/rust_ws/install/rosidl_generator_rs:/home/deathstroke/realsense-ros/install/realsense2_ros_mqtt_bridge:/home/deathstroke/rust_ws/install/examples_worker_demo:/home/deathstroke/rust_ws/install/examples_rclrs_minimal_pub_sub:/home/deathstroke/rust_ws/install/examples_rclrs_minimal_client_service:/home/deathstroke/rust_ws/install/examples_parameter_demo:/home/deathstroke/rust_ws/install/examples_logging_demo:/home/deathstroke/rust_ws/install/sensor_msgs_py:/home/deathstroke/rust_ws/install/rust_pubsub:/home/deathstroke/rust_ws/install/examples_rclrs_message_demo:/home/deathstroke/rust_ws/install/rosidl_runtime_rs:/home/deathstroke/rust_ws/install/rclrs:/opt/ros/humble PATH=/home/deathstroke/vins-fusion-ros2/install/camera_models/bin:/home/deathstroke/Android/Sdk/platform-tools:/usr/local/cuda-12.8/bin:/home/deathstroke/.pyenv/shims:/home/deathstroke/.pyenv/bin:/home/deathstroke/.pyenv/bin:/usr/lib/ccache:/home/deathstroke/rt-ardupilot/Tools/autotest:/home/deathstroke/vins-fusion-ros2/install/global_fusion/bin:/home/deathstroke/Android/Sdk/platform-tools:/usr/local/cuda-12.8/bin:/home/deathstroke/.pyenv/bin:/home/deathstroke/.pyenv/bin:/opt/ros/humble/bin:/usr/lib/ccache:/home/deathstroke/rt-ardupilot/Tools/autotest:/home/deathstroke/ardupilot/Tools/autotest:/usr/lib/ccache:/home/deathstroke/ardupilot/Tools/autotest:/opt/gcc-arm-none-eabi-10-2020-q4-major/bin:/home/deathstroke/.cargo/bin:/home/deathstroke/.local/bin:/usr/local/sbin:/usr/local/bin:/usr/sbin:/usr/bin:/sbin:/bin:/usr/games:/usr/local/games:/snap/bin:/snap/bin:/usr/local/lib/android-ndk:/usr/local/lib/android-ndk /usr/bin/cmake /home/deathstroke/vins-fusion-ros2/src/VINS-Fusion-ROS2-humble-arm/vins -DAMENT_CMAKE_SYMLINK_INSTALL=1 -DCMAKE_INSTALL_PREFIX=/home/deathstroke/vins-fusion-ros2/install/vins
[1.521s] Invoking command in '/home/deathstroke/vins-fusion-ros2/build/vins': CMAKE_PREFIX_PATH=/home/deathstroke/vins-fusion-ros2/install/camera_models:/home/deathstroke/.local:/home/deathstroke/vins-fusion-ros2/install/vins:/home/deathstroke/vins-fusion-ros2/install/loop_fusion:/home/deathstroke/vins-fusion-ros2/install/global_fusion:/home/deathstroke/.local:/home/deathstroke/workspace/catkin_ws_ov/install/ov_msckf:/home/deathstroke/workspace/catkin_ws_ov/install/ov_init:/home/deathstroke/workspace/catkin_ws_ov/install/ov_eval:/home/deathstroke/workspace/catkin_ws_ov/install/ov_data:/home/deathstroke/workspace/catkin_ws_ov/install/ov_core:/home/deathstroke/zed-ros/install/zed_ros2:/home/deathstroke/zed-ros/install/zed_wrapper:/home/deathstroke/zed-ros/install/zed_components:/home/deathstroke/realsense-ros/install/realsense2_rviz_plugin:/home/deathstroke/realsense-ros/install/realsense2_description:/home/deathstroke/realsense-ros/install/realsense2_camera_msgs:/home/deathstroke/rust_ws/install/common_interfaces:/home/deathstroke/rust_ws/install/visualization_msgs:/home/deathstroke/rust_ws/install/test_msgs:/home/deathstroke/rust_ws/install/example_interfaces:/home/deathstroke/rust_ws/install/action_msgs:/home/deathstroke/rust_ws/install/unique_identifier_msgs:/home/deathstroke/rust_ws/install/trajectory_msgs:/home/deathstroke/rust_ws/install/test_interface_files:/home/deathstroke/rust_ws/install/stereo_msgs:/home/deathstroke/rust_ws/install/std_srvs:/home/deathstroke/rust_ws/install/shape_msgs:/home/deathstroke/rust_ws/install/sensor_msgs:/home/deathstroke/rust_ws/install/nav_msgs:/home/deathstroke/rust_ws/install/diagnostic_msgs:/home/deathstroke/rust_ws/install/geometry_msgs:/home/deathstroke/rust_ws/install/actionlib_msgs:/home/deathstroke/rust_ws/install/std_msgs:/home/deathstroke/rust_ws/install/statistics_msgs:/home/deathstroke/rust_ws/install/rosgraph_msgs:/home/deathstroke/rust_ws/install/rclrs_example_msgs:/home/deathstroke/rust_ws/install/composition_interfaces:/home/deathstroke/rust_ws/install/rcl_interfaces:/home/deathstroke/rust_ws/install/lifecycle_msgs:/home/deathstroke/rust_ws/install/builtin_interfaces:/home/deathstroke/rust_ws/install/rosidl_default_runtime:/home/deathstroke/rust_ws/install/rosidl_default_generators:/home/deathstroke/rust_ws/install/rosidl_generator_rs:/home/deathstroke/realsense-ros/install/realsense2_ros_mqtt_bridge:/home/deathstroke/rust_ws/install/examples_worker_demo:/home/deathstroke/rust_ws/install/examples_rclrs_minimal_pub_sub:/home/deathstroke/rust_ws/install/examples_rclrs_minimal_client_service:/home/deathstroke/rust_ws/install/examples_parameter_demo:/home/deathstroke/rust_ws/install/examples_logging_demo:/home/deathstroke/rust_ws/install/sensor_msgs_py:/home/deathstroke/rust_ws/install/rust_pubsub:/home/deathstroke/rust_ws/install/examples_rclrs_message_demo:/home/deathstroke/rust_ws/install/rosidl_runtime_rs:/home/deathstroke/rust_ws/install/rclrs:/opt/ros/humble PATH=/home/deathstroke/vins-fusion-ros2/install/camera_models/bin:/home/deathstroke/Android/Sdk/platform-tools:/usr/local/cuda-12.8/bin:/home/deathstroke/.pyenv/shims:/home/deathstroke/.pyenv/bin:/home/deathstroke/.pyenv/bin:/usr/lib/ccache:/home/deathstroke/rt-ardupilot/Tools/autotest:/home/deathstroke/vins-fusion-ros2/install/global_fusion/bin:/home/deathstroke/Android/Sdk/platform-tools:/usr/local/cuda-12.8/bin:/home/deathstroke/.pyenv/bin:/home/deathstroke/.pyenv/bin:/opt/ros/humble/bin:/usr/lib/ccache:/home/deathstroke/rt-ardupilot/Tools/autotest:/home/deathstroke/ardupilot/Tools/autotest:/usr/lib/ccache:/home/deathstroke/ardupilot/Tools/autotest:/opt/gcc-arm-none-eabi-10-2020-q4-major/bin:/home/deathstroke/.cargo/bin:/home/deathstroke/.local/bin:/usr/local/sbin:/usr/local/bin:/usr/sbin:/usr/bin:/sbin:/bin:/usr/games:/usr/local/games:/snap/bin:/snap/bin:/usr/local/lib/android-ndk:/usr/local/lib/android-ndk /usr/bin/cmake --build /home/deathstroke/vins-fusion-ros2/build/vins -- -j32 -l32
[1.561s] [  4%] [32mBuilding CXX object CMakeFiles/vins_lib.dir/src/factor/pose_local_parameterization.cpp.o[0m
[1.561s] [  8%] [32mBuilding CXX object CMakeFiles/vins_lib.dir/src/utility/utility.cpp.o[0m
[1.561s] [ 13%] [32mBuilding CXX object CMakeFiles/vins_lib.dir/src/utility/CameraPoseVisualization.cpp.o[0m
[1.562s] [ 17%] [32mBuilding CXX object CMakeFiles/vins_lib.dir/src/initial/initial_sfm.cpp.o[0m
[1.562s] [ 21%] [32mBuilding CXX object CMakeFiles/vins_lib.dir/src/initial/initial_aligment.cpp.o[0m
[1.562s] [ 26%] [32mBuilding CXX object CMakeFiles/vins_lib.dir/src/initial/initial_ex_rotation.cpp.o[0m
[1.563s] [ 30%] [32mBuilding CXX object CMakeFiles/vins_lib.dir/src/estimator/parameters.cpp.o[0m
[1.563s] [ 34%] [32mBuilding CXX object CMakeFiles/vins_lib.dir/src/estimator/estimator.cpp.o[0m
[1.563s] [ 39%] [32mBuilding CXX object CMakeFiles/vins_lib.dir/src/estimator/feature_manager.cpp.o[0m
[1.563s] [ 43%] [32mBuilding CXX object CMakeFiles/vins_lib.dir/src/factor/projectionTwoFrameOneCamFactor.cpp.o[0m
[1.564s] [ 47%] [32mBuilding CXX object CMakeFiles/vins_lib.dir/src/factor/projectionTwoFrameTwoCamFactor.cpp.o[0m
[1.564s] [ 52%] [32mBuilding CXX object CMakeFiles/vins_lib.dir/src/factor/projectionOneFrameTwoCamFactor.cpp.o[0m
[1.564s] [ 56%] [32mBuilding CXX object CMakeFiles/vins_lib.dir/src/factor/marginalization_factor.cpp.o[0m
[1.565s] [ 65%] [32mBuilding CXX object CMakeFiles/vins_lib.dir/src/initial/solve_5pts.cpp.o[0m
[1.565s] [ 65%] [32mBuilding CXX object CMakeFiles/vins_lib.dir/src/utility/visualization.cpp.o[0m
[1.565s] [ 69%] [32mBuilding CXX object CMakeFiles/vins_lib.dir/src/featureTracker/feature_tracker.cpp.o[0m
[1.567s] In file included from [01m[K/home/deathstroke/vins-fusion-ros2/src/VINS-Fusion-ROS2-humble-arm/vins/src/utility/utility.cpp:10[m[K:
[1.567s] [01m[K/home/deathstroke/vins-fusion-ros2/src/VINS-Fusion-ROS2-humble-arm/vins/src/utility/utility.h:148:6:[m[K [01;35m[Kwarning: [m[Kextra ‘[01m[K;[m[K’ [[01;35m[K-Wpedantic[m[K]
[1.567s]   148 |     }[01;35m[K;[m[K
[1.567s]       |      [01;35m[K^[m[K
[1.567s]       |      [31m[K-[m[K
[1.568s] In file included from [01m[K/home/deathstroke/vins-fusion-ros2/src/VINS-Fusion-ROS2-humble-arm/vins/src/factor/pose_local_parameterization.h:14[m[K,
[1.568s]                  from [01m[K/home/deathstroke/vins-fusion-ros2/src/VINS-Fusion-ROS2-humble-arm/vins/src/factor/pose_local_parameterization.cpp:10[m[K:
[1.568s] [01m[K/home/deathstroke/vins-fusion-ros2/src/VINS-Fusion-ROS2-humble-arm/vins/src/factor/../utility/utility.h:148:6:[m[K [01;35m[Kwarning: [m[Kextra ‘[01m[K;[m[K’ [[01;35m[K-Wpedantic[m[K]
[1.568s]   148 |     }[01;35m[K;[m[K
[1.568s]       |      [01;35m[K^[m[K
[1.568s]       |      [31m[K-[m[K
[1.573s] In file included from [01m[K/home/deathstroke/vins-fusion-ros2/src/VINS-Fusion-ROS2-humble-arm/vins/src/estimator/parameters.h:15[m[K,
[1.573s]                  from [01m[K/home/deathstroke/vins-fusion-ros2/src/VINS-Fusion-ROS2-humble-arm/vins/src/estimator/parameters.cpp:10[m[K:
[1.573s] [01m[K/home/deathstroke/vins-fusion-ros2/src/VINS-Fusion-ROS2-humble-arm/vins/src/estimator/../utility/utility.h:148:6:[m[K [01;35m[Kwarning: [m[Kextra ‘[01m[K;[m[K’ [[01;35m[K-Wpedantic[m[K]
[1.573s]   148 |     }[01;35m[K;[m[K
[1.573s]       |      [01;35m[K^[m[K
[1.573s]       |      [31m[K-[m[K
[1.573s] In file included from [01m[K/home/deathstroke/vins-fusion-ros2/src/VINS-Fusion-ROS2-humble-arm/vins/src/initial/../estimator/parameters.h:15[m[K,
[1.573s]                  from [01m[K/home/deathstroke/vins-fusion-ros2/src/VINS-Fusion-ROS2-humble-arm/vins/src/initial/initial_ex_rotation.h:15[m[K,
[1.573s]                  from [01m[K/home/deathstroke/vins-fusion-ros2/src/VINS-Fusion-ROS2-humble-arm/vins/src/initial/initial_ex_rotation.cpp:12[m[K:
[1.573s] [01m[K/home/deathstroke/vins-fusion-ros2/src/VINS-Fusion-ROS2-humble-arm/vins/src/initial/../estimator/../utility/utility.h:148:6:[m[K [01;35m[Kwarning: [m[Kextra ‘[01m[K;[m[K’ [[01;35m[K-Wpedantic[m[K]
[1.573s]   148 |     }[01;35m[K;[m[K
[1.573s]       |      [01;35m[K^[m[K
[1.573s]       |      [31m[K-[m[K
[1.573s] In file included from [01m[K/home/deathstroke/vins-fusion-ros2/src/VINS-Fusion-ROS2-humble-arm/vins/src/initial/../factor/imu_factor.h:15[m[K,
[1.573s]                  from [01m[K/home/deathstroke/vins-fusion-ros2/src/VINS-Fusion-ROS2-humble-arm/vins/src/initial/initial_alignment.h:15[m[K,
[1.573s]                  from [01m[K/home/deathstroke/vins-fusion-ros2/src/VINS-Fusion-ROS2-humble-arm/vins/src/initial/initial_aligment.cpp:12[m[K:
[1.573s] [01m[K/home/deathstroke/vins-fusion-ros2/src/VINS-Fusion-ROS2-humble-arm/vins/src/initial/../factor/../utility/utility.h:148:6:[m[K [01;35m[Kwarning: [m[Kextra ‘[01m[K;[m[K’ [[01;35m[K-Wpedantic[m[K]
[1.573s]   148 |     }[01;35m[K;[m[K
[1.573s]       |      [01;35m[K^[m[K
[1.573s]       |      [31m[K-[m[K
[1.574s] In file included from [01m[K/home/deathstroke/vins-fusion-ros2/src/VINS-Fusion-ROS2-humble-arm/vins/src/factor/projectionTwoFrameOneCamFactor.h:17[m[K,
[1.574s]                  from [01m[K/home/deathstroke/vins-fusion-ros2/src/VINS-Fusion-ROS2-humble-arm/vins/src/factor/projectionTwoFrameOneCamFactor.cpp:12[m[K:
[1.574s] [01m[K/home/deathstroke/vins-fusion-ros2/src/VINS-Fusion-ROS2-humble-arm/vins/src/factor/../utility/utility.h:148:6:[m[K [01;35m[Kwarning: [m[Kextra ‘[01m[K;[m[K’ [[01;35m[K-Wpedantic[m[K]
[1.574s]   148 |     }[01;35m[K;[m[K
[1.574s]       |      [01;35m[K^[m[K
[1.574s]       |      [31m[K-[m[K
[1.577s] [01m[K/home/deathstroke/vins-fusion-ros2/src/VINS-Fusion-ROS2-humble-arm/vins/src/initial/initial_sfm.cpp:[m[K In member function ‘[01m[Kbool GlobalSFM::construct(int, Eigen::Quaterniond*, Eigen::Vector3d*, int, Eigen::Matrix3d, Eigen::Vector3d, std::vector<SFMFeature>&, std::map<int, Eigen::Matrix<double, 3, 1> >&)[m[K’:
[1.577s] [01m[K/home/deathstroke/vins-fusion-ros2/src/VINS-Fusion-ROS2-humble-arm/vins/src/initial/initial_sfm.cpp:147:18:[m[K [01;35m[Kwarning: [m[KISO C++ forbids variable length array ‘[01m[Kc_Rotation[m[K’ [[01;35m[K-Wvla[m[K]
[1.577s]   147 |         Matrix3d [01;35m[Kc_Rotation[m[K[frame_num];
[1.577s]       |                  [01;35m[K^~~~~~~~~~[m[K
[1.577s] [01m[K/home/deathstroke/vins-fusion-ros2/src/VINS-Fusion-ROS2-humble-arm/vins/src/initial/initial_sfm.cpp:148:18:[m[K [01;35m[Kwarning: [m[KISO C++ forbids variable length array ‘[01m[Kc_Translation[m[K’ [[01;35m[K-Wvla[m[K]
[1.577s]   148 |         Vector3d [01;35m[Kc_Translation[m[K[frame_num];
[1.577s]       |                  [01;35m[K^~~~~~~~~~~~~[m[K
[1.577s] [01m[K/home/deathstroke/vins-fusion-ros2/src/VINS-Fusion-ROS2-humble-arm/vins/src/initial/initial_sfm.cpp:149:21:[m[K [01;35m[Kwarning: [m[KISO C++ forbids variable length array ‘[01m[Kc_Quat[m[K’ [[01;35m[K-Wvla[m[K]
[1.577s]   149 |         Quaterniond [01;35m[Kc_Quat[m[K[frame_num];
[1.577s]       |                     [01;35m[K^~~~~~[m[K
[1.577s] [01m[K/home/deathstroke/vins-fusion-ros2/src/VINS-Fusion-ROS2-humble-arm/vins/src/initial/initial_sfm.cpp:150:16:[m[K [01;35m[Kwarning: [m[KISO C++ forbids variable length array ‘[01m[Kc_rotation[m[K’ [[01;35m[K-Wvla[m[K]
[1.577s]   150 |         double [01;35m[Kc_rotation[m[K[frame_num][4];
[1.577s]       |                [01;35m[K^~~~~~~~~~[m[K
[1.577s] [01m[K/home/deathstroke/vins-fusion-ros2/src/VINS-Fusion-ROS2-humble-arm/vins/src/initial/initial_sfm.cpp:151:16:[m[K [01;35m[Kwarning: [m[KISO C++ forbids variable length array ‘[01m[Kc_translation[m[K’ [[01;35m[K-Wvla[m[K]
[1.577s]   151 |         double [01;35m[Kc_translation[m[K[frame_num][3];
[1.577s]       |                [01;35m[K^~~~~~~~~~~~~[m[K
[1.577s] [01m[K/home/deathstroke/vins-fusion-ros2/src/VINS-Fusion-ROS2-humble-arm/vins/src/initial/initial_sfm.cpp:152:37:[m[K [01;35m[Kwarning: [m[KISO C++ forbids variable length array ‘[01m[KPose[m[K’ [[01;35m[K-Wvla[m[K]
[1.577s]   152 |         Eigen::Matrix<double, 3, 4> [01;35m[KPose[m[K[frame_num];
[1.577s]       |                                     [01;35m[K^~~~[m[K
[1.577s] [01m[K/home/deathstroke/vins-fusion-ros2/src/VINS-Fusion-ROS2-humble-arm/vins/src/initial/initial_sfm.cpp:245:39:[m[K [01;35m[Kwarning: [m[K‘[01m[KLocalParameterization[m[K’ is deprecated: LocalParameterizations will be removed from the Ceres Solver API in version 2.2.0. Use Manifolds instead. [[01;35m[K-Wdeprecated-declarations[m[K]
[1.578s]   245 |         ceres::LocalParameterization* [01;35m[Klocal_parameterization[m[K = new ceres::QuaternionParameterization();
[1.578s]       |                                       [01;35m[K^~~~~~~~~~~~~~~~~~~~~~[m[K
[1.578s] In file included from [01m[K/usr/local/include/ceres/autodiff_local_parameterization.h:39[m[K,
[1.578s]                  from [01m[K/usr/local/include/ceres/ceres.h:39[m[K,
[1.578s]                  from [01m[K/home/deathstroke/vins-fusion-ros2/src/VINS-Fusion-ROS2-humble-arm/vins/src/initial/initial_sfm.h:13[m[K,
[1.578s]                  from [01m[K/home/deathstroke/vins-fusion-ros2/src/VINS-Fusion-ROS2-humble-arm/vins/src/initial/initial_sfm.cpp:12[m[K:
[1.578s] [01m[K/usr/local/include/ceres/local_parameterization.h:121:18:[m[K [01;36m[Knote: [m[Kdeclared here
[1.578s]   121 |     CERES_EXPORT [01;36m[KLocalParameterization[m[K {
[1.578s]       |                  [01;36m[K^~~~~~~~~~~~~~~~~~~~~[m[K
[1.578s] [01m[K/home/deathstroke/vins-fusion-ros2/src/VINS-Fusion-ROS2-humble-arm/vins/src/initial/initial_sfm.cpp:245:75:[m[K [01;35m[Kwarning: [m[K‘[01m[KQuaternionParameterization[m[K’ is deprecated: Use QuaternionManifold instead. [[01;35m[K-Wdeprecated-declarations[m[K]
[1.578s]   245 |         ceres::LocalParameterization* local_parameterization = new ceres::[01;35m[KQuaternionParameterization[m[K();
[1.578s]       |                                                                           [01;35m[K^~~~~~~~~~~~~~~~~~~~~~~~~~[m[K
[1.578s] In file included from [01m[K/usr/local/include/ceres/autodiff_local_parameterization.h:39[m[K,
[1.578s]                  from [01m[K/usr/local/include/ceres/ceres.h:39[m[K,
[1.578s]                  from [01m[K/home/deathstroke/vins-fusion-ros2/src/VINS-Fusion-ROS2-humble-arm/vins/src/initial/initial_sfm.h:13[m[K,
[1.578s]                  from [01m[K/home/deathstroke/vins-fusion-ros2/src/VINS-Fusion-ROS2-humble-arm/vins/src/initial/initial_sfm.cpp:12[m[K:
[1.578s] [01m[K/usr/local/include/ceres/local_parameterization.h:211:18:[m[K [01;36m[Knote: [m[Kdeclared here
[1.578s]   211 |     CERES_EXPORT [01;36m[KQuaternionParameterization[m[K : public LocalParameterization {
[1.578s]       |                  [01;36m[K^~~~~~~~~~~~~~~~~~~~~~~~~~[m[K
[1.578s] [01m[K/home/deathstroke/vins-fusion-ros2/src/VINS-Fusion-ROS2-humble-arm/vins/src/initial/initial_sfm.cpp:257:42:[m[K [01;35m[Kwarning: [m[K‘[01m[Kvoid ceres::Problem::AddParameterBlock(double*, int, ceres::LocalParameterization*)[m[K’ is deprecated: LocalParameterizations are deprecated. Use the version with Manifolds instead. [[01;35m[K-Wdeprecated-declarations[m[K]
[1.578s]   257 |                 [01;35m[Kproblem.AddParameterBlock(c_rotation[i], 4, local_parameterization)[m[K;
[1.578s]       |                 [01;35m[K~~~~~~~~~~~~~~~~~~~~~~~~~^~~~~~~~~~~~~~~~~~~~~~~~~~~~~~~~~~~~~~~~~~[m[K
[1.578s] In file included from [01m[K/usr/local/include/ceres/ceres.h:66[m[K,
[1.579s]                  from [01m[K/home/deathstroke/vins-fusion-ros2/src/VINS-Fusion-ROS2-humble-arm/vins/src/initial/initial_sfm.h:13[m[K,
[1.579s]                  from [01m[K/home/deathstroke/vins-fusion-ros2/src/VINS-Fusion-ROS2-humble-arm/vins/src/initial/initial_sfm.cpp:12[m[K:
[1.579s] [01m[K/usr/local/include/ceres/problem.h:302:8:[m[K [01;36m[Knote: [m[Kdeclared here
[1.579s]   302 |   void [01;36m[KAddParameterBlock[m[K(double* values,
[1.579s]       |        [01;36m[K^~~~~~~~~~~~~~~~~[m[K
[1.579s] In file included from [01m[K/home/deathstroke/vins-fusion-ros2/src/VINS-Fusion-ROS2-humble-arm/vins/src/factor/marginalization_factor.h:19[m[K,
[1.579s]                  from [01m[K/home/deathstroke/vins-fusion-ros2/src/VINS-Fusion-ROS2-humble-arm/vins/src/factor/marginalization_factor.cpp:10[m[K:
[1.579s] [01m[K/home/deathstroke/vins-fusion-ros2/src/VINS-Fusion-ROS2-humble-arm/vins/src/factor/../utility/utility.h:148:6:[m[K [01;35m[Kwarning: [m[Kextra ‘[01m[K;[m[K’ [[01;35m[K-Wpedantic[m[K]
[1.579s]   148 |     }[01;35m[K;[m[K
[1.579s]       |      [01;35m[K^[m[K
[1.579s]       |      [31m[K-[m[K
[1.582s] In file included from [01m[K/home/deathstroke/vins-fusion-ros2/src/VINS-Fusion-ROS2-humble-arm/vins/src/estimator/parameters.h:15[m[K,
[1.582s]                  from [01m[K/home/deathstroke/vins-fusion-ros2/src/VINS-Fusion-ROS2-humble-arm/vins/src/estimator/feature_manager.h:25[m[K,
[1.582s]                  from [01m[K/home/deathstroke/vins-fusion-ros2/src/VINS-Fusion-ROS2-humble-arm/vins/src/estimator/feature_manager.cpp:10[m[K:
[1.582s] [01m[K/home/deathstroke/vins-fusion-ros2/src/VINS-Fusion-ROS2-humble-arm/vins/src/estimator/../utility/utility.h:148:6:[m[K [01;35m[Kwarning: [m[Kextra ‘[01m[K;[m[K’ [[01;35m[K-Wpedantic[m[K]
[1.582s]   148 |     }[01;35m[K;[m[K
[1.582s]       |      [01;35m[K^[m[K
[1.582s]       |      [31m[K-[m[K
[1.583s] In file included from [01m[K/home/deathstroke/vins-fusion-ros2/src/VINS-Fusion-ROS2-humble-arm/vins/src/factor/projectionOneFrameTwoCamFactor.h:17[m[K,
[1.583s]                  from [01m[K/home/deathstroke/vins-fusion-ros2/src/VINS-Fusion-ROS2-humble-arm/vins/src/factor/projectionOneFrameTwoCamFactor.cpp:12[m[K:
[1.583s] [01m[K/home/deathstroke/vins-fusion-ros2/src/VINS-Fusion-ROS2-humble-arm/vins/src/factor/../utility/utility.h:148:6:[m[K [01;35m[Kwarning: [m[Kextra ‘[01m[K;[m[K’ [[01;35m[K-Wpedantic[m[K]
[1.583s]   148 |     }[01;35m[K;[m[K
[1.583s]       |      [01;35m[K^[m[K
[1.583s]       |      [31m[K-[m[K
[1.583s] In file included from [01m[K/home/deathstroke/vins-fusion-ros2/src/VINS-Fusion-ROS2-humble-arm/vins/src/factor/projectionTwoFrameTwoCamFactor.h:17[m[K,
[1.583s]                  from [01m[K/home/deathstroke/vins-fusion-ros2/src/VINS-Fusion-ROS2-humble-arm/vins/src/factor/projectionTwoFrameTwoCamFactor.cpp:12[m[K:
[1.583s] [01m[K/home/deathstroke/vins-fusion-ros2/src/VINS-Fusion-ROS2-humble-arm/vins/src/factor/../utility/utility.h:148:6:[m[K [01;35m[Kwarning: [m[Kextra ‘[01m[K;[m[K’ [[01;35m[K-Wpedantic[m[K]
[1.584s]   148 |     }[01;35m[K;[m[K
[1.584s]       |      [01;35m[K^[m[K
[1.584s]       |      [31m[K-[m[K
[1.584s] In file included from [01m[K/home/deathstroke/vins-fusion-ros2/src/VINS-Fusion-ROS2-humble-arm/vins/src/estimator/parameters.h:15[m[K,
[1.584s]                  from [01m[K/home/deathstroke/vins-fusion-ros2/src/VINS-Fusion-ROS2-humble-arm/vins/src/estimator/estimator.h:23[m[K,
[1.584s]                  from [01m[K/home/deathstroke/vins-fusion-ros2/src/VINS-Fusion-ROS2-humble-arm/vins/src/estimator/estimator.cpp:10[m[K:
[1.584s] [01m[K/home/deathstroke/vins-fusion-ros2/src/VINS-Fusion-ROS2-humble-arm/vins/src/estimator/../utility/utility.h:148:6:[m[K [01;35m[Kwarning: [m[Kextra ‘[01m[K;[m[K’ [[01;35m[K-Wpedantic[m[K]
[1.584s]   148 |     }[01;35m[K;[m[K
[1.585s]       |      [01;35m[K^[m[K
[1.585s]       |      [31m[K-[m[K
[1.585s] [01m[K/home/deathstroke/vins-fusion-ros2/src/VINS-Fusion-ROS2-humble-arm/vins/src/estimator/estimator.cpp:[m[K In member function ‘[01m[Kbool Estimator::initialStructure()[m[K’:
[1.585s] [01m[K/home/deathstroke/vins-fusion-ros2/src/VINS-Fusion-ROS2-humble-arm/vins/src/estimator/estimator.cpp:663:17:[m[K [01;35m[Kwarning: [m[KISO C++ forbids variable length array ‘[01m[KQ[m[K’ [[01;35m[K-Wvla[m[K]
[1.585s]   663 |     Quaterniond [01;35m[KQ[m[K[frame_count + 1];
[1.585s]       |                 [01;35m[K^[m[K
[1.585s] [01m[K/home/deathstroke/vins-fusion-ros2/src/VINS-Fusion-ROS2-humble-arm/vins/src/estimator/estimator.cpp:664:14:[m[K [01;35m[Kwarning: [m[KISO C++ forbids variable length array ‘[01m[KT[m[K’ [[01;35m[K-Wvla[m[K]
[1.585s]   664 |     Vector3d [01;35m[KT[m[K[frame_count + 1];
[1.585s]       |              [01;35m[K^[m[K
[1.585s] [01m[K/home/deathstroke/vins-fusion-ros2/src/VINS-Fusion-ROS2-humble-arm/vins/src/estimator/estimator.cpp:[m[K In member function ‘[01m[Kvoid Estimator::optimization()[m[K’:
[1.585s] [01m[K/home/deathstroke/vins-fusion-ros2/src/VINS-Fusion-ROS2-humble-arm/vins/src/estimator/estimator.cpp:1071:39:[m[K [01;35m[Kwarning: [m[K‘[01m[KLocalParameterization[m[K’ is deprecated: LocalParameterizations will be removed from the Ceres Solver API in version 2.2.0. Use Manifolds instead. [[01;35m[K-Wdeprecated-declarations[m[K]
[1.585s]  1071 |         ceres::LocalParameterization *[01;35m[Klocal_parameterization[m[K = new PoseLocalParameterization();
[1.585s]       |                                       [01;35m[K^~~~~~~~~~~~~~~~~~~~~~[m[K
[1.585s] In file included from [01m[K/usr/local/include/ceres/autodiff_local_parameterization.h:39[m[K,
[1.585s]                  from [01m[K/usr/local/include/ceres/ceres.h:39[m[K,
[1.585s]                  from [01m[K/home/deathstroke/vins-fusion-ros2/src/VINS-Fusion-ROS2-humble-arm/vins/src/estimator/estimator.h:16[m[K,
[1.585s]                  from [01m[K/home/deathstroke/vins-fusion-ros2/src/VINS-Fusion-ROS2-humble-arm/vins/src/estimator/estimator.cpp:10[m[K:
[1.585s] [01m[K/usr/local/include/ceres/local_parameterization.h:121:18:[m[K [01;36m[Knote: [m[Kdeclared here
[1.585s]   121 |     CERES_EXPORT [01;36m[KLocalParameterization[m[K {
[1.585s]       |                  [01;36m[K^~~~~~~~~~~~~~~~~~~~~[m[K
[1.585s] [01m[K/home/deathstroke/vins-fusion-ros2/src/VINS-Fusion-ROS2-humble-arm/vins/src/estimator/estimator.cpp:1072:34:[m[K [01;35m[Kwarning: [m[K‘[01m[Kvoid ceres::Problem::AddParameterBlock(double*, int, ceres::LocalParameterization*)[m[K’ is deprecated: LocalParameterizations are deprecated. Use the version with Manifolds instead. [[01;35m[K-Wdeprecated-declarations[m[K]
[1.585s]  1072 |         [01;35m[Kproblem.AddParameterBlock(para_Pose[i], SIZE_POSE, local_parameterization)[m[K;
[1.585s]       |         [01;35m[K~~~~~~~~~~~~~~~~~~~~~~~~~^~~~~~~~~~~~~~~~~~~~~~~~~~~~~~~~~~~~~~~~~~~~~~~~~[m[K
[1.586s] In file included from [01m[K/usr/local/include/ceres/ceres.h:66[m[K,
[1.586s]                  from [01m[K/home/deathstroke/vins-fusion-ros2/src/VINS-Fusion-ROS2-humble-arm/vins/src/estimator/estimator.h:16[m[K,
[1.586s]                  from [01m[K/home/deathstroke/vins-fusion-ros2/src/VINS-Fusion-ROS2-humble-arm/vins/src/estimator/estimator.cpp:10[m[K:
[1.586s] [01m[K/usr/local/include/ceres/problem.h:302:8:[m[K [01;36m[Knote: [m[Kdeclared here
[1.586s]   302 |   void [01;36m[KAddParameterBlock[m[K(double* values,
[1.586s]       |        [01;36m[K^~~~~~~~~~~~~~~~~[m[K
[1.586s] [01m[K/home/deathstroke/vins-fusion-ros2/src/VINS-Fusion-ROS2-humble-arm/vins/src/estimator/estimator.cpp:1081:39:[m[K [01;35m[Kwarning: [m[K‘[01m[KLocalParameterization[m[K’ is deprecated: LocalParameterizations will be removed from the Ceres Solver API in version 2.2.0. Use Manifolds instead. [[01;35m[K-Wdeprecated-declarations[m[K]
[1.586s]  1081 |         ceres::LocalParameterization *[01;35m[Klocal_parameterization[m[K = new PoseLocalParameterization();
[1.586s]       |                                       [01;35m[K^~~~~~~~~~~~~~~~~~~~~~[m[K
[1.586s] In file included from [01m[K/usr/local/include/ceres/autodiff_local_parameterization.h:39[m[K,
[1.586s]                  from [01m[K/usr/local/include/ceres/ceres.h:39[m[K,
[1.586s]                  from [01m[K/home/deathstroke/vins-fusion-ros2/src/VINS-Fusion-ROS2-humble-arm/vins/src/estimator/estimator.h:16[m[K,
[1.586s]                  from [01m[K/home/deathstroke/vins-fusion-ros2/src/VINS-Fusion-ROS2-humble-arm/vins/src/estimator/estimator.cpp:10[m[K:
[1.586s] [01m[K/usr/local/include/ceres/local_parameterization.h:121:18:[m[K [01;36m[Knote: [m[Kdeclared here
[1.586s]   121 |     CERES_EXPORT [01;36m[KLocalParameterization[m[K {
[1.586s]       |                  [01;36m[K^~~~~~~~~~~~~~~~~~~~~[m[K
[1.586s] [01m[K/home/deathstroke/vins-fusion-ros2/src/VINS-Fusion-ROS2-humble-arm/vins/src/estimator/estimator.cpp:1082:34:[m[K [01;35m[Kwarning: [m[K‘[01m[Kvoid ceres::Problem::AddParameterBlock(double*, int, ceres::LocalParameterization*)[m[K’ is deprecated: LocalParameterizations are deprecated. Use the version with Manifolds instead. [[01;35m[K-Wdeprecated-declarations[m[K]
[1.586s]  1082 |         [01;35m[Kproblem.AddParameterBlock(para_Ex_Pose[i], SIZE_POSE, local_parameterization)[m[K;
[1.586s]       |         [01;35m[K~~~~~~~~~~~~~~~~~~~~~~~~~^~~~~~~~~~~~~~~~~~~~~~~~~~~~~~~~~~~~~~~~~~~~~~~~~~~~[m[K
[1.586s] In file included from [01m[K/usr/local/include/ceres/ceres.h:66[m[K,
[1.586s]                  from [01m[K/home/deathstroke/vins-fusion-ros2/src/VINS-Fusion-ROS2-humble-arm/vins/src/estimator/estimator.h:16[m[K,
[1.586s]                  from [01m[K/home/deathstroke/vins-fusion-ros2/src/VINS-Fusion-ROS2-humble-arm/vins/src/estimator/estimator.cpp:10[m[K:
[1.586s] [01m[K/usr/local/include/ceres/problem.h:302:8:[m[K [01;36m[Knote: [m[Kdeclared here
[1.587s]   302 |   void [01;36m[KAddParameterBlock[m[K(double* values,
[1.587s]       |        [01;36m[K^~~~~~~~~~~~~~~~~[m[K
[1.587s] In file included from [01m[K/home/deathstroke/vins-fusion-ros2/src/VINS-Fusion-ROS2-humble-arm/vins/src/featureTracker/../estimator/parameters.h:15[m[K,
[1.587s]                  from [01m[K/home/deathstroke/vins-fusion-ros2/src/VINS-Fusion-ROS2-humble-arm/vins/src/featureTracker/feature_tracker.h:34[m[K,
[1.587s]                  from [01m[K/home/deathstroke/vins-fusion-ros2/src/VINS-Fusion-ROS2-humble-arm/vins/src/featureTracker/feature_tracker.cpp:12[m[K:
[1.587s] [01m[K/home/deathstroke/vins-fusion-ros2/src/VINS-Fusion-ROS2-humble-arm/vins/src/featureTracker/../estimator/../utility/utility.h:148:6:[m[K [01;35m[Kwarning: [m[Kextra ‘[01m[K;[m[K’ [[01;35m[K-Wpedantic[m[K]
[1.587s]   148 |     }[01;35m[K;[m[K
[1.587s]       |      [01;35m[K^[m[K
[1.587s]       |      [31m[K-[m[K
[1.587s] In file included from [01m[K/home/deathstroke/vins-fusion-ros2/src/VINS-Fusion-ROS2-humble-arm/vins/src/utility/../estimator/parameters.h:15[m[K,
[1.587s]                  from [01m[K/home/deathstroke/vins-fusion-ros2/src/VINS-Fusion-ROS2-humble-arm/vins/src/utility/../estimator/estimator.h:23[m[K,
[1.587s]                  from [01m[K/home/deathstroke/vins-fusion-ros2/src/VINS-Fusion-ROS2-humble-arm/vins/src/utility/visualization.h:31[m[K,
[1.587s]                  from [01m[K/home/deathstroke/vins-fusion-ros2/src/VINS-Fusion-ROS2-humble-arm/vins/src/utility/visualization.cpp:10[m[K:
[1.587s] [01m[K/home/deathstroke/vins-fusion-ros2/src/VINS-Fusion-ROS2-humble-arm/vins/src/utility/../estimator/../utility/utility.h:148:6:[m[K [01;35m[Kwarning: [m[Kextra ‘[01m[K;[m[K’ [[01;35m[K-Wpedantic[m[K]
[1.587s]   148 |     }[01;35m[K;[m[K
[1.587s]       |      [01;35m[K^[m[K
[1.587s]       |      [31m[K-[m[K
[1.595s] [ 73%] [32m[1mLinking CXX static library libvins_lib.a[0m
[1.649s] [ 73%] Built target vins_lib
[1.670s] [ 86%] [32mBuilding CXX object CMakeFiles/kitti_odom_test.dir/src/KITTIOdomTest.cpp.o[0m
[1.670s] [ 86%] [32mBuilding CXX object CMakeFiles/vins_node.dir/src/rosNodeTest.cpp.o[0m
[1.670s] [ 86%] [32mBuilding CXX object CMakeFiles/kitti_gps_test.dir/src/KITTIGPSTest.cpp.o[0m
[1.683s] In file included from [01m[K/home/deathstroke/vins-fusion-ros2/src/VINS-Fusion-ROS2-humble-arm/vins/src/estimator/parameters.h:15[m[K,
[1.683s]                  from [01m[K/home/deathstroke/vins-fusion-ros2/src/VINS-Fusion-ROS2-humble-arm/vins/src/estimator/estimator.h:23[m[K,
[1.683s]                  from [01m[K/home/deathstroke/vins-fusion-ros2/src/VINS-Fusion-ROS2-humble-arm/vins/src/KITTIGPSTest.cpp:20[m[K:
[1.683s] [01m[K/home/deathstroke/vins-fusion-ros2/src/VINS-Fusion-ROS2-humble-arm/vins/src/estimator/../utility/utility.h:148:6:[m[K [01;35m[Kwarning: [m[Kextra ‘[01m[K;[m[K’ [[01;35m[K-Wpedantic[m[K]
[1.683s]   148 |     }[01;35m[K;[m[K
[1.683s]       |      [01;35m[K^[m[K
[1.683s]       |      [31m[K-[m[K
[1.683s] [01m[K/home/deathstroke/vins-fusion-ros2/src/VINS-Fusion-ROS2-humble-arm/vins/src/KITTIGPSTest.cpp:[m[K In function ‘[01m[Kint main(int, char**)[m[K’:
[1.683s] [01m[K/home/deathstroke/vins-fusion-ros2/src/VINS-Fusion-ROS2-humble-arm/vins/src/KITTIGPSTest.cpp:146:31:[m[K [01;35m[Kwarning: [m[Kignoring return value of ‘[01m[Kint fscanf(FILE*, const char*, ...)[m[K’ declared with attribute ‘[01m[Kwarn_unused_result[m[K’ [[01;35m[K-Wunused-result[m[K]
[1.683s]   146 |                         [01;35m[Kfscanf(GPSFile, "%lf %lf %lf %lf %lf %lf ", &lat, &lon, &alt, &roll, &pitch, &yaw)[m[K;
[1.683s]       |                         [01;35m[K~~~~~~^~~~~~~~~~~~~~~~~~~~~~~~~~~~~~~~~~~~~~~~~~~~~~~~~~~~~~~~~~~~~~~~~~~~~~~~~~~~[m[K
[1.683s] [01m[K/home/deathstroke/vins-fusion-ros2/src/VINS-Fusion-ROS2-humble-arm/vins/src/KITTIGPSTest.cpp:148:31:[m[K [01;35m[Kwarning: [m[Kignoring return value of ‘[01m[Kint fscanf(FILE*, const char*, ...)[m[K’ declared with attribute ‘[01m[Kwarn_unused_result[m[K’ [[01;35m[K-Wunused-result[m[K]
[1.683s]   148 |                         [01;35m[Kfscanf(GPSFile, "%lf %lf %lf %lf %lf ", &vn, &ve, &vf, &vl, &vu)[m[K;
[1.683s]       |                         [01;35m[K~~~~~~^~~~~~~~~~~~~~~~~~~~~~~~~~~~~~~~~~~~~~~~~~~~~~~~~~~~~~~~~~[m[K
[1.683s] [01m[K/home/deathstroke/vins-fusion-ros2/src/VINS-Fusion-ROS2-humble-arm/vins/src/KITTIGPSTest.cpp:150:31:[m[K [01;35m[Kwarning: [m[Kignoring return value of ‘[01m[Kint fscanf(FILE*, const char*, ...)[m[K’ declared with attribute ‘[01m[Kwarn_unused_result[m[K’ [[01;35m[K-Wunused-result[m[K]
[1.683s]   150 |                         [01;35m[Kfscanf(GPSFile, "%lf %lf %lf %lf %lf %lf ", &ax, &ay, &az, &af, &al, &au)[m[K;
[1.684s]       |                         [01;35m[K~~~~~~^~~~~~~~~~~~~~~~~~~~~~~~~~~~~~~~~~~~~~~~~~~~~~~~~~~~~~~~~~~~~~~~~~~[m[K
[1.684s] [01m[K/home/deathstroke/vins-fusion-ros2/src/VINS-Fusion-ROS2-humble-arm/vins/src/KITTIGPSTest.cpp:152:31:[m[K [01;35m[Kwarning: [m[Kignoring return value of ‘[01m[Kint fscanf(FILE*, const char*, ...)[m[K’ declared with attribute ‘[01m[Kwarn_unused_result[m[K’ [[01;35m[K-Wunused-result[m[K]
[1.684s]   152 |                         [01;35m[Kfscanf(GPSFile, "%lf %lf %lf %lf %lf %lf ", &wx, &wy, &wz, &wf, &wl, &wu)[m[K;
[1.684s]       |                         [01;35m[K~~~~~~^~~~~~~~~~~~~~~~~~~~~~~~~~~~~~~~~~~~~~~~~~~~~~~~~~~~~~~~~~~~~~~~~~~[m[K
[1.684s] [01m[K/home/deathstroke/vins-fusion-ros2/src/VINS-Fusion-ROS2-humble-arm/vins/src/KITTIGPSTest.cpp:154:31:[m[K [01;35m[Kwarning: [m[Kignoring return value of ‘[01m[Kint fscanf(FILE*, const char*, ...)[m[K’ declared with attribute ‘[01m[Kwarn_unused_result[m[K’ [[01;35m[K-Wunused-result[m[K]
[1.684s]   154 |                         [01;35m[Kfscanf(GPSFile, "%lf %lf %lf %lf %lf %lf ", &pos_accuracy, &vel_accuracy, &navstat, &numsats, &velmode, &orimode)[m[K;
[1.684s]       |                         [01;35m[K~~~~~~^~~~~~~~~~~~~~~~~~~~~~~~~~~~~~~~~~~~~~~~~~~~~~~~~~~~~~~~~~~~~~~~~~~~~~~~~~~~~~~~~~~~~~~~~~~~~~~~~~~~~~~~~~~[m[K
[1.687s] In file included from [01m[K/home/deathstroke/vins-fusion-ros2/src/VINS-Fusion-ROS2-humble-arm/vins/src/estimator/parameters.h:15[m[K,
[1.687s]                  from [01m[K/home/deathstroke/vins-fusion-ros2/src/VINS-Fusion-ROS2-humble-arm/vins/src/estimator/estimator.h:23[m[K,
[1.687s]                  from [01m[K/home/deathstroke/vins-fusion-ros2/src/VINS-Fusion-ROS2-humble-arm/vins/src/KITTIOdomTest.cpp:20[m[K:
[1.687s] [01m[K/home/deathstroke/vins-fusion-ros2/src/VINS-Fusion-ROS2-humble-arm/vins/src/estimator/../utility/utility.h:148:6:[m[K [01;35m[Kwarning: [m[Kextra ‘[01m[K;[m[K’ [[01;35m[K-Wpedantic[m[K]
[1.687s]   148 |     }[01;35m[K;[m[K
[1.687s]       |      [01;35m[K^[m[K
[1.687s]       |      [31m[K-[m[K
[1.691s] [ 91%] [32m[1mLinking CXX executable kitti_gps_test[0m
[1.692s] [ 95%] [32m[1mLinking CXX executable kitti_odom_test[0m
[1.989s] /usr/bin/ld: warning: libopencv_imgcodecs.so.4.5d, needed by /opt/ros/humble/lib/libcv_bridge.so, may conflict with libopencv_imgcodecs.so.410
[1.989s] /usr/bin/ld: warning: libopencv_imgproc.so.4.5d, needed by /opt/ros/humble/lib/libcv_bridge.so, may conflict with libopencv_imgproc.so.410
[1.989s] /usr/bin/ld: warning: libopencv_core.so.4.5d, needed by /opt/ros/humble/lib/libcv_bridge.so, may conflict with libopencv_core.so.410
[1.995s] /usr/bin/ld: warning: libopencv_imgcodecs.so.4.5d, needed by /opt/ros/humble/lib/libcv_bridge.so, may conflict with libopencv_imgcodecs.so.410
[1.995s] /usr/bin/ld: warning: libopencv_imgproc.so.4.5d, needed by /opt/ros/humble/lib/libcv_bridge.so, may conflict with libopencv_imgproc.so.410
[1.995s] /usr/bin/ld: warning: libopencv_core.so.4.5d, needed by /opt/ros/humble/lib/libcv_bridge.so, may conflict with libopencv_core.so.410
[2.516s] [ 95%] Built target kitti_odom_test
[2.521s] [ 95%] Built target kitti_gps_test
[16.312s] In file included from [01m[K/home/deathstroke/vins-fusion-ros2/src/VINS-Fusion-ROS2-humble-arm/vins/src/estimator/parameters.h:15[m[K,
[16.312s]                  from [01m[K/home/deathstroke/vins-fusion-ros2/src/VINS-Fusion-ROS2-humble-arm/vins/src/estimator/estimator.h:23[m[K,
[16.312s]                  from [01m[K/home/deathstroke/vins-fusion-ros2/src/VINS-Fusion-ROS2-humble-arm/vins/src/rosNodeTest.cpp:20[m[K:
[16.312s] [01m[K/home/deathstroke/vins-fusion-ros2/src/VINS-Fusion-ROS2-humble-arm/vins/src/estimator/../utility/utility.h:148:6:[m[K [01;35m[Kwarning: [m[Kextra ‘[01m[K;[m[K’ [[01;35m[K-Wpedantic[m[K]
[16.312s]   148 |     }[01;35m[K;[m[K
[16.312s]       |      [01;35m[K^[m[K
[16.312s]       |      [31m[K-[m[K
[16.312s] [01m[K/home/deathstroke/vins-fusion-ros2/src/VINS-Fusion-ROS2-humble-arm/vins/src/rosNodeTest.cpp:27:30:[m[K [01;35m[Kwarning: [m[K‘[01m[Ksensor_msgs::msg::Imu_<std::allocator<void> >::ConstPtr[m[K’ is deprecated [[01;35m[K-Wdeprecated-declarations[m[K]
[16.312s]    27 | queue<sensor_msgs::msg::Imu::[01;35m[KConstPtr[m[K> imu_buf;
[16.312s]       |                              [01;35m[K^~~~~~~~[m[K
[16.313s] In file included from [01m[K/home/deathstroke/rust_ws/install/sensor_msgs/include/sensor_msgs/sensor_msgs/msg/imu.hpp:7[m[K,
[16.313s]                  from [01m[K/home/deathstroke/vins-fusion-ros2/src/VINS-Fusion-ROS2-humble-arm/vins/src/utility/visualization.h:16[m[K,
[16.313s]                  from [01m[K/home/deathstroke/vins-fusion-ros2/src/VINS-Fusion-ROS2-humble-arm/vins/src/rosNodeTest.cpp:22[m[K:
[16.313s] [01m[K/home/deathstroke/rust_ws/install/sensor_msgs/include/sensor_msgs/sensor_msgs/msg/detail/imu__struct.hpp:182:5:[m[K [01;36m[Knote: [m[Kdeclared here
[16.313s]   182 |     [01;36m[KConstPtr[m[K;
[16.313s]       |     [01;36m[K^~~~~~~~[m[K
[16.313s] [01m[K/home/deathstroke/vins-fusion-ros2/src/VINS-Fusion-ROS2-humble-arm/vins/src/rosNodeTest.cpp:28:37:[m[K [01;35m[Kwarning: [m[K‘[01m[Ksensor_msgs::msg::PointCloud_<std::allocator<void> >::ConstPtr[m[K’ is deprecated [[01;35m[K-Wdeprecated-declarations[m[K]
[16.313s]    28 | queue<sensor_msgs::msg::PointCloud::[01;35m[KConstPtr[m[K> feature_buf;
[16.313s]       |                                     [01;35m[K^~~~~~~~[m[K
[16.313s] In file included from [01m[K/home/deathstroke/rust_ws/install/sensor_msgs/include/sensor_msgs/sensor_msgs/msg/point_cloud.hpp:7[m[K,
[16.313s]                  from [01m[K/home/deathstroke/vins-fusion-ros2/src/VINS-Fusion-ROS2-humble-arm/vins/src/utility/visualization.h:17[m[K,
[16.313s]                  from [01m[K/home/deathstroke/vins-fusion-ros2/src/VINS-Fusion-ROS2-humble-arm/vins/src/rosNodeTest.cpp:22[m[K:
[16.313s] [01m[K/home/deathstroke/rust_ws/install/sensor_msgs/include/sensor_msgs/sensor_msgs/msg/detail/point_cloud__struct.hpp:124:5:[m[K [01;36m[Knote: [m[Kdeclared here
[16.313s]   124 |     [01;36m[KConstPtr[m[K;
[16.313s]       |     [01;36m[K^~~~~~~~[m[K
[16.313s] [01m[K/home/deathstroke/vins-fusion-ros2/src/VINS-Fusion-ROS2-humble-arm/vins/src/rosNodeTest.cpp:29:32:[m[K [01;35m[Kwarning: [m[K‘[01m[Ksensor_msgs::msg::Image_<std::allocator<void> >::ConstPtr[m[K’ is deprecated [[01;35m[K-Wdeprecated-declarations[m[K]
[16.313s]    29 | queue<sensor_msgs::msg::Image::[01;35m[KConstPtr[m[K> img0_buf;
[16.313s]       |                                [01;35m[K^~~~~~~~[m[K
[16.313s] In file included from [01m[K/home/deathstroke/rust_ws/install/sensor_msgs/include/sensor_msgs/sensor_msgs/msg/image.hpp:7[m[K,
[16.313s]                  from [01m[K/opt/ros/humble/include/cv_bridge/cv_bridge/cv_bridge.h:40[m[K,
[16.313s]                  from [01m[K/home/deathstroke/vins-fusion-ros2/src/VINS-Fusion-ROS2-humble-arm/vins/src/rosNodeTest.cpp:18[m[K:
[16.313s] [01m[K/home/deathstroke/rust_ws/install/sensor_msgs/include/sensor_msgs/sensor_msgs/msg/detail/image__struct.hpp:173:5:[m[K [01;36m[Knote: [m[Kdeclared here
[16.313s]   173 |     [01;36m[KConstPtr[m[K;
[16.313s]       |     [01;36m[K^~~~~~~~[m[K
[16.313s] [01m[K/home/deathstroke/vins-fusion-ros2/src/VINS-Fusion-ROS2-humble-arm/vins/src/rosNodeTest.cpp:30:32:[m[K [01;35m[Kwarning: [m[K‘[01m[Ksensor_msgs::msg::Image_<std::allocator<void> >::ConstPtr[m[K’ is deprecated [[01;35m[K-Wdeprecated-declarations[m[K]
[16.313s]    30 | queue<sensor_msgs::msg::Image::[01;35m[KConstPtr[m[K> img1_buf;
[16.313s]       |                                [01;35m[K^~~~~~~~[m[K
[16.313s] In file included from [01m[K/home/deathstroke/rust_ws/install/sensor_msgs/include/sensor_msgs/sensor_msgs/msg/image.hpp:7[m[K,
[16.313s]                  from [01m[K/opt/ros/humble/include/cv_bridge/cv_bridge/cv_bridge.h:40[m[K,
[16.313s]                  from [01m[K/home/deathstroke/vins-fusion-ros2/src/VINS-Fusion-ROS2-humble-arm/vins/src/rosNodeTest.cpp:18[m[K:
[16.313s] [01m[K/home/deathstroke/rust_ws/install/sensor_msgs/include/sensor_msgs/sensor_msgs/msg/detail/image__struct.hpp:173:5:[m[K [01;36m[Knote: [m[Kdeclared here
[16.313s]   173 |     [01;36m[KConstPtr[m[K;
[16.313s]       |     [01;36m[K^~~~~~~~[m[K
[16.313s] [01m[K/home/deathstroke/vins-fusion-ros2/src/VINS-Fusion-ROS2-humble-arm/vins/src/rosNodeTest.cpp:52:73:[m[K [01;35m[Kwarning: [m[K‘[01m[Ksensor_msgs::msg::Image_<std::allocator<void> >::ConstPtr[m[K’ is deprecated [[01;35m[K-Wdeprecated-declarations[m[K]
[16.313s]    52 | cv::Mat getImageFromMsg(const sensor_msgs::msg::Image::ConstPtr &img_msg[01;35m[K)[m[K
[16.313s]       |                                                                         [01;35m[K^[m[K
[16.313s] In file included from [01m[K/home/deathstroke/rust_ws/install/sensor_msgs/include/sensor_msgs/sensor_msgs/msg/image.hpp:7[m[K,
[16.313s]                  from [01m[K/opt/ros/humble/include/cv_bridge/cv_bridge/cv_bridge.h:40[m[K,
[16.313s]                  from [01m[K/home/deathstroke/vins-fusion-ros2/src/VINS-Fusion-ROS2-humble-arm/vins/src/rosNodeTest.cpp:18[m[K:
[16.313s] [01m[K/home/deathstroke/rust_ws/install/sensor_msgs/include/sensor_msgs/sensor_msgs/msg/detail/image__struct.hpp:173:5:[m[K [01;36m[Knote: [m[Kdeclared here
[16.313s]   173 |     [01;36m[KConstPtr[m[K;
[16.313s]       |     [01;36m[K^~~~~~~~[m[K
[16.330s] [100%] [32m[1mLinking CXX executable vins_node[0m
[16.621s] /usr/bin/ld: warning: libopencv_imgcodecs.so.4.5d, needed by /opt/ros/humble/lib/libcv_bridge.so, may conflict with libopencv_imgcodecs.so.410
[16.621s] /usr/bin/ld: warning: libopencv_imgproc.so.4.5d, needed by /opt/ros/humble/lib/libcv_bridge.so, may conflict with libopencv_imgproc.so.410
[16.621s] /usr/bin/ld: warning: libopencv_core.so.4.5d, needed by /opt/ros/humble/lib/libcv_bridge.so, may conflict with libopencv_core.so.410
[17.069s] [100%] Built target vins_node
[17.079s] Invoked command in '/home/deathstroke/vins-fusion-ros2/build/vins' returned '0': CMAKE_PREFIX_PATH=/home/deathstroke/vins-fusion-ros2/install/camera_models:/home/deathstroke/.local:/home/deathstroke/vins-fusion-ros2/install/vins:/home/deathstroke/vins-fusion-ros2/install/loop_fusion:/home/deathstroke/vins-fusion-ros2/install/global_fusion:/home/deathstroke/.local:/home/deathstroke/workspace/catkin_ws_ov/install/ov_msckf:/home/deathstroke/workspace/catkin_ws_ov/install/ov_init:/home/deathstroke/workspace/catkin_ws_ov/install/ov_eval:/home/deathstroke/workspace/catkin_ws_ov/install/ov_data:/home/deathstroke/workspace/catkin_ws_ov/install/ov_core:/home/deathstroke/zed-ros/install/zed_ros2:/home/deathstroke/zed-ros/install/zed_wrapper:/home/deathstroke/zed-ros/install/zed_components:/home/deathstroke/realsense-ros/install/realsense2_rviz_plugin:/home/deathstroke/realsense-ros/install/realsense2_description:/home/deathstroke/realsense-ros/install/realsense2_camera_msgs:/home/deathstroke/rust_ws/install/common_interfaces:/home/deathstroke/rust_ws/install/visualization_msgs:/home/deathstroke/rust_ws/install/test_msgs:/home/deathstroke/rust_ws/install/example_interfaces:/home/deathstroke/rust_ws/install/action_msgs:/home/deathstroke/rust_ws/install/unique_identifier_msgs:/home/deathstroke/rust_ws/install/trajectory_msgs:/home/deathstroke/rust_ws/install/test_interface_files:/home/deathstroke/rust_ws/install/stereo_msgs:/home/deathstroke/rust_ws/install/std_srvs:/home/deathstroke/rust_ws/install/shape_msgs:/home/deathstroke/rust_ws/install/sensor_msgs:/home/deathstroke/rust_ws/install/nav_msgs:/home/deathstroke/rust_ws/install/diagnostic_msgs:/home/deathstroke/rust_ws/install/geometry_msgs:/home/deathstroke/rust_ws/install/actionlib_msgs:/home/deathstroke/rust_ws/install/std_msgs:/home/deathstroke/rust_ws/install/statistics_msgs:/home/deathstroke/rust_ws/install/rosgraph_msgs:/home/deathstroke/rust_ws/install/rclrs_example_msgs:/home/deathstroke/rust_ws/install/composition_interfaces:/home/deathstroke/rust_ws/install/rcl_interfaces:/home/deathstroke/rust_ws/install/lifecycle_msgs:/home/deathstroke/rust_ws/install/builtin_interfaces:/home/deathstroke/rust_ws/install/rosidl_default_runtime:/home/deathstroke/rust_ws/install/rosidl_default_generators:/home/deathstroke/rust_ws/install/rosidl_generator_rs:/home/deathstroke/realsense-ros/install/realsense2_ros_mqtt_bridge:/home/deathstroke/rust_ws/install/examples_worker_demo:/home/deathstroke/rust_ws/install/examples_rclrs_minimal_pub_sub:/home/deathstroke/rust_ws/install/examples_rclrs_minimal_client_service:/home/deathstroke/rust_ws/install/examples_parameter_demo:/home/deathstroke/rust_ws/install/examples_logging_demo:/home/deathstroke/rust_ws/install/sensor_msgs_py:/home/deathstroke/rust_ws/install/rust_pubsub:/home/deathstroke/rust_ws/install/examples_rclrs_message_demo:/home/deathstroke/rust_ws/install/rosidl_runtime_rs:/home/deathstroke/rust_ws/install/rclrs:/opt/ros/humble PATH=/home/deathstroke/vins-fusion-ros2/install/camera_models/bin:/home/deathstroke/Android/Sdk/platform-tools:/usr/local/cuda-12.8/bin:/home/deathstroke/.pyenv/shims:/home/deathstroke/.pyenv/bin:/home/deathstroke/.pyenv/bin:/usr/lib/ccache:/home/deathstroke/rt-ardupilot/Tools/autotest:/home/deathstroke/vins-fusion-ros2/install/global_fusion/bin:/home/deathstroke/Android/Sdk/platform-tools:/usr/local/cuda-12.8/bin:/home/deathstroke/.pyenv/bin:/home/deathstroke/.pyenv/bin:/opt/ros/humble/bin:/usr/lib/ccache:/home/deathstroke/rt-ardupilot/Tools/autotest:/home/deathstroke/ardupilot/Tools/autotest:/usr/lib/ccache:/home/deathstroke/ardupilot/Tools/autotest:/opt/gcc-arm-none-eabi-10-2020-q4-major/bin:/home/deathstroke/.cargo/bin:/home/deathstroke/.local/bin:/usr/local/sbin:/usr/local/bin:/usr/sbin:/usr/bin:/sbin:/bin:/usr/games:/usr/local/games:/snap/bin:/snap/bin:/usr/local/lib/android-ndk:/usr/local/lib/android-ndk /usr/bin/cmake --build /home/deathstroke/vins-fusion-ros2/build/vins -- -j32 -l32
[17.080s] Invoking command in '/home/deathstroke/vins-fusion-ros2/build/vins': CMAKE_PREFIX_PATH=/home/deathstroke/vins-fusion-ros2/install/camera_models:/home/deathstroke/.local:/home/deathstroke/vins-fusion-ros2/install/vins:/home/deathstroke/vins-fusion-ros2/install/loop_fusion:/home/deathstroke/vins-fusion-ros2/install/global_fusion:/home/deathstroke/.local:/home/deathstroke/workspace/catkin_ws_ov/install/ov_msckf:/home/deathstroke/workspace/catkin_ws_ov/install/ov_init:/home/deathstroke/workspace/catkin_ws_ov/install/ov_eval:/home/deathstroke/workspace/catkin_ws_ov/install/ov_data:/home/deathstroke/workspace/catkin_ws_ov/install/ov_core:/home/deathstroke/zed-ros/install/zed_ros2:/home/deathstroke/zed-ros/install/zed_wrapper:/home/deathstroke/zed-ros/install/zed_components:/home/deathstroke/realsense-ros/install/realsense2_rviz_plugin:/home/deathstroke/realsense-ros/install/realsense2_description:/home/deathstroke/realsense-ros/install/realsense2_camera_msgs:/home/deathstroke/rust_ws/install/common_interfaces:/home/deathstroke/rust_ws/install/visualization_msgs:/home/deathstroke/rust_ws/install/test_msgs:/home/deathstroke/rust_ws/install/example_interfaces:/home/deathstroke/rust_ws/install/action_msgs:/home/deathstroke/rust_ws/install/unique_identifier_msgs:/home/deathstroke/rust_ws/install/trajectory_msgs:/home/deathstroke/rust_ws/install/test_interface_files:/home/deathstroke/rust_ws/install/stereo_msgs:/home/deathstroke/rust_ws/install/std_srvs:/home/deathstroke/rust_ws/install/shape_msgs:/home/deathstroke/rust_ws/install/sensor_msgs:/home/deathstroke/rust_ws/install/nav_msgs:/home/deathstroke/rust_ws/install/diagnostic_msgs:/home/deathstroke/rust_ws/install/geometry_msgs:/home/deathstroke/rust_ws/install/actionlib_msgs:/home/deathstroke/rust_ws/install/std_msgs:/home/deathstroke/rust_ws/install/statistics_msgs:/home/deathstroke/rust_ws/install/rosgraph_msgs:/home/deathstroke/rust_ws/install/rclrs_example_msgs:/home/deathstroke/rust_ws/install/composition_interfaces:/home/deathstroke/rust_ws/install/rcl_interfaces:/home/deathstroke/rust_ws/install/lifecycle_msgs:/home/deathstroke/rust_ws/install/builtin_interfaces:/home/deathstroke/rust_ws/install/rosidl_default_runtime:/home/deathstroke/rust_ws/install/rosidl_default_generators:/home/deathstroke/rust_ws/install/rosidl_generator_rs:/home/deathstroke/realsense-ros/install/realsense2_ros_mqtt_bridge:/home/deathstroke/rust_ws/install/examples_worker_demo:/home/deathstroke/rust_ws/install/examples_rclrs_minimal_pub_sub:/home/deathstroke/rust_ws/install/examples_rclrs_minimal_client_service:/home/deathstroke/rust_ws/install/examples_parameter_demo:/home/deathstroke/rust_ws/install/examples_logging_demo:/home/deathstroke/rust_ws/install/sensor_msgs_py:/home/deathstroke/rust_ws/install/rust_pubsub:/home/deathstroke/rust_ws/install/examples_rclrs_message_demo:/home/deathstroke/rust_ws/install/rosidl_runtime_rs:/home/deathstroke/rust_ws/install/rclrs:/opt/ros/humble PATH=/home/deathstroke/vins-fusion-ros2/install/camera_models/bin:/home/deathstroke/Android/Sdk/platform-tools:/usr/local/cuda-12.8/bin:/home/deathstroke/.pyenv/shims:/home/deathstroke/.pyenv/bin:/home/deathstroke/.pyenv/bin:/usr/lib/ccache:/home/deathstroke/rt-ardupilot/Tools/autotest:/home/deathstroke/vins-fusion-ros2/install/global_fusion/bin:/home/deathstroke/Android/Sdk/platform-tools:/usr/local/cuda-12.8/bin:/home/deathstroke/.pyenv/bin:/home/deathstroke/.pyenv/bin:/opt/ros/humble/bin:/usr/lib/ccache:/home/deathstroke/rt-ardupilot/Tools/autotest:/home/deathstroke/ardupilot/Tools/autotest:/usr/lib/ccache:/home/deathstroke/ardupilot/Tools/autotest:/opt/gcc-arm-none-eabi-10-2020-q4-major/bin:/home/deathstroke/.cargo/bin:/home/deathstroke/.local/bin:/usr/local/sbin:/usr/local/bin:/usr/sbin:/usr/bin:/sbin:/bin:/usr/games:/usr/local/games:/snap/bin:/snap/bin:/usr/local/lib/android-ndk:/usr/local/lib/android-ndk /usr/bin/cmake --install /home/deathstroke/vins-fusion-ros2/build/vins
[17.085s] -- Install configuration: "Release"
[17.085s] -- Execute custom install script
[17.086s] -- Symlinking: /home/deathstroke/vins-fusion-ros2/install/vins/share/vins/launch/vins_rviz.launch.xml
[17.093s] -- Symlinking: /home/deathstroke/vins-fusion-ros2/install/vins/lib/vins/vins_node
[17.099s] -- Symlinking: /home/deathstroke/vins-fusion-ros2/install/vins/share/ament_index/resource_index/package_run_dependencies/vins
[17.103s] -- Symlinking: /home/deathstroke/vins-fusion-ros2/install/vins/share/ament_index/resource_index/parent_prefix_path/vins
[17.107s] -- Symlinking: /home/deathstroke/vins-fusion-ros2/install/vins/share/vins/environment/ament_prefix_path.sh
[17.114s] -- Symlinking: /home/deathstroke/vins-fusion-ros2/install/vins/share/vins/environment/ament_prefix_path.dsv
[17.118s] -- Symlinking: /home/deathstroke/vins-fusion-ros2/install/vins/share/vins/environment/path.sh
[17.124s] -- Symlinking: /home/deathstroke/vins-fusion-ros2/install/vins/share/vins/environment/path.dsv
[17.131s] -- Symlinking: /home/deathstroke/vins-fusion-ros2/install/vins/share/vins/local_setup.bash
[17.137s] -- Symlinking: /home/deathstroke/vins-fusion-ros2/install/vins/share/vins/local_setup.sh
[17.142s] -- Symlinking: /home/deathstroke/vins-fusion-ros2/install/vins/share/vins/local_setup.zsh
[17.148s] -- Symlinking: /home/deathstroke/vins-fusion-ros2/install/vins/share/vins/local_setup.dsv
[17.153s] -- Symlinking: /home/deathstroke/vins-fusion-ros2/install/vins/share/vins/package.dsv
[17.159s] -- Symlinking: /home/deathstroke/vins-fusion-ros2/install/vins/share/ament_index/resource_index/packages/vins
[17.165s] -- Symlinking: /home/deathstroke/vins-fusion-ros2/install/vins/share/vins/cmake/vinsConfig.cmake
[17.170s] -- Symlinking: /home/deathstroke/vins-fusion-ros2/install/vins/share/vins/cmake/vinsConfig-version.cmake
[17.176s] -- Symlinking: /home/deathstroke/vins-fusion-ros2/install/vins/share/vins/package.xml
[17.182s] Invoked command in '/home/deathstroke/vins-fusion-ros2/build/vins' returned '0': CMAKE_PREFIX_PATH=/home/deathstroke/vins-fusion-ros2/install/camera_models:/home/deathstroke/.local:/home/deathstroke/vins-fusion-ros2/install/vins:/home/deathstroke/vins-fusion-ros2/install/loop_fusion:/home/deathstroke/vins-fusion-ros2/install/global_fusion:/home/deathstroke/.local:/home/deathstroke/workspace/catkin_ws_ov/install/ov_msckf:/home/deathstroke/workspace/catkin_ws_ov/install/ov_init:/home/deathstroke/workspace/catkin_ws_ov/install/ov_eval:/home/deathstroke/workspace/catkin_ws_ov/install/ov_data:/home/deathstroke/workspace/catkin_ws_ov/install/ov_core:/home/deathstroke/zed-ros/install/zed_ros2:/home/deathstroke/zed-ros/install/zed_wrapper:/home/deathstroke/zed-ros/install/zed_components:/home/deathstroke/realsense-ros/install/realsense2_rviz_plugin:/home/deathstroke/realsense-ros/install/realsense2_description:/home/deathstroke/realsense-ros/install/realsense2_camera_msgs:/home/deathstroke/rust_ws/install/common_interfaces:/home/deathstroke/rust_ws/install/visualization_msgs:/home/deathstroke/rust_ws/install/test_msgs:/home/deathstroke/rust_ws/install/example_interfaces:/home/deathstroke/rust_ws/install/action_msgs:/home/deathstroke/rust_ws/install/unique_identifier_msgs:/home/deathstroke/rust_ws/install/trajectory_msgs:/home/deathstroke/rust_ws/install/test_interface_files:/home/deathstroke/rust_ws/install/stereo_msgs:/home/deathstroke/rust_ws/install/std_srvs:/home/deathstroke/rust_ws/install/shape_msgs:/home/deathstroke/rust_ws/install/sensor_msgs:/home/deathstroke/rust_ws/install/nav_msgs:/home/deathstroke/rust_ws/install/diagnostic_msgs:/home/deathstroke/rust_ws/install/geometry_msgs:/home/deathstroke/rust_ws/install/actionlib_msgs:/home/deathstroke/rust_ws/install/std_msgs:/home/deathstroke/rust_ws/install/statistics_msgs:/home/deathstroke/rust_ws/install/rosgraph_msgs:/home/deathstroke/rust_ws/install/rclrs_example_msgs:/home/deathstroke/rust_ws/install/composition_interfaces:/home/deathstroke/rust_ws/install/rcl_interfaces:/home/deathstroke/rust_ws/install/lifecycle_msgs:/home/deathstroke/rust_ws/install/builtin_interfaces:/home/deathstroke/rust_ws/install/rosidl_default_runtime:/home/deathstroke/rust_ws/install/rosidl_default_generators:/home/deathstroke/rust_ws/install/rosidl_generator_rs:/home/deathstroke/realsense-ros/install/realsense2_ros_mqtt_bridge:/home/deathstroke/rust_ws/install/examples_worker_demo:/home/deathstroke/rust_ws/install/examples_rclrs_minimal_pub_sub:/home/deathstroke/rust_ws/install/examples_rclrs_minimal_client_service:/home/deathstroke/rust_ws/install/examples_parameter_demo:/home/deathstroke/rust_ws/install/examples_logging_demo:/home/deathstroke/rust_ws/install/sensor_msgs_py:/home/deathstroke/rust_ws/install/rust_pubsub:/home/deathstroke/rust_ws/install/examples_rclrs_message_demo:/home/deathstroke/rust_ws/install/rosidl_runtime_rs:/home/deathstroke/rust_ws/install/rclrs:/opt/ros/humble PATH=/home/deathstroke/vins-fusion-ros2/install/camera_models/bin:/home/deathstroke/Android/Sdk/platform-tools:/usr/local/cuda-12.8/bin:/home/deathstroke/.pyenv/shims:/home/deathstroke/.pyenv/bin:/home/deathstroke/.pyenv/bin:/usr/lib/ccache:/home/deathstroke/rt-ardupilot/Tools/autotest:/home/deathstroke/vins-fusion-ros2/install/global_fusion/bin:/home/deathstroke/Android/Sdk/platform-tools:/usr/local/cuda-12.8/bin:/home/deathstroke/.pyenv/bin:/home/deathstroke/.pyenv/bin:/opt/ros/humble/bin:/usr/lib/ccache:/home/deathstroke/rt-ardupilot/Tools/autotest:/home/deathstroke/ardupilot/Tools/autotest:/usr/lib/ccache:/home/deathstroke/ardupilot/Tools/autotest:/opt/gcc-arm-none-eabi-10-2020-q4-major/bin:/home/deathstroke/.cargo/bin:/home/deathstroke/.local/bin:/usr/local/sbin:/usr/local/bin:/usr/sbin:/usr/bin:/sbin:/bin:/usr/games:/usr/local/games:/snap/bin:/snap/bin:/usr/local/lib/android-ndk:/usr/local/lib/android-ndk /usr/bin/cmake --install /home/deathstroke/vins-fusion-ros2/build/vins
