[0.009s] Invoking command in '/home/deathstroke/vins-fusion-ros2/build/vins': CMAKE_PREFIX_PATH=/home/deathstroke/vins-fusion-ros2/install/camera_models:/home/deathstroke/LTU-RAI/install/ltu-sensor-bridge:/home/deathstroke/gz-ros2-bridge/install/gz-ros2-bridge:/home/deathstroke/mavros/install/mavros_extras:/home/deathstroke/mavros/install/mavros_examples:/home/deathstroke/mavros/install/mavros:/home/deathstroke/mavros/install/mavros_msgs:/home/deathstroke/mavros/install/libmavconn:/home/deathstroke/.local:/home/deathstroke/aruco_lander/install/aruco_mavsdk:/home/deathstroke/aruco_lander/install/aruco_detector:/home/deathstroke/workspace/catkin_ws_ov/install/ov_msckf:/home/deathstroke/workspace/catkin_ws_ov/install/ov_init:/home/deathstroke/workspace/catkin_ws_ov/install/ov_eval:/home/deathstroke/workspace/catkin_ws_ov/install/ov_data:/home/deathstroke/workspace/catkin_ws_ov/install/ov_core:/home/deathstroke/vins-fusion-ros2/install/vins:/home/deathstroke/vins-fusion-ros2/install/loop_fusion:/home/deathstroke/vins-fusion-ros2/install/global_fusion:/home/deathstroke/realsense-ros/install/realsense2_rviz_plugin:/home/deathstroke/realsense-ros/install/realsense2_description:/home/deathstroke/realsense-ros/install/realsense2_camera:/home/deathstroke/realsense-ros/install/realsense2_camera_msgs:/home/deathstroke/rust_ws/install/common_interfaces:/home/deathstroke/rust_ws/install/visualization_msgs:/home/deathstroke/rust_ws/install/test_msgs:/home/deathstroke/rust_ws/install/example_interfaces:/home/deathstroke/rust_ws/install/action_msgs:/home/deathstroke/rust_ws/install/unique_identifier_msgs:/home/deathstroke/rust_ws/install/trajectory_msgs:/home/deathstroke/rust_ws/install/test_interface_files:/home/deathstroke/rust_ws/install/stereo_msgs:/home/deathstroke/rust_ws/install/std_srvs:/home/deathstroke/rust_ws/install/shape_msgs:/home/deathstroke/rust_ws/install/sensor_msgs:/home/deathstroke/rust_ws/install/nav_msgs:/home/deathstroke/rust_ws/install/diagnostic_msgs:/home/deathstroke/rust_ws/install/geometry_msgs:/home/deathstroke/rust_ws/install/actionlib_msgs:/home/deathstroke/rust_ws/install/std_msgs:/home/deathstroke/rust_ws/install/statistics_msgs:/home/deathstroke/rust_ws/install/rosgraph_msgs:/home/deathstroke/rust_ws/install/rclrs_example_msgs:/home/deathstroke/rust_ws/install/composition_interfaces:/home/deathstroke/rust_ws/install/rcl_interfaces:/home/deathstroke/rust_ws/install/lifecycle_msgs:/home/deathstroke/rust_ws/install/builtin_interfaces:/home/deathstroke/rust_ws/install/rosidl_default_runtime:/home/deathstroke/rust_ws/install/rosidl_default_generators:/home/deathstroke/rust_ws/install/rosidl_generator_rs:/home/deathstroke/zed-ros2/install/zed_ros2:/home/deathstroke/zed-ros2/install/zed_wrapper:/home/deathstroke/zed-ros2/install/zed_debug:/home/deathstroke/zed-ros2/install/zed_components:/home/deathstroke/realsense-ros/install/realsense2_ros_mqtt_bridge:/home/deathstroke/rust_ws/install/examples_worker_demo:/home/deathstroke/rust_ws/install/examples_rclrs_minimal_pub_sub:/home/deathstroke/rust_ws/install/examples_rclrs_minimal_client_service:/home/deathstroke/rust_ws/install/examples_parameter_demo:/home/deathstroke/rust_ws/install/examples_logging_demo:/home/deathstroke/rust_ws/install/sensor_msgs_py:/home/deathstroke/rust_ws/install/rust_pubsub:/home/deathstroke/rust_ws/install/examples_rclrs_message_demo:/home/deathstroke/rust_ws/install/rosidl_runtime_rs:/home/deathstroke/rust_ws/install/rclrs:/opt/ros/humble PATH=/home/deathstroke/vins-fusion-ros2/install/camera_models/bin:/home/deathstroke/Android/Sdk/platform-tools:/usr/local/cuda-12.8/bin:/home/deathstroke/.pyenv/shims:/home/deathstroke/.pyenv/bin:/home/deathstroke/.pyenv/bin:/home/deathstroke/vins-fusion-ros2/install/vins/bin:/home/deathstroke/vins-fusion-ros2/install/global_fusion/bin:/opt/ros/humble/bin:/usr/lib/ccache:/home/deathstroke/rt-ardupilot/Tools/autotest:/home/deathstroke/ardupilot/Tools/autotest:/usr/lib/ccache:/home/deathstroke/ardupilot/Tools/autotest:/opt/gcc-arm-none-eabi-10-2020-q4-major/bin:/home/deathstroke/.cargo/bin:/home/deathstroke/.local/bin:/usr/local/sbin:/usr/local/bin:/usr/sbin:/usr/bin:/sbin:/bin:/usr/games:/usr/local/games:/snap/bin:/snap/bin:/usr/local/lib/android-ndk /usr/bin/cmake --build /home/deathstroke/vins-fusion-ros2/build/vins -- -j32 -l32
[0.039s] [  1%] Built target vins__rs
[0.040s] [  3%] Built target vins__cpp
[0.040s] [  8%] Built target vins__rosidl_generator_c
[0.047s] [  8%] Built target ament_cmake_python_symlink_vins
[0.053s] [ 10%] [32mBuilding CXX object CMakeFiles/vins__rosidl_typesupport_introspection_cpp.dir/rosidl_typesupport_introspection_cpp/vins/msg/detail/feature_quality__type_support.cpp.o[0m
[0.054s] [ 12%] [32mBuilding CXX object CMakeFiles/vins__rosidl_typesupport_cpp.dir/rosidl_typesupport_cpp/vins/msg/feature_quality__type_support.cpp.o[0m
[0.054s] [ 17%] Built target vins__rosidl_typesupport_c
[0.054s] [ 19%] [32mBuilding CXX object CMakeFiles/vins__rosidl_typesupport_fastrtps_c.dir/rosidl_typesupport_fastrtps_c/vins/msg/detail/feature_quality__type_support_c.cpp.o[0m
[0.055s] [ 26%] Built target vins__rosidl_typesupport_introspection_c
[0.055s] [ 26%] [32mBuilding CXX object CMakeFiles/vins__rosidl_typesupport_fastrtps_cpp.dir/rosidl_typesupport_fastrtps_cpp/vins/msg/detail/dds_fastrtps/feature_quality__type_support.cpp.o[0m
[0.058s] [ 28%] [32mBuilding CXX object CMakeFiles/vins_lib.dir/src/factor/pose_local_parameterization.cpp.o[0m
[0.060s] [ 30%] [32mBuilding CXX object CMakeFiles/vins_lib.dir/src/factor/marginalization_factor.cpp.o[0m
[0.060s] [ 32%] [32mBuilding CXX object CMakeFiles/vins_lib.dir/src/utility/CameraPoseVisualization.cpp.o[0m
[0.060s] [ 33%] [32mBuilding CXX object CMakeFiles/vins_lib.dir/src/utility/utility.cpp.o[0m
[0.103s] [ 35%] [32m[1mLinking CXX shared library libvins__rosidl_typesupport_introspection_cpp.so[0m
[0.117s] [ 39%] [32m[1mLinking CXX shared library libvins__rosidl_typesupport_fastrtps_cpp.so[0m
[0.118s] [ 39%] [32m[1mLinking CXX shared library libvins__rosidl_typesupport_cpp.so[0m
[0.119s] [ 41%] [32m[1mLinking CXX shared library libvins__rosidl_typesupport_fastrtps_c.so[0m
[0.152s] [ 42%] Built target vins__rosidl_typesupport_cpp
[0.159s] [ 44%] Built target vins__rosidl_typesupport_introspection_cpp
[0.179s] [ 46%] Built target vins__rosidl_typesupport_fastrtps_cpp
[0.182s] [ 48%] Built target vins__rosidl_typesupport_fastrtps_c
[0.199s] [ 48%] Built target vins
[0.214s] [ 50%] Built target vins__py
[0.230s] [ 51%] [32mBuilding C object CMakeFiles/vins__rosidl_generator_py.dir/rosidl_generator_py/vins/msg/_feature_quality_s.c.o[0m
[0.241s] running egg_info
[0.254s] [ 53%] [32m[1mLinking C shared library rosidl_generator_py/vins/libvins__rosidl_generator_py.so[0m
[0.264s] writing manifest file 'vins.egg-info/SOURCES.txt'
[0.287s] [ 53%] Built target ament_cmake_python_build_vins_egg
[0.287s] [ 53%] Built target vins__rosidl_generator_py
[0.305s] [ 55%] [32mBuilding C object CMakeFiles/vins__rosidl_typesupport_c__pyext.dir/rosidl_generator_py/vins/_vins_s.ep.rosidl_typesupport_c.c.o[0m
[0.306s] [ 58%] [32mBuilding C object CMakeFiles/vins__rosidl_typesupport_fastrtps_c__pyext.dir/rosidl_generator_py/vins/_vins_s.ep.rosidl_typesupport_fastrtps_c.c.o[0m
[0.306s] [ 58%] [32mBuilding C object CMakeFiles/vins__rosidl_typesupport_introspection_c__pyext.dir/rosidl_generator_py/vins/_vins_s.ep.rosidl_typesupport_introspection_c.c.o[0m
[0.316s] [ 62%] [32m[1mLinking C shared library rosidl_generator_py/vins/vins_s__rosidl_typesupport_fastrtps_c.cpython-310-x86_64-linux-gnu.so[0m
[0.316s] [ 62%] [32m[1mLinking C shared library rosidl_generator_py/vins/vins_s__rosidl_typesupport_c.cpython-310-x86_64-linux-gnu.so[0m
[0.317s] [ 64%] [32m[1mLinking C shared library rosidl_generator_py/vins/vins_s__rosidl_typesupport_introspection_c.cpython-310-x86_64-linux-gnu.so[0m
[0.345s] [ 64%] Built target vins__rosidl_typesupport_c__pyext
[0.347s] [ 64%] Built target vins__rosidl_typesupport_fastrtps_c__pyext
[0.350s] [ 64%] Built target vins__rosidl_typesupport_introspection_c__pyext
[0.389s] [ 66%] [32m[1mLinking CXX shared library libvins_lib.so[0m
[1.437s] [ 89%] Built target vins_lib
[1.461s] [ 91%] [32m[1mLinking CXX executable kitti_gps_test[0m
[1.463s] [ 92%] [32mBuilding CXX object CMakeFiles/vins_node.dir/src/rosNodeTest.cpp.o[0m
[1.465s] [ 94%] [32m[1mLinking CXX executable kitti_odom_test[0m
[1.781s] /usr/bin/ld: warning: libopencv_imgcodecs.so.4.5d, needed by /opt/ros/humble/lib/libcv_bridge.so, may conflict with libopencv_imgcodecs.so.410
[1.782s] /usr/bin/ld: warning: libopencv_core.so.4.5d, needed by /opt/ros/humble/lib/libcv_bridge.so, may conflict with libopencv_core.so.410
[1.806s] /usr/bin/ld: warning: libopencv_imgcodecs.so.4.5d, needed by /opt/ros/humble/lib/libcv_bridge.so, may conflict with libopencv_imgcodecs.so.410
[1.807s] /usr/bin/ld: warning: libopencv_core.so.4.5d, needed by /opt/ros/humble/lib/libcv_bridge.so, may conflict with libopencv_core.so.410
[2.035s] [ 96%] Built target kitti_gps_test
[2.070s] [ 98%] Built target kitti_odom_test
[19.914s] [01m[K/home/deathstroke/vins-fusion-ros2/src/VINS-Fusion-ROS2-humble-arm/vins/src/rosNodeTest.cpp:26:30:[m[K [01;35m[Kwarning: [m[K‘[01m[Ksensor_msgs::msg::Imu_<std::allocator<void> >::ConstPtr[m[K’ is deprecated [[01;35m[K-Wdeprecated-declarations[m[K]
[19.914s]    26 | queue<sensor_msgs::msg::Imu::[01;35m[KConstPtr[m[K> imu_buf;
[19.914s]       |                              [01;35m[K^~~~~~~~[m[K
[19.914s] In file included from [01m[K/home/deathstroke/rust_ws/install/sensor_msgs/include/sensor_msgs/sensor_msgs/msg/imu.hpp:7[m[K,
[19.914s]                  from [01m[K/home/deathstroke/vins-fusion-ros2/src/VINS-Fusion-ROS2-humble-arm/vins/src/utility/visualization.h:16[m[K,
[19.914s]                  from [01m[K/home/deathstroke/vins-fusion-ros2/src/VINS-Fusion-ROS2-humble-arm/vins/src/rosNodeTest.cpp:22[m[K:
[19.914s] [01m[K/home/deathstroke/rust_ws/install/sensor_msgs/include/sensor_msgs/sensor_msgs/msg/detail/imu__struct.hpp:183:5:[m[K [01;36m[Knote: [m[Kdeclared here
[19.914s]   183 |     [01;36m[KConstPtr[m[K;
[19.914s]       |     [01;36m[K^~~~~~~~[m[K
[19.914s] [01m[K/home/deathstroke/vins-fusion-ros2/src/VINS-Fusion-ROS2-humble-arm/vins/src/rosNodeTest.cpp:27:37:[m[K [01;35m[Kwarning: [m[K‘[01m[Ksensor_msgs::msg::PointCloud_<std::allocator<void> >::ConstPtr[m[K’ is deprecated [[01;35m[K-Wdeprecated-declarations[m[K]
[19.914s]    27 | queue<sensor_msgs::msg::PointCloud::[01;35m[KConstPtr[m[K> feature_buf;
[19.915s]       |                                     [01;35m[K^~~~~~~~[m[K
[19.915s] In file included from [01m[K/home/deathstroke/rust_ws/install/sensor_msgs/include/sensor_msgs/sensor_msgs/msg/point_cloud.hpp:7[m[K,
[19.915s]                  from [01m[K/home/deathstroke/vins-fusion-ros2/src/VINS-Fusion-ROS2-humble-arm/vins/src/utility/visualization.h:17[m[K,
[19.915s]                  from [01m[K/home/deathstroke/vins-fusion-ros2/src/VINS-Fusion-ROS2-humble-arm/vins/src/rosNodeTest.cpp:22[m[K:
[19.915s] [01m[K/home/deathstroke/rust_ws/install/sensor_msgs/include/sensor_msgs/sensor_msgs/msg/detail/point_cloud__struct.hpp:125:5:[m[K [01;36m[Knote: [m[Kdeclared here
[19.915s]   125 |     [01;36m[KConstPtr[m[K;
[19.915s]       |     [01;36m[K^~~~~~~~[m[K
[19.915s] [01m[K/home/deathstroke/vins-fusion-ros2/src/VINS-Fusion-ROS2-humble-arm/vins/src/rosNodeTest.cpp:28:32:[m[K [01;35m[Kwarning: [m[K‘[01m[Ksensor_msgs::msg::Image_<std::allocator<void> >::ConstPtr[m[K’ is deprecated [[01;35m[K-Wdeprecated-declarations[m[K]
[19.915s]    28 | queue<sensor_msgs::msg::Image::[01;35m[KConstPtr[m[K> img0_buf;
[19.915s]       |                                [01;35m[K^~~~~~~~[m[K
[19.915s] In file included from [01m[K/home/deathstroke/rust_ws/install/sensor_msgs/include/sensor_msgs/sensor_msgs/msg/image.hpp:7[m[K,
[19.915s]                  from [01m[K/opt/ros/humble/include/cv_bridge/cv_bridge/cv_bridge.h:40[m[K,
[19.915s]                  from [01m[K/home/deathstroke/vins-fusion-ros2/src/VINS-Fusion-ROS2-humble-arm/vins/src/rosNodeTest.cpp:18[m[K:
[19.915s] [01m[K/home/deathstroke/rust_ws/install/sensor_msgs/include/sensor_msgs/sensor_msgs/msg/detail/image__struct.hpp:174:5:[m[K [01;36m[Knote: [m[Kdeclared here
[19.915s]   174 |     [01;36m[KConstPtr[m[K;
[19.915s]       |     [01;36m[K^~~~~~~~[m[K
[19.915s] [01m[K/home/deathstroke/vins-fusion-ros2/src/VINS-Fusion-ROS2-humble-arm/vins/src/rosNodeTest.cpp:29:32:[m[K [01;35m[Kwarning: [m[K‘[01m[Ksensor_msgs::msg::Image_<std::allocator<void> >::ConstPtr[m[K’ is deprecated [[01;35m[K-Wdeprecated-declarations[m[K]
[19.915s]    29 | queue<sensor_msgs::msg::Image::[01;35m[KConstPtr[m[K> img1_buf;
[19.915s]       |                                [01;35m[K^~~~~~~~[m[K
[19.915s] In file included from [01m[K/home/deathstroke/rust_ws/install/sensor_msgs/include/sensor_msgs/sensor_msgs/msg/image.hpp:7[m[K,
[19.916s]                  from [01m[K/opt/ros/humble/include/cv_bridge/cv_bridge/cv_bridge.h:40[m[K,
[19.916s]                  from [01m[K/home/deathstroke/vins-fusion-ros2/src/VINS-Fusion-ROS2-humble-arm/vins/src/rosNodeTest.cpp:18[m[K:
[19.916s] [01m[K/home/deathstroke/rust_ws/install/sensor_msgs/include/sensor_msgs/sensor_msgs/msg/detail/image__struct.hpp:174:5:[m[K [01;36m[Knote: [m[Kdeclared here
[19.916s]   174 |     [01;36m[KConstPtr[m[K;
[19.916s]       |     [01;36m[K^~~~~~~~[m[K
[19.916s] [01m[K/home/deathstroke/vins-fusion-ros2/src/VINS-Fusion-ROS2-humble-arm/vins/src/rosNodeTest.cpp:51:73:[m[K [01;35m[Kwarning: [m[K‘[01m[Ksensor_msgs::msg::Image_<std::allocator<void> >::ConstPtr[m[K’ is deprecated [[01;35m[K-Wdeprecated-declarations[m[K]
[19.916s]    51 | cv::Mat getImageFromMsg(const sensor_msgs::msg::Image::ConstPtr &img_msg[01;35m[K)[m[K
[19.916s]       |                                                                         [01;35m[K^[m[K
[19.916s] In file included from [01m[K/home/deathstroke/rust_ws/install/sensor_msgs/include/sensor_msgs/sensor_msgs/msg/image.hpp:7[m[K,
[19.916s]                  from [01m[K/opt/ros/humble/include/cv_bridge/cv_bridge/cv_bridge.h:40[m[K,
[19.916s]                  from [01m[K/home/deathstroke/vins-fusion-ros2/src/VINS-Fusion-ROS2-humble-arm/vins/src/rosNodeTest.cpp:18[m[K:
[19.916s] [01m[K/home/deathstroke/rust_ws/install/sensor_msgs/include/sensor_msgs/sensor_msgs/msg/detail/image__struct.hpp:174:5:[m[K [01;36m[Knote: [m[Kdeclared here
[19.916s]   174 |     [01;36m[KConstPtr[m[K;
[19.916s]       |     [01;36m[K^~~~~~~~[m[K
[19.931s] [100%] [32m[1mLinking CXX executable vins_node[0m
[20.247s] /usr/bin/ld: warning: libopencv_core.so.4.5d, needed by /opt/ros/humble/lib/libcv_bridge.so, may conflict with libopencv_core.so.410
[20.529s] [100%] Built target vins_node
[20.539s] Invoked command in '/home/deathstroke/vins-fusion-ros2/build/vins' returned '0': CMAKE_PREFIX_PATH=/home/deathstroke/vins-fusion-ros2/install/camera_models:/home/deathstroke/LTU-RAI/install/ltu-sensor-bridge:/home/deathstroke/gz-ros2-bridge/install/gz-ros2-bridge:/home/deathstroke/mavros/install/mavros_extras:/home/deathstroke/mavros/install/mavros_examples:/home/deathstroke/mavros/install/mavros:/home/deathstroke/mavros/install/mavros_msgs:/home/deathstroke/mavros/install/libmavconn:/home/deathstroke/.local:/home/deathstroke/aruco_lander/install/aruco_mavsdk:/home/deathstroke/aruco_lander/install/aruco_detector:/home/deathstroke/workspace/catkin_ws_ov/install/ov_msckf:/home/deathstroke/workspace/catkin_ws_ov/install/ov_init:/home/deathstroke/workspace/catkin_ws_ov/install/ov_eval:/home/deathstroke/workspace/catkin_ws_ov/install/ov_data:/home/deathstroke/workspace/catkin_ws_ov/install/ov_core:/home/deathstroke/vins-fusion-ros2/install/vins:/home/deathstroke/vins-fusion-ros2/install/loop_fusion:/home/deathstroke/vins-fusion-ros2/install/global_fusion:/home/deathstroke/realsense-ros/install/realsense2_rviz_plugin:/home/deathstroke/realsense-ros/install/realsense2_description:/home/deathstroke/realsense-ros/install/realsense2_camera:/home/deathstroke/realsense-ros/install/realsense2_camera_msgs:/home/deathstroke/rust_ws/install/common_interfaces:/home/deathstroke/rust_ws/install/visualization_msgs:/home/deathstroke/rust_ws/install/test_msgs:/home/deathstroke/rust_ws/install/example_interfaces:/home/deathstroke/rust_ws/install/action_msgs:/home/deathstroke/rust_ws/install/unique_identifier_msgs:/home/deathstroke/rust_ws/install/trajectory_msgs:/home/deathstroke/rust_ws/install/test_interface_files:/home/deathstroke/rust_ws/install/stereo_msgs:/home/deathstroke/rust_ws/install/std_srvs:/home/deathstroke/rust_ws/install/shape_msgs:/home/deathstroke/rust_ws/install/sensor_msgs:/home/deathstroke/rust_ws/install/nav_msgs:/home/deathstroke/rust_ws/install/diagnostic_msgs:/home/deathstroke/rust_ws/install/geometry_msgs:/home/deathstroke/rust_ws/install/actionlib_msgs:/home/deathstroke/rust_ws/install/std_msgs:/home/deathstroke/rust_ws/install/statistics_msgs:/home/deathstroke/rust_ws/install/rosgraph_msgs:/home/deathstroke/rust_ws/install/rclrs_example_msgs:/home/deathstroke/rust_ws/install/composition_interfaces:/home/deathstroke/rust_ws/install/rcl_interfaces:/home/deathstroke/rust_ws/install/lifecycle_msgs:/home/deathstroke/rust_ws/install/builtin_interfaces:/home/deathstroke/rust_ws/install/rosidl_default_runtime:/home/deathstroke/rust_ws/install/rosidl_default_generators:/home/deathstroke/rust_ws/install/rosidl_generator_rs:/home/deathstroke/zed-ros2/install/zed_ros2:/home/deathstroke/zed-ros2/install/zed_wrapper:/home/deathstroke/zed-ros2/install/zed_debug:/home/deathstroke/zed-ros2/install/zed_components:/home/deathstroke/realsense-ros/install/realsense2_ros_mqtt_bridge:/home/deathstroke/rust_ws/install/examples_worker_demo:/home/deathstroke/rust_ws/install/examples_rclrs_minimal_pub_sub:/home/deathstroke/rust_ws/install/examples_rclrs_minimal_client_service:/home/deathstroke/rust_ws/install/examples_parameter_demo:/home/deathstroke/rust_ws/install/examples_logging_demo:/home/deathstroke/rust_ws/install/sensor_msgs_py:/home/deathstroke/rust_ws/install/rust_pubsub:/home/deathstroke/rust_ws/install/examples_rclrs_message_demo:/home/deathstroke/rust_ws/install/rosidl_runtime_rs:/home/deathstroke/rust_ws/install/rclrs:/opt/ros/humble PATH=/home/deathstroke/vins-fusion-ros2/install/camera_models/bin:/home/deathstroke/Android/Sdk/platform-tools:/usr/local/cuda-12.8/bin:/home/deathstroke/.pyenv/shims:/home/deathstroke/.pyenv/bin:/home/deathstroke/.pyenv/bin:/home/deathstroke/vins-fusion-ros2/install/vins/bin:/home/deathstroke/vins-fusion-ros2/install/global_fusion/bin:/opt/ros/humble/bin:/usr/lib/ccache:/home/deathstroke/rt-ardupilot/Tools/autotest:/home/deathstroke/ardupilot/Tools/autotest:/usr/lib/ccache:/home/deathstroke/ardupilot/Tools/autotest:/opt/gcc-arm-none-eabi-10-2020-q4-major/bin:/home/deathstroke/.cargo/bin:/home/deathstroke/.local/bin:/usr/local/sbin:/usr/local/bin:/usr/sbin:/usr/bin:/sbin:/bin:/usr/games:/usr/local/games:/snap/bin:/snap/bin:/usr/local/lib/android-ndk /usr/bin/cmake --build /home/deathstroke/vins-fusion-ros2/build/vins -- -j32 -l32
[20.541s] Invoking command in '/home/deathstroke/vins-fusion-ros2/build/vins': CMAKE_PREFIX_PATH=/home/deathstroke/vins-fusion-ros2/install/camera_models:/home/deathstroke/LTU-RAI/install/ltu-sensor-bridge:/home/deathstroke/gz-ros2-bridge/install/gz-ros2-bridge:/home/deathstroke/mavros/install/mavros_extras:/home/deathstroke/mavros/install/mavros_examples:/home/deathstroke/mavros/install/mavros:/home/deathstroke/mavros/install/mavros_msgs:/home/deathstroke/mavros/install/libmavconn:/home/deathstroke/.local:/home/deathstroke/aruco_lander/install/aruco_mavsdk:/home/deathstroke/aruco_lander/install/aruco_detector:/home/deathstroke/workspace/catkin_ws_ov/install/ov_msckf:/home/deathstroke/workspace/catkin_ws_ov/install/ov_init:/home/deathstroke/workspace/catkin_ws_ov/install/ov_eval:/home/deathstroke/workspace/catkin_ws_ov/install/ov_data:/home/deathstroke/workspace/catkin_ws_ov/install/ov_core:/home/deathstroke/vins-fusion-ros2/install/vins:/home/deathstroke/vins-fusion-ros2/install/loop_fusion:/home/deathstroke/vins-fusion-ros2/install/global_fusion:/home/deathstroke/realsense-ros/install/realsense2_rviz_plugin:/home/deathstroke/realsense-ros/install/realsense2_description:/home/deathstroke/realsense-ros/install/realsense2_camera:/home/deathstroke/realsense-ros/install/realsense2_camera_msgs:/home/deathstroke/rust_ws/install/common_interfaces:/home/deathstroke/rust_ws/install/visualization_msgs:/home/deathstroke/rust_ws/install/test_msgs:/home/deathstroke/rust_ws/install/example_interfaces:/home/deathstroke/rust_ws/install/action_msgs:/home/deathstroke/rust_ws/install/unique_identifier_msgs:/home/deathstroke/rust_ws/install/trajectory_msgs:/home/deathstroke/rust_ws/install/test_interface_files:/home/deathstroke/rust_ws/install/stereo_msgs:/home/deathstroke/rust_ws/install/std_srvs:/home/deathstroke/rust_ws/install/shape_msgs:/home/deathstroke/rust_ws/install/sensor_msgs:/home/deathstroke/rust_ws/install/nav_msgs:/home/deathstroke/rust_ws/install/diagnostic_msgs:/home/deathstroke/rust_ws/install/geometry_msgs:/home/deathstroke/rust_ws/install/actionlib_msgs:/home/deathstroke/rust_ws/install/std_msgs:/home/deathstroke/rust_ws/install/statistics_msgs:/home/deathstroke/rust_ws/install/rosgraph_msgs:/home/deathstroke/rust_ws/install/rclrs_example_msgs:/home/deathstroke/rust_ws/install/composition_interfaces:/home/deathstroke/rust_ws/install/rcl_interfaces:/home/deathstroke/rust_ws/install/lifecycle_msgs:/home/deathstroke/rust_ws/install/builtin_interfaces:/home/deathstroke/rust_ws/install/rosidl_default_runtime:/home/deathstroke/rust_ws/install/rosidl_default_generators:/home/deathstroke/rust_ws/install/rosidl_generator_rs:/home/deathstroke/zed-ros2/install/zed_ros2:/home/deathstroke/zed-ros2/install/zed_wrapper:/home/deathstroke/zed-ros2/install/zed_debug:/home/deathstroke/zed-ros2/install/zed_components:/home/deathstroke/realsense-ros/install/realsense2_ros_mqtt_bridge:/home/deathstroke/rust_ws/install/examples_worker_demo:/home/deathstroke/rust_ws/install/examples_rclrs_minimal_pub_sub:/home/deathstroke/rust_ws/install/examples_rclrs_minimal_client_service:/home/deathstroke/rust_ws/install/examples_parameter_demo:/home/deathstroke/rust_ws/install/examples_logging_demo:/home/deathstroke/rust_ws/install/sensor_msgs_py:/home/deathstroke/rust_ws/install/rust_pubsub:/home/deathstroke/rust_ws/install/examples_rclrs_message_demo:/home/deathstroke/rust_ws/install/rosidl_runtime_rs:/home/deathstroke/rust_ws/install/rclrs:/opt/ros/humble PATH=/home/deathstroke/vins-fusion-ros2/install/camera_models/bin:/home/deathstroke/Android/Sdk/platform-tools:/usr/local/cuda-12.8/bin:/home/deathstroke/.pyenv/shims:/home/deathstroke/.pyenv/bin:/home/deathstroke/.pyenv/bin:/home/deathstroke/vins-fusion-ros2/install/vins/bin:/home/deathstroke/vins-fusion-ros2/install/global_fusion/bin:/opt/ros/humble/bin:/usr/lib/ccache:/home/deathstroke/rt-ardupilot/Tools/autotest:/home/deathstroke/ardupilot/Tools/autotest:/usr/lib/ccache:/home/deathstroke/ardupilot/Tools/autotest:/opt/gcc-arm-none-eabi-10-2020-q4-major/bin:/home/deathstroke/.cargo/bin:/home/deathstroke/.local/bin:/usr/local/sbin:/usr/local/bin:/usr/sbin:/usr/bin:/sbin:/bin:/usr/games:/usr/local/games:/snap/bin:/snap/bin:/usr/local/lib/android-ndk /usr/bin/cmake --install /home/deathstroke/vins-fusion-ros2/build/vins
[20.547s] -- Install configuration: "Release"
[20.548s] -- Execute custom install script
[20.548s] -- Up-to-date symlink: /home/deathstroke/vins-fusion-ros2/install/vins/share/ament_index/resource_index/rosidl_interfaces/vins
[20.548s] -- Up-to-date symlink: /home/deathstroke/vins-fusion-ros2/install/vins/include/vins/vins/msg/detail/feature_quality__functions.h
[20.548s] -- Up-to-date symlink: /home/deathstroke/vins-fusion-ros2/install/vins/include/vins/vins/msg/detail/feature_quality__struct.h
[20.548s] -- Up-to-date symlink: /home/deathstroke/vins-fusion-ros2/install/vins/include/vins/vins/msg/detail/feature_quality__type_support.h
[20.548s] -- Up-to-date symlink: /home/deathstroke/vins-fusion-ros2/install/vins/include/vins/vins/msg/feature_quality.h
[20.549s] -- Up-to-date symlink: /home/deathstroke/vins-fusion-ros2/install/vins/include/vins/vins/msg/rosidl_generator_c__visibility_control.h
[20.549s] -- Up-to-date symlink: /home/deathstroke/vins-fusion-ros2/install/vins/share/vins/environment/library_path.sh
[20.549s] -- Up-to-date symlink: /home/deathstroke/vins-fusion-ros2/install/vins/share/vins/environment/library_path.dsv
[20.549s] -- Up-to-date symlink: /home/deathstroke/vins-fusion-ros2/install/vins/include/vins/vins/msg/detail/feature_quality__rosidl_typesupport_fastrtps_c.h
[20.549s] -- Up-to-date symlink: /home/deathstroke/vins-fusion-ros2/install/vins/include/vins/vins/msg/rosidl_typesupport_fastrtps_c__visibility_control.h
[20.549s] -- Up-to-date symlink: /home/deathstroke/vins-fusion-ros2/install/vins/include/vins/vins/msg/detail/feature_quality__builder.hpp
[20.549s] -- Up-to-date symlink: /home/deathstroke/vins-fusion-ros2/install/vins/include/vins/vins/msg/detail/feature_quality__struct.hpp
[20.550s] -- Up-to-date symlink: /home/deathstroke/vins-fusion-ros2/install/vins/include/vins/vins/msg/detail/feature_quality__traits.hpp
[20.550s] -- Up-to-date symlink: /home/deathstroke/vins-fusion-ros2/install/vins/include/vins/vins/msg/detail/feature_quality__type_support.hpp
[20.550s] -- Up-to-date symlink: /home/deathstroke/vins-fusion-ros2/install/vins/include/vins/vins/msg/feature_quality.hpp
[20.550s] -- Up-to-date symlink: /home/deathstroke/vins-fusion-ros2/install/vins/include/vins/vins/msg/rosidl_generator_cpp__visibility_control.hpp
[20.550s] -- Up-to-date symlink: /home/deathstroke/vins-fusion-ros2/install/vins/include/vins/vins/msg/detail/feature_quality__rosidl_typesupport_fastrtps_cpp.hpp
[20.550s] -- Up-to-date symlink: /home/deathstroke/vins-fusion-ros2/install/vins/include/vins/vins/msg/rosidl_typesupport_fastrtps_cpp__visibility_control.h
[20.550s] -- Up-to-date symlink: /home/deathstroke/vins-fusion-ros2/install/vins/include/vins/vins/msg/detail/feature_quality__rosidl_typesupport_introspection_c.h
[20.550s] -- Up-to-date symlink: /home/deathstroke/vins-fusion-ros2/install/vins/include/vins/vins/msg/rosidl_typesupport_introspection_c__visibility_control.h
[20.551s] -- Up-to-date symlink: /home/deathstroke/vins-fusion-ros2/install/vins/include/vins/vins/msg/detail/feature_quality__rosidl_typesupport_introspection_cpp.hpp
[20.551s] -- Up-to-date symlink: /home/deathstroke/vins-fusion-ros2/install/vins/share/ament_index/resource_index/rust_packages/vins
[20.551s] -- Up-to-date symlink: /home/deathstroke/vins-fusion-ros2/install/vins/share/vins/rust/Cargo.toml
[20.551s] -- Up-to-date symlink: /home/deathstroke/vins-fusion-ros2/install/vins/share/vins/rust/build.rs
[20.551s] -- Up-to-date symlink: /home/deathstroke/vins-fusion-ros2/install/vins/share/vins/rust/src/lib.rs
[20.551s] -- Up-to-date symlink: /home/deathstroke/vins-fusion-ros2/install/vins/share/vins/rust/src/msg.rs
[20.551s] -- Up-to-date symlink: /home/deathstroke/vins-fusion-ros2/install/vins/share/vins/environment/pythonpath.sh
[20.551s] -- Up-to-date symlink: /home/deathstroke/vins-fusion-ros2/install/vins/share/vins/environment/pythonpath.dsv
[20.551s] -- Up-to-date symlink: /home/deathstroke/vins-fusion-ros2/install/vins/local/lib/python3.10/dist-packages/vins-0.0.0-py3.10.egg-info/PKG-INFO
[20.551s] -- Up-to-date symlink: /home/deathstroke/vins-fusion-ros2/install/vins/local/lib/python3.10/dist-packages/vins-0.0.0-py3.10.egg-info/SOURCES.txt
[20.551s] -- Up-to-date symlink: /home/deathstroke/vins-fusion-ros2/install/vins/local/lib/python3.10/dist-packages/vins-0.0.0-py3.10.egg-info/dependency_links.txt
[20.552s] -- Up-to-date symlink: /home/deathstroke/vins-fusion-ros2/install/vins/local/lib/python3.10/dist-packages/vins-0.0.0-py3.10.egg-info/top_level.txt
[20.552s] -- Up-to-date symlink: /home/deathstroke/vins-fusion-ros2/install/vins/local/lib/python3.10/dist-packages/vins/__init__.py
[20.552s] -- Up-to-date symlink: /home/deathstroke/vins-fusion-ros2/install/vins/local/lib/python3.10/dist-packages/vins/_vins_s.ep.rosidl_typesupport_c.c
[20.552s] -- Up-to-date symlink: /home/deathstroke/vins-fusion-ros2/install/vins/local/lib/python3.10/dist-packages/vins/_vins_s.ep.rosidl_typesupport_fastrtps_c.c
[20.552s] -- Up-to-date symlink: /home/deathstroke/vins-fusion-ros2/install/vins/local/lib/python3.10/dist-packages/vins/_vins_s.ep.rosidl_typesupport_introspection_c.c
[20.552s] -- Up-to-date symlink: /home/deathstroke/vins-fusion-ros2/install/vins/local/lib/python3.10/dist-packages/vins/libvins__rosidl_generator_py.so
[20.552s] -- Up-to-date symlink: /home/deathstroke/vins-fusion-ros2/install/vins/local/lib/python3.10/dist-packages/vins/msg/__init__.py
[20.552s] -- Up-to-date symlink: /home/deathstroke/vins-fusion-ros2/install/vins/local/lib/python3.10/dist-packages/vins/msg/_feature_quality.py
[20.552s] -- Up-to-date symlink: /home/deathstroke/vins-fusion-ros2/install/vins/local/lib/python3.10/dist-packages/vins/msg/_feature_quality_s.c
[20.552s] -- Up-to-date symlink: /home/deathstroke/vins-fusion-ros2/install/vins/local/lib/python3.10/dist-packages/vins/vins_s__rosidl_typesupport_c.cpython-310-x86_64-linux-gnu.so
[20.552s] -- Up-to-date symlink: /home/deathstroke/vins-fusion-ros2/install/vins/local/lib/python3.10/dist-packages/vins/vins_s__rosidl_typesupport_fastrtps_c.cpython-310-x86_64-linux-gnu.so
[20.552s] -- Up-to-date symlink: /home/deathstroke/vins-fusion-ros2/install/vins/local/lib/python3.10/dist-packages/vins/vins_s__rosidl_typesupport_introspection_c.cpython-310-x86_64-linux-gnu.so
[20.552s] -- Up-to-date symlink: /home/deathstroke/vins-fusion-ros2/install/vins/local/lib/python3.10/dist-packages/vins/vins_s__rosidl_typesupport_fastrtps_c.cpython-310-x86_64-linux-gnu.so
[20.553s] -- Up-to-date symlink: /home/deathstroke/vins-fusion-ros2/install/vins/local/lib/python3.10/dist-packages/vins/vins_s__rosidl_typesupport_introspection_c.cpython-310-x86_64-linux-gnu.so
[20.553s] -- Up-to-date symlink: /home/deathstroke/vins-fusion-ros2/install/vins/local/lib/python3.10/dist-packages/vins/vins_s__rosidl_typesupport_c.cpython-310-x86_64-linux-gnu.so
[20.553s] -- Up-to-date symlink: /home/deathstroke/vins-fusion-ros2/install/vins/share/vins/msg/FeatureQuality.idl
[20.553s] -- Up-to-date symlink: /home/deathstroke/vins-fusion-ros2/install/vins/share/vins/msg/FeatureQuality.msg
[20.553s] -- Up-to-date symlink: /home/deathstroke/vins-fusion-ros2/install/vins/share/vins/launch/vins_rviz.launch.xml
[20.553s] -- Up-to-date symlink: /home/deathstroke/vins-fusion-ros2/install/vins/lib/vins/vins_node
[20.553s] -- Up-to-date symlink: /home/deathstroke/vins-fusion-ros2/install/vins/bin/vins_node
[20.554s] -- Up-to-date symlink: /home/deathstroke/vins-fusion-ros2/install/vins/bin/kitti_odom_test
[20.554s] -- Up-to-date symlink: /home/deathstroke/vins-fusion-ros2/install/vins/bin/kitti_gps_test
[20.554s] -- Up-to-date symlink: /home/deathstroke/vins-fusion-ros2/install/vins/lib/libvins_lib.so
[20.554s] -- Up-to-date symlink: /home/deathstroke/vins-fusion-ros2/install/vins/share/ament_index/resource_index/package_run_dependencies/vins
[20.554s] -- Up-to-date symlink: /home/deathstroke/vins-fusion-ros2/install/vins/share/ament_index/resource_index/parent_prefix_path/vins
[20.554s] -- Up-to-date symlink: /home/deathstroke/vins-fusion-ros2/install/vins/share/vins/environment/ament_prefix_path.sh
[20.554s] -- Up-to-date symlink: /home/deathstroke/vins-fusion-ros2/install/vins/share/vins/environment/ament_prefix_path.dsv
[20.554s] -- Up-to-date symlink: /home/deathstroke/vins-fusion-ros2/install/vins/share/vins/environment/path.sh
[20.554s] -- Up-to-date symlink: /home/deathstroke/vins-fusion-ros2/install/vins/share/vins/environment/path.dsv
[20.554s] -- Up-to-date symlink: /home/deathstroke/vins-fusion-ros2/install/vins/share/vins/local_setup.bash
[20.554s] -- Up-to-date symlink: /home/deathstroke/vins-fusion-ros2/install/vins/share/vins/local_setup.sh
[20.554s] -- Up-to-date symlink: /home/deathstroke/vins-fusion-ros2/install/vins/share/vins/local_setup.zsh
[20.554s] -- Up-to-date symlink: /home/deathstroke/vins-fusion-ros2/install/vins/share/vins/local_setup.dsv
[20.554s] -- Symlinking: /home/deathstroke/vins-fusion-ros2/install/vins/share/vins/package.dsv
[20.559s] -- Up-to-date symlink: /home/deathstroke/vins-fusion-ros2/install/vins/share/ament_index/resource_index/packages/vins
[20.559s] -- Up-to-date symlink: /home/deathstroke/vins-fusion-ros2/install/vins/share/vins/cmake/rosidl_cmake-extras.cmake
[20.559s] -- Up-to-date symlink: /home/deathstroke/vins-fusion-ros2/install/vins/share/vins/cmake/ament_cmake_export_dependencies-extras.cmake
[20.560s] -- Up-to-date symlink: /home/deathstroke/vins-fusion-ros2/install/vins/share/vins/cmake/ament_cmake_export_include_directories-extras.cmake
[20.560s] -- Up-to-date symlink: /home/deathstroke/vins-fusion-ros2/install/vins/share/vins/cmake/ament_cmake_export_libraries-extras.cmake
[20.560s] -- Up-to-date symlink: /home/deathstroke/vins-fusion-ros2/install/vins/share/vins/cmake/ament_cmake_export_targets-extras.cmake
[20.560s] -- Up-to-date symlink: /home/deathstroke/vins-fusion-ros2/install/vins/share/vins/cmake/rosidl_cmake_export_typesupport_targets-extras.cmake
[20.560s] -- Up-to-date symlink: /home/deathstroke/vins-fusion-ros2/install/vins/share/vins/cmake/rosidl_cmake_export_typesupport_libraries-extras.cmake
[20.560s] -- Up-to-date symlink: /home/deathstroke/vins-fusion-ros2/install/vins/share/vins/cmake/rosidl_cmake_aggregate_target-extras.cmake
[20.561s] -- Up-to-date symlink: /home/deathstroke/vins-fusion-ros2/install/vins/share/vins/cmake/vinsConfig.cmake
[20.561s] -- Up-to-date symlink: /home/deathstroke/vins-fusion-ros2/install/vins/share/vins/cmake/vinsConfig-version.cmake
[20.561s] -- Up-to-date symlink: /home/deathstroke/vins-fusion-ros2/install/vins/share/vins/package.xml
[20.561s] -- Up-to-date: /home/deathstroke/vins-fusion-ros2/install/vins/lib/libvins__rosidl_generator_c.so
[20.561s] -- Installing: /home/deathstroke/vins-fusion-ros2/install/vins/lib/libvins__rosidl_typesupport_fastrtps_c.so
[20.561s] -- Set runtime path of "/home/deathstroke/vins-fusion-ros2/install/vins/lib/libvins__rosidl_typesupport_fastrtps_c.so" to ""
[20.561s] -- Installing: /home/deathstroke/vins-fusion-ros2/install/vins/lib/libvins__rosidl_typesupport_fastrtps_cpp.so
[20.562s] -- Set runtime path of "/home/deathstroke/vins-fusion-ros2/install/vins/lib/libvins__rosidl_typesupport_fastrtps_cpp.so" to ""
[20.562s] -- Up-to-date: /home/deathstroke/vins-fusion-ros2/install/vins/lib/libvins__rosidl_typesupport_introspection_c.so
[20.562s] -- Up-to-date: /home/deathstroke/vins-fusion-ros2/install/vins/lib/libvins__rosidl_typesupport_c.so
[20.562s] -- Installing: /home/deathstroke/vins-fusion-ros2/install/vins/lib/libvins__rosidl_typesupport_introspection_cpp.so
[20.562s] -- Set runtime path of "/home/deathstroke/vins-fusion-ros2/install/vins/lib/libvins__rosidl_typesupport_introspection_cpp.so" to ""
[20.562s] -- Installing: /home/deathstroke/vins-fusion-ros2/install/vins/lib/libvins__rosidl_typesupport_cpp.so
[20.562s] -- Set runtime path of "/home/deathstroke/vins-fusion-ros2/install/vins/lib/libvins__rosidl_typesupport_cpp.so" to ""
[20.587s] Listing '/home/deathstroke/vins-fusion-ros2/install/vins/local/lib/python3.10/dist-packages/vins'...
[20.587s] Listing '/home/deathstroke/vins-fusion-ros2/install/vins/local/lib/python3.10/dist-packages/vins/msg'...
[20.589s] -- Installing: /home/deathstroke/vins-fusion-ros2/install/vins/lib/libvins__rosidl_generator_py.so
[20.590s] -- Set runtime path of "/home/deathstroke/vins-fusion-ros2/install/vins/lib/libvins__rosidl_generator_py.so" to ""
[20.590s] -- Up-to-date: /home/deathstroke/vins-fusion-ros2/install/vins/share/vins/cmake/export_vins__rosidl_generator_cExport.cmake
[20.590s] -- Up-to-date: /home/deathstroke/vins-fusion-ros2/install/vins/share/vins/cmake/export_vins__rosidl_generator_cExport-release.cmake
[20.590s] -- Up-to-date: /home/deathstroke/vins-fusion-ros2/install/vins/share/vins/cmake/export_vins__rosidl_typesupport_fastrtps_cExport.cmake
[20.590s] -- Up-to-date: /home/deathstroke/vins-fusion-ros2/install/vins/share/vins/cmake/export_vins__rosidl_typesupport_fastrtps_cExport-release.cmake
[20.590s] -- Up-to-date: /home/deathstroke/vins-fusion-ros2/install/vins/share/vins/cmake/export_vins__rosidl_generator_cppExport.cmake
[20.591s] -- Up-to-date: /home/deathstroke/vins-fusion-ros2/install/vins/share/vins/cmake/export_vins__rosidl_typesupport_fastrtps_cppExport.cmake
[20.591s] -- Up-to-date: /home/deathstroke/vins-fusion-ros2/install/vins/share/vins/cmake/export_vins__rosidl_typesupport_fastrtps_cppExport-release.cmake
[20.591s] -- Up-to-date: /home/deathstroke/vins-fusion-ros2/install/vins/share/vins/cmake/vins__rosidl_typesupport_introspection_cExport.cmake
[20.591s] -- Up-to-date: /home/deathstroke/vins-fusion-ros2/install/vins/share/vins/cmake/vins__rosidl_typesupport_introspection_cExport-release.cmake
[20.591s] -- Up-to-date: /home/deathstroke/vins-fusion-ros2/install/vins/share/vins/cmake/vins__rosidl_typesupport_cExport.cmake
[20.591s] -- Up-to-date: /home/deathstroke/vins-fusion-ros2/install/vins/share/vins/cmake/vins__rosidl_typesupport_cExport-release.cmake
[20.591s] -- Up-to-date: /home/deathstroke/vins-fusion-ros2/install/vins/share/vins/cmake/vins__rosidl_typesupport_introspection_cppExport.cmake
[20.591s] -- Up-to-date: /home/deathstroke/vins-fusion-ros2/install/vins/share/vins/cmake/vins__rosidl_typesupport_introspection_cppExport-release.cmake
[20.591s] -- Up-to-date: /home/deathstroke/vins-fusion-ros2/install/vins/share/vins/cmake/vins__rosidl_typesupport_cppExport.cmake
[20.591s] -- Up-to-date: /home/deathstroke/vins-fusion-ros2/install/vins/share/vins/cmake/vins__rosidl_typesupport_cppExport-release.cmake
[20.592s] -- Up-to-date: /home/deathstroke/vins-fusion-ros2/install/vins/share/vins/cmake/export_vins__rosidl_generator_pyExport.cmake
[20.592s] -- Up-to-date: /home/deathstroke/vins-fusion-ros2/install/vins/share/vins/cmake/export_vins__rosidl_generator_pyExport-release.cmake
[20.594s] Invoked command in '/home/deathstroke/vins-fusion-ros2/build/vins' returned '0': CMAKE_PREFIX_PATH=/home/deathstroke/vins-fusion-ros2/install/camera_models:/home/deathstroke/LTU-RAI/install/ltu-sensor-bridge:/home/deathstroke/gz-ros2-bridge/install/gz-ros2-bridge:/home/deathstroke/mavros/install/mavros_extras:/home/deathstroke/mavros/install/mavros_examples:/home/deathstroke/mavros/install/mavros:/home/deathstroke/mavros/install/mavros_msgs:/home/deathstroke/mavros/install/libmavconn:/home/deathstroke/.local:/home/deathstroke/aruco_lander/install/aruco_mavsdk:/home/deathstroke/aruco_lander/install/aruco_detector:/home/deathstroke/workspace/catkin_ws_ov/install/ov_msckf:/home/deathstroke/workspace/catkin_ws_ov/install/ov_init:/home/deathstroke/workspace/catkin_ws_ov/install/ov_eval:/home/deathstroke/workspace/catkin_ws_ov/install/ov_data:/home/deathstroke/workspace/catkin_ws_ov/install/ov_core:/home/deathstroke/vins-fusion-ros2/install/vins:/home/deathstroke/vins-fusion-ros2/install/loop_fusion:/home/deathstroke/vins-fusion-ros2/install/global_fusion:/home/deathstroke/realsense-ros/install/realsense2_rviz_plugin:/home/deathstroke/realsense-ros/install/realsense2_description:/home/deathstroke/realsense-ros/install/realsense2_camera:/home/deathstroke/realsense-ros/install/realsense2_camera_msgs:/home/deathstroke/rust_ws/install/common_interfaces:/home/deathstroke/rust_ws/install/visualization_msgs:/home/deathstroke/rust_ws/install/test_msgs:/home/deathstroke/rust_ws/install/example_interfaces:/home/deathstroke/rust_ws/install/action_msgs:/home/deathstroke/rust_ws/install/unique_identifier_msgs:/home/deathstroke/rust_ws/install/trajectory_msgs:/home/deathstroke/rust_ws/install/test_interface_files:/home/deathstroke/rust_ws/install/stereo_msgs:/home/deathstroke/rust_ws/install/std_srvs:/home/deathstroke/rust_ws/install/shape_msgs:/home/deathstroke/rust_ws/install/sensor_msgs:/home/deathstroke/rust_ws/install/nav_msgs:/home/deathstroke/rust_ws/install/diagnostic_msgs:/home/deathstroke/rust_ws/install/geometry_msgs:/home/deathstroke/rust_ws/install/actionlib_msgs:/home/deathstroke/rust_ws/install/std_msgs:/home/deathstroke/rust_ws/install/statistics_msgs:/home/deathstroke/rust_ws/install/rosgraph_msgs:/home/deathstroke/rust_ws/install/rclrs_example_msgs:/home/deathstroke/rust_ws/install/composition_interfaces:/home/deathstroke/rust_ws/install/rcl_interfaces:/home/deathstroke/rust_ws/install/lifecycle_msgs:/home/deathstroke/rust_ws/install/builtin_interfaces:/home/deathstroke/rust_ws/install/rosidl_default_runtime:/home/deathstroke/rust_ws/install/rosidl_default_generators:/home/deathstroke/rust_ws/install/rosidl_generator_rs:/home/deathstroke/zed-ros2/install/zed_ros2:/home/deathstroke/zed-ros2/install/zed_wrapper:/home/deathstroke/zed-ros2/install/zed_debug:/home/deathstroke/zed-ros2/install/zed_components:/home/deathstroke/realsense-ros/install/realsense2_ros_mqtt_bridge:/home/deathstroke/rust_ws/install/examples_worker_demo:/home/deathstroke/rust_ws/install/examples_rclrs_minimal_pub_sub:/home/deathstroke/rust_ws/install/examples_rclrs_minimal_client_service:/home/deathstroke/rust_ws/install/examples_parameter_demo:/home/deathstroke/rust_ws/install/examples_logging_demo:/home/deathstroke/rust_ws/install/sensor_msgs_py:/home/deathstroke/rust_ws/install/rust_pubsub:/home/deathstroke/rust_ws/install/examples_rclrs_message_demo:/home/deathstroke/rust_ws/install/rosidl_runtime_rs:/home/deathstroke/rust_ws/install/rclrs:/opt/ros/humble PATH=/home/deathstroke/vins-fusion-ros2/install/camera_models/bin:/home/deathstroke/Android/Sdk/platform-tools:/usr/local/cuda-12.8/bin:/home/deathstroke/.pyenv/shims:/home/deathstroke/.pyenv/bin:/home/deathstroke/.pyenv/bin:/home/deathstroke/vins-fusion-ros2/install/vins/bin:/home/deathstroke/vins-fusion-ros2/install/global_fusion/bin:/opt/ros/humble/bin:/usr/lib/ccache:/home/deathstroke/rt-ardupilot/Tools/autotest:/home/deathstroke/ardupilot/Tools/autotest:/usr/lib/ccache:/home/deathstroke/ardupilot/Tools/autotest:/opt/gcc-arm-none-eabi-10-2020-q4-major/bin:/home/deathstroke/.cargo/bin:/home/deathstroke/.local/bin:/usr/local/sbin:/usr/local/bin:/usr/sbin:/usr/bin:/sbin:/bin:/usr/games:/usr/local/games:/snap/bin:/snap/bin:/usr/local/lib/android-ndk /usr/bin/cmake --install /home/deathstroke/vins-fusion-ros2/build/vins
