-- The C compiler identification is GNU 11.4.0
-- The CXX compiler identification is GNU 11.4.0
-- Detecting C compiler ABI info
-- Detecting C compiler ABI info - done
-- Check for working C compiler: /usr/lib/ccache/cc - skipped
-- Detecting C compile features
-- Detecting C compile features - done
-- Detecting CXX compiler ABI info
-- Detecting CXX compiler ABI info - done
-- Check for working CXX compiler: /usr/lib/ccache/c++ - skipped
-- Detecting CXX compile features
-- Detecting CXX compile features - done
-- Found ament_cmake: 1.3.12 (/opt/ros/humble/share/ament_cmake/cmake)
-- Found Python3: /usr/bin/python3 (found version "3.10.12") found components: Interpreter 
-- Override CMake install command with custom implementation using symlinks instead of copying resources
-- Found rclcpp: 16.0.17 (/opt/ros/humble/share/rclcpp/cmake)
-- Found rosidl_generator_c: 3.1.8 (/opt/ros/humble/share/rosidl_generator_c/cmake)
-- Found rosidl_adapter: 3.1.8 (/opt/ros/humble/share/rosidl_adapter/cmake)
-- Found rosidl_generator_cpp: 3.1.8 (/opt/ros/humble/share/rosidl_generator_cpp/cmake)
-- Using all available rosidl_typesupport_c: rosidl_typesupport_fastrtps_c;rosidl_typesupport_introspection_c
-- Using all available rosidl_typesupport_cpp: rosidl_typesupport_fastrtps_cpp;rosidl_typesupport_introspection_cpp
-- Found rmw_implementation_cmake: 6.1.2 (/opt/ros/humble/share/rmw_implementation_cmake/cmake)
-- Found rmw_fastrtps_cpp: 6.2.9 (/opt/ros/humble/share/rmw_fastrtps_cpp/cmake)
-- Found OpenSSL: /usr/lib/x86_64-linux-gnu/libcrypto.so (found version "3.0.2")  
-- Found FastRTPS: /opt/ros/humble/include  
-- Using RMW implementation 'rmw_fastrtps_cpp' as default
-- Looking for pthread.h
-- Looking for pthread.h - found
-- Performing Test CMAKE_HAVE_LIBC_PTHREAD
-- Performing Test CMAKE_HAVE_LIBC_PTHREAD - Success
-- Found Threads: TRUE  
-- Found sensor_msgs: 4.9.0 (/home/deathstroke/rust_ws/install/sensor_msgs/share/sensor_msgs/cmake)
-- Found visualization_msgs: 4.9.0 (/home/deathstroke/rust_ws/install/visualization_msgs/share/visualization_msgs/cmake)
-- Found nav_msgs: 4.9.0 (/home/deathstroke/rust_ws/install/nav_msgs/share/nav_msgs/cmake)
-- Found cv_bridge: 3.2.1 (/opt/ros/humble/share/cv_bridge/cmake)
-- Found CUDA: /usr/local/cuda-12.8 (found suitable exact version "12.8") 
-- Found camera_models: 0.0.0 (/home/deathstroke/vins-fusion-ros2/install/camera_models/share/camera_models/cmake)
-- Found OpenCV: /usr/local (found version "4.10.0") 
-- Found CXSparse: /usr/include/suitesparse (found suitable version "3.2.0", minimum required is "3.2.0") 
-- Found AMD headers in: /usr/include/suitesparse
-- Found AMD library: /usr/lib/x86_64-linux-gnu/libamd.so
-- Found CAMD headers in: /usr/include/suitesparse
-- Found CAMD library: /usr/lib/x86_64-linux-gnu/libcamd.so
-- Found CCOLAMD headers in: /usr/include/suitesparse
-- Found CCOLAMD library: /usr/lib/x86_64-linux-gnu/libccolamd.so
-- Found CHOLMOD headers in: /usr/include/suitesparse
-- Found CHOLMOD library: /usr/lib/x86_64-linux-gnu/libcholmod.so
-- Found COLAMD headers in: /usr/include/suitesparse
-- Found COLAMD library: /usr/lib/x86_64-linux-gnu/libcolamd.so
-- Found SPQR headers in: /usr/include/suitesparse
-- Found SPQR library: /usr/lib/x86_64-linux-gnu/libspqr.so
-- Found Config headers in: /usr/include/suitesparse
-- Found Config library: /usr/lib/x86_64-linux-gnu/libsuitesparseconfig.so
-- Found Intel Thread Building Blocks (TBB) library (2021.5 / ) include location: . Assuming SuiteSparseQR was compiled with TBB.
-- Looking for shm_open in rt
-- Looking for shm_open in rt - found
-- Adding librt to SuiteSparse_config libraries (required on Linux & Unix [not OSX] if SuiteSparse is compiled with timing).
-- Could NOT find METIS (missing: METIS_INCLUDE_DIR METIS_LIBRARY) 
-- Found SuiteSparse: /usr/include/suitesparse (found suitable version "5.10.1", minimum required is "5.10.1") found components: AMD CAMD CCOLAMD CHOLMOD COLAMD SPQR Config 
-- Found required Ceres dependency: Eigen version 3.3.91 in /usr/local/share/eigen3/cmake
-- Found required Ceres dependency: glog
-- Found required Ceres dependency: gflags
-- Found Ceres version: 2.1.0 installed in: /usr/local with components: [EigenSparse, SparseLinearAlgebraLibrary, LAPACK, SuiteSparse, CXSparse, SchurSpecializations, Multithreading]
-- Configuring done
-- Generating done
-- Build files have been written to: /home/deathstroke/vins-fusion-ros2/build/loop_fusion
[  7%] [32mBuilding CXX object CMakeFiles/loop_fusion_node.dir/src/ThirdParty/DBoW/ScoringObject.cpp.o[0m
[ 28%] [32mBuilding CXX object CMakeFiles/loop_fusion_node.dir/src/ThirdParty/DUtils/Timestamp.cpp.o[0m
[ 28%] [32mBuilding CXX object CMakeFiles/loop_fusion_node.dir/src/ThirdParty/DBoW/QueryResults.cpp.o[0m
[ 28%] [32mBuilding CXX object CMakeFiles/loop_fusion_node.dir/src/ThirdParty/DUtils/Random.cpp.o[0m
[ 35%] [32mBuilding CXX object CMakeFiles/loop_fusion_node.dir/src/ThirdParty/VocabularyBinary.cpp.o[0m
[ 42%] [32mBuilding CXX object CMakeFiles/loop_fusion_node.dir/src/utility/CameraPoseVisualization.cpp.o[0m
[ 50%] [32mBuilding CXX object CMakeFiles/loop_fusion_node.dir/src/pose_graph_node.cpp.o[0m
[ 64%] [32mBuilding CXX object CMakeFiles/loop_fusion_node.dir/src/pose_graph.cpp.o[0m
[ 64%] [32mBuilding CXX object CMakeFiles/loop_fusion_node.dir/src/keyframe.cpp.o[0m
[ 71%] [32mBuilding CXX object CMakeFiles/loop_fusion_node.dir/src/ThirdParty/DBoW/BowVector.cpp.o[0m
[ 78%] [32mBuilding CXX object CMakeFiles/loop_fusion_node.dir/src/ThirdParty/DBoW/FBrief.cpp.o[0m
[ 85%] [32mBuilding CXX object CMakeFiles/loop_fusion_node.dir/src/ThirdParty/DBoW/FeatureVector.cpp.o[0m
[ 92%] [32mBuilding CXX object CMakeFiles/loop_fusion_node.dir/src/ThirdParty/DVision/BRIEF.cpp.o[0m
[100%] [32m[1mLinking CXX executable loop_fusion_node[0m
[100%] Built target loop_fusion_node
-- Install configuration: "Release"
-- Execute custom install script
-- Symlinking: /home/deathstroke/vins-fusion-ros2/install/loop_fusion/lib/loop_fusion/loop_fusion_node
-- Symlinking: /home/deathstroke/vins-fusion-ros2/install/loop_fusion/share/loop_fusion/../support_files/brief_k10L6.bin
-- Symlinking: /home/deathstroke/vins-fusion-ros2/install/loop_fusion/share/loop_fusion/../support_files/brief_pattern.yml
-- Symlinking: /home/deathstroke/vins-fusion-ros2/install/loop_fusion/share/ament_index/resource_index/package_run_dependencies/loop_fusion
-- Symlinking: /home/deathstroke/vins-fusion-ros2/install/loop_fusion/share/ament_index/resource_index/parent_prefix_path/loop_fusion
-- Symlinking: /home/deathstroke/vins-fusion-ros2/install/loop_fusion/share/loop_fusion/environment/ament_prefix_path.sh
-- Symlinking: /home/deathstroke/vins-fusion-ros2/install/loop_fusion/share/loop_fusion/environment/ament_prefix_path.dsv
-- Symlinking: /home/deathstroke/vins-fusion-ros2/install/loop_fusion/share/loop_fusion/environment/path.sh
-- Symlinking: /home/deathstroke/vins-fusion-ros2/install/loop_fusion/share/loop_fusion/environment/path.dsv
-- Symlinking: /home/deathstroke/vins-fusion-ros2/install/loop_fusion/share/loop_fusion/local_setup.bash
-- Symlinking: /home/deathstroke/vins-fusion-ros2/install/loop_fusion/share/loop_fusion/local_setup.sh
-- Symlinking: /home/deathstroke/vins-fusion-ros2/install/loop_fusion/share/loop_fusion/local_setup.zsh
-- Symlinking: /home/deathstroke/vins-fusion-ros2/install/loop_fusion/share/loop_fusion/local_setup.dsv
-- Symlinking: /home/deathstroke/vins-fusion-ros2/install/loop_fusion/share/loop_fusion/package.dsv
-- Symlinking: /home/deathstroke/vins-fusion-ros2/install/loop_fusion/share/ament_index/resource_index/packages/loop_fusion
-- Symlinking: /home/deathstroke/vins-fusion-ros2/install/loop_fusion/share/loop_fusion/cmake/loop_fusionConfig.cmake
-- Symlinking: /home/deathstroke/vins-fusion-ros2/install/loop_fusion/share/loop_fusion/cmake/loop_fusionConfig-version.cmake
-- Symlinking: /home/deathstroke/vins-fusion-ros2/install/loop_fusion/share/loop_fusion/package.xml
