[0.000s] Invoking command in '/home/deathstroke/vins-fusion-ros2/build/loop_fusion': CMAKE_PREFIX_PATH=/home/deathstroke/vins-fusion-ros2/install/camera_models:/home/deathstroke/.local:/home/deathstroke/vins-fusion-ros2/install/vins:/home/deathstroke/vins-fusion-ros2/install/loop_fusion:/home/deathstroke/vins-fusion-ros2/install/global_fusion:/home/deathstroke/.local:/home/deathstroke/workspace/catkin_ws_ov/install/ov_msckf:/home/deathstroke/workspace/catkin_ws_ov/install/ov_init:/home/deathstroke/workspace/catkin_ws_ov/install/ov_eval:/home/deathstroke/workspace/catkin_ws_ov/install/ov_data:/home/deathstroke/workspace/catkin_ws_ov/install/ov_core:/home/deathstroke/zed-ros/install/zed_ros2:/home/deathstroke/zed-ros/install/zed_wrapper:/home/deathstroke/zed-ros/install/zed_components:/home/deathstroke/realsense-ros/install/realsense2_rviz_plugin:/home/deathstroke/realsense-ros/install/realsense2_description:/home/deathstroke/realsense-ros/install/realsense2_camera_msgs:/home/deathstroke/rust_ws/install/common_interfaces:/home/deathstroke/rust_ws/install/visualization_msgs:/home/deathstroke/rust_ws/install/test_msgs:/home/deathstroke/rust_ws/install/example_interfaces:/home/deathstroke/rust_ws/install/action_msgs:/home/deathstroke/rust_ws/install/unique_identifier_msgs:/home/deathstroke/rust_ws/install/trajectory_msgs:/home/deathstroke/rust_ws/install/test_interface_files:/home/deathstroke/rust_ws/install/stereo_msgs:/home/deathstroke/rust_ws/install/std_srvs:/home/deathstroke/rust_ws/install/shape_msgs:/home/deathstroke/rust_ws/install/sensor_msgs:/home/deathstroke/rust_ws/install/nav_msgs:/home/deathstroke/rust_ws/install/diagnostic_msgs:/home/deathstroke/rust_ws/install/geometry_msgs:/home/deathstroke/rust_ws/install/actionlib_msgs:/home/deathstroke/rust_ws/install/std_msgs:/home/deathstroke/rust_ws/install/statistics_msgs:/home/deathstroke/rust_ws/install/rosgraph_msgs:/home/deathstroke/rust_ws/install/rclrs_example_msgs:/home/deathstroke/rust_ws/install/composition_interfaces:/home/deathstroke/rust_ws/install/rcl_interfaces:/home/deathstroke/rust_ws/install/lifecycle_msgs:/home/deathstroke/rust_ws/install/builtin_interfaces:/home/deathstroke/rust_ws/install/rosidl_default_runtime:/home/deathstroke/rust_ws/install/rosidl_default_generators:/home/deathstroke/rust_ws/install/rosidl_generator_rs:/home/deathstroke/realsense-ros/install/realsense2_ros_mqtt_bridge:/home/deathstroke/rust_ws/install/examples_worker_demo:/home/deathstroke/rust_ws/install/examples_rclrs_minimal_pub_sub:/home/deathstroke/rust_ws/install/examples_rclrs_minimal_client_service:/home/deathstroke/rust_ws/install/examples_parameter_demo:/home/deathstroke/rust_ws/install/examples_logging_demo:/home/deathstroke/rust_ws/install/sensor_msgs_py:/home/deathstroke/rust_ws/install/rust_pubsub:/home/deathstroke/rust_ws/install/examples_rclrs_message_demo:/home/deathstroke/rust_ws/install/rosidl_runtime_rs:/home/deathstroke/rust_ws/install/rclrs:/opt/ros/humble PATH=/home/deathstroke/vins-fusion-ros2/install/camera_models/bin:/home/deathstroke/Android/Sdk/platform-tools:/usr/local/cuda-12.8/bin:/home/deathstroke/.pyenv/shims:/home/deathstroke/.pyenv/bin:/home/deathstroke/.pyenv/bin:/usr/lib/ccache:/home/deathstroke/rt-ardupilot/Tools/autotest:/home/deathstroke/vins-fusion-ros2/install/global_fusion/bin:/home/deathstroke/Android/Sdk/platform-tools:/usr/local/cuda-12.8/bin:/home/deathstroke/.pyenv/bin:/home/deathstroke/.pyenv/bin:/opt/ros/humble/bin:/usr/lib/ccache:/home/deathstroke/rt-ardupilot/Tools/autotest:/home/deathstroke/ardupilot/Tools/autotest:/usr/lib/ccache:/home/deathstroke/ardupilot/Tools/autotest:/opt/gcc-arm-none-eabi-10-2020-q4-major/bin:/home/deathstroke/.cargo/bin:/home/deathstroke/.local/bin:/usr/local/sbin:/usr/local/bin:/usr/sbin:/usr/bin:/sbin:/bin:/usr/games:/usr/local/games:/snap/bin:/snap/bin:/usr/local/lib/android-ndk:/usr/local/lib/android-ndk /usr/bin/cmake /home/deathstroke/vins-fusion-ros2/src/VINS-Fusion-ROS2-humble-arm/loop_fusion -DAMENT_CMAKE_SYMLINK_INSTALL=1 -DCMAKE_INSTALL_PREFIX=/home/deathstroke/vins-fusion-ros2/install/loop_fusion
[0.028s] -- The C compiler identification is GNU 11.4.0
[0.063s] -- The CXX compiler identification is GNU 11.4.0
[0.070s] -- Detecting C compiler ABI info
[0.108s] -- Detecting C compiler ABI info - done
[0.112s] -- Check for working C compiler: /usr/lib/ccache/cc - skipped
[0.112s] -- Detecting C compile features
[0.112s] -- Detecting C compile features - done
[0.113s] -- Detecting CXX compiler ABI info
[0.158s] -- Detecting CXX compiler ABI info - done
[0.161s] -- Check for working CXX compiler: /usr/lib/ccache/c++ - skipped
[0.162s] -- Detecting CXX compile features
[0.162s] -- Detecting CXX compile features - done
[0.165s] -- Found ament_cmake: 1.3.12 (/opt/ros/humble/share/ament_cmake/cmake)
[0.544s] -- Found Python3: /usr/bin/python3 (found version "3.10.12") found components: Interpreter 
[0.584s] -- Override CMake install command with custom implementation using symlinks instead of copying resources
[0.624s] -- Found rclcpp: 16.0.17 (/opt/ros/humble/share/rclcpp/cmake)
[0.666s] -- Found rosidl_generator_c: 3.1.8 (/opt/ros/humble/share/rosidl_generator_c/cmake)
[0.672s] -- Found rosidl_adapter: 3.1.8 (/opt/ros/humble/share/rosidl_adapter/cmake)
[0.679s] -- Found rosidl_generator_cpp: 3.1.8 (/opt/ros/humble/share/rosidl_generator_cpp/cmake)
[0.688s] -- Using all available rosidl_typesupport_c: rosidl_typesupport_fastrtps_c;rosidl_typesupport_introspection_c
[0.701s] -- Using all available rosidl_typesupport_cpp: rosidl_typesupport_fastrtps_cpp;rosidl_typesupport_introspection_cpp
[0.736s] -- Found rmw_implementation_cmake: 6.1.2 (/opt/ros/humble/share/rmw_implementation_cmake/cmake)
[0.739s] -- Found rmw_fastrtps_cpp: 6.2.9 (/opt/ros/humble/share/rmw_fastrtps_cpp/cmake)
[0.811s] -- Found OpenSSL: /usr/lib/x86_64-linux-gnu/libcrypto.so (found version "3.0.2")  
[0.837s] -- Found FastRTPS: /opt/ros/humble/include  
[0.869s] -- Using RMW implementation 'rmw_fastrtps_cpp' as default
[0.878s] -- Looking for pthread.h
[0.916s] -- Looking for pthread.h - found
[0.916s] -- Performing Test CMAKE_HAVE_LIBC_PTHREAD
[0.951s] -- Performing Test CMAKE_HAVE_LIBC_PTHREAD - Success
[0.952s] -- Found Threads: TRUE  
[0.979s] -- Found sensor_msgs: 4.9.0 (/home/deathstroke/rust_ws/install/sensor_msgs/share/sensor_msgs/cmake)
[0.994s] -- Found visualization_msgs: 4.9.0 (/home/deathstroke/rust_ws/install/visualization_msgs/share/visualization_msgs/cmake)
[1.004s] -- Found nav_msgs: 4.9.0 (/home/deathstroke/rust_ws/install/nav_msgs/share/nav_msgs/cmake)
[1.014s] -- Found cv_bridge: 3.2.1 (/opt/ros/humble/share/cv_bridge/cmake)
[1.035s] -- Found CUDA: /usr/local/cuda-12.8 (found suitable exact version "12.8") 
[1.040s] -- Found camera_models: 0.0.0 (/home/deathstroke/vins-fusion-ros2/install/camera_models/share/camera_models/cmake)
[1.045s] -- Found OpenCV: /usr/local (found version "4.10.0") 
[1.058s] -- Found CXSparse: /usr/include/suitesparse (found suitable version "3.2.0", minimum required is "3.2.0") 
[1.270s] -- Found AMD headers in: /usr/include/suitesparse
[1.271s] -- Found AMD library: /usr/lib/x86_64-linux-gnu/libamd.so
[1.271s] -- Found CAMD headers in: /usr/include/suitesparse
[1.272s] -- Found CAMD library: /usr/lib/x86_64-linux-gnu/libcamd.so
[1.273s] -- Found CCOLAMD headers in: /usr/include/suitesparse
[1.273s] -- Found CCOLAMD library: /usr/lib/x86_64-linux-gnu/libccolamd.so
[1.274s] -- Found CHOLMOD headers in: /usr/include/suitesparse
[1.274s] -- Found CHOLMOD library: /usr/lib/x86_64-linux-gnu/libcholmod.so
[1.275s] -- Found COLAMD headers in: /usr/include/suitesparse
[1.275s] -- Found COLAMD library: /usr/lib/x86_64-linux-gnu/libcolamd.so
[1.276s] -- Found SPQR headers in: /usr/include/suitesparse
[1.276s] -- Found SPQR library: /usr/lib/x86_64-linux-gnu/libspqr.so
[1.277s] -- Found Config headers in: /usr/include/suitesparse
[1.278s] -- Found Config library: /usr/lib/x86_64-linux-gnu/libsuitesparseconfig.so
[1.281s] -- Found Intel Thread Building Blocks (TBB) library (2021.5 / ) include location: . Assuming SuiteSparseQR was compiled with TBB.
[1.281s] -- Looking for shm_open in rt
[1.322s] -- Looking for shm_open in rt - found
[1.322s] -- Adding librt to SuiteSparse_config libraries (required on Linux & Unix [not OSX] if SuiteSparse is compiled with timing).
[1.326s] -- Could NOT find METIS (missing: METIS_INCLUDE_DIR METIS_LIBRARY) 
[1.326s] -- Found SuiteSparse: /usr/include/suitesparse (found suitable version "5.10.1", minimum required is "5.10.1") found components: AMD CAMD CCOLAMD CHOLMOD COLAMD SPQR Config 
[1.329s] -- Found required Ceres dependency: Eigen version 3.3.91 in /usr/local/share/eigen3/cmake
[1.332s] -- Found required Ceres dependency: glog
[1.335s] -- Found required Ceres dependency: gflags
[1.336s] -- Found Ceres version: 2.1.0 installed in: /usr/local with components: [EigenSparse, SparseLinearAlgebraLibrary, LAPACK, SuiteSparse, CXSparse, SchurSpecializations, Multithreading]
[1.380s] -- Configuring done
[1.392s] -- Generating done
[1.394s] -- Build files have been written to: /home/deathstroke/vins-fusion-ros2/build/loop_fusion
[1.401s] Invoked command in '/home/deathstroke/vins-fusion-ros2/build/loop_fusion' returned '0': CMAKE_PREFIX_PATH=/home/deathstroke/vins-fusion-ros2/install/camera_models:/home/deathstroke/.local:/home/deathstroke/vins-fusion-ros2/install/vins:/home/deathstroke/vins-fusion-ros2/install/loop_fusion:/home/deathstroke/vins-fusion-ros2/install/global_fusion:/home/deathstroke/.local:/home/deathstroke/workspace/catkin_ws_ov/install/ov_msckf:/home/deathstroke/workspace/catkin_ws_ov/install/ov_init:/home/deathstroke/workspace/catkin_ws_ov/install/ov_eval:/home/deathstroke/workspace/catkin_ws_ov/install/ov_data:/home/deathstroke/workspace/catkin_ws_ov/install/ov_core:/home/deathstroke/zed-ros/install/zed_ros2:/home/deathstroke/zed-ros/install/zed_wrapper:/home/deathstroke/zed-ros/install/zed_components:/home/deathstroke/realsense-ros/install/realsense2_rviz_plugin:/home/deathstroke/realsense-ros/install/realsense2_description:/home/deathstroke/realsense-ros/install/realsense2_camera_msgs:/home/deathstroke/rust_ws/install/common_interfaces:/home/deathstroke/rust_ws/install/visualization_msgs:/home/deathstroke/rust_ws/install/test_msgs:/home/deathstroke/rust_ws/install/example_interfaces:/home/deathstroke/rust_ws/install/action_msgs:/home/deathstroke/rust_ws/install/unique_identifier_msgs:/home/deathstroke/rust_ws/install/trajectory_msgs:/home/deathstroke/rust_ws/install/test_interface_files:/home/deathstroke/rust_ws/install/stereo_msgs:/home/deathstroke/rust_ws/install/std_srvs:/home/deathstroke/rust_ws/install/shape_msgs:/home/deathstroke/rust_ws/install/sensor_msgs:/home/deathstroke/rust_ws/install/nav_msgs:/home/deathstroke/rust_ws/install/diagnostic_msgs:/home/deathstroke/rust_ws/install/geometry_msgs:/home/deathstroke/rust_ws/install/actionlib_msgs:/home/deathstroke/rust_ws/install/std_msgs:/home/deathstroke/rust_ws/install/statistics_msgs:/home/deathstroke/rust_ws/install/rosgraph_msgs:/home/deathstroke/rust_ws/install/rclrs_example_msgs:/home/deathstroke/rust_ws/install/composition_interfaces:/home/deathstroke/rust_ws/install/rcl_interfaces:/home/deathstroke/rust_ws/install/lifecycle_msgs:/home/deathstroke/rust_ws/install/builtin_interfaces:/home/deathstroke/rust_ws/install/rosidl_default_runtime:/home/deathstroke/rust_ws/install/rosidl_default_generators:/home/deathstroke/rust_ws/install/rosidl_generator_rs:/home/deathstroke/realsense-ros/install/realsense2_ros_mqtt_bridge:/home/deathstroke/rust_ws/install/examples_worker_demo:/home/deathstroke/rust_ws/install/examples_rclrs_minimal_pub_sub:/home/deathstroke/rust_ws/install/examples_rclrs_minimal_client_service:/home/deathstroke/rust_ws/install/examples_parameter_demo:/home/deathstroke/rust_ws/install/examples_logging_demo:/home/deathstroke/rust_ws/install/sensor_msgs_py:/home/deathstroke/rust_ws/install/rust_pubsub:/home/deathstroke/rust_ws/install/examples_rclrs_message_demo:/home/deathstroke/rust_ws/install/rosidl_runtime_rs:/home/deathstroke/rust_ws/install/rclrs:/opt/ros/humble PATH=/home/deathstroke/vins-fusion-ros2/install/camera_models/bin:/home/deathstroke/Android/Sdk/platform-tools:/usr/local/cuda-12.8/bin:/home/deathstroke/.pyenv/shims:/home/deathstroke/.pyenv/bin:/home/deathstroke/.pyenv/bin:/usr/lib/ccache:/home/deathstroke/rt-ardupilot/Tools/autotest:/home/deathstroke/vins-fusion-ros2/install/global_fusion/bin:/home/deathstroke/Android/Sdk/platform-tools:/usr/local/cuda-12.8/bin:/home/deathstroke/.pyenv/bin:/home/deathstroke/.pyenv/bin:/opt/ros/humble/bin:/usr/lib/ccache:/home/deathstroke/rt-ardupilot/Tools/autotest:/home/deathstroke/ardupilot/Tools/autotest:/usr/lib/ccache:/home/deathstroke/ardupilot/Tools/autotest:/opt/gcc-arm-none-eabi-10-2020-q4-major/bin:/home/deathstroke/.cargo/bin:/home/deathstroke/.local/bin:/usr/local/sbin:/usr/local/bin:/usr/sbin:/usr/bin:/sbin:/bin:/usr/games:/usr/local/games:/snap/bin:/snap/bin:/usr/local/lib/android-ndk:/usr/local/lib/android-ndk /usr/bin/cmake /home/deathstroke/vins-fusion-ros2/src/VINS-Fusion-ROS2-humble-arm/loop_fusion -DAMENT_CMAKE_SYMLINK_INSTALL=1 -DCMAKE_INSTALL_PREFIX=/home/deathstroke/vins-fusion-ros2/install/loop_fusion
[1.402s] Invoking command in '/home/deathstroke/vins-fusion-ros2/build/loop_fusion': CMAKE_PREFIX_PATH=/home/deathstroke/vins-fusion-ros2/install/camera_models:/home/deathstroke/.local:/home/deathstroke/vins-fusion-ros2/install/vins:/home/deathstroke/vins-fusion-ros2/install/loop_fusion:/home/deathstroke/vins-fusion-ros2/install/global_fusion:/home/deathstroke/.local:/home/deathstroke/workspace/catkin_ws_ov/install/ov_msckf:/home/deathstroke/workspace/catkin_ws_ov/install/ov_init:/home/deathstroke/workspace/catkin_ws_ov/install/ov_eval:/home/deathstroke/workspace/catkin_ws_ov/install/ov_data:/home/deathstroke/workspace/catkin_ws_ov/install/ov_core:/home/deathstroke/zed-ros/install/zed_ros2:/home/deathstroke/zed-ros/install/zed_wrapper:/home/deathstroke/zed-ros/install/zed_components:/home/deathstroke/realsense-ros/install/realsense2_rviz_plugin:/home/deathstroke/realsense-ros/install/realsense2_description:/home/deathstroke/realsense-ros/install/realsense2_camera_msgs:/home/deathstroke/rust_ws/install/common_interfaces:/home/deathstroke/rust_ws/install/visualization_msgs:/home/deathstroke/rust_ws/install/test_msgs:/home/deathstroke/rust_ws/install/example_interfaces:/home/deathstroke/rust_ws/install/action_msgs:/home/deathstroke/rust_ws/install/unique_identifier_msgs:/home/deathstroke/rust_ws/install/trajectory_msgs:/home/deathstroke/rust_ws/install/test_interface_files:/home/deathstroke/rust_ws/install/stereo_msgs:/home/deathstroke/rust_ws/install/std_srvs:/home/deathstroke/rust_ws/install/shape_msgs:/home/deathstroke/rust_ws/install/sensor_msgs:/home/deathstroke/rust_ws/install/nav_msgs:/home/deathstroke/rust_ws/install/diagnostic_msgs:/home/deathstroke/rust_ws/install/geometry_msgs:/home/deathstroke/rust_ws/install/actionlib_msgs:/home/deathstroke/rust_ws/install/std_msgs:/home/deathstroke/rust_ws/install/statistics_msgs:/home/deathstroke/rust_ws/install/rosgraph_msgs:/home/deathstroke/rust_ws/install/rclrs_example_msgs:/home/deathstroke/rust_ws/install/composition_interfaces:/home/deathstroke/rust_ws/install/rcl_interfaces:/home/deathstroke/rust_ws/install/lifecycle_msgs:/home/deathstroke/rust_ws/install/builtin_interfaces:/home/deathstroke/rust_ws/install/rosidl_default_runtime:/home/deathstroke/rust_ws/install/rosidl_default_generators:/home/deathstroke/rust_ws/install/rosidl_generator_rs:/home/deathstroke/realsense-ros/install/realsense2_ros_mqtt_bridge:/home/deathstroke/rust_ws/install/examples_worker_demo:/home/deathstroke/rust_ws/install/examples_rclrs_minimal_pub_sub:/home/deathstroke/rust_ws/install/examples_rclrs_minimal_client_service:/home/deathstroke/rust_ws/install/examples_parameter_demo:/home/deathstroke/rust_ws/install/examples_logging_demo:/home/deathstroke/rust_ws/install/sensor_msgs_py:/home/deathstroke/rust_ws/install/rust_pubsub:/home/deathstroke/rust_ws/install/examples_rclrs_message_demo:/home/deathstroke/rust_ws/install/rosidl_runtime_rs:/home/deathstroke/rust_ws/install/rclrs:/opt/ros/humble PATH=/home/deathstroke/vins-fusion-ros2/install/camera_models/bin:/home/deathstroke/Android/Sdk/platform-tools:/usr/local/cuda-12.8/bin:/home/deathstroke/.pyenv/shims:/home/deathstroke/.pyenv/bin:/home/deathstroke/.pyenv/bin:/usr/lib/ccache:/home/deathstroke/rt-ardupilot/Tools/autotest:/home/deathstroke/vins-fusion-ros2/install/global_fusion/bin:/home/deathstroke/Android/Sdk/platform-tools:/usr/local/cuda-12.8/bin:/home/deathstroke/.pyenv/bin:/home/deathstroke/.pyenv/bin:/opt/ros/humble/bin:/usr/lib/ccache:/home/deathstroke/rt-ardupilot/Tools/autotest:/home/deathstroke/ardupilot/Tools/autotest:/usr/lib/ccache:/home/deathstroke/ardupilot/Tools/autotest:/opt/gcc-arm-none-eabi-10-2020-q4-major/bin:/home/deathstroke/.cargo/bin:/home/deathstroke/.local/bin:/usr/local/sbin:/usr/local/bin:/usr/sbin:/usr/bin:/sbin:/bin:/usr/games:/usr/local/games:/snap/bin:/snap/bin:/usr/local/lib/android-ndk:/usr/local/lib/android-ndk /usr/bin/cmake --build /home/deathstroke/vins-fusion-ros2/build/loop_fusion -- -j32 -l32
[1.438s] [  7%] [32mBuilding CXX object CMakeFiles/loop_fusion_node.dir/src/ThirdParty/DBoW/ScoringObject.cpp.o[0m
[1.438s] [ 28%] [32mBuilding CXX object CMakeFiles/loop_fusion_node.dir/src/ThirdParty/DUtils/Timestamp.cpp.o[0m
[1.438s] [ 28%] [32mBuilding CXX object CMakeFiles/loop_fusion_node.dir/src/ThirdParty/DBoW/QueryResults.cpp.o[0m
[1.438s] [ 28%] [32mBuilding CXX object CMakeFiles/loop_fusion_node.dir/src/ThirdParty/DUtils/Random.cpp.o[0m
[1.438s] [ 35%] [32mBuilding CXX object CMakeFiles/loop_fusion_node.dir/src/ThirdParty/VocabularyBinary.cpp.o[0m
[1.439s] [ 42%] [32mBuilding CXX object CMakeFiles/loop_fusion_node.dir/src/utility/CameraPoseVisualization.cpp.o[0m
[1.439s] [ 50%] [32mBuilding CXX object CMakeFiles/loop_fusion_node.dir/src/pose_graph_node.cpp.o[0m
[1.439s] [ 64%] [32mBuilding CXX object CMakeFiles/loop_fusion_node.dir/src/pose_graph.cpp.o[0m
[1.439s] [ 64%] [32mBuilding CXX object CMakeFiles/loop_fusion_node.dir/src/keyframe.cpp.o[0m
[1.440s] [ 71%] [32mBuilding CXX object CMakeFiles/loop_fusion_node.dir/src/ThirdParty/DBoW/BowVector.cpp.o[0m
[1.440s] [ 78%] [32mBuilding CXX object CMakeFiles/loop_fusion_node.dir/src/ThirdParty/DBoW/FBrief.cpp.o[0m
[1.440s] [ 85%] [32mBuilding CXX object CMakeFiles/loop_fusion_node.dir/src/ThirdParty/DBoW/FeatureVector.cpp.o[0m
[1.440s] [ 92%] [32mBuilding CXX object CMakeFiles/loop_fusion_node.dir/src/ThirdParty/DVision/BRIEF.cpp.o[0m
[1.450s] In file included from [01m[K/home/deathstroke/vins-fusion-ros2/src/VINS-Fusion-ROS2-humble-arm/loop_fusion/src/keyframe.h:22[m[K,
[1.450s]                  from [01m[K/home/deathstroke/vins-fusion-ros2/src/VINS-Fusion-ROS2-humble-arm/loop_fusion/src/pose_graph_node.cpp:32[m[K:
[1.450s] [01m[K/home/deathstroke/vins-fusion-ros2/src/VINS-Fusion-ROS2-humble-arm/loop_fusion/src/utility/utility.h:148:6:[m[K [01;35m[Kwarning: [m[Kextra ‘[01m[K;[m[K’ [[01;35m[K-Wpedantic[m[K]
[1.450s]   148 |     }[01;35m[K;[m[K
[1.451s]       |      [01;35m[K^[m[K
[1.451s]       |      [31m[K-[m[K
[1.451s] In file included from [01m[K/home/deathstroke/vins-fusion-ros2/src/VINS-Fusion-ROS2-humble-arm/loop_fusion/src/pose_graph_node.cpp:34[m[K:
[1.451s] [01m[K/home/deathstroke/vins-fusion-ros2/src/VINS-Fusion-ROS2-humble-arm/loop_fusion/src/pose_graph.h:137:47:[m[K [01;35m[Kwarning: [m[K‘[01m[KLocalParameterization[m[K’ is deprecated: LocalParameterizations will be removed from the Ceres Solver API in version 2.2.0. Use Manifolds instead. [[01;35m[K-Wdeprecated-declarations[m[K]
[1.451s]   137 |   static ceres::LocalParameterization* Create([01;35m[K)[m[K {
[1.451s]       |                                               [01;35m[K^[m[K
[1.451s] In file included from [01m[K/usr/local/include/ceres/autodiff_local_parameterization.h:39[m[K,
[1.451s]                  from [01m[K/usr/local/include/ceres/ceres.h:39[m[K,
[1.451s]                  from [01m[K/home/deathstroke/vins-fusion-ros2/src/VINS-Fusion-ROS2-humble-arm/loop_fusion/src/pose_graph.h:19[m[K,
[1.451s]                  from [01m[K/home/deathstroke/vins-fusion-ros2/src/VINS-Fusion-ROS2-humble-arm/loop_fusion/src/pose_graph_node.cpp:34[m[K:
[1.451s] [01m[K/usr/local/include/ceres/local_parameterization.h:121:18:[m[K [01;36m[Knote: [m[Kdeclared here
[1.451s]   121 |     CERES_EXPORT [01;36m[KLocalParameterization[m[K {
[1.451s]       |                  [01;36m[K^~~~~~~~~~~~~~~~~~~~~[m[K
[1.451s] In file included from [01m[K/home/deathstroke/vins-fusion-ros2/src/VINS-Fusion-ROS2-humble-arm/loop_fusion/src/pose_graph_node.cpp:34[m[K:
[1.451s] [01m[K/home/deathstroke/vins-fusion-ros2/src/VINS-Fusion-ROS2-humble-arm/loop_fusion/src/pose_graph.h:[m[K In static member function ‘[01m[Kstatic ceres::LocalParameterization* AngleLocalParameterization::Create()[m[K’:
[1.451s] [01m[K/home/deathstroke/vins-fusion-ros2/src/VINS-Fusion-ROS2-humble-arm/loop_fusion/src/pose_graph.h:138:24:[m[K [01;35m[Kwarning: [m[K‘[01m[Ktemplate<class Functor, int kGlobalSize, int kLocalSize> class ceres::AutoDiffLocalParameterization[m[K’ is deprecated: Use AutoDiffManifold instead. [[01;35m[K-Wdeprecated-declarations[m[K]
[1.451s]   138 |     return (new ceres::[01;35m[KAutoDiffLocalParameterization[m[K<AngleLocalParameterization,
[1.451s]       |                        [01;35m[K^~~~~~~~~~~~~~~~~~~~~~~~~~~~~[m[K
[1.451s] In file included from [01m[K/usr/local/include/ceres/ceres.h:39[m[K,
[1.451s]                  from [01m[K/home/deathstroke/vins-fusion-ros2/src/VINS-Fusion-ROS2-humble-arm/loop_fusion/src/pose_graph.h:19[m[K,
[1.451s]                  from [01m[K/home/deathstroke/vins-fusion-ros2/src/VINS-Fusion-ROS2-humble-arm/loop_fusion/src/pose_graph_node.cpp:34[m[K:
[1.451s] [01m[K/usr/local/include/ceres/autodiff_local_parameterization.h:114:5:[m[K [01;36m[Knote: [m[Kdeclared here
[1.451s]   114 |     [01;36m[KAutoDiffLocalParameterization[m[K : public LocalParameterization {
[1.452s]       |     [01;36m[K^~~~~~~~~~~~~~~~~~~~~~~~~~~~~[m[K
[1.452s] [01m[K/home/deathstroke/vins-fusion-ros2/src/VINS-Fusion-ROS2-humble-arm/loop_fusion/src/pose_graph_node.cpp:[m[K At global scope:
[1.452s] [01m[K/home/deathstroke/vins-fusion-ros2/src/VINS-Fusion-ROS2-humble-arm/loop_fusion/src/pose_graph_node.cpp:41:32:[m[K [01;35m[Kwarning: [m[K‘[01m[Ksensor_msgs::msg::Image_<std::allocator<void> >::ConstPtr[m[K’ is deprecated [[01;35m[K-Wdeprecated-declarations[m[K]
[1.452s]    41 | queue<sensor_msgs::msg::Image::[01;35m[KConstPtr[m[K> image_buf;
[1.452s]       |                                [01;35m[K^~~~~~~~[m[K
[1.452s] In file included from [01m[K/home/deathstroke/rust_ws/install/sensor_msgs/include/sensor_msgs/sensor_msgs/msg/image.hpp:7[m[K,
[1.452s]                  from [01m[K/home/deathstroke/vins-fusion-ros2/src/VINS-Fusion-ROS2-humble-arm/loop_fusion/src/pose_graph_node.cpp:17[m[K:
[1.452s] [01m[K/home/deathstroke/rust_ws/install/sensor_msgs/include/sensor_msgs/sensor_msgs/msg/detail/image__struct.hpp:173:5:[m[K [01;36m[Knote: [m[Kdeclared here
[1.452s]   173 |     [01;36m[KConstPtr[m[K;
[1.452s]       |     [01;36m[K^~~~~~~~[m[K
[1.452s] [01m[K/home/deathstroke/vins-fusion-ros2/src/VINS-Fusion-ROS2-humble-arm/loop_fusion/src/pose_graph_node.cpp:42:37:[m[K [01;35m[Kwarning: [m[K‘[01m[Ksensor_msgs::msg::PointCloud_<std::allocator<void> >::ConstPtr[m[K’ is deprecated [[01;35m[K-Wdeprecated-declarations[m[K]
[1.452s]    42 | queue<sensor_msgs::msg::PointCloud::[01;35m[KConstPtr[m[K> point_buf;
[1.452s]       |                                     [01;35m[K^~~~~~~~[m[K
[1.452s] In file included from [01m[K/home/deathstroke/rust_ws/install/sensor_msgs/include/sensor_msgs/sensor_msgs/msg/point_cloud.hpp:7[m[K,
[1.452s]                  from [01m[K/home/deathstroke/vins-fusion-ros2/src/VINS-Fusion-ROS2-humble-arm/loop_fusion/src/pose_graph_node.cpp:16[m[K:
[1.452s] [01m[K/home/deathstroke/rust_ws/install/sensor_msgs/include/sensor_msgs/sensor_msgs/msg/detail/point_cloud__struct.hpp:124:5:[m[K [01;36m[Knote: [m[Kdeclared here
[1.452s]   124 |     [01;36m[KConstPtr[m[K;
[1.452s]       |     [01;36m[K^~~~~~~~[m[K
[1.452s] [01m[K/home/deathstroke/vins-fusion-ros2/src/VINS-Fusion-ROS2-humble-arm/loop_fusion/src/pose_graph_node.cpp:44:32:[m[K [01;35m[Kwarning: [m[K‘[01m[Knav_msgs::msg::Odometry_<std::allocator<void> >::ConstPtr[m[K’ is deprecated [[01;35m[K-Wdeprecated-declarations[m[K]
[1.452s]    44 | queue<nav_msgs::msg::Odometry::[01;35m[KConstPtr[m[K> pose_buf;
[1.452s]       |                                [01;35m[K^~~~~~~~[m[K
[1.452s] In file included from [01m[K/home/deathstroke/rust_ws/install/nav_msgs/include/nav_msgs/nav_msgs/msg/odometry.hpp:7[m[K,
[1.452s]                  from [01m[K/home/deathstroke/vins-fusion-ros2/src/VINS-Fusion-ROS2-humble-arm/loop_fusion/src/pose_graph_node.cpp:14[m[K:
[1.452s] [01m[K/home/deathstroke/rust_ws/install/nav_msgs/include/nav_msgs/nav_msgs/msg/detail/odometry__struct.hpp:146:5:[m[K [01;36m[Knote: [m[Kdeclared here
[1.453s]   146 |     [01;36m[KConstPtr[m[K;
[1.453s]       |     [01;36m[K^~~~~~~~[m[K
[1.453s] [01m[K/home/deathstroke/vins-fusion-ros2/src/VINS-Fusion-ROS2-humble-arm/loop_fusion/src/pose_graph_node.cpp:[m[K In function ‘[01m[Kvoid process()[m[K’:
[1.453s] [01m[K/home/deathstroke/vins-fusion-ros2/src/VINS-Fusion-ROS2-humble-arm/loop_fusion/src/pose_graph_node.cpp:254:43:[m[K [01;35m[Kwarning: [m[K‘[01m[Ksensor_msgs::msg::Image_<std::allocator<void> >::ConstPtr[m[K’ is deprecated [[01;35m[K-Wdeprecated-declarations[m[K]
[1.453s]   254 |         sensor_msgs::msg::Image::ConstPtr [01;35m[Kimage_msg[m[K = NULL;
[1.453s]       |                                           [01;35m[K^~~~~~~~~[m[K
[1.453s] In file included from [01m[K/home/deathstroke/rust_ws/install/sensor_msgs/include/sensor_msgs/sensor_msgs/msg/image.hpp:7[m[K,
[1.453s]                  from [01m[K/home/deathstroke/vins-fusion-ros2/src/VINS-Fusion-ROS2-humble-arm/loop_fusion/src/pose_graph_node.cpp:17[m[K:
[1.453s] [01m[K/home/deathstroke/rust_ws/install/sensor_msgs/include/sensor_msgs/sensor_msgs/msg/detail/image__struct.hpp:173:5:[m[K [01;36m[Knote: [m[Kdeclared here
[1.453s]   173 |     [01;36m[KConstPtr[m[K;
[1.453s]       |     [01;36m[K^~~~~~~~[m[K
[1.453s] [01m[K/home/deathstroke/vins-fusion-ros2/src/VINS-Fusion-ROS2-humble-arm/loop_fusion/src/pose_graph_node.cpp:255:48:[m[K [01;35m[Kwarning: [m[K‘[01m[Ksensor_msgs::msg::PointCloud_<std::allocator<void> >::ConstPtr[m[K’ is deprecated [[01;35m[K-Wdeprecated-declarations[m[K]
[1.453s]   255 |         sensor_msgs::msg::PointCloud::ConstPtr [01;35m[Kpoint_msg[m[K = NULL;
[1.453s]       |                                                [01;35m[K^~~~~~~~~[m[K
[1.453s] In file included from [01m[K/home/deathstroke/rust_ws/install/sensor_msgs/include/sensor_msgs/sensor_msgs/msg/point_cloud.hpp:7[m[K,
[1.453s]                  from [01m[K/home/deathstroke/vins-fusion-ros2/src/VINS-Fusion-ROS2-humble-arm/loop_fusion/src/pose_graph_node.cpp:16[m[K:
[1.453s] [01m[K/home/deathstroke/rust_ws/install/sensor_msgs/include/sensor_msgs/sensor_msgs/msg/detail/point_cloud__struct.hpp:124:5:[m[K [01;36m[Knote: [m[Kdeclared here
[1.453s]   124 |     [01;36m[KConstPtr[m[K;
[1.453s]       |     [01;36m[K^~~~~~~~[m[K
[1.453s] [01m[K/home/deathstroke/vins-fusion-ros2/src/VINS-Fusion-ROS2-humble-arm/loop_fusion/src/pose_graph_node.cpp:256:43:[m[K [01;35m[Kwarning: [m[K‘[01m[Knav_msgs::msg::Odometry_<std::allocator<void> >::ConstPtr[m[K’ is deprecated [[01;35m[K-Wdeprecated-declarations[m[K]
[1.453s]   256 |         nav_msgs::msg::Odometry::ConstPtr [01;35m[Kpose_msg[m[K = NULL;
[1.453s]       |                                           [01;35m[K^~~~~~~~[m[K
[1.453s] In file included from [01m[K/home/deathstroke/rust_ws/install/nav_msgs/include/nav_msgs/nav_msgs/msg/odometry.hpp:7[m[K,
[1.453s]                  from [01m[K/home/deathstroke/vins-fusion-ros2/src/VINS-Fusion-ROS2-humble-arm/loop_fusion/src/pose_graph_node.cpp:14[m[K:
[1.453s] [01m[K/home/deathstroke/rust_ws/install/nav_msgs/include/nav_msgs/nav_msgs/msg/detail/odometry__struct.hpp:146:5:[m[K [01;36m[Knote: [m[Kdeclared here
[1.454s]   146 |     [01;36m[KConstPtr[m[K;
[1.454s]       |     [01;36m[K^~~~~~~~[m[K
[1.458s] In file included from [01m[K/home/deathstroke/vins-fusion-ros2/src/VINS-Fusion-ROS2-humble-arm/loop_fusion/src/keyframe.h:22[m[K,
[1.458s]                  from [01m[K/home/deathstroke/vins-fusion-ros2/src/VINS-Fusion-ROS2-humble-arm/loop_fusion/src/keyframe.cpp:12[m[K:
[1.458s] [01m[K/home/deathstroke/vins-fusion-ros2/src/VINS-Fusion-ROS2-humble-arm/loop_fusion/src/utility/utility.h:148:6:[m[K [01;35m[Kwarning: [m[Kextra ‘[01m[K;[m[K’ [[01;35m[K-Wpedantic[m[K]
[1.458s]   148 |     }[01;35m[K;[m[K
[1.458s]       |      [01;35m[K^[m[K
[1.458s]       |      [31m[K-[m[K
[1.459s] In file included from [01m[K/home/deathstroke/vins-fusion-ros2/src/VINS-Fusion-ROS2-humble-arm/loop_fusion/src/keyframe.h:22[m[K,
[1.459s]                  from [01m[K/home/deathstroke/vins-fusion-ros2/src/VINS-Fusion-ROS2-humble-arm/loop_fusion/src/pose_graph.h:28[m[K,
[1.459s]                  from [01m[K/home/deathstroke/vins-fusion-ros2/src/VINS-Fusion-ROS2-humble-arm/loop_fusion/src/pose_graph.cpp:12[m[K:
[1.459s] [01m[K/home/deathstroke/vins-fusion-ros2/src/VINS-Fusion-ROS2-humble-arm/loop_fusion/src/utility/utility.h:148:6:[m[K [01;35m[Kwarning: [m[Kextra ‘[01m[K;[m[K’ [[01;35m[K-Wpedantic[m[K]
[1.459s]   148 |     }[01;35m[K;[m[K
[1.459s]       |      [01;35m[K^[m[K
[1.459s]       |      [31m[K-[m[K
[1.459s] In file included from [01m[K/home/deathstroke/vins-fusion-ros2/src/VINS-Fusion-ROS2-humble-arm/loop_fusion/src/pose_graph.cpp:12[m[K:
[1.459s] [01m[K/home/deathstroke/vins-fusion-ros2/src/VINS-Fusion-ROS2-humble-arm/loop_fusion/src/pose_graph.h:137:47:[m[K [01;35m[Kwarning: [m[K‘[01m[KLocalParameterization[m[K’ is deprecated: LocalParameterizations will be removed from the Ceres Solver API in version 2.2.0. Use Manifolds instead. [[01;35m[K-Wdeprecated-declarations[m[K]
[1.459s]   137 |   static ceres::LocalParameterization* Create([01;35m[K)[m[K {
[1.459s]       |                                               [01;35m[K^[m[K
[1.459s] In file included from [01m[K/usr/local/include/ceres/autodiff_local_parameterization.h:39[m[K,
[1.459s]                  from [01m[K/usr/local/include/ceres/ceres.h:39[m[K,
[1.459s]                  from [01m[K/home/deathstroke/vins-fusion-ros2/src/VINS-Fusion-ROS2-humble-arm/loop_fusion/src/pose_graph.h:19[m[K,
[1.459s]                  from [01m[K/home/deathstroke/vins-fusion-ros2/src/VINS-Fusion-ROS2-humble-arm/loop_fusion/src/pose_graph.cpp:12[m[K:
[1.459s] [01m[K/usr/local/include/ceres/local_parameterization.h:121:18:[m[K [01;36m[Knote: [m[Kdeclared here
[1.459s]   121 |     CERES_EXPORT [01;36m[KLocalParameterization[m[K {
[1.459s]       |                  [01;36m[K^~~~~~~~~~~~~~~~~~~~~[m[K
[1.459s] In file included from [01m[K/home/deathstroke/vins-fusion-ros2/src/VINS-Fusion-ROS2-humble-arm/loop_fusion/src/pose_graph.cpp:12[m[K:
[1.459s] [01m[K/home/deathstroke/vins-fusion-ros2/src/VINS-Fusion-ROS2-humble-arm/loop_fusion/src/pose_graph.h:[m[K In static member function ‘[01m[Kstatic ceres::LocalParameterization* AngleLocalParameterization::Create()[m[K’:
[1.459s] [01m[K/home/deathstroke/vins-fusion-ros2/src/VINS-Fusion-ROS2-humble-arm/loop_fusion/src/pose_graph.h:138:24:[m[K [01;35m[Kwarning: [m[K‘[01m[Ktemplate<class Functor, int kGlobalSize, int kLocalSize> class ceres::AutoDiffLocalParameterization[m[K’ is deprecated: Use AutoDiffManifold instead. [[01;35m[K-Wdeprecated-declarations[m[K]
[1.459s]   138 |     return (new ceres::[01;35m[KAutoDiffLocalParameterization[m[K<AngleLocalParameterization,
[1.459s]       |                        [01;35m[K^~~~~~~~~~~~~~~~~~~~~~~~~~~~~[m[K
[1.459s] In file included from [01m[K/usr/local/include/ceres/ceres.h:39[m[K,
[1.459s]                  from [01m[K/home/deathstroke/vins-fusion-ros2/src/VINS-Fusion-ROS2-humble-arm/loop_fusion/src/pose_graph.h:19[m[K,
[1.459s]                  from [01m[K/home/deathstroke/vins-fusion-ros2/src/VINS-Fusion-ROS2-humble-arm/loop_fusion/src/pose_graph.cpp:12[m[K:
[1.459s] [01m[K/usr/local/include/ceres/autodiff_local_parameterization.h:114:5:[m[K [01;36m[Knote: [m[Kdeclared here
[1.459s]   114 |     [01;36m[KAutoDiffLocalParameterization[m[K : public LocalParameterization {
[1.459s]       |     [01;36m[K^~~~~~~~~~~~~~~~~~~~~~~~~~~~~[m[K
[1.459s] [01m[K/home/deathstroke/vins-fusion-ros2/src/VINS-Fusion-ROS2-humble-arm/loop_fusion/src/pose_graph.cpp:[m[K In member function ‘[01m[Kint PoseGraph::detectLoop(KeyFrame*, int)[m[K’:
[1.459s] [01m[K/home/deathstroke/vins-fusion-ros2/src/VINS-Fusion-ROS2-humble-arm/loop_fusion/src/pose_graph.cpp:419:47:[m[K [01;35m[Kwarning: [m[Kcomparison of integer expressions of different signedness: ‘[01m[KDBoW2::EntryId[m[K’ {aka ‘[01m[Kunsigned int[m[K’} and ‘[01m[Kint[m[K’ [[01;35m[K-Wsign-compare[m[K]
[1.459s]   419 |             if (min_index == -1 || (ret[i].Id < min_index && ret[i].Score > 0.015))
[1.459s] [01m[K/home/deathstroke/vins-fusion-ros2/src/VINS-Fusion-ROS2-humble-arm/loop_fusion/src/pose_graph.cpp:[m[K In member function ‘[01m[Kvoid PoseGraph::optimize4DoF()[m[K’:
[1.459s] [01m[K/home/deathstroke/vins-fusion-ros2/src/VINS-Fusion-ROS2-humble-arm/loop_fusion/src/pose_graph.cpp:468:20:[m[K [01;35m[Kwarning: [m[KISO C++ forbids variable length array ‘[01m[Kt_array[m[K’ [[01;35m[K-Wvla[m[K]
[1.459s]   468 |             double [01;35m[Kt_array[m[K[max_length][3];
[1.459s]       |                    [01;35m[K^~~~~~~[m[K
[1.459s] [01m[K/home/deathstroke/vins-fusion-ros2/src/VINS-Fusion-ROS2-humble-arm/loop_fusion/src/pose_graph.cpp:469:25:[m[K [01;35m[Kwarning: [m[KISO C++ forbids variable length array ‘[01m[Kq_array[m[K’ [[01;35m[K-Wvla[m[K]
[1.460s]   469 |             Quaterniond [01;35m[Kq_array[m[K[max_length];
[1.460s]       |                         [01;35m[K^~~~~~~[m[K
[1.460s] [01m[K/home/deathstroke/vins-fusion-ros2/src/VINS-Fusion-ROS2-humble-arm/loop_fusion/src/pose_graph.cpp:470:20:[m[K [01;35m[Kwarning: [m[KISO C++ forbids variable length array ‘[01m[Keuler_array[m[K’ [[01;35m[K-Wvla[m[K]
[1.460s]   470 |             double [01;35m[Keuler_array[m[K[max_length][3];
[1.460s]       |                    [01;35m[K^~~~~~~~~~~[m[K
[1.460s] [01m[K/home/deathstroke/vins-fusion-ros2/src/VINS-Fusion-ROS2-humble-arm/loop_fusion/src/pose_graph.cpp:471:20:[m[K [01;35m[Kwarning: [m[KISO C++ forbids variable length array ‘[01m[Ksequence_array[m[K’ [[01;35m[K-Wvla[m[K]
[1.460s]   471 |             double [01;35m[Ksequence_array[m[K[max_length];
[1.460s]       |                    [01;35m[K^~~~~~~~~~~~~~[m[K
[1.460s] [01m[K/home/deathstroke/vins-fusion-ros2/src/VINS-Fusion-ROS2-humble-arm/loop_fusion/src/pose_graph.cpp:483:43:[m[K [01;35m[Kwarning: [m[K‘[01m[KLocalParameterization[m[K’ is deprecated: LocalParameterizations will be removed from the Ceres Solver API in version 2.2.0. Use Manifolds instead. [[01;35m[K-Wdeprecated-declarations[m[K]
[1.460s]   483 |             ceres::LocalParameterization* [01;35m[Kangle_local_parameterization[m[K =
[1.460s]       |                                           [01;35m[K^~~~~~~~~~~~~~~~~~~~~~~~~~~~[m[K
[1.460s] In file included from [01m[K/usr/local/include/ceres/autodiff_local_parameterization.h:39[m[K,
[1.460s]                  from [01m[K/usr/local/include/ceres/ceres.h:39[m[K,
[1.460s]                  from [01m[K/home/deathstroke/vins-fusion-ros2/src/VINS-Fusion-ROS2-humble-arm/loop_fusion/src/pose_graph.h:19[m[K,
[1.460s]                  from [01m[K/home/deathstroke/vins-fusion-ros2/src/VINS-Fusion-ROS2-humble-arm/loop_fusion/src/pose_graph.cpp:12[m[K:
[1.460s] [01m[K/usr/local/include/ceres/local_parameterization.h:121:18:[m[K [01;36m[Knote: [m[Kdeclared here
[1.460s]   121 |     CERES_EXPORT [01;36m[KLocalParameterization[m[K {
[1.460s]       |                  [01;36m[K^~~~~~~~~~~~~~~~~~~~~[m[K
[1.460s] [01m[K/home/deathstroke/vins-fusion-ros2/src/VINS-Fusion-ROS2-humble-arm/loop_fusion/src/pose_graph.cpp:511:42:[m[K [01;35m[Kwarning: [m[K‘[01m[Kvoid ceres::Problem::AddParameterBlock(double*, int, ceres::LocalParameterization*)[m[K’ is deprecated: LocalParameterizations are deprecated. Use the version with Manifolds instead. [[01;35m[K-Wdeprecated-declarations[m[K]
[1.460s]   511 |                 [01;35m[Kproblem.AddParameterBlock(euler_array[i], 1, angle_local_parameterization)[m[K;
[1.460s]       |                 [01;35m[K~~~~~~~~~~~~~~~~~~~~~~~~~^~~~~~~~~~~~~~~~~~~~~~~~~~~~~~~~~~~~~~~~~~~~~~~~~[m[K
[1.460s] In file included from [01m[K/usr/local/include/ceres/ceres.h:66[m[K,
[1.460s]                  from [01m[K/home/deathstroke/vins-fusion-ros2/src/VINS-Fusion-ROS2-humble-arm/loop_fusion/src/pose_graph.h:19[m[K,
[1.460s]                  from [01m[K/home/deathstroke/vins-fusion-ros2/src/VINS-Fusion-ROS2-humble-arm/loop_fusion/src/pose_graph.cpp:12[m[K:
[1.460s] [01m[K/usr/local/include/ceres/problem.h:302:8:[m[K [01;36m[Knote: [m[Kdeclared here
[1.460s]   302 |   void [01;36m[KAddParameterBlock[m[K(double* values,
[1.460s]       |        [01;36m[K^~~~~~~~~~~~~~~~~[m[K
[1.460s] [01m[K/home/deathstroke/vins-fusion-ros2/src/VINS-Fusion-ROS2-humble-arm/loop_fusion/src/pose_graph.cpp:[m[K In member function ‘[01m[Kvoid PoseGraph::optimize6DoF()[m[K’:
[1.460s] [01m[K/home/deathstroke/vins-fusion-ros2/src/VINS-Fusion-ROS2-humble-arm/loop_fusion/src/pose_graph.cpp:648:20:[m[K [01;35m[Kwarning: [m[KISO C++ forbids variable length array ‘[01m[Kt_array[m[K’ [[01;35m[K-Wvla[m[K]
[1.460s]   648 |             double [01;35m[Kt_array[m[K[max_length][3];
[1.460s]       |                    [01;35m[K^~~~~~~[m[K
[1.460s] [01m[K/home/deathstroke/vins-fusion-ros2/src/VINS-Fusion-ROS2-humble-arm/loop_fusion/src/pose_graph.cpp:649:20:[m[K [01;35m[Kwarning: [m[KISO C++ forbids variable length array ‘[01m[Kq_array[m[K’ [[01;35m[K-Wvla[m[K]
[1.460s]   649 |             double [01;35m[Kq_array[m[K[max_length][4];
[1.460s]       |                    [01;35m[K^~~~~~~[m[K
[1.460s] [01m[K/home/deathstroke/vins-fusion-ros2/src/VINS-Fusion-ROS2-humble-arm/loop_fusion/src/pose_graph.cpp:650:20:[m[K [01;35m[Kwarning: [m[KISO C++ forbids variable length array ‘[01m[Ksequence_array[m[K’ [[01;35m[K-Wvla[m[K]
[1.460s]   650 |             double [01;35m[Ksequence_array[m[K[max_length];
[1.460s]       |                    [01;35m[K^~~~~~~~~~~~~~[m[K
[1.460s] [01m[K/home/deathstroke/vins-fusion-ros2/src/VINS-Fusion-ROS2-humble-arm/loop_fusion/src/pose_graph.cpp:662:43:[m[K [01;35m[Kwarning: [m[K‘[01m[KLocalParameterization[m[K’ is deprecated: LocalParameterizations will be removed from the Ceres Solver API in version 2.2.0. Use Manifolds instead. [[01;35m[K-Wdeprecated-declarations[m[K]
[1.460s]   662 |             ceres::LocalParameterization* [01;35m[Klocal_parameterization[m[K = new ceres::QuaternionParameterization();
[1.460s]       |                                           [01;35m[K^~~~~~~~~~~~~~~~~~~~~~[m[K
[1.460s] In file included from [01m[K/usr/local/include/ceres/autodiff_local_parameterization.h:39[m[K,
[1.460s]                  from [01m[K/usr/local/include/ceres/ceres.h:39[m[K,
[1.460s]                  from [01m[K/home/deathstroke/vins-fusion-ros2/src/VINS-Fusion-ROS2-humble-arm/loop_fusion/src/pose_graph.h:19[m[K,
[1.460s]                  from [01m[K/home/deathstroke/vins-fusion-ros2/src/VINS-Fusion-ROS2-humble-arm/loop_fusion/src/pose_graph.cpp:12[m[K:
[1.460s] [01m[K/usr/local/include/ceres/local_parameterization.h:121:18:[m[K [01;36m[Knote: [m[Kdeclared here
[1.460s]   121 |     CERES_EXPORT [01;36m[KLocalParameterization[m[K {
[1.460s]       |                  [01;36m[K^~~~~~~~~~~~~~~~~~~~~[m[K
[1.460s] [01m[K/home/deathstroke/vins-fusion-ros2/src/VINS-Fusion-ROS2-humble-arm/loop_fusion/src/pose_graph.cpp:662:79:[m[K [01;35m[Kwarning: [m[K‘[01m[KQuaternionParameterization[m[K’ is deprecated: Use QuaternionManifold instead. [[01;35m[K-Wdeprecated-declarations[m[K]
[1.460s]   662 |             ceres::LocalParameterization* local_parameterization = new ceres::[01;35m[KQuaternionParameterization[m[K();
[1.460s]       |                                                                               [01;35m[K^~~~~~~~~~~~~~~~~~~~~~~~~~[m[K
[1.460s] In file included from [01m[K/usr/local/include/ceres/autodiff_local_parameterization.h:39[m[K,
[1.460s]                  from [01m[K/usr/local/include/ceres/ceres.h:39[m[K,
[1.460s]                  from [01m[K/home/deathstroke/vins-fusion-ros2/src/VINS-Fusion-ROS2-humble-arm/loop_fusion/src/pose_graph.h:19[m[K,
[1.460s]                  from [01m[K/home/deathstroke/vins-fusion-ros2/src/VINS-Fusion-ROS2-humble-arm/loop_fusion/src/pose_graph.cpp:12[m[K:
[1.460s] [01m[K/usr/local/include/ceres/local_parameterization.h:211:18:[m[K [01;36m[Knote: [m[Kdeclared here
[1.460s]   211 |     CERES_EXPORT [01;36m[KQuaternionParameterization[m[K : public LocalParameterization {
[1.460s]       |                  [01;36m[K^~~~~~~~~~~~~~~~~~~~~~~~~~[m[K
[1.460s] [01m[K/home/deathstroke/vins-fusion-ros2/src/VINS-Fusion-ROS2-humble-arm/loop_fusion/src/pose_graph.cpp:687:42:[m[K [01;35m[Kwarning: [m[K‘[01m[Kvoid ceres::Problem::AddParameterBlock(double*, int, ceres::LocalParameterization*)[m[K’ is deprecated: LocalParameterizations are deprecated. Use the version with Manifolds instead. [[01;35m[K-Wdeprecated-declarations[m[K]
[1.460s]   687 |                 [01;35m[Kproblem.AddParameterBlock(q_array[i], 4, local_parameterization)[m[K;
[1.460s]       |                 [01;35m[K~~~~~~~~~~~~~~~~~~~~~~~~~^~~~~~~~~~~~~~~~~~~~~~~~~~~~~~~~~~~~~~~[m[K
[1.461s] In file included from [01m[K/usr/local/include/ceres/ceres.h:66[m[K,
[1.461s]                  from [01m[K/home/deathstroke/vins-fusion-ros2/src/VINS-Fusion-ROS2-humble-arm/loop_fusion/src/pose_graph.h:19[m[K,
[1.461s]                  from [01m[K/home/deathstroke/vins-fusion-ros2/src/VINS-Fusion-ROS2-humble-arm/loop_fusion/src/pose_graph.cpp:12[m[K:
[1.461s] [01m[K/usr/local/include/ceres/problem.h:302:8:[m[K [01;36m[Knote: [m[Kdeclared here
[1.461s]   302 |   void [01;36m[KAddParameterBlock[m[K(double* values,
[1.461s]       |        [01;36m[K^~~~~~~~~~~~~~~~~[m[K
[1.461s] In file included from [01m[K/home/deathstroke/vins-fusion-ros2/src/VINS-Fusion-ROS2-humble-arm/loop_fusion/src/ThirdParty/DBoW/DBoW2.h:63[m[K,
[1.461s]                  from [01m[K/home/deathstroke/vins-fusion-ros2/src/VINS-Fusion-ROS2-humble-arm/loop_fusion/src/keyframe.h:24[m[K,
[1.461s]                  from [01m[K/home/deathstroke/vins-fusion-ros2/src/VINS-Fusion-ROS2-humble-arm/loop_fusion/src/pose_graph.h:28[m[K,
[1.461s]                  from [01m[K/home/deathstroke/vins-fusion-ros2/src/VINS-Fusion-ROS2-humble-arm/loop_fusion/src/pose_graph.cpp:12[m[K:
[1.461s] /home/deathstroke/vins-fusion-ros2/src/VINS-Fusion-ROS2-humble-arm/loop_fusion/src/ThirdParty/DBoW/TemplatedVocabulary.h: In instantiation of ‘[01m[Kvoid DBoW2::TemplatedVocabulary<TDescriptor, F>::loadBin(const string&) [with TDescriptor = boost::dynamic_bitset<>; F = DBoW2::FBrief; std::string = std::__cxx11::basic_string<char>][m[K’:
[1.461s] [01m[K/home/deathstroke/vins-fusion-ros2/src/VINS-Fusion-ROS2-humble-arm/loop_fusion/src/ThirdParty/DBoW/TemplatedVocabulary.h:439:5:[m[K   required from ‘[01m[KDBoW2::TemplatedVocabulary<TDescriptor, F>::TemplatedVocabulary(const string&) [with TDescriptor = boost::dynamic_bitset<>; F = DBoW2::FBrief; std::string = std::__cxx11::basic_string<char>][m[K’
[1.461s] [01m[K/home/deathstroke/vins-fusion-ros2/src/VINS-Fusion-ROS2-humble-arm/loop_fusion/src/pose_graph.cpp:64:39:[m[K   required from here
[1.461s] [01m[K/home/deathstroke/vins-fusion-ros2/src/VINS-Fusion-ROS2-humble-arm/loop_fusion/src/ThirdParty/DBoW/TemplatedVocabulary.h:1530:29:[m[K [01;35m[Kwarning: [m[Kcomparison of integer expressions of different signedness: ‘[01m[Kunsigned int[m[K’ and ‘[01m[Kint32_t[m[K’ {aka ‘[01m[Kint[m[K’} [[01;35m[K-Wsign-compare[m[K]
[1.461s]  1530 |   for(unsigned int i = 0; [01;35m[Ki < voc.nNodes[m[K; ++i)
[1.461s]       |                           [01;35m[K~~^~~~~~~~~~~~[m[K
[1.461s] [01m[K/home/deathstroke/vins-fusion-ros2/src/VINS-Fusion-ROS2-humble-arm/loop_fusion/src/ThirdParty/DBoW/TemplatedVocabulary.h:1554:29:[m[K [01;35m[Kwarning: [m[Kcomparison of integer expressions of different signedness: ‘[01m[Kunsigned int[m[K’ and ‘[01m[Kint32_t[m[K’ {aka ‘[01m[Kint[m[K’} [[01;35m[K-Wsign-compare[m[K]
[1.461s]  1554 |   for(unsigned int i = 0; [01;35m[Ki < voc.nWords[m[K; ++i)
[1.461s]       |                           [01;35m[K~~^~~~~~~~~~~~[m[K
[1.466s] [100%] [32m[1mLinking CXX executable loop_fusion_node[0m
[1.792s] /usr/bin/ld: warning: libopencv_imgcodecs.so.4.5d, needed by /opt/ros/humble/lib/libcv_bridge.so, may conflict with libopencv_imgcodecs.so.410
[1.793s] /usr/bin/ld: warning: libopencv_imgproc.so.4.5d, needed by /opt/ros/humble/lib/libcv_bridge.so, may conflict with libopencv_imgproc.so.410
[1.793s] /usr/bin/ld: warning: libopencv_core.so.4.5d, needed by /opt/ros/humble/lib/libcv_bridge.so, may conflict with libopencv_core.so.410
[2.326s] [100%] Built target loop_fusion_node
[2.337s] Invoked command in '/home/deathstroke/vins-fusion-ros2/build/loop_fusion' returned '0': CMAKE_PREFIX_PATH=/home/deathstroke/vins-fusion-ros2/install/camera_models:/home/deathstroke/.local:/home/deathstroke/vins-fusion-ros2/install/vins:/home/deathstroke/vins-fusion-ros2/install/loop_fusion:/home/deathstroke/vins-fusion-ros2/install/global_fusion:/home/deathstroke/.local:/home/deathstroke/workspace/catkin_ws_ov/install/ov_msckf:/home/deathstroke/workspace/catkin_ws_ov/install/ov_init:/home/deathstroke/workspace/catkin_ws_ov/install/ov_eval:/home/deathstroke/workspace/catkin_ws_ov/install/ov_data:/home/deathstroke/workspace/catkin_ws_ov/install/ov_core:/home/deathstroke/zed-ros/install/zed_ros2:/home/deathstroke/zed-ros/install/zed_wrapper:/home/deathstroke/zed-ros/install/zed_components:/home/deathstroke/realsense-ros/install/realsense2_rviz_plugin:/home/deathstroke/realsense-ros/install/realsense2_description:/home/deathstroke/realsense-ros/install/realsense2_camera_msgs:/home/deathstroke/rust_ws/install/common_interfaces:/home/deathstroke/rust_ws/install/visualization_msgs:/home/deathstroke/rust_ws/install/test_msgs:/home/deathstroke/rust_ws/install/example_interfaces:/home/deathstroke/rust_ws/install/action_msgs:/home/deathstroke/rust_ws/install/unique_identifier_msgs:/home/deathstroke/rust_ws/install/trajectory_msgs:/home/deathstroke/rust_ws/install/test_interface_files:/home/deathstroke/rust_ws/install/stereo_msgs:/home/deathstroke/rust_ws/install/std_srvs:/home/deathstroke/rust_ws/install/shape_msgs:/home/deathstroke/rust_ws/install/sensor_msgs:/home/deathstroke/rust_ws/install/nav_msgs:/home/deathstroke/rust_ws/install/diagnostic_msgs:/home/deathstroke/rust_ws/install/geometry_msgs:/home/deathstroke/rust_ws/install/actionlib_msgs:/home/deathstroke/rust_ws/install/std_msgs:/home/deathstroke/rust_ws/install/statistics_msgs:/home/deathstroke/rust_ws/install/rosgraph_msgs:/home/deathstroke/rust_ws/install/rclrs_example_msgs:/home/deathstroke/rust_ws/install/composition_interfaces:/home/deathstroke/rust_ws/install/rcl_interfaces:/home/deathstroke/rust_ws/install/lifecycle_msgs:/home/deathstroke/rust_ws/install/builtin_interfaces:/home/deathstroke/rust_ws/install/rosidl_default_runtime:/home/deathstroke/rust_ws/install/rosidl_default_generators:/home/deathstroke/rust_ws/install/rosidl_generator_rs:/home/deathstroke/realsense-ros/install/realsense2_ros_mqtt_bridge:/home/deathstroke/rust_ws/install/examples_worker_demo:/home/deathstroke/rust_ws/install/examples_rclrs_minimal_pub_sub:/home/deathstroke/rust_ws/install/examples_rclrs_minimal_client_service:/home/deathstroke/rust_ws/install/examples_parameter_demo:/home/deathstroke/rust_ws/install/examples_logging_demo:/home/deathstroke/rust_ws/install/sensor_msgs_py:/home/deathstroke/rust_ws/install/rust_pubsub:/home/deathstroke/rust_ws/install/examples_rclrs_message_demo:/home/deathstroke/rust_ws/install/rosidl_runtime_rs:/home/deathstroke/rust_ws/install/rclrs:/opt/ros/humble PATH=/home/deathstroke/vins-fusion-ros2/install/camera_models/bin:/home/deathstroke/Android/Sdk/platform-tools:/usr/local/cuda-12.8/bin:/home/deathstroke/.pyenv/shims:/home/deathstroke/.pyenv/bin:/home/deathstroke/.pyenv/bin:/usr/lib/ccache:/home/deathstroke/rt-ardupilot/Tools/autotest:/home/deathstroke/vins-fusion-ros2/install/global_fusion/bin:/home/deathstroke/Android/Sdk/platform-tools:/usr/local/cuda-12.8/bin:/home/deathstroke/.pyenv/bin:/home/deathstroke/.pyenv/bin:/opt/ros/humble/bin:/usr/lib/ccache:/home/deathstroke/rt-ardupilot/Tools/autotest:/home/deathstroke/ardupilot/Tools/autotest:/usr/lib/ccache:/home/deathstroke/ardupilot/Tools/autotest:/opt/gcc-arm-none-eabi-10-2020-q4-major/bin:/home/deathstroke/.cargo/bin:/home/deathstroke/.local/bin:/usr/local/sbin:/usr/local/bin:/usr/sbin:/usr/bin:/sbin:/bin:/usr/games:/usr/local/games:/snap/bin:/snap/bin:/usr/local/lib/android-ndk:/usr/local/lib/android-ndk /usr/bin/cmake --build /home/deathstroke/vins-fusion-ros2/build/loop_fusion -- -j32 -l32
[2.338s] Invoking command in '/home/deathstroke/vins-fusion-ros2/build/loop_fusion': CMAKE_PREFIX_PATH=/home/deathstroke/vins-fusion-ros2/install/camera_models:/home/deathstroke/.local:/home/deathstroke/vins-fusion-ros2/install/vins:/home/deathstroke/vins-fusion-ros2/install/loop_fusion:/home/deathstroke/vins-fusion-ros2/install/global_fusion:/home/deathstroke/.local:/home/deathstroke/workspace/catkin_ws_ov/install/ov_msckf:/home/deathstroke/workspace/catkin_ws_ov/install/ov_init:/home/deathstroke/workspace/catkin_ws_ov/install/ov_eval:/home/deathstroke/workspace/catkin_ws_ov/install/ov_data:/home/deathstroke/workspace/catkin_ws_ov/install/ov_core:/home/deathstroke/zed-ros/install/zed_ros2:/home/deathstroke/zed-ros/install/zed_wrapper:/home/deathstroke/zed-ros/install/zed_components:/home/deathstroke/realsense-ros/install/realsense2_rviz_plugin:/home/deathstroke/realsense-ros/install/realsense2_description:/home/deathstroke/realsense-ros/install/realsense2_camera_msgs:/home/deathstroke/rust_ws/install/common_interfaces:/home/deathstroke/rust_ws/install/visualization_msgs:/home/deathstroke/rust_ws/install/test_msgs:/home/deathstroke/rust_ws/install/example_interfaces:/home/deathstroke/rust_ws/install/action_msgs:/home/deathstroke/rust_ws/install/unique_identifier_msgs:/home/deathstroke/rust_ws/install/trajectory_msgs:/home/deathstroke/rust_ws/install/test_interface_files:/home/deathstroke/rust_ws/install/stereo_msgs:/home/deathstroke/rust_ws/install/std_srvs:/home/deathstroke/rust_ws/install/shape_msgs:/home/deathstroke/rust_ws/install/sensor_msgs:/home/deathstroke/rust_ws/install/nav_msgs:/home/deathstroke/rust_ws/install/diagnostic_msgs:/home/deathstroke/rust_ws/install/geometry_msgs:/home/deathstroke/rust_ws/install/actionlib_msgs:/home/deathstroke/rust_ws/install/std_msgs:/home/deathstroke/rust_ws/install/statistics_msgs:/home/deathstroke/rust_ws/install/rosgraph_msgs:/home/deathstroke/rust_ws/install/rclrs_example_msgs:/home/deathstroke/rust_ws/install/composition_interfaces:/home/deathstroke/rust_ws/install/rcl_interfaces:/home/deathstroke/rust_ws/install/lifecycle_msgs:/home/deathstroke/rust_ws/install/builtin_interfaces:/home/deathstroke/rust_ws/install/rosidl_default_runtime:/home/deathstroke/rust_ws/install/rosidl_default_generators:/home/deathstroke/rust_ws/install/rosidl_generator_rs:/home/deathstroke/realsense-ros/install/realsense2_ros_mqtt_bridge:/home/deathstroke/rust_ws/install/examples_worker_demo:/home/deathstroke/rust_ws/install/examples_rclrs_minimal_pub_sub:/home/deathstroke/rust_ws/install/examples_rclrs_minimal_client_service:/home/deathstroke/rust_ws/install/examples_parameter_demo:/home/deathstroke/rust_ws/install/examples_logging_demo:/home/deathstroke/rust_ws/install/sensor_msgs_py:/home/deathstroke/rust_ws/install/rust_pubsub:/home/deathstroke/rust_ws/install/examples_rclrs_message_demo:/home/deathstroke/rust_ws/install/rosidl_runtime_rs:/home/deathstroke/rust_ws/install/rclrs:/opt/ros/humble PATH=/home/deathstroke/vins-fusion-ros2/install/camera_models/bin:/home/deathstroke/Android/Sdk/platform-tools:/usr/local/cuda-12.8/bin:/home/deathstroke/.pyenv/shims:/home/deathstroke/.pyenv/bin:/home/deathstroke/.pyenv/bin:/usr/lib/ccache:/home/deathstroke/rt-ardupilot/Tools/autotest:/home/deathstroke/vins-fusion-ros2/install/global_fusion/bin:/home/deathstroke/Android/Sdk/platform-tools:/usr/local/cuda-12.8/bin:/home/deathstroke/.pyenv/bin:/home/deathstroke/.pyenv/bin:/opt/ros/humble/bin:/usr/lib/ccache:/home/deathstroke/rt-ardupilot/Tools/autotest:/home/deathstroke/ardupilot/Tools/autotest:/usr/lib/ccache:/home/deathstroke/ardupilot/Tools/autotest:/opt/gcc-arm-none-eabi-10-2020-q4-major/bin:/home/deathstroke/.cargo/bin:/home/deathstroke/.local/bin:/usr/local/sbin:/usr/local/bin:/usr/sbin:/usr/bin:/sbin:/bin:/usr/games:/usr/local/games:/snap/bin:/snap/bin:/usr/local/lib/android-ndk:/usr/local/lib/android-ndk /usr/bin/cmake --install /home/deathstroke/vins-fusion-ros2/build/loop_fusion
[2.345s] -- Install configuration: "Release"
[2.346s] -- Execute custom install script
[2.346s] -- Symlinking: /home/deathstroke/vins-fusion-ros2/install/loop_fusion/lib/loop_fusion/loop_fusion_node
[2.353s] -- Symlinking: /home/deathstroke/vins-fusion-ros2/install/loop_fusion/share/loop_fusion/../support_files/brief_k10L6.bin
[2.361s] -- Symlinking: /home/deathstroke/vins-fusion-ros2/install/loop_fusion/share/loop_fusion/../support_files/brief_pattern.yml
[2.367s] -- Symlinking: /home/deathstroke/vins-fusion-ros2/install/loop_fusion/share/ament_index/resource_index/package_run_dependencies/loop_fusion
[2.376s] -- Symlinking: /home/deathstroke/vins-fusion-ros2/install/loop_fusion/share/ament_index/resource_index/parent_prefix_path/loop_fusion
[2.383s] -- Symlinking: /home/deathstroke/vins-fusion-ros2/install/loop_fusion/share/loop_fusion/environment/ament_prefix_path.sh
[2.392s] -- Symlinking: /home/deathstroke/vins-fusion-ros2/install/loop_fusion/share/loop_fusion/environment/ament_prefix_path.dsv
[2.398s] -- Symlinking: /home/deathstroke/vins-fusion-ros2/install/loop_fusion/share/loop_fusion/environment/path.sh
[2.404s] -- Symlinking: /home/deathstroke/vins-fusion-ros2/install/loop_fusion/share/loop_fusion/environment/path.dsv
[2.411s] -- Symlinking: /home/deathstroke/vins-fusion-ros2/install/loop_fusion/share/loop_fusion/local_setup.bash
[2.420s] -- Symlinking: /home/deathstroke/vins-fusion-ros2/install/loop_fusion/share/loop_fusion/local_setup.sh
[2.429s] -- Symlinking: /home/deathstroke/vins-fusion-ros2/install/loop_fusion/share/loop_fusion/local_setup.zsh
[2.435s] -- Symlinking: /home/deathstroke/vins-fusion-ros2/install/loop_fusion/share/loop_fusion/local_setup.dsv
[2.442s] -- Symlinking: /home/deathstroke/vins-fusion-ros2/install/loop_fusion/share/loop_fusion/package.dsv
[2.450s] -- Symlinking: /home/deathstroke/vins-fusion-ros2/install/loop_fusion/share/ament_index/resource_index/packages/loop_fusion
[2.457s] -- Symlinking: /home/deathstroke/vins-fusion-ros2/install/loop_fusion/share/loop_fusion/cmake/loop_fusionConfig.cmake
[2.463s] -- Symlinking: /home/deathstroke/vins-fusion-ros2/install/loop_fusion/share/loop_fusion/cmake/loop_fusionConfig-version.cmake
[2.470s] -- Symlinking: /home/deathstroke/vins-fusion-ros2/install/loop_fusion/share/loop_fusion/package.xml
[2.478s] Invoked command in '/home/deathstroke/vins-fusion-ros2/build/loop_fusion' returned '0': CMAKE_PREFIX_PATH=/home/deathstroke/vins-fusion-ros2/install/camera_models:/home/deathstroke/.local:/home/deathstroke/vins-fusion-ros2/install/vins:/home/deathstroke/vins-fusion-ros2/install/loop_fusion:/home/deathstroke/vins-fusion-ros2/install/global_fusion:/home/deathstroke/.local:/home/deathstroke/workspace/catkin_ws_ov/install/ov_msckf:/home/deathstroke/workspace/catkin_ws_ov/install/ov_init:/home/deathstroke/workspace/catkin_ws_ov/install/ov_eval:/home/deathstroke/workspace/catkin_ws_ov/install/ov_data:/home/deathstroke/workspace/catkin_ws_ov/install/ov_core:/home/deathstroke/zed-ros/install/zed_ros2:/home/deathstroke/zed-ros/install/zed_wrapper:/home/deathstroke/zed-ros/install/zed_components:/home/deathstroke/realsense-ros/install/realsense2_rviz_plugin:/home/deathstroke/realsense-ros/install/realsense2_description:/home/deathstroke/realsense-ros/install/realsense2_camera_msgs:/home/deathstroke/rust_ws/install/common_interfaces:/home/deathstroke/rust_ws/install/visualization_msgs:/home/deathstroke/rust_ws/install/test_msgs:/home/deathstroke/rust_ws/install/example_interfaces:/home/deathstroke/rust_ws/install/action_msgs:/home/deathstroke/rust_ws/install/unique_identifier_msgs:/home/deathstroke/rust_ws/install/trajectory_msgs:/home/deathstroke/rust_ws/install/test_interface_files:/home/deathstroke/rust_ws/install/stereo_msgs:/home/deathstroke/rust_ws/install/std_srvs:/home/deathstroke/rust_ws/install/shape_msgs:/home/deathstroke/rust_ws/install/sensor_msgs:/home/deathstroke/rust_ws/install/nav_msgs:/home/deathstroke/rust_ws/install/diagnostic_msgs:/home/deathstroke/rust_ws/install/geometry_msgs:/home/deathstroke/rust_ws/install/actionlib_msgs:/home/deathstroke/rust_ws/install/std_msgs:/home/deathstroke/rust_ws/install/statistics_msgs:/home/deathstroke/rust_ws/install/rosgraph_msgs:/home/deathstroke/rust_ws/install/rclrs_example_msgs:/home/deathstroke/rust_ws/install/composition_interfaces:/home/deathstroke/rust_ws/install/rcl_interfaces:/home/deathstroke/rust_ws/install/lifecycle_msgs:/home/deathstroke/rust_ws/install/builtin_interfaces:/home/deathstroke/rust_ws/install/rosidl_default_runtime:/home/deathstroke/rust_ws/install/rosidl_default_generators:/home/deathstroke/rust_ws/install/rosidl_generator_rs:/home/deathstroke/realsense-ros/install/realsense2_ros_mqtt_bridge:/home/deathstroke/rust_ws/install/examples_worker_demo:/home/deathstroke/rust_ws/install/examples_rclrs_minimal_pub_sub:/home/deathstroke/rust_ws/install/examples_rclrs_minimal_client_service:/home/deathstroke/rust_ws/install/examples_parameter_demo:/home/deathstroke/rust_ws/install/examples_logging_demo:/home/deathstroke/rust_ws/install/sensor_msgs_py:/home/deathstroke/rust_ws/install/rust_pubsub:/home/deathstroke/rust_ws/install/examples_rclrs_message_demo:/home/deathstroke/rust_ws/install/rosidl_runtime_rs:/home/deathstroke/rust_ws/install/rclrs:/opt/ros/humble PATH=/home/deathstroke/vins-fusion-ros2/install/camera_models/bin:/home/deathstroke/Android/Sdk/platform-tools:/usr/local/cuda-12.8/bin:/home/deathstroke/.pyenv/shims:/home/deathstroke/.pyenv/bin:/home/deathstroke/.pyenv/bin:/usr/lib/ccache:/home/deathstroke/rt-ardupilot/Tools/autotest:/home/deathstroke/vins-fusion-ros2/install/global_fusion/bin:/home/deathstroke/Android/Sdk/platform-tools:/usr/local/cuda-12.8/bin:/home/deathstroke/.pyenv/bin:/home/deathstroke/.pyenv/bin:/opt/ros/humble/bin:/usr/lib/ccache:/home/deathstroke/rt-ardupilot/Tools/autotest:/home/deathstroke/ardupilot/Tools/autotest:/usr/lib/ccache:/home/deathstroke/ardupilot/Tools/autotest:/opt/gcc-arm-none-eabi-10-2020-q4-major/bin:/home/deathstroke/.cargo/bin:/home/deathstroke/.local/bin:/usr/local/sbin:/usr/local/bin:/usr/sbin:/usr/bin:/sbin:/bin:/usr/games:/usr/local/games:/snap/bin:/snap/bin:/usr/local/lib/android-ndk:/usr/local/lib/android-ndk /usr/bin/cmake --install /home/deathstroke/vins-fusion-ros2/build/loop_fusion
