[35m[1mConsolidate compiler generated dependencies of target vins_lib[0m
[  4%] [32m[1mLinking CXX shared library libvins_lib.so[0m
[ 73%] Built target vins_lib
[ 86%] [32mBuilding CXX object CMakeFiles/kitti_gps_test.dir/src/KITTIGPSTest.cpp.o[0m
[ 86%] [32mBuilding CXX object CMakeFiles/kitti_odom_test.dir/src/KITTIOdomTest.cpp.o[0m
[ 86%] [32mBuilding CXX object CMakeFiles/vins_node.dir/src/rosNodeTest.cpp.o[0m
[01m[K/home/deathstroke/vins-fusion-ros2/src/VINS-Fusion-ROS2-humble-arm/vins/src/KITTIOdomTest.cpp:19:10:[m[K [01;31m[Kfatal error: [m[Kcv_bridge/cv_bridge.hpp: No such file or directory
   19 | #include [01;31m[K<cv_bridge/cv_bridge.hpp>[m[K
      |          [01;31m[K^~~~~~~~~~~~~~~~~~~~~~~~~[m[K
compilation terminated.
gmake[2]: *** [CMakeFiles/kitti_odom_test.dir/build.make:76: CMakeFiles/kitti_odom_test.dir/src/KITTIOdomTest.cpp.o] Error 1
gmake[1]: *** [CMakeFiles/Makefile2:195: CMakeFiles/kitti_odom_test.dir/all] Error 2
gmake[1]: *** Waiting for unfinished jobs....
[01m[K/home/deathstroke/vins-fusion-ros2/src/VINS-Fusion-ROS2-humble-arm/vins/src/KITTIGPSTest.cpp:[m[K In function ‘[01m[Kint main(int, char**)[m[K’:
[01m[K/home/deathstroke/vins-fusion-ros2/src/VINS-Fusion-ROS2-humble-arm/vins/src/KITTIGPSTest.cpp:146:31:[m[K [01;35m[Kwarning: [m[Kignoring return value of ‘[01m[Kint fscanf(FILE*, const char*, ...)[m[K’ declared with attribute ‘[01m[Kwarn_unused_result[m[K’ [[01;35m[K-Wunused-result[m[K]
  146 |                         [01;35m[Kfscanf(GPSFile, "%lf %lf %lf %lf %lf %lf ", &lat, &lon, &alt, &roll, &pitch, &yaw)[m[K;
      |                         [01;35m[K~~~~~~^~~~~~~~~~~~~~~~~~~~~~~~~~~~~~~~~~~~~~~~~~~~~~~~~~~~~~~~~~~~~~~~~~~~~~~~~~~~[m[K
[01m[K/home/deathstroke/vins-fusion-ros2/src/VINS-Fusion-ROS2-humble-arm/vins/src/KITTIGPSTest.cpp:148:31:[m[K [01;35m[Kwarning: [m[Kignoring return value of ‘[01m[Kint fscanf(FILE*, const char*, ...)[m[K’ declared with attribute ‘[01m[Kwarn_unused_result[m[K’ [[01;35m[K-Wunused-result[m[K]
  148 |                         [01;35m[Kfscanf(GPSFile, "%lf %lf %lf %lf %lf ", &vn, &ve, &vf, &vl, &vu)[m[K;
      |                         [01;35m[K~~~~~~^~~~~~~~~~~~~~~~~~~~~~~~~~~~~~~~~~~~~~~~~~~~~~~~~~~~~~~~~~[m[K
[01m[K/home/deathstroke/vins-fusion-ros2/src/VINS-Fusion-ROS2-humble-arm/vins/src/KITTIGPSTest.cpp:150:31:[m[K [01;35m[Kwarning: [m[Kignoring return value of ‘[01m[Kint fscanf(FILE*, const char*, ...)[m[K’ declared with attribute ‘[01m[Kwarn_unused_result[m[K’ [[01;35m[K-Wunused-result[m[K]
  150 |                         [01;35m[Kfscanf(GPSFile, "%lf %lf %lf %lf %lf %lf ", &ax, &ay, &az, &af, &al, &au)[m[K;
      |                         [01;35m[K~~~~~~^~~~~~~~~~~~~~~~~~~~~~~~~~~~~~~~~~~~~~~~~~~~~~~~~~~~~~~~~~~~~~~~~~~[m[K
[01m[K/home/deathstroke/vins-fusion-ros2/src/VINS-Fusion-ROS2-humble-arm/vins/src/KITTIGPSTest.cpp:152:31:[m[K [01;35m[Kwarning: [m[Kignoring return value of ‘[01m[Kint fscanf(FILE*, const char*, ...)[m[K’ declared with attribute ‘[01m[Kwarn_unused_result[m[K’ [[01;35m[K-Wunused-result[m[K]
  152 |                         [01;35m[Kfscanf(GPSFile, "%lf %lf %lf %lf %lf %lf ", &wx, &wy, &wz, &wf, &wl, &wu)[m[K;
      |                         [01;35m[K~~~~~~^~~~~~~~~~~~~~~~~~~~~~~~~~~~~~~~~~~~~~~~~~~~~~~~~~~~~~~~~~~~~~~~~~~[m[K
[01m[K/home/deathstroke/vins-fusion-ros2/src/VINS-Fusion-ROS2-humble-arm/vins/src/KITTIGPSTest.cpp:154:31:[m[K [01;35m[Kwarning: [m[Kignoring return value of ‘[01m[Kint fscanf(FILE*, const char*, ...)[m[K’ declared with attribute ‘[01m[Kwarn_unused_result[m[K’ [[01;35m[K-Wunused-result[m[K]
  154 |                         [01;35m[Kfscanf(GPSFile, "%lf %lf %lf %lf %lf %lf ", &pos_accuracy, &vel_accuracy, &navstat, &numsats, &velmode, &orimode)[m[K;
      |                         [01;35m[K~~~~~~^~~~~~~~~~~~~~~~~~~~~~~~~~~~~~~~~~~~~~~~~~~~~~~~~~~~~~~~~~~~~~~~~~~~~~~~~~~~~~~~~~~~~~~~~~~~~~~~~~~~~~~~~~~[m[K
[ 91%] [32m[1mLinking CXX executable kitti_gps_test[0m
/usr/bin/ld: warning: libopencv_imgcodecs.so.4.5d, needed by /opt/ros/humble/lib/libcv_bridge.so, may conflict with libopencv_imgcodecs.so.408
/usr/bin/ld: warning: libopencv_core.so.4.5d, needed by /opt/ros/humble/lib/libcv_bridge.so, may conflict with libopencv_core.so.408
/usr/bin/ld: libvins_lib.so: undefined reference to `ProjectionFixedPointFactor::sqrt_info'
/usr/bin/ld: libvins_lib.so: undefined reference to `ProjectionFixedPointFactor::ProjectionFixedPointFactor(Eigen::Matrix<double, 3, 1, 0, 3, 1> const&, Eigen::Matrix<double, 3, 1, 0, 3, 1> const&)'
collect2: error: ld returned 1 exit status
gmake[2]: *** [CMakeFiles/kitti_gps_test.dir/build.make:286: kitti_gps_test] Error 1
gmake[1]: *** [CMakeFiles/Makefile2:221: CMakeFiles/kitti_gps_test.dir/all] Error 2
[01m[K/home/deathstroke/vins-fusion-ros2/src/VINS-Fusion-ROS2-humble-arm/vins/src/rosNodeTest.cpp:26:30:[m[K [01;35m[Kwarning: [m[K‘[01m[Ksensor_msgs::msg::Imu_<std::allocator<void> >::ConstPtr[m[K’ is deprecated [[01;35m[K-Wdeprecated-declarations[m[K]
   26 | queue<sensor_msgs::msg::Imu::[01;35m[KConstPtr[m[K> imu_buf;
      |                              [01;35m[K^~~~~~~~[m[K
In file included from [01m[K/home/deathstroke/rust_ws/install/sensor_msgs/include/sensor_msgs/sensor_msgs/msg/imu.hpp:7[m[K,
                 from [01m[K/home/deathstroke/vins-fusion-ros2/src/VINS-Fusion-ROS2-humble-arm/vins/src/utility/visualization.h:16[m[K,
                 from [01m[K/home/deathstroke/vins-fusion-ros2/src/VINS-Fusion-ROS2-humble-arm/vins/src/rosNodeTest.cpp:22[m[K:
[01m[K/home/deathstroke/rust_ws/install/sensor_msgs/include/sensor_msgs/sensor_msgs/msg/detail/imu__struct.hpp:183:5:[m[K [01;36m[Knote: [m[Kdeclared here
  183 |     [01;36m[KConstPtr[m[K;
      |     [01;36m[K^~~~~~~~[m[K
[01m[K/home/deathstroke/vins-fusion-ros2/src/VINS-Fusion-ROS2-humble-arm/vins/src/rosNodeTest.cpp:27:37:[m[K [01;35m[Kwarning: [m[K‘[01m[Ksensor_msgs::msg::PointCloud_<std::allocator<void> >::ConstPtr[m[K’ is deprecated [[01;35m[K-Wdeprecated-declarations[m[K]
   27 | queue<sensor_msgs::msg::PointCloud::[01;35m[KConstPtr[m[K> feature_buf;
      |                                     [01;35m[K^~~~~~~~[m[K
In file included from [01m[K/home/deathstroke/rust_ws/install/sensor_msgs/include/sensor_msgs/sensor_msgs/msg/point_cloud.hpp:7[m[K,
                 from [01m[K/home/deathstroke/vins-fusion-ros2/src/VINS-Fusion-ROS2-humble-arm/vins/src/utility/visualization.h:17[m[K,
                 from [01m[K/home/deathstroke/vins-fusion-ros2/src/VINS-Fusion-ROS2-humble-arm/vins/src/rosNodeTest.cpp:22[m[K:
[01m[K/home/deathstroke/rust_ws/install/sensor_msgs/include/sensor_msgs/sensor_msgs/msg/detail/point_cloud__struct.hpp:125:5:[m[K [01;36m[Knote: [m[Kdeclared here
  125 |     [01;36m[KConstPtr[m[K;
      |     [01;36m[K^~~~~~~~[m[K
[01m[K/home/deathstroke/vins-fusion-ros2/src/VINS-Fusion-ROS2-humble-arm/vins/src/rosNodeTest.cpp:28:32:[m[K [01;35m[Kwarning: [m[K‘[01m[Ksensor_msgs::msg::Image_<std::allocator<void> >::ConstPtr[m[K’ is deprecated [[01;35m[K-Wdeprecated-declarations[m[K]
   28 | queue<sensor_msgs::msg::Image::[01;35m[KConstPtr[m[K> img0_buf;
      |                                [01;35m[K^~~~~~~~[m[K
In file included from [01m[K/home/deathstroke/rust_ws/install/sensor_msgs/include/sensor_msgs/sensor_msgs/msg/image.hpp:7[m[K,
                 from [01m[K/opt/ros/humble/include/cv_bridge/cv_bridge/cv_bridge.h:40[m[K,
                 from [01m[K/home/deathstroke/vins-fusion-ros2/src/VINS-Fusion-ROS2-humble-arm/vins/src/rosNodeTest.cpp:18[m[K:
[01m[K/home/deathstroke/rust_ws/install/sensor_msgs/include/sensor_msgs/sensor_msgs/msg/detail/image__struct.hpp:174:5:[m[K [01;36m[Knote: [m[Kdeclared here
  174 |     [01;36m[KConstPtr[m[K;
      |     [01;36m[K^~~~~~~~[m[K
[01m[K/home/deathstroke/vins-fusion-ros2/src/VINS-Fusion-ROS2-humble-arm/vins/src/rosNodeTest.cpp:29:32:[m[K [01;35m[Kwarning: [m[K‘[01m[Ksensor_msgs::msg::Image_<std::allocator<void> >::ConstPtr[m[K’ is deprecated [[01;35m[K-Wdeprecated-declarations[m[K]
   29 | queue<sensor_msgs::msg::Image::[01;35m[KConstPtr[m[K> img1_buf;
      |                                [01;35m[K^~~~~~~~[m[K
In file included from [01m[K/home/deathstroke/rust_ws/install/sensor_msgs/include/sensor_msgs/sensor_msgs/msg/image.hpp:7[m[K,
                 from [01m[K/opt/ros/humble/include/cv_bridge/cv_bridge/cv_bridge.h:40[m[K,
                 from [01m[K/home/deathstroke/vins-fusion-ros2/src/VINS-Fusion-ROS2-humble-arm/vins/src/rosNodeTest.cpp:18[m[K:
[01m[K/home/deathstroke/rust_ws/install/sensor_msgs/include/sensor_msgs/sensor_msgs/msg/detail/image__struct.hpp:174:5:[m[K [01;36m[Knote: [m[Kdeclared here
  174 |     [01;36m[KConstPtr[m[K;
      |     [01;36m[K^~~~~~~~[m[K
[01m[K/home/deathstroke/vins-fusion-ros2/src/VINS-Fusion-ROS2-humble-arm/vins/src/rosNodeTest.cpp:51:73:[m[K [01;35m[Kwarning: [m[K‘[01m[Ksensor_msgs::msg::Image_<std::allocator<void> >::ConstPtr[m[K’ is deprecated [[01;35m[K-Wdeprecated-declarations[m[K]
   51 | cv::Mat getImageFromMsg(const sensor_msgs::msg::Image::ConstPtr &img_msg[01;35m[K)[m[K
      |                                                                         [01;35m[K^[m[K
In file included from [01m[K/home/deathstroke/rust_ws/install/sensor_msgs/include/sensor_msgs/sensor_msgs/msg/image.hpp:7[m[K,
                 from [01m[K/opt/ros/humble/include/cv_bridge/cv_bridge/cv_bridge.h:40[m[K,
                 from [01m[K/home/deathstroke/vins-fusion-ros2/src/VINS-Fusion-ROS2-humble-arm/vins/src/rosNodeTest.cpp:18[m[K:
[01m[K/home/deathstroke/rust_ws/install/sensor_msgs/include/sensor_msgs/sensor_msgs/msg/detail/image__struct.hpp:174:5:[m[K [01;36m[Knote: [m[Kdeclared here
  174 |     [01;36m[KConstPtr[m[K;
      |     [01;36m[K^~~~~~~~[m[K
[ 95%] [32m[1mLinking CXX executable vins_node[0m
/usr/bin/ld: warning: libopencv_core.so.4.5d, needed by /opt/ros/humble/lib/libcv_bridge.so, may conflict with libopencv_core.so.408
/usr/bin/ld: libvins_lib.so: undefined reference to `ProjectionFixedPointFactor::sqrt_info'
/usr/bin/ld: libvins_lib.so: undefined reference to `ProjectionFixedPointFactor::ProjectionFixedPointFactor(Eigen::Matrix<double, 3, 1, 0, 3, 1> const&, Eigen::Matrix<double, 3, 1, 0, 3, 1> const&)'
collect2: error: ld returned 1 exit status
gmake[2]: *** [CMakeFiles/vins_node.dir/build.make:286: vins_node] Error 1
gmake[1]: *** [CMakeFiles/Makefile2:169: CMakeFiles/vins_node.dir/all] Error 2
gmake: *** [Makefile:146: all] Error 2
