[0.009s] Invoking command in '/home/deathstroke/vins-fusion-ros2/build/vins': CMAKE_PREFIX_PATH=/home/deathstroke/vins-fusion-ros2/install/camera_models:/home/deathstroke/.local:/home/deathstroke/gz-ros2-bridge/install/gz-ros2-bridge:/home/deathstroke/mavros/install/mavros_extras:/home/deathstroke/mavros/install/mavros_examples:/home/deathstroke/mavros/install/mavros:/home/deathstroke/mavros/install/mavros_msgs:/home/deathstroke/mavros/install/libmavconn:/home/deathstroke/.local:/home/deathstroke/aruco_lander/install/aruco_mavsdk:/home/deathstroke/aruco_lander/install/aruco_detector:/home/deathstroke/workspace/catkin_ws_ov/install/ov_msckf:/home/deathstroke/workspace/catkin_ws_ov/install/ov_init:/home/deathstroke/workspace/catkin_ws_ov/install/ov_eval:/home/deathstroke/workspace/catkin_ws_ov/install/ov_data:/home/deathstroke/workspace/catkin_ws_ov/install/ov_core:/home/deathstroke/vins-fusion-ros2/install/vins:/home/deathstroke/vins-fusion-ros2/install/loop_fusion:/home/deathstroke/vins-fusion-ros2/install/global_fusion:/home/deathstroke/realsense-ros/install/realsense2_rviz_plugin:/home/deathstroke/realsense-ros/install/realsense2_description:/home/deathstroke/realsense-ros/install/realsense2_camera:/home/deathstroke/realsense-ros/install/realsense2_camera_msgs:/home/deathstroke/rust_ws/install/common_interfaces:/home/deathstroke/rust_ws/install/visualization_msgs:/home/deathstroke/rust_ws/install/test_msgs:/home/deathstroke/rust_ws/install/example_interfaces:/home/deathstroke/rust_ws/install/action_msgs:/home/deathstroke/rust_ws/install/unique_identifier_msgs:/home/deathstroke/rust_ws/install/trajectory_msgs:/home/deathstroke/rust_ws/install/test_interface_files:/home/deathstroke/rust_ws/install/stereo_msgs:/home/deathstroke/rust_ws/install/std_srvs:/home/deathstroke/rust_ws/install/shape_msgs:/home/deathstroke/rust_ws/install/sensor_msgs:/home/deathstroke/rust_ws/install/nav_msgs:/home/deathstroke/rust_ws/install/diagnostic_msgs:/home/deathstroke/rust_ws/install/geometry_msgs:/home/deathstroke/rust_ws/install/actionlib_msgs:/home/deathstroke/rust_ws/install/std_msgs:/home/deathstroke/rust_ws/install/statistics_msgs:/home/deathstroke/rust_ws/install/rosgraph_msgs:/home/deathstroke/rust_ws/install/rclrs_example_msgs:/home/deathstroke/rust_ws/install/composition_interfaces:/home/deathstroke/rust_ws/install/rcl_interfaces:/home/deathstroke/rust_ws/install/lifecycle_msgs:/home/deathstroke/rust_ws/install/builtin_interfaces:/home/deathstroke/rust_ws/install/rosidl_default_runtime:/home/deathstroke/rust_ws/install/rosidl_default_generators:/home/deathstroke/rust_ws/install/rosidl_generator_rs:/home/deathstroke/zed-ros2/install/zed_ros2:/home/deathstroke/zed-ros2/install/zed_wrapper:/home/deathstroke/zed-ros2/install/zed_debug:/home/deathstroke/zed-ros2/install/zed_components:/home/deathstroke/realsense-ros/install/realsense2_ros_mqtt_bridge:/home/deathstroke/rust_ws/install/examples_worker_demo:/home/deathstroke/rust_ws/install/examples_rclrs_minimal_pub_sub:/home/deathstroke/rust_ws/install/examples_rclrs_minimal_client_service:/home/deathstroke/rust_ws/install/examples_parameter_demo:/home/deathstroke/rust_ws/install/examples_logging_demo:/home/deathstroke/rust_ws/install/sensor_msgs_py:/home/deathstroke/rust_ws/install/rust_pubsub:/home/deathstroke/rust_ws/install/examples_rclrs_message_demo:/home/deathstroke/rust_ws/install/rosidl_runtime_rs:/home/deathstroke/rust_ws/install/rclrs:/opt/ros/humble PATH=/home/deathstroke/vins-fusion-ros2/install/camera_models/bin:/home/deathstroke/Android/Sdk/platform-tools:/usr/local/cuda-12.8/bin:/home/deathstroke/.pyenv/shims:/home/deathstroke/.pyenv/bin:/home/deathstroke/.pyenv/bin:/usr/lib/ccache:/home/deathstroke/rt-ardupilot/Tools/autotest:/home/deathstroke/Android/Sdk/platform-tools:/usr/local/cuda-12.8/bin:/home/deathstroke/.pyenv/bin:/home/deathstroke/.pyenv/bin:/home/deathstroke/vins-fusion-ros2/install/global_fusion/bin:/opt/ros/humble/bin:/usr/lib/ccache:/home/deathstroke/rt-ardupilot/Tools/autotest:/home/deathstroke/ardupilot/Tools/autotest:/usr/lib/ccache:/home/deathstroke/ardupilot/Tools/autotest:/opt/gcc-arm-none-eabi-10-2020-q4-major/bin:/home/deathstroke/.cargo/bin:/home/deathstroke/.local/bin:/usr/local/sbin:/usr/local/bin:/usr/sbin:/usr/bin:/sbin:/bin:/usr/games:/usr/local/games:/snap/bin:/snap/bin:/usr/local/lib/android-ndk:/usr/local/lib/android-ndk /usr/bin/cmake --build /home/deathstroke/vins-fusion-ros2/build/vins -- -j32 -l32
[0.042s] [35m[1mConsolidate compiler generated dependencies of target vins_lib[0m
[0.077s] [  4%] [32m[1mLinking CXX shared library libvins_lib.so[0m
[0.838s] [ 73%] Built target vins_lib
[0.852s] [ 86%] [32mBuilding CXX object CMakeFiles/kitti_gps_test.dir/src/KITTIGPSTest.cpp.o[0m
[0.852s] [ 86%] [32mBuilding CXX object CMakeFiles/kitti_odom_test.dir/src/KITTIOdomTest.cpp.o[0m
[0.852s] [ 86%] [32mBuilding CXX object CMakeFiles/vins_node.dir/src/rosNodeTest.cpp.o[0m
[1.180s] [01m[K/home/deathstroke/vins-fusion-ros2/src/VINS-Fusion-ROS2-humble-arm/vins/src/KITTIOdomTest.cpp:19:10:[m[K [01;31m[Kfatal error: [m[Kcv_bridge/cv_bridge.hpp: No such file or directory
[1.180s]    19 | #include [01;31m[K<cv_bridge/cv_bridge.hpp>[m[K
[1.180s]       |          [01;31m[K^~~~~~~~~~~~~~~~~~~~~~~~~[m[K
[1.180s] compilation terminated.
[1.182s] gmake[2]: *** [CMakeFiles/kitti_odom_test.dir/build.make:76: CMakeFiles/kitti_odom_test.dir/src/KITTIOdomTest.cpp.o] Error 1
[1.182s] gmake[1]: *** [CMakeFiles/Makefile2:195: CMakeFiles/kitti_odom_test.dir/all] Error 2
[1.182s] gmake[1]: *** Waiting for unfinished jobs....
[9.625s] [01m[K/home/deathstroke/vins-fusion-ros2/src/VINS-Fusion-ROS2-humble-arm/vins/src/KITTIGPSTest.cpp:[m[K In function ‘[01m[Kint main(int, char**)[m[K’:
[9.625s] [01m[K/home/deathstroke/vins-fusion-ros2/src/VINS-Fusion-ROS2-humble-arm/vins/src/KITTIGPSTest.cpp:146:31:[m[K [01;35m[Kwarning: [m[Kignoring return value of ‘[01m[Kint fscanf(FILE*, const char*, ...)[m[K’ declared with attribute ‘[01m[Kwarn_unused_result[m[K’ [[01;35m[K-Wunused-result[m[K]
[9.625s]   146 |                         [01;35m[Kfscanf(GPSFile, "%lf %lf %lf %lf %lf %lf ", &lat, &lon, &alt, &roll, &pitch, &yaw)[m[K;
[9.625s]       |                         [01;35m[K~~~~~~^~~~~~~~~~~~~~~~~~~~~~~~~~~~~~~~~~~~~~~~~~~~~~~~~~~~~~~~~~~~~~~~~~~~~~~~~~~~[m[K
[9.625s] [01m[K/home/deathstroke/vins-fusion-ros2/src/VINS-Fusion-ROS2-humble-arm/vins/src/KITTIGPSTest.cpp:148:31:[m[K [01;35m[Kwarning: [m[Kignoring return value of ‘[01m[Kint fscanf(FILE*, const char*, ...)[m[K’ declared with attribute ‘[01m[Kwarn_unused_result[m[K’ [[01;35m[K-Wunused-result[m[K]
[9.625s]   148 |                         [01;35m[Kfscanf(GPSFile, "%lf %lf %lf %lf %lf ", &vn, &ve, &vf, &vl, &vu)[m[K;
[9.625s]       |                         [01;35m[K~~~~~~^~~~~~~~~~~~~~~~~~~~~~~~~~~~~~~~~~~~~~~~~~~~~~~~~~~~~~~~~~[m[K
[9.625s] [01m[K/home/deathstroke/vins-fusion-ros2/src/VINS-Fusion-ROS2-humble-arm/vins/src/KITTIGPSTest.cpp:150:31:[m[K [01;35m[Kwarning: [m[Kignoring return value of ‘[01m[Kint fscanf(FILE*, const char*, ...)[m[K’ declared with attribute ‘[01m[Kwarn_unused_result[m[K’ [[01;35m[K-Wunused-result[m[K]
[9.626s]   150 |                         [01;35m[Kfscanf(GPSFile, "%lf %lf %lf %lf %lf %lf ", &ax, &ay, &az, &af, &al, &au)[m[K;
[9.626s]       |                         [01;35m[K~~~~~~^~~~~~~~~~~~~~~~~~~~~~~~~~~~~~~~~~~~~~~~~~~~~~~~~~~~~~~~~~~~~~~~~~~[m[K
[9.626s] [01m[K/home/deathstroke/vins-fusion-ros2/src/VINS-Fusion-ROS2-humble-arm/vins/src/KITTIGPSTest.cpp:152:31:[m[K [01;35m[Kwarning: [m[Kignoring return value of ‘[01m[Kint fscanf(FILE*, const char*, ...)[m[K’ declared with attribute ‘[01m[Kwarn_unused_result[m[K’ [[01;35m[K-Wunused-result[m[K]
[9.626s]   152 |                         [01;35m[Kfscanf(GPSFile, "%lf %lf %lf %lf %lf %lf ", &wx, &wy, &wz, &wf, &wl, &wu)[m[K;
[9.626s]       |                         [01;35m[K~~~~~~^~~~~~~~~~~~~~~~~~~~~~~~~~~~~~~~~~~~~~~~~~~~~~~~~~~~~~~~~~~~~~~~~~~[m[K
[9.626s] [01m[K/home/deathstroke/vins-fusion-ros2/src/VINS-Fusion-ROS2-humble-arm/vins/src/KITTIGPSTest.cpp:154:31:[m[K [01;35m[Kwarning: [m[Kignoring return value of ‘[01m[Kint fscanf(FILE*, const char*, ...)[m[K’ declared with attribute ‘[01m[Kwarn_unused_result[m[K’ [[01;35m[K-Wunused-result[m[K]
[9.626s]   154 |                         [01;35m[Kfscanf(GPSFile, "%lf %lf %lf %lf %lf %lf ", &pos_accuracy, &vel_accuracy, &navstat, &numsats, &velmode, &orimode)[m[K;
[9.626s]       |                         [01;35m[K~~~~~~^~~~~~~~~~~~~~~~~~~~~~~~~~~~~~~~~~~~~~~~~~~~~~~~~~~~~~~~~~~~~~~~~~~~~~~~~~~~~~~~~~~~~~~~~~~~~~~~~~~~~~~~~~~[m[K
[9.635s] [ 91%] [32m[1mLinking CXX executable kitti_gps_test[0m
[9.857s] /usr/bin/ld: warning: libopencv_imgcodecs.so.4.5d, needed by /opt/ros/humble/lib/libcv_bridge.so, may conflict with libopencv_imgcodecs.so.408
[9.857s] /usr/bin/ld: warning: libopencv_core.so.4.5d, needed by /opt/ros/humble/lib/libcv_bridge.so, may conflict with libopencv_core.so.408
[10.026s] /usr/bin/ld: libvins_lib.so: undefined reference to `ProjectionFixedPointFactor::sqrt_info'
[10.028s] /usr/bin/ld: libvins_lib.so: undefined reference to `ProjectionFixedPointFactor::ProjectionFixedPointFactor(Eigen::Matrix<double, 3, 1, 0, 3, 1> const&, Eigen::Matrix<double, 3, 1, 0, 3, 1> const&)'
[10.038s] collect2: error: ld returned 1 exit status
[10.039s] gmake[2]: *** [CMakeFiles/kitti_gps_test.dir/build.make:286: kitti_gps_test] Error 1
[10.039s] gmake[1]: *** [CMakeFiles/Makefile2:221: CMakeFiles/kitti_gps_test.dir/all] Error 2
[16.457s] [01m[K/home/deathstroke/vins-fusion-ros2/src/VINS-Fusion-ROS2-humble-arm/vins/src/rosNodeTest.cpp:26:30:[m[K [01;35m[Kwarning: [m[K‘[01m[Ksensor_msgs::msg::Imu_<std::allocator<void> >::ConstPtr[m[K’ is deprecated [[01;35m[K-Wdeprecated-declarations[m[K]
[16.457s]    26 | queue<sensor_msgs::msg::Imu::[01;35m[KConstPtr[m[K> imu_buf;
[16.457s]       |                              [01;35m[K^~~~~~~~[m[K
[16.457s] In file included from [01m[K/home/deathstroke/rust_ws/install/sensor_msgs/include/sensor_msgs/sensor_msgs/msg/imu.hpp:7[m[K,
[16.457s]                  from [01m[K/home/deathstroke/vins-fusion-ros2/src/VINS-Fusion-ROS2-humble-arm/vins/src/utility/visualization.h:16[m[K,
[16.457s]                  from [01m[K/home/deathstroke/vins-fusion-ros2/src/VINS-Fusion-ROS2-humble-arm/vins/src/rosNodeTest.cpp:22[m[K:
[16.457s] [01m[K/home/deathstroke/rust_ws/install/sensor_msgs/include/sensor_msgs/sensor_msgs/msg/detail/imu__struct.hpp:183:5:[m[K [01;36m[Knote: [m[Kdeclared here
[16.457s]   183 |     [01;36m[KConstPtr[m[K;
[16.457s]       |     [01;36m[K^~~~~~~~[m[K
[16.457s] [01m[K/home/deathstroke/vins-fusion-ros2/src/VINS-Fusion-ROS2-humble-arm/vins/src/rosNodeTest.cpp:27:37:[m[K [01;35m[Kwarning: [m[K‘[01m[Ksensor_msgs::msg::PointCloud_<std::allocator<void> >::ConstPtr[m[K’ is deprecated [[01;35m[K-Wdeprecated-declarations[m[K]
[16.457s]    27 | queue<sensor_msgs::msg::PointCloud::[01;35m[KConstPtr[m[K> feature_buf;
[16.457s]       |                                     [01;35m[K^~~~~~~~[m[K
[16.457s] In file included from [01m[K/home/deathstroke/rust_ws/install/sensor_msgs/include/sensor_msgs/sensor_msgs/msg/point_cloud.hpp:7[m[K,
[16.457s]                  from [01m[K/home/deathstroke/vins-fusion-ros2/src/VINS-Fusion-ROS2-humble-arm/vins/src/utility/visualization.h:17[m[K,
[16.457s]                  from [01m[K/home/deathstroke/vins-fusion-ros2/src/VINS-Fusion-ROS2-humble-arm/vins/src/rosNodeTest.cpp:22[m[K:
[16.457s] [01m[K/home/deathstroke/rust_ws/install/sensor_msgs/include/sensor_msgs/sensor_msgs/msg/detail/point_cloud__struct.hpp:125:5:[m[K [01;36m[Knote: [m[Kdeclared here
[16.458s]   125 |     [01;36m[KConstPtr[m[K;
[16.458s]       |     [01;36m[K^~~~~~~~[m[K
[16.458s] [01m[K/home/deathstroke/vins-fusion-ros2/src/VINS-Fusion-ROS2-humble-arm/vins/src/rosNodeTest.cpp:28:32:[m[K [01;35m[Kwarning: [m[K‘[01m[Ksensor_msgs::msg::Image_<std::allocator<void> >::ConstPtr[m[K’ is deprecated [[01;35m[K-Wdeprecated-declarations[m[K]
[16.458s]    28 | queue<sensor_msgs::msg::Image::[01;35m[KConstPtr[m[K> img0_buf;
[16.458s]       |                                [01;35m[K^~~~~~~~[m[K
[16.458s] In file included from [01m[K/home/deathstroke/rust_ws/install/sensor_msgs/include/sensor_msgs/sensor_msgs/msg/image.hpp:7[m[K,
[16.458s]                  from [01m[K/opt/ros/humble/include/cv_bridge/cv_bridge/cv_bridge.h:40[m[K,
[16.458s]                  from [01m[K/home/deathstroke/vins-fusion-ros2/src/VINS-Fusion-ROS2-humble-arm/vins/src/rosNodeTest.cpp:18[m[K:
[16.458s] [01m[K/home/deathstroke/rust_ws/install/sensor_msgs/include/sensor_msgs/sensor_msgs/msg/detail/image__struct.hpp:174:5:[m[K [01;36m[Knote: [m[Kdeclared here
[16.458s]   174 |     [01;36m[KConstPtr[m[K;
[16.458s]       |     [01;36m[K^~~~~~~~[m[K
[16.458s] [01m[K/home/deathstroke/vins-fusion-ros2/src/VINS-Fusion-ROS2-humble-arm/vins/src/rosNodeTest.cpp:29:32:[m[K [01;35m[Kwarning: [m[K‘[01m[Ksensor_msgs::msg::Image_<std::allocator<void> >::ConstPtr[m[K’ is deprecated [[01;35m[K-Wdeprecated-declarations[m[K]
[16.458s]    29 | queue<sensor_msgs::msg::Image::[01;35m[KConstPtr[m[K> img1_buf;
[16.458s]       |                                [01;35m[K^~~~~~~~[m[K
[16.458s] In file included from [01m[K/home/deathstroke/rust_ws/install/sensor_msgs/include/sensor_msgs/sensor_msgs/msg/image.hpp:7[m[K,
[16.458s]                  from [01m[K/opt/ros/humble/include/cv_bridge/cv_bridge/cv_bridge.h:40[m[K,
[16.458s]                  from [01m[K/home/deathstroke/vins-fusion-ros2/src/VINS-Fusion-ROS2-humble-arm/vins/src/rosNodeTest.cpp:18[m[K:
[16.458s] [01m[K/home/deathstroke/rust_ws/install/sensor_msgs/include/sensor_msgs/sensor_msgs/msg/detail/image__struct.hpp:174:5:[m[K [01;36m[Knote: [m[Kdeclared here
[16.458s]   174 |     [01;36m[KConstPtr[m[K;
[16.458s]       |     [01;36m[K^~~~~~~~[m[K
[16.458s] [01m[K/home/deathstroke/vins-fusion-ros2/src/VINS-Fusion-ROS2-humble-arm/vins/src/rosNodeTest.cpp:51:73:[m[K [01;35m[Kwarning: [m[K‘[01m[Ksensor_msgs::msg::Image_<std::allocator<void> >::ConstPtr[m[K’ is deprecated [[01;35m[K-Wdeprecated-declarations[m[K]
[16.458s]    51 | cv::Mat getImageFromMsg(const sensor_msgs::msg::Image::ConstPtr &img_msg[01;35m[K)[m[K
[16.458s]       |                                                                         [01;35m[K^[m[K
[16.458s] In file included from [01m[K/home/deathstroke/rust_ws/install/sensor_msgs/include/sensor_msgs/sensor_msgs/msg/image.hpp:7[m[K,
[16.459s]                  from [01m[K/opt/ros/humble/include/cv_bridge/cv_bridge/cv_bridge.h:40[m[K,
[16.459s]                  from [01m[K/home/deathstroke/vins-fusion-ros2/src/VINS-Fusion-ROS2-humble-arm/vins/src/rosNodeTest.cpp:18[m[K:
[16.459s] [01m[K/home/deathstroke/rust_ws/install/sensor_msgs/include/sensor_msgs/sensor_msgs/msg/detail/image__struct.hpp:174:5:[m[K [01;36m[Knote: [m[Kdeclared here
[16.459s]   174 |     [01;36m[KConstPtr[m[K;
[16.459s]       |     [01;36m[K^~~~~~~~[m[K
[16.465s] [ 95%] [32m[1mLinking CXX executable vins_node[0m
[16.707s] /usr/bin/ld: warning: libopencv_core.so.4.5d, needed by /opt/ros/humble/lib/libcv_bridge.so, may conflict with libopencv_core.so.408
[16.888s] /usr/bin/ld: libvins_lib.so: undefined reference to `ProjectionFixedPointFactor::sqrt_info'
[16.890s] /usr/bin/ld: libvins_lib.so: undefined reference to `ProjectionFixedPointFactor::ProjectionFixedPointFactor(Eigen::Matrix<double, 3, 1, 0, 3, 1> const&, Eigen::Matrix<double, 3, 1, 0, 3, 1> const&)'
[16.902s] collect2: error: ld returned 1 exit status
[16.903s] gmake[2]: *** [CMakeFiles/vins_node.dir/build.make:286: vins_node] Error 1
[16.903s] gmake[1]: *** [CMakeFiles/Makefile2:169: CMakeFiles/vins_node.dir/all] Error 2
[16.903s] gmake: *** [Makefile:146: all] Error 2
[16.905s] Invoked command in '/home/deathstroke/vins-fusion-ros2/build/vins' returned '2': CMAKE_PREFIX_PATH=/home/deathstroke/vins-fusion-ros2/install/camera_models:/home/deathstroke/.local:/home/deathstroke/gz-ros2-bridge/install/gz-ros2-bridge:/home/deathstroke/mavros/install/mavros_extras:/home/deathstroke/mavros/install/mavros_examples:/home/deathstroke/mavros/install/mavros:/home/deathstroke/mavros/install/mavros_msgs:/home/deathstroke/mavros/install/libmavconn:/home/deathstroke/.local:/home/deathstroke/aruco_lander/install/aruco_mavsdk:/home/deathstroke/aruco_lander/install/aruco_detector:/home/deathstroke/workspace/catkin_ws_ov/install/ov_msckf:/home/deathstroke/workspace/catkin_ws_ov/install/ov_init:/home/deathstroke/workspace/catkin_ws_ov/install/ov_eval:/home/deathstroke/workspace/catkin_ws_ov/install/ov_data:/home/deathstroke/workspace/catkin_ws_ov/install/ov_core:/home/deathstroke/vins-fusion-ros2/install/vins:/home/deathstroke/vins-fusion-ros2/install/loop_fusion:/home/deathstroke/vins-fusion-ros2/install/global_fusion:/home/deathstroke/realsense-ros/install/realsense2_rviz_plugin:/home/deathstroke/realsense-ros/install/realsense2_description:/home/deathstroke/realsense-ros/install/realsense2_camera:/home/deathstroke/realsense-ros/install/realsense2_camera_msgs:/home/deathstroke/rust_ws/install/common_interfaces:/home/deathstroke/rust_ws/install/visualization_msgs:/home/deathstroke/rust_ws/install/test_msgs:/home/deathstroke/rust_ws/install/example_interfaces:/home/deathstroke/rust_ws/install/action_msgs:/home/deathstroke/rust_ws/install/unique_identifier_msgs:/home/deathstroke/rust_ws/install/trajectory_msgs:/home/deathstroke/rust_ws/install/test_interface_files:/home/deathstroke/rust_ws/install/stereo_msgs:/home/deathstroke/rust_ws/install/std_srvs:/home/deathstroke/rust_ws/install/shape_msgs:/home/deathstroke/rust_ws/install/sensor_msgs:/home/deathstroke/rust_ws/install/nav_msgs:/home/deathstroke/rust_ws/install/diagnostic_msgs:/home/deathstroke/rust_ws/install/geometry_msgs:/home/deathstroke/rust_ws/install/actionlib_msgs:/home/deathstroke/rust_ws/install/std_msgs:/home/deathstroke/rust_ws/install/statistics_msgs:/home/deathstroke/rust_ws/install/rosgraph_msgs:/home/deathstroke/rust_ws/install/rclrs_example_msgs:/home/deathstroke/rust_ws/install/composition_interfaces:/home/deathstroke/rust_ws/install/rcl_interfaces:/home/deathstroke/rust_ws/install/lifecycle_msgs:/home/deathstroke/rust_ws/install/builtin_interfaces:/home/deathstroke/rust_ws/install/rosidl_default_runtime:/home/deathstroke/rust_ws/install/rosidl_default_generators:/home/deathstroke/rust_ws/install/rosidl_generator_rs:/home/deathstroke/zed-ros2/install/zed_ros2:/home/deathstroke/zed-ros2/install/zed_wrapper:/home/deathstroke/zed-ros2/install/zed_debug:/home/deathstroke/zed-ros2/install/zed_components:/home/deathstroke/realsense-ros/install/realsense2_ros_mqtt_bridge:/home/deathstroke/rust_ws/install/examples_worker_demo:/home/deathstroke/rust_ws/install/examples_rclrs_minimal_pub_sub:/home/deathstroke/rust_ws/install/examples_rclrs_minimal_client_service:/home/deathstroke/rust_ws/install/examples_parameter_demo:/home/deathstroke/rust_ws/install/examples_logging_demo:/home/deathstroke/rust_ws/install/sensor_msgs_py:/home/deathstroke/rust_ws/install/rust_pubsub:/home/deathstroke/rust_ws/install/examples_rclrs_message_demo:/home/deathstroke/rust_ws/install/rosidl_runtime_rs:/home/deathstroke/rust_ws/install/rclrs:/opt/ros/humble PATH=/home/deathstroke/vins-fusion-ros2/install/camera_models/bin:/home/deathstroke/Android/Sdk/platform-tools:/usr/local/cuda-12.8/bin:/home/deathstroke/.pyenv/shims:/home/deathstroke/.pyenv/bin:/home/deathstroke/.pyenv/bin:/usr/lib/ccache:/home/deathstroke/rt-ardupilot/Tools/autotest:/home/deathstroke/Android/Sdk/platform-tools:/usr/local/cuda-12.8/bin:/home/deathstroke/.pyenv/bin:/home/deathstroke/.pyenv/bin:/home/deathstroke/vins-fusion-ros2/install/global_fusion/bin:/opt/ros/humble/bin:/usr/lib/ccache:/home/deathstroke/rt-ardupilot/Tools/autotest:/home/deathstroke/ardupilot/Tools/autotest:/usr/lib/ccache:/home/deathstroke/ardupilot/Tools/autotest:/opt/gcc-arm-none-eabi-10-2020-q4-major/bin:/home/deathstroke/.cargo/bin:/home/deathstroke/.local/bin:/usr/local/sbin:/usr/local/bin:/usr/sbin:/usr/bin:/sbin:/bin:/usr/games:/usr/local/games:/snap/bin:/snap/bin:/usr/local/lib/android-ndk:/usr/local/lib/android-ndk /usr/bin/cmake --build /home/deathstroke/vins-fusion-ros2/build/vins -- -j32 -l32
