-- Found ament_cmake: 1.3.14 (/opt/ros/humble/share/ament_cmake/cmake)
-- Override CMake install command with custom implementation using symlinks instead of copying resources
-- Found rclcpp: 16.0.19 (/opt/ros/humble/share/rclcpp/cmake)
-- Found rosidl_generator_c: 3.1.9 (/opt/ros/humble/share/rosidl_generator_c/cmake)
-- Found rosidl_adapter: 3.1.9 (/opt/ros/humble/share/rosidl_adapter/cmake)
-- Found rosidl_generator_cpp: 3.1.9 (/opt/ros/humble/share/rosidl_generator_cpp/cmake)
-- Using all available rosidl_typesupport_c: rosidl_typesupport_fastrtps_c;rosidl_typesupport_introspection_c
-- Using all available rosidl_typesupport_cpp: rosidl_typesupport_fastrtps_cpp;rosidl_typesupport_introspection_cpp
-- Found rmw_implementation_cmake: 6.1.2 (/opt/ros/humble/share/rmw_implementation_cmake/cmake)
-- Found rmw_fastrtps_cpp: 6.2.10 (/opt/ros/humble/share/rmw_fastrtps_cpp/cmake)
-- Using RMW implementation 'rmw_fastrtps_cpp' as default
-- Found rosidl_default_generators: 1.2.0 (/home/deathstroke/rust_ws/install/rosidl_default_generators/share/rosidl_default_generators/cmake)
-- Found geometry_msgs: 4.9.0 (/home/deathstroke/rust_ws/install/geometry_msgs/share/geometry_msgs/cmake)
-- Found visualization_msgs: 4.9.0 (/home/deathstroke/rust_ws/install/visualization_msgs/share/visualization_msgs/cmake)
-- Found nav_msgs: 4.9.0 (/home/deathstroke/rust_ws/install/nav_msgs/share/nav_msgs/cmake)
-- Found tf2: 0.25.20 (/opt/ros/humble/share/tf2/cmake)
-- Found tf2_ros: 0.25.20 (/opt/ros/humble/share/tf2_ros/cmake)
-- Found cv_bridge: 3.2.1 (/opt/ros/humble/share/cv_bridge/cmake)
-- Found camera_models: 0.0.0 (/home/deathstroke/vins-fusion-ros2/install/camera_models/share/camera_models/cmake)
-- Found image_transport: 3.1.13 (/opt/ros/humble/share/image_transport/cmake)
-- Found AMD headers in: /usr/include/suitesparse
-- Found AMD library: /usr/lib/x86_64-linux-gnu/libamd.so
-- Found CAMD headers in: /usr/include/suitesparse
-- Found CAMD library: /usr/lib/x86_64-linux-gnu/libcamd.so
-- Found CCOLAMD headers in: /usr/include/suitesparse
-- Found CCOLAMD library: /usr/lib/x86_64-linux-gnu/libccolamd.so
-- Found CHOLMOD headers in: /usr/include/suitesparse
-- Found CHOLMOD library: /usr/lib/x86_64-linux-gnu/libcholmod.so
-- Found COLAMD headers in: /usr/include/suitesparse
-- Found COLAMD library: /usr/lib/x86_64-linux-gnu/libcolamd.so
-- Found SPQR headers in: /usr/include/suitesparse
-- Found SPQR library: /usr/lib/x86_64-linux-gnu/libspqr.so
-- Found Config headers in: /usr/include/suitesparse
-- Found Config library: /usr/lib/x86_64-linux-gnu/libsuitesparseconfig.so
-- Found Intel Thread Building Blocks (TBB) library (2021.5 / ) include location: . Assuming SuiteSparseQR was compiled with TBB.
-- Adding librt to SuiteSparse_config libraries (required on Linux & Unix [not OSX] if SuiteSparse is compiled with timing).
-- Could NOT find METIS (missing: METIS_INCLUDE_DIR METIS_LIBRARY) 
-- Found required Ceres dependency: Eigen version 3.3.91 in /usr/local/share/eigen3/cmake
-- Found required Ceres dependency: glog
-- Found required Ceres dependency: gflags
-- Found Ceres version: 2.1.0 installed in: /usr/local with components: [EigenSparse, SparseLinearAlgebraLibrary, LAPACK, SuiteSparse, CXSparse, SchurSpecializations, Multithreading]
-- Found ament_cmake_ros: 0.10.0 (/opt/ros/humble/share/ament_cmake_ros/cmake)
-- Using all available rosidl_typesupport_c: rosidl_typesupport_fastrtps_c;rosidl_typesupport_introspection_c
-- Using all available rosidl_typesupport_cpp: rosidl_typesupport_fastrtps_cpp;rosidl_typesupport_introspection_cpp
-- Found python_cmake_module: 0.10.0 (/opt/ros/humble/share/python_cmake_module/cmake)
-- Using PYTHON_EXECUTABLE: /usr/bin/python3
-- Using PYTHON_INCLUDE_DIRS: /usr/include/python3.10
-- Using PYTHON_LIBRARIES: /usr/lib/x86_64-linux-gnu/libpython3.10.so
-- Configuring done
-- Generating done
-- Build files have been written to: /home/deathstroke/vins-fusion-ros2/build/vins
[35m[1mConsolidate compiler generated dependencies of target vins__rosidl_generator_c[0m
[  1%] Built target vins__cpp
[  3%] Built target vins__rs
[  8%] Built target vins__rosidl_generator_c
[35m[1mConsolidate compiler generated dependencies of target vins__rosidl_typesupport_introspection_cpp[0m
[35m[1mConsolidate compiler generated dependencies of target vins__rosidl_typesupport_fastrtps_cpp[0m
[  8%] Built target ament_cmake_python_symlink_vins
[35m[1mConsolidate compiler generated dependencies of target vins__rosidl_typesupport_c[0m
[35m[1mConsolidate compiler generated dependencies of target vins_lib[0m
[35m[1mConsolidate compiler generated dependencies of target vins__rosidl_typesupport_cpp[0m
[35m[1mConsolidate compiler generated dependencies of target vins__rosidl_typesupport_introspection_c[0m
[35m[1mConsolidate compiler generated dependencies of target vins__rosidl_typesupport_fastrtps_c[0m
[ 14%] Built target vins__rosidl_typesupport_introspection_cpp
[ 19%] Built target vins__rosidl_typesupport_c
[ 25%] Built target vins__rosidl_typesupport_fastrtps_cpp
[ 35%] Built target vins__rosidl_typesupport_fastrtps_c
[ 35%] Built target vins__rosidl_typesupport_cpp
[ 41%] Built target vins__rosidl_typesupport_introspection_c
[ 41%] Built target vins
[ 42%] Built target vins__py
[35m[1mConsolidate compiler generated dependencies of target vins__rosidl_generator_py[0m
[ 44%] [32mBuilding CXX object CMakeFiles/vins_lib.dir/src/estimator/parameters.cpp.o[0m
[ 46%] [32mBuilding CXX object CMakeFiles/vins_lib.dir/src/estimator/estimator.cpp.o[0m
[ 48%] [32mBuilding CXX object CMakeFiles/vins_lib.dir/src/estimator/feature_manager.cpp.o[0m
[ 50%] [32mBuilding CXX object CMakeFiles/vins_lib.dir/src/factor/pose_local_parameterization.cpp.o[0m
[ 51%] [32mBuilding CXX object CMakeFiles/vins_lib.dir/src/factor/projectionTwoFrameOneCamFactor.cpp.o[0m
[ 53%] [32mBuilding CXX object CMakeFiles/vins_lib.dir/src/factor/projectionTwoFrameTwoCamFactor.cpp.o[0m
[ 55%] [32mBuilding CXX object CMakeFiles/vins_lib.dir/src/factor/projectionOneFrameTwoCamFactor.cpp.o[0m
[ 57%] [32mBuilding CXX object CMakeFiles/vins_lib.dir/src/factor/projection_fixed_point_factor.cpp.o[0m
[ 58%] [32mBuilding CXX object CMakeFiles/vins_lib.dir/src/utility/utility.cpp.o[0m
[ 62%] Built target vins__rosidl_generator_py
[ 64%] [32mBuilding CXX object CMakeFiles/vins_lib.dir/src/factor/marginalization_factor.cpp.o[0m
[ 66%] [32mBuilding CXX object CMakeFiles/vins_lib.dir/src/utility/CameraPoseVisualization.cpp.o[0m
[ 67%] [32mBuilding CXX object CMakeFiles/vins_lib.dir/src/initial/solve_5pts.cpp.o[0m
[ 69%] [32mBuilding CXX object CMakeFiles/vins_lib.dir/src/utility/visualization.cpp.o[0m
[ 71%] [32mBuilding CXX object CMakeFiles/vins_lib.dir/src/initial/initial_aligment.cpp.o[0m
[35m[1mConsolidate compiler generated dependencies of target vins__rosidl_typesupport_fastrtps_c__pyext[0m
[35m[1mConsolidate compiler generated dependencies of target vins__rosidl_typesupport_introspection_c__pyext[0m
[ 73%] [32mBuilding CXX object CMakeFiles/vins_lib.dir/src/initial/initial_sfm.cpp.o[0m
[ 75%] [32mBuilding CXX object CMakeFiles/vins_lib.dir/src/featureTracker/feature_tracker.cpp.o[0m
[ 76%] [32mBuilding CXX object CMakeFiles/vins_lib.dir/src/initial/initial_ex_rotation.cpp.o[0m
[35m[1mConsolidate compiler generated dependencies of target vins__rosidl_typesupport_c__pyext[0m
[ 80%] Built target vins__rosidl_typesupport_introspection_c__pyext
[ 83%] Built target vins__rosidl_typesupport_fastrtps_c__pyext
[ 87%] Built target vins__rosidl_typesupport_c__pyext
running egg_info
writing manifest file 'vins.egg-info/SOURCES.txt'
[ 87%] Built target ament_cmake_python_build_vins_egg
[ 89%] [32m[1mLinking CXX shared library libvins_lib.so[0m
[ 89%] Built target vins_lib
[35m[1mConsolidate compiler generated dependencies of target vins_node[0m
[35m[1mConsolidate compiler generated dependencies of target kitti_odom_test[0m
[35m[1mConsolidate compiler generated dependencies of target kitti_gps_test[0m
[ 91%] [32mBuilding CXX object CMakeFiles/kitti_gps_test.dir/src/KITTIGPSTest.cpp.o[0m
[ 92%] [32mBuilding CXX object CMakeFiles/kitti_odom_test.dir/src/KITTIOdomTest.cpp.o[0m
[ 94%] [32mBuilding CXX object CMakeFiles/vins_node.dir/src/rosNodeTest.cpp.o[0m
[ 96%] [32m[1mLinking CXX executable kitti_odom_test[0m
[ 98%] [32m[1mLinking CXX executable kitti_gps_test[0m
[100%] [32m[1mLinking CXX executable vins_node[0m
[100%] Built target kitti_odom_test
[100%] Built target kitti_gps_test
[100%] Built target vins_node
-- Install configuration: "Release"
-- Execute custom install script
-- Symlinking: /home/deathstroke/vins-fusion-ros2/install/vins/share/ament_index/resource_index/rosidl_interfaces/vins
-- Symlinking: /home/deathstroke/vins-fusion-ros2/install/vins/include/vins/vins/msg/detail/feature_quality__functions.h
-- Symlinking: /home/deathstroke/vins-fusion-ros2/install/vins/include/vins/vins/msg/detail/feature_quality__struct.h
-- Symlinking: /home/deathstroke/vins-fusion-ros2/install/vins/include/vins/vins/msg/detail/feature_quality__type_support.h
-- Symlinking: /home/deathstroke/vins-fusion-ros2/install/vins/include/vins/vins/msg/feature_quality.h
-- Symlinking: /home/deathstroke/vins-fusion-ros2/install/vins/include/vins/vins/msg/rosidl_generator_c__visibility_control.h
-- Symlinking: /home/deathstroke/vins-fusion-ros2/install/vins/share/vins/environment/library_path.sh
-- Symlinking: /home/deathstroke/vins-fusion-ros2/install/vins/share/vins/environment/library_path.dsv
-- Symlinking: /home/deathstroke/vins-fusion-ros2/install/vins/include/vins/vins/msg/detail/feature_quality__rosidl_typesupport_fastrtps_c.h
-- Symlinking: /home/deathstroke/vins-fusion-ros2/install/vins/include/vins/vins/msg/rosidl_typesupport_fastrtps_c__visibility_control.h
-- Symlinking: /home/deathstroke/vins-fusion-ros2/install/vins/include/vins/vins/msg/detail/feature_quality__builder.hpp
-- Symlinking: /home/deathstroke/vins-fusion-ros2/install/vins/include/vins/vins/msg/detail/feature_quality__struct.hpp
-- Symlinking: /home/deathstroke/vins-fusion-ros2/install/vins/include/vins/vins/msg/detail/feature_quality__traits.hpp
-- Symlinking: /home/deathstroke/vins-fusion-ros2/install/vins/include/vins/vins/msg/detail/feature_quality__type_support.hpp
-- Symlinking: /home/deathstroke/vins-fusion-ros2/install/vins/include/vins/vins/msg/feature_quality.hpp
-- Symlinking: /home/deathstroke/vins-fusion-ros2/install/vins/include/vins/vins/msg/rosidl_generator_cpp__visibility_control.hpp
-- Symlinking: /home/deathstroke/vins-fusion-ros2/install/vins/include/vins/vins/msg/detail/feature_quality__rosidl_typesupport_fastrtps_cpp.hpp
-- Symlinking: /home/deathstroke/vins-fusion-ros2/install/vins/include/vins/vins/msg/rosidl_typesupport_fastrtps_cpp__visibility_control.h
-- Symlinking: /home/deathstroke/vins-fusion-ros2/install/vins/include/vins/vins/msg/detail/feature_quality__rosidl_typesupport_introspection_c.h
-- Symlinking: /home/deathstroke/vins-fusion-ros2/install/vins/include/vins/vins/msg/rosidl_typesupport_introspection_c__visibility_control.h
-- Symlinking: /home/deathstroke/vins-fusion-ros2/install/vins/include/vins/vins/msg/detail/feature_quality__rosidl_typesupport_introspection_cpp.hpp
-- Symlinking: /home/deathstroke/vins-fusion-ros2/install/vins/share/ament_index/resource_index/rust_packages/vins
-- Symlinking: /home/deathstroke/vins-fusion-ros2/install/vins/share/vins/rust/Cargo.toml
-- Symlinking: /home/deathstroke/vins-fusion-ros2/install/vins/share/vins/rust/build.rs
-- Symlinking: /home/deathstroke/vins-fusion-ros2/install/vins/share/vins/rust/src/lib.rs
-- Symlinking: /home/deathstroke/vins-fusion-ros2/install/vins/share/vins/rust/src/msg.rs
-- Symlinking: /home/deathstroke/vins-fusion-ros2/install/vins/share/vins/environment/pythonpath.sh
-- Symlinking: /home/deathstroke/vins-fusion-ros2/install/vins/share/vins/environment/pythonpath.dsv
-- Symlinking: /home/deathstroke/vins-fusion-ros2/install/vins/local/lib/python3.10/dist-packages/vins-0.0.0-py3.10.egg-info/PKG-INFO
-- Symlinking: /home/deathstroke/vins-fusion-ros2/install/vins/local/lib/python3.10/dist-packages/vins-0.0.0-py3.10.egg-info/SOURCES.txt
-- Symlinking: /home/deathstroke/vins-fusion-ros2/install/vins/local/lib/python3.10/dist-packages/vins-0.0.0-py3.10.egg-info/dependency_links.txt
-- Symlinking: /home/deathstroke/vins-fusion-ros2/install/vins/local/lib/python3.10/dist-packages/vins-0.0.0-py3.10.egg-info/top_level.txt
-- Symlinking: /home/deathstroke/vins-fusion-ros2/install/vins/local/lib/python3.10/dist-packages/vins/__init__.py
-- Symlinking: /home/deathstroke/vins-fusion-ros2/install/vins/local/lib/python3.10/dist-packages/vins/_vins_s.ep.rosidl_typesupport_c.c
-- Symlinking: /home/deathstroke/vins-fusion-ros2/install/vins/local/lib/python3.10/dist-packages/vins/_vins_s.ep.rosidl_typesupport_fastrtps_c.c
-- Symlinking: /home/deathstroke/vins-fusion-ros2/install/vins/local/lib/python3.10/dist-packages/vins/_vins_s.ep.rosidl_typesupport_introspection_c.c
-- Symlinking: /home/deathstroke/vins-fusion-ros2/install/vins/local/lib/python3.10/dist-packages/vins/libvins__rosidl_generator_py.so
-- Symlinking: /home/deathstroke/vins-fusion-ros2/install/vins/local/lib/python3.10/dist-packages/vins/msg/__init__.py
-- Symlinking: /home/deathstroke/vins-fusion-ros2/install/vins/local/lib/python3.10/dist-packages/vins/msg/_feature_quality.py
-- Symlinking: /home/deathstroke/vins-fusion-ros2/install/vins/local/lib/python3.10/dist-packages/vins/msg/_feature_quality_s.c
-- Symlinking: /home/deathstroke/vins-fusion-ros2/install/vins/local/lib/python3.10/dist-packages/vins/vins_s__rosidl_typesupport_c.cpython-310-x86_64-linux-gnu.so
-- Symlinking: /home/deathstroke/vins-fusion-ros2/install/vins/local/lib/python3.10/dist-packages/vins/vins_s__rosidl_typesupport_fastrtps_c.cpython-310-x86_64-linux-gnu.so
-- Symlinking: /home/deathstroke/vins-fusion-ros2/install/vins/local/lib/python3.10/dist-packages/vins/vins_s__rosidl_typesupport_introspection_c.cpython-310-x86_64-linux-gnu.so
-- Up-to-date symlink: /home/deathstroke/vins-fusion-ros2/install/vins/local/lib/python3.10/dist-packages/vins/vins_s__rosidl_typesupport_fastrtps_c.cpython-310-x86_64-linux-gnu.so
-- Up-to-date symlink: /home/deathstroke/vins-fusion-ros2/install/vins/local/lib/python3.10/dist-packages/vins/vins_s__rosidl_typesupport_introspection_c.cpython-310-x86_64-linux-gnu.so
-- Up-to-date symlink: /home/deathstroke/vins-fusion-ros2/install/vins/local/lib/python3.10/dist-packages/vins/vins_s__rosidl_typesupport_c.cpython-310-x86_64-linux-gnu.so
-- Symlinking: /home/deathstroke/vins-fusion-ros2/install/vins/share/vins/msg/FeatureQuality.idl
-- Symlinking: /home/deathstroke/vins-fusion-ros2/install/vins/share/vins/msg/FeatureQuality.msg
-- Symlinking: /home/deathstroke/vins-fusion-ros2/install/vins/share/vins/launch/vins_rviz.launch.xml
-- Symlinking: /home/deathstroke/vins-fusion-ros2/install/vins/lib/vins/vins_node
-- Symlinking: /home/deathstroke/vins-fusion-ros2/install/vins/bin/vins_node
-- Symlinking: /home/deathstroke/vins-fusion-ros2/install/vins/bin/kitti_odom_test
-- Symlinking: /home/deathstroke/vins-fusion-ros2/install/vins/bin/kitti_gps_test
-- Symlinking: /home/deathstroke/vins-fusion-ros2/install/vins/lib/libvins_lib.so
-- Symlinking: /home/deathstroke/vins-fusion-ros2/install/vins/share/ament_index/resource_index/package_run_dependencies/vins
-- Symlinking: /home/deathstroke/vins-fusion-ros2/install/vins/share/ament_index/resource_index/parent_prefix_path/vins
-- Symlinking: /home/deathstroke/vins-fusion-ros2/install/vins/share/vins/environment/ament_prefix_path.sh
-- Symlinking: /home/deathstroke/vins-fusion-ros2/install/vins/share/vins/environment/ament_prefix_path.dsv
-- Symlinking: /home/deathstroke/vins-fusion-ros2/install/vins/share/vins/environment/path.sh
-- Symlinking: /home/deathstroke/vins-fusion-ros2/install/vins/share/vins/environment/path.dsv
-- Symlinking: /home/deathstroke/vins-fusion-ros2/install/vins/share/vins/local_setup.bash
-- Symlinking: /home/deathstroke/vins-fusion-ros2/install/vins/share/vins/local_setup.sh
-- Symlinking: /home/deathstroke/vins-fusion-ros2/install/vins/share/vins/local_setup.zsh
-- Symlinking: /home/deathstroke/vins-fusion-ros2/install/vins/share/vins/local_setup.dsv
-- Symlinking: /home/deathstroke/vins-fusion-ros2/install/vins/share/vins/package.dsv
-- Symlinking: /home/deathstroke/vins-fusion-ros2/install/vins/share/ament_index/resource_index/packages/vins
-- Symlinking: /home/deathstroke/vins-fusion-ros2/install/vins/share/vins/cmake/rosidl_cmake-extras.cmake
-- Symlinking: /home/deathstroke/vins-fusion-ros2/install/vins/share/vins/cmake/ament_cmake_export_dependencies-extras.cmake
-- Symlinking: /home/deathstroke/vins-fusion-ros2/install/vins/share/vins/cmake/ament_cmake_export_include_directories-extras.cmake
-- Symlinking: /home/deathstroke/vins-fusion-ros2/install/vins/share/vins/cmake/ament_cmake_export_libraries-extras.cmake
-- Symlinking: /home/deathstroke/vins-fusion-ros2/install/vins/share/vins/cmake/ament_cmake_export_targets-extras.cmake
-- Symlinking: /home/deathstroke/vins-fusion-ros2/install/vins/share/vins/cmake/rosidl_cmake_export_typesupport_targets-extras.cmake
-- Symlinking: /home/deathstroke/vins-fusion-ros2/install/vins/share/vins/cmake/rosidl_cmake_export_typesupport_libraries-extras.cmake
-- Symlinking: /home/deathstroke/vins-fusion-ros2/install/vins/share/vins/cmake/rosidl_cmake_aggregate_target-extras.cmake
-- Symlinking: /home/deathstroke/vins-fusion-ros2/install/vins/share/vins/cmake/vinsConfig.cmake
-- Symlinking: /home/deathstroke/vins-fusion-ros2/install/vins/share/vins/cmake/vinsConfig-version.cmake
-- Symlinking: /home/deathstroke/vins-fusion-ros2/install/vins/share/vins/package.xml
-- Installing: /home/deathstroke/vins-fusion-ros2/install/vins/lib/libvins__rosidl_generator_c.so
-- Set runtime path of "/home/deathstroke/vins-fusion-ros2/install/vins/lib/libvins__rosidl_generator_c.so" to ""
-- Installing: /home/deathstroke/vins-fusion-ros2/install/vins/lib/libvins__rosidl_typesupport_fastrtps_c.so
-- Set runtime path of "/home/deathstroke/vins-fusion-ros2/install/vins/lib/libvins__rosidl_typesupport_fastrtps_c.so" to ""
-- Installing: /home/deathstroke/vins-fusion-ros2/install/vins/lib/libvins__rosidl_typesupport_fastrtps_cpp.so
-- Set runtime path of "/home/deathstroke/vins-fusion-ros2/install/vins/lib/libvins__rosidl_typesupport_fastrtps_cpp.so" to ""
-- Installing: /home/deathstroke/vins-fusion-ros2/install/vins/lib/libvins__rosidl_typesupport_introspection_c.so
-- Set runtime path of "/home/deathstroke/vins-fusion-ros2/install/vins/lib/libvins__rosidl_typesupport_introspection_c.so" to ""
-- Installing: /home/deathstroke/vins-fusion-ros2/install/vins/lib/libvins__rosidl_typesupport_c.so
-- Set runtime path of "/home/deathstroke/vins-fusion-ros2/install/vins/lib/libvins__rosidl_typesupport_c.so" to ""
-- Installing: /home/deathstroke/vins-fusion-ros2/install/vins/lib/libvins__rosidl_typesupport_introspection_cpp.so
-- Set runtime path of "/home/deathstroke/vins-fusion-ros2/install/vins/lib/libvins__rosidl_typesupport_introspection_cpp.so" to ""
-- Installing: /home/deathstroke/vins-fusion-ros2/install/vins/lib/libvins__rosidl_typesupport_cpp.so
-- Set runtime path of "/home/deathstroke/vins-fusion-ros2/install/vins/lib/libvins__rosidl_typesupport_cpp.so" to ""
Listing '/home/deathstroke/vins-fusion-ros2/install/vins/local/lib/python3.10/dist-packages/vins'...
Compiling '/home/deathstroke/vins-fusion-ros2/install/vins/local/lib/python3.10/dist-packages/vins/__init__.py'...
Listing '/home/deathstroke/vins-fusion-ros2/install/vins/local/lib/python3.10/dist-packages/vins/msg'...
Compiling '/home/deathstroke/vins-fusion-ros2/install/vins/local/lib/python3.10/dist-packages/vins/msg/__init__.py'...
Compiling '/home/deathstroke/vins-fusion-ros2/install/vins/local/lib/python3.10/dist-packages/vins/msg/_feature_quality.py'...
-- Installing: /home/deathstroke/vins-fusion-ros2/install/vins/lib/libvins__rosidl_generator_py.so
-- Set runtime path of "/home/deathstroke/vins-fusion-ros2/install/vins/lib/libvins__rosidl_generator_py.so" to ""
-- Installing: /home/deathstroke/vins-fusion-ros2/install/vins/share/vins/cmake/export_vins__rosidl_generator_cExport.cmake
-- Installing: /home/deathstroke/vins-fusion-ros2/install/vins/share/vins/cmake/export_vins__rosidl_generator_cExport-release.cmake
-- Installing: /home/deathstroke/vins-fusion-ros2/install/vins/share/vins/cmake/export_vins__rosidl_typesupport_fastrtps_cExport.cmake
-- Installing: /home/deathstroke/vins-fusion-ros2/install/vins/share/vins/cmake/export_vins__rosidl_typesupport_fastrtps_cExport-release.cmake
-- Installing: /home/deathstroke/vins-fusion-ros2/install/vins/share/vins/cmake/export_vins__rosidl_generator_cppExport.cmake
-- Installing: /home/deathstroke/vins-fusion-ros2/install/vins/share/vins/cmake/export_vins__rosidl_typesupport_fastrtps_cppExport.cmake
-- Installing: /home/deathstroke/vins-fusion-ros2/install/vins/share/vins/cmake/export_vins__rosidl_typesupport_fastrtps_cppExport-release.cmake
-- Installing: /home/deathstroke/vins-fusion-ros2/install/vins/share/vins/cmake/vins__rosidl_typesupport_introspection_cExport.cmake
-- Installing: /home/deathstroke/vins-fusion-ros2/install/vins/share/vins/cmake/vins__rosidl_typesupport_introspection_cExport-release.cmake
-- Installing: /home/deathstroke/vins-fusion-ros2/install/vins/share/vins/cmake/vins__rosidl_typesupport_cExport.cmake
-- Installing: /home/deathstroke/vins-fusion-ros2/install/vins/share/vins/cmake/vins__rosidl_typesupport_cExport-release.cmake
-- Installing: /home/deathstroke/vins-fusion-ros2/install/vins/share/vins/cmake/vins__rosidl_typesupport_introspection_cppExport.cmake
-- Installing: /home/deathstroke/vins-fusion-ros2/install/vins/share/vins/cmake/vins__rosidl_typesupport_introspection_cppExport-release.cmake
-- Installing: /home/deathstroke/vins-fusion-ros2/install/vins/share/vins/cmake/vins__rosidl_typesupport_cppExport.cmake
-- Installing: /home/deathstroke/vins-fusion-ros2/install/vins/share/vins/cmake/vins__rosidl_typesupport_cppExport-release.cmake
-- Installing: /home/deathstroke/vins-fusion-ros2/install/vins/share/vins/cmake/export_vins__rosidl_generator_pyExport.cmake
-- Installing: /home/deathstroke/vins-fusion-ros2/install/vins/share/vins/cmake/export_vins__rosidl_generator_pyExport-release.cmake
