[0.008s] Invoking command in '/home/deathstroke/vins-fusion-ros2/build/vins': CMAKE_PREFIX_PATH=/home/deathstroke/vins-fusion-ros2/install/camera_models:/home/deathstroke/.local:/home/deathstroke/gz-ros2-bridge/install/gz-ros2-bridge:/home/deathstroke/mavros/install/mavros_extras:/home/deathstroke/mavros/install/mavros_examples:/home/deathstroke/mavros/install/mavros:/home/deathstroke/mavros/install/mavros_msgs:/home/deathstroke/mavros/install/libmavconn:/home/deathstroke/.local:/home/deathstroke/aruco_lander/install/aruco_mavsdk:/home/deathstroke/aruco_lander/install/aruco_detector:/home/deathstroke/workspace/catkin_ws_ov/install/ov_msckf:/home/deathstroke/workspace/catkin_ws_ov/install/ov_init:/home/deathstroke/workspace/catkin_ws_ov/install/ov_eval:/home/deathstroke/workspace/catkin_ws_ov/install/ov_data:/home/deathstroke/workspace/catkin_ws_ov/install/ov_core:/home/deathstroke/vins-fusion-ros2/install/vins:/home/deathstroke/vins-fusion-ros2/install/loop_fusion:/home/deathstroke/vins-fusion-ros2/install/global_fusion:/home/deathstroke/realsense-ros/install/realsense2_rviz_plugin:/home/deathstroke/realsense-ros/install/realsense2_description:/home/deathstroke/realsense-ros/install/realsense2_camera:/home/deathstroke/realsense-ros/install/realsense2_camera_msgs:/home/deathstroke/rust_ws/install/common_interfaces:/home/deathstroke/rust_ws/install/visualization_msgs:/home/deathstroke/rust_ws/install/test_msgs:/home/deathstroke/rust_ws/install/example_interfaces:/home/deathstroke/rust_ws/install/action_msgs:/home/deathstroke/rust_ws/install/unique_identifier_msgs:/home/deathstroke/rust_ws/install/trajectory_msgs:/home/deathstroke/rust_ws/install/test_interface_files:/home/deathstroke/rust_ws/install/stereo_msgs:/home/deathstroke/rust_ws/install/std_srvs:/home/deathstroke/rust_ws/install/shape_msgs:/home/deathstroke/rust_ws/install/sensor_msgs:/home/deathstroke/rust_ws/install/nav_msgs:/home/deathstroke/rust_ws/install/diagnostic_msgs:/home/deathstroke/rust_ws/install/geometry_msgs:/home/deathstroke/rust_ws/install/actionlib_msgs:/home/deathstroke/rust_ws/install/std_msgs:/home/deathstroke/rust_ws/install/statistics_msgs:/home/deathstroke/rust_ws/install/rosgraph_msgs:/home/deathstroke/rust_ws/install/rclrs_example_msgs:/home/deathstroke/rust_ws/install/composition_interfaces:/home/deathstroke/rust_ws/install/rcl_interfaces:/home/deathstroke/rust_ws/install/lifecycle_msgs:/home/deathstroke/rust_ws/install/builtin_interfaces:/home/deathstroke/rust_ws/install/rosidl_default_runtime:/home/deathstroke/rust_ws/install/rosidl_default_generators:/home/deathstroke/rust_ws/install/rosidl_generator_rs:/home/deathstroke/zed-ros2/install/zed_ros2:/home/deathstroke/zed-ros2/install/zed_wrapper:/home/deathstroke/zed-ros2/install/zed_debug:/home/deathstroke/zed-ros2/install/zed_components:/home/deathstroke/realsense-ros/install/realsense2_ros_mqtt_bridge:/home/deathstroke/rust_ws/install/examples_worker_demo:/home/deathstroke/rust_ws/install/examples_rclrs_minimal_pub_sub:/home/deathstroke/rust_ws/install/examples_rclrs_minimal_client_service:/home/deathstroke/rust_ws/install/examples_parameter_demo:/home/deathstroke/rust_ws/install/examples_logging_demo:/home/deathstroke/rust_ws/install/sensor_msgs_py:/home/deathstroke/rust_ws/install/rust_pubsub:/home/deathstroke/rust_ws/install/examples_rclrs_message_demo:/home/deathstroke/rust_ws/install/rosidl_runtime_rs:/home/deathstroke/rust_ws/install/rclrs:/opt/ros/humble PATH=/home/deathstroke/vins-fusion-ros2/install/camera_models/bin:/home/deathstroke/Android/Sdk/platform-tools:/usr/local/cuda-12.8/bin:/home/deathstroke/.pyenv/shims:/home/deathstroke/.pyenv/bin:/home/deathstroke/.pyenv/bin:/usr/lib/ccache:/home/deathstroke/rt-ardupilot/Tools/autotest:/home/deathstroke/Android/Sdk/platform-tools:/usr/local/cuda-12.8/bin:/home/deathstroke/.pyenv/bin:/home/deathstroke/.pyenv/bin:/home/deathstroke/vins-fusion-ros2/install/global_fusion/bin:/opt/ros/humble/bin:/usr/lib/ccache:/home/deathstroke/rt-ardupilot/Tools/autotest:/home/deathstroke/ardupilot/Tools/autotest:/usr/lib/ccache:/home/deathstroke/ardupilot/Tools/autotest:/opt/gcc-arm-none-eabi-10-2020-q4-major/bin:/home/deathstroke/.cargo/bin:/home/deathstroke/.local/bin:/usr/local/sbin:/usr/local/bin:/usr/sbin:/usr/bin:/sbin:/bin:/usr/games:/usr/local/games:/snap/bin:/snap/bin:/usr/local/lib/android-ndk:/usr/local/lib/android-ndk /usr/bin/cmake --build /home/deathstroke/vins-fusion-ros2/build/vins -- -j32 -l32
[0.022s] -- Found ament_cmake: 1.3.14 (/opt/ros/humble/share/ament_cmake/cmake)
[0.106s] -- Override CMake install command with custom implementation using symlinks instead of copying resources
[0.109s] -- Found rclcpp: 16.0.19 (/opt/ros/humble/share/rclcpp/cmake)
[0.125s] -- Found rosidl_generator_c: 3.1.9 (/opt/ros/humble/share/rosidl_generator_c/cmake)
[0.126s] -- Found rosidl_adapter: 3.1.9 (/opt/ros/humble/share/rosidl_adapter/cmake)
[0.128s] -- Found rosidl_generator_cpp: 3.1.9 (/opt/ros/humble/share/rosidl_generator_cpp/cmake)
[0.134s] -- Using all available rosidl_typesupport_c: rosidl_typesupport_fastrtps_c;rosidl_typesupport_introspection_c
[0.141s] -- Using all available rosidl_typesupport_cpp: rosidl_typesupport_fastrtps_cpp;rosidl_typesupport_introspection_cpp
[0.157s] -- Found rmw_implementation_cmake: 6.1.2 (/opt/ros/humble/share/rmw_implementation_cmake/cmake)
[0.158s] -- Found rmw_fastrtps_cpp: 6.2.10 (/opt/ros/humble/share/rmw_fastrtps_cpp/cmake)
[0.231s] -- Using RMW implementation 'rmw_fastrtps_cpp' as default
[0.254s] -- Found rosidl_default_generators: 1.2.0 (/home/deathstroke/rust_ws/install/rosidl_default_generators/share/rosidl_default_generators/cmake)
[0.261s] -- Found geometry_msgs: 4.9.0 (/home/deathstroke/rust_ws/install/geometry_msgs/share/geometry_msgs/cmake)
[0.267s] -- Found visualization_msgs: 4.9.0 (/home/deathstroke/rust_ws/install/visualization_msgs/share/visualization_msgs/cmake)
[0.285s] -- Found nav_msgs: 4.9.0 (/home/deathstroke/rust_ws/install/nav_msgs/share/nav_msgs/cmake)
[0.292s] -- Found tf2: 0.25.20 (/opt/ros/humble/share/tf2/cmake)
[0.294s] -- Found tf2_ros: 0.25.20 (/opt/ros/humble/share/tf2_ros/cmake)
[0.331s] -- Found cv_bridge: 3.2.1 (/opt/ros/humble/share/cv_bridge/cmake)
[0.340s] -- Found camera_models: 0.0.0 (/home/deathstroke/vins-fusion-ros2/install/camera_models/share/camera_models/cmake)
[0.341s] -- Found image_transport: 3.1.13 (/opt/ros/humble/share/image_transport/cmake)
[0.421s] -- Found AMD headers in: /usr/include/suitesparse
[0.422s] -- Found AMD library: /usr/lib/x86_64-linux-gnu/libamd.so
[0.422s] -- Found CAMD headers in: /usr/include/suitesparse
[0.422s] -- Found CAMD library: /usr/lib/x86_64-linux-gnu/libcamd.so
[0.422s] -- Found CCOLAMD headers in: /usr/include/suitesparse
[0.422s] -- Found CCOLAMD library: /usr/lib/x86_64-linux-gnu/libccolamd.so
[0.422s] -- Found CHOLMOD headers in: /usr/include/suitesparse
[0.422s] -- Found CHOLMOD library: /usr/lib/x86_64-linux-gnu/libcholmod.so
[0.422s] -- Found COLAMD headers in: /usr/include/suitesparse
[0.422s] -- Found COLAMD library: /usr/lib/x86_64-linux-gnu/libcolamd.so
[0.422s] -- Found SPQR headers in: /usr/include/suitesparse
[0.422s] -- Found SPQR library: /usr/lib/x86_64-linux-gnu/libspqr.so
[0.422s] -- Found Config headers in: /usr/include/suitesparse
[0.422s] -- Found Config library: /usr/lib/x86_64-linux-gnu/libsuitesparseconfig.so
[0.422s] -- Found Intel Thread Building Blocks (TBB) library (2021.5 / ) include location: . Assuming SuiteSparseQR was compiled with TBB.
[0.422s] -- Adding librt to SuiteSparse_config libraries (required on Linux & Unix [not OSX] if SuiteSparse is compiled with timing).
[0.425s] -- Could NOT find METIS (missing: METIS_INCLUDE_DIR METIS_LIBRARY) 
[0.426s] -- Found required Ceres dependency: Eigen version 3.3.91 in /usr/local/share/eigen3/cmake
[0.426s] -- Found required Ceres dependency: glog
[0.427s] -- Found required Ceres dependency: gflags
[0.427s] -- Found Ceres version: 2.1.0 installed in: /usr/local with components: [EigenSparse, SparseLinearAlgebraLibrary, LAPACK, SuiteSparse, CXSparse, SchurSpecializations, Multithreading]
[0.603s] -- Found ament_cmake_ros: 0.10.0 (/opt/ros/humble/share/ament_cmake_ros/cmake)
[0.858s] -- Using all available rosidl_typesupport_c: rosidl_typesupport_fastrtps_c;rosidl_typesupport_introspection_c
[0.957s] -- Using all available rosidl_typesupport_cpp: rosidl_typesupport_fastrtps_cpp;rosidl_typesupport_introspection_cpp
[1.027s] -- Found python_cmake_module: 0.10.0 (/opt/ros/humble/share/python_cmake_module/cmake)
[1.048s] -- Using PYTHON_EXECUTABLE: /usr/bin/python3
[1.048s] -- Using PYTHON_INCLUDE_DIRS: /usr/include/python3.10
[1.048s] -- Using PYTHON_LIBRARIES: /usr/lib/x86_64-linux-gnu/libpython3.10.so
[1.118s] -- Configuring done
[1.163s] -- Generating done
[1.174s] -- Build files have been written to: /home/deathstroke/vins-fusion-ros2/build/vins
[1.194s] [35m[1mConsolidate compiler generated dependencies of target vins__rosidl_generator_c[0m
[1.200s] [  1%] Built target vins__cpp
[1.200s] [  3%] Built target vins__rs
[1.201s] [  8%] Built target vins__rosidl_generator_c
[1.205s] [35m[1mConsolidate compiler generated dependencies of target vins__rosidl_typesupport_introspection_cpp[0m
[1.205s] [35m[1mConsolidate compiler generated dependencies of target vins__rosidl_typesupport_fastrtps_cpp[0m
[1.205s] [  8%] Built target ament_cmake_python_symlink_vins
[1.206s] [35m[1mConsolidate compiler generated dependencies of target vins__rosidl_typesupport_c[0m
[1.206s] [35m[1mConsolidate compiler generated dependencies of target vins_lib[0m
[1.206s] [35m[1mConsolidate compiler generated dependencies of target vins__rosidl_typesupport_cpp[0m
[1.208s] [35m[1mConsolidate compiler generated dependencies of target vins__rosidl_typesupport_introspection_c[0m
[1.208s] [35m[1mConsolidate compiler generated dependencies of target vins__rosidl_typesupport_fastrtps_c[0m
[1.212s] [ 14%] Built target vins__rosidl_typesupport_introspection_cpp
[1.212s] [ 19%] Built target vins__rosidl_typesupport_c
[1.212s] [ 25%] Built target vins__rosidl_typesupport_fastrtps_cpp
[1.214s] [ 35%] Built target vins__rosidl_typesupport_fastrtps_c
[1.214s] [ 35%] Built target vins__rosidl_typesupport_cpp
[1.214s] [ 41%] Built target vins__rosidl_typesupport_introspection_c
[1.225s] [ 41%] Built target vins
[1.235s] [ 42%] Built target vins__py
[1.242s] [35m[1mConsolidate compiler generated dependencies of target vins__rosidl_generator_py[0m
[1.243s] [ 44%] [32mBuilding CXX object CMakeFiles/vins_lib.dir/src/estimator/parameters.cpp.o[0m
[1.244s] [ 46%] [32mBuilding CXX object CMakeFiles/vins_lib.dir/src/estimator/estimator.cpp.o[0m
[1.245s] [ 48%] [32mBuilding CXX object CMakeFiles/vins_lib.dir/src/estimator/feature_manager.cpp.o[0m
[1.245s] [ 50%] [32mBuilding CXX object CMakeFiles/vins_lib.dir/src/factor/pose_local_parameterization.cpp.o[0m
[1.245s] [ 51%] [32mBuilding CXX object CMakeFiles/vins_lib.dir/src/factor/projectionTwoFrameOneCamFactor.cpp.o[0m
[1.247s] [ 53%] [32mBuilding CXX object CMakeFiles/vins_lib.dir/src/factor/projectionTwoFrameTwoCamFactor.cpp.o[0m
[1.247s] [ 55%] [32mBuilding CXX object CMakeFiles/vins_lib.dir/src/factor/projectionOneFrameTwoCamFactor.cpp.o[0m
[1.247s] [ 57%] [32mBuilding CXX object CMakeFiles/vins_lib.dir/src/factor/projection_fixed_point_factor.cpp.o[0m
[1.248s] [ 58%] [32mBuilding CXX object CMakeFiles/vins_lib.dir/src/utility/utility.cpp.o[0m
[1.248s] [ 62%] Built target vins__rosidl_generator_py
[1.249s] [ 64%] [32mBuilding CXX object CMakeFiles/vins_lib.dir/src/factor/marginalization_factor.cpp.o[0m
[1.250s] [ 66%] [32mBuilding CXX object CMakeFiles/vins_lib.dir/src/utility/CameraPoseVisualization.cpp.o[0m
[1.250s] [ 67%] [32mBuilding CXX object CMakeFiles/vins_lib.dir/src/initial/solve_5pts.cpp.o[0m
[1.250s] [ 69%] [32mBuilding CXX object CMakeFiles/vins_lib.dir/src/utility/visualization.cpp.o[0m
[1.251s] [ 71%] [32mBuilding CXX object CMakeFiles/vins_lib.dir/src/initial/initial_aligment.cpp.o[0m
[1.253s] [35m[1mConsolidate compiler generated dependencies of target vins__rosidl_typesupport_fastrtps_c__pyext[0m
[1.253s] [35m[1mConsolidate compiler generated dependencies of target vins__rosidl_typesupport_introspection_c__pyext[0m
[1.254s] [ 73%] [32mBuilding CXX object CMakeFiles/vins_lib.dir/src/initial/initial_sfm.cpp.o[0m
[1.254s] [ 75%] [32mBuilding CXX object CMakeFiles/vins_lib.dir/src/featureTracker/feature_tracker.cpp.o[0m
[1.254s] [ 76%] [32mBuilding CXX object CMakeFiles/vins_lib.dir/src/initial/initial_ex_rotation.cpp.o[0m
[1.255s] [35m[1mConsolidate compiler generated dependencies of target vins__rosidl_typesupport_c__pyext[0m
[1.259s] [ 80%] Built target vins__rosidl_typesupport_introspection_c__pyext
[1.259s] [ 83%] Built target vins__rosidl_typesupport_fastrtps_c__pyext
[1.262s] [01m[K/home/deathstroke/vins-fusion-ros2/src/VINS-Fusion-ROS2-humble-arm/vins/src/initial/initial_sfm.cpp:[m[K In member function ‘[01m[Kbool GlobalSFM::construct(int, Eigen::Quaterniond*, Eigen::Vector3d*, int, Eigen::Matrix3d, Eigen::Vector3d, std::vector<SFMFeature>&, std::map<int, Eigen::Matrix<double, 3, 1> >&)[m[K’:
[1.262s] [01m[K/home/deathstroke/vins-fusion-ros2/src/VINS-Fusion-ROS2-humble-arm/vins/src/initial/initial_sfm.cpp:147:18:[m[K [01;35m[Kwarning: [m[KISO C++ forbids variable length array ‘[01m[Kc_Rotation[m[K’ [[01;35m[K-Wvla[m[K]
[1.262s]   147 |         Matrix3d [01;35m[Kc_Rotation[m[K[frame_num];
[1.262s]       |                  [01;35m[K^~~~~~~~~~[m[K
[1.262s] [01m[K/home/deathstroke/vins-fusion-ros2/src/VINS-Fusion-ROS2-humble-arm/vins/src/initial/initial_sfm.cpp:148:18:[m[K [01;35m[Kwarning: [m[KISO C++ forbids variable length array ‘[01m[Kc_Translation[m[K’ [[01;35m[K-Wvla[m[K]
[1.262s]   148 |         Vector3d [01;35m[Kc_Translation[m[K[frame_num];
[1.262s]       |                  [01;35m[K^~~~~~~~~~~~~[m[K
[1.262s] [01m[K/home/deathstroke/vins-fusion-ros2/src/VINS-Fusion-ROS2-humble-arm/vins/src/initial/initial_sfm.cpp:149:21:[m[K [01;35m[Kwarning: [m[KISO C++ forbids variable length array ‘[01m[Kc_Quat[m[K’ [[01;35m[K-Wvla[m[K]
[1.262s]   149 |         Quaterniond [01;35m[Kc_Quat[m[K[frame_num];
[1.262s]       |                     [01;35m[K^~~~~~[m[K
[1.262s] [01m[K/home/deathstroke/vins-fusion-ros2/src/VINS-Fusion-ROS2-humble-arm/vins/src/initial/initial_sfm.cpp:150:16:[m[K [01;35m[Kwarning: [m[KISO C++ forbids variable length array ‘[01m[Kc_rotation[m[K’ [[01;35m[K-Wvla[m[K]
[1.262s]   150 |         double [01;35m[Kc_rotation[m[K[frame_num][4];
[1.263s]       |                [01;35m[K^~~~~~~~~~[m[K
[1.263s] [01m[K/home/deathstroke/vins-fusion-ros2/src/VINS-Fusion-ROS2-humble-arm/vins/src/initial/initial_sfm.cpp:151:16:[m[K [01;35m[Kwarning: [m[KISO C++ forbids variable length array ‘[01m[Kc_translation[m[K’ [[01;35m[K-Wvla[m[K]
[1.263s]   151 |         double [01;35m[Kc_translation[m[K[frame_num][3];
[1.263s]       |                [01;35m[K^~~~~~~~~~~~~[m[K
[1.263s] [01m[K/home/deathstroke/vins-fusion-ros2/src/VINS-Fusion-ROS2-humble-arm/vins/src/initial/initial_sfm.cpp:152:37:[m[K [01;35m[Kwarning: [m[KISO C++ forbids variable length array ‘[01m[KPose[m[K’ [[01;35m[K-Wvla[m[K]
[1.263s]   152 |         Eigen::Matrix<double, 3, 4> [01;35m[KPose[m[K[frame_num];
[1.263s]       |                                     [01;35m[K^~~~[m[K
[1.263s] [ 87%] Built target vins__rosidl_typesupport_c__pyext
[1.390s] running egg_info
[1.405s] writing manifest file 'vins.egg-info/SOURCES.txt'
[1.419s] [ 87%] Built target ament_cmake_python_build_vins_egg
[1.584s] [01m[K/home/deathstroke/vins-fusion-ros2/src/VINS-Fusion-ROS2-humble-arm/vins/src/estimator/estimator.cpp:[m[K In member function ‘[01m[Kbool Estimator::initialStructure()[m[K’:
[1.584s] [01m[K/home/deathstroke/vins-fusion-ros2/src/VINS-Fusion-ROS2-humble-arm/vins/src/estimator/estimator.cpp:693:17:[m[K [01;35m[Kwarning: [m[KISO C++ forbids variable length array ‘[01m[KQ[m[K’ [[01;35m[K-Wvla[m[K]
[1.584s]   693 |     Quaterniond [01;35m[KQ[m[K[frame_count + 1];
[1.584s]       |                 [01;35m[K^[m[K
[1.584s] [01m[K/home/deathstroke/vins-fusion-ros2/src/VINS-Fusion-ROS2-humble-arm/vins/src/estimator/estimator.cpp:694:14:[m[K [01;35m[Kwarning: [m[KISO C++ forbids variable length array ‘[01m[KT[m[K’ [[01;35m[K-Wvla[m[K]
[1.584s]   694 |     Vector3d [01;35m[KT[m[K[frame_count + 1];
[1.584s]       |              [01;35m[K^[m[K
[1.602s] [ 89%] [32m[1mLinking CXX shared library libvins_lib.so[0m
[2.297s] [ 89%] Built target vins_lib
[2.304s] [35m[1mConsolidate compiler generated dependencies of target vins_node[0m
[2.304s] [35m[1mConsolidate compiler generated dependencies of target kitti_odom_test[0m
[2.304s] [35m[1mConsolidate compiler generated dependencies of target kitti_gps_test[0m
[2.317s] [ 91%] [32mBuilding CXX object CMakeFiles/kitti_gps_test.dir/src/KITTIGPSTest.cpp.o[0m
[2.318s] [ 92%] [32mBuilding CXX object CMakeFiles/kitti_odom_test.dir/src/KITTIOdomTest.cpp.o[0m
[2.318s] [ 94%] [32mBuilding CXX object CMakeFiles/vins_node.dir/src/rosNodeTest.cpp.o[0m
[2.668s] [ 96%] [32m[1mLinking CXX executable kitti_odom_test[0m
[2.676s] [01m[K/home/deathstroke/vins-fusion-ros2/src/VINS-Fusion-ROS2-humble-arm/vins/src/KITTIGPSTest.cpp:[m[K In function ‘[01m[Kint main(int, char**)[m[K’:
[2.676s] [01m[K/home/deathstroke/vins-fusion-ros2/src/VINS-Fusion-ROS2-humble-arm/vins/src/KITTIGPSTest.cpp:146:31:[m[K [01;35m[Kwarning: [m[Kignoring return value of ‘[01m[Kint fscanf(FILE*, const char*, ...)[m[K’ declared with attribute ‘[01m[Kwarn_unused_result[m[K’ [[01;35m[K-Wunused-result[m[K]
[2.676s]   146 |                         [01;35m[Kfscanf(GPSFile, "%lf %lf %lf %lf %lf %lf ", &lat, &lon, &alt, &roll, &pitch, &yaw)[m[K;
[2.676s]       |                         [01;35m[K~~~~~~^~~~~~~~~~~~~~~~~~~~~~~~~~~~~~~~~~~~~~~~~~~~~~~~~~~~~~~~~~~~~~~~~~~~~~~~~~~~[m[K
[2.676s] [01m[K/home/deathstroke/vins-fusion-ros2/src/VINS-Fusion-ROS2-humble-arm/vins/src/KITTIGPSTest.cpp:148:31:[m[K [01;35m[Kwarning: [m[Kignoring return value of ‘[01m[Kint fscanf(FILE*, const char*, ...)[m[K’ declared with attribute ‘[01m[Kwarn_unused_result[m[K’ [[01;35m[K-Wunused-result[m[K]
[2.676s]   148 |                         [01;35m[Kfscanf(GPSFile, "%lf %lf %lf %lf %lf ", &vn, &ve, &vf, &vl, &vu)[m[K;
[2.676s]       |                         [01;35m[K~~~~~~^~~~~~~~~~~~~~~~~~~~~~~~~~~~~~~~~~~~~~~~~~~~~~~~~~~~~~~~~~[m[K
[2.676s] [01m[K/home/deathstroke/vins-fusion-ros2/src/VINS-Fusion-ROS2-humble-arm/vins/src/KITTIGPSTest.cpp:150:31:[m[K [01;35m[Kwarning: [m[Kignoring return value of ‘[01m[Kint fscanf(FILE*, const char*, ...)[m[K’ declared with attribute ‘[01m[Kwarn_unused_result[m[K’ [[01;35m[K-Wunused-result[m[K]
[2.676s]   150 |                         [01;35m[Kfscanf(GPSFile, "%lf %lf %lf %lf %lf %lf ", &ax, &ay, &az, &af, &al, &au)[m[K;
[2.676s]       |                         [01;35m[K~~~~~~^~~~~~~~~~~~~~~~~~~~~~~~~~~~~~~~~~~~~~~~~~~~~~~~~~~~~~~~~~~~~~~~~~~[m[K
[2.676s] [01m[K/home/deathstroke/vins-fusion-ros2/src/VINS-Fusion-ROS2-humble-arm/vins/src/KITTIGPSTest.cpp:152:31:[m[K [01;35m[Kwarning: [m[Kignoring return value of ‘[01m[Kint fscanf(FILE*, const char*, ...)[m[K’ declared with attribute ‘[01m[Kwarn_unused_result[m[K’ [[01;35m[K-Wunused-result[m[K]
[2.676s]   152 |                         [01;35m[Kfscanf(GPSFile, "%lf %lf %lf %lf %lf %lf ", &wx, &wy, &wz, &wf, &wl, &wu)[m[K;
[2.676s]       |                         [01;35m[K~~~~~~^~~~~~~~~~~~~~~~~~~~~~~~~~~~~~~~~~~~~~~~~~~~~~~~~~~~~~~~~~~~~~~~~~~[m[K
[2.676s] [01m[K/home/deathstroke/vins-fusion-ros2/src/VINS-Fusion-ROS2-humble-arm/vins/src/KITTIGPSTest.cpp:154:31:[m[K [01;35m[Kwarning: [m[Kignoring return value of ‘[01m[Kint fscanf(FILE*, const char*, ...)[m[K’ declared with attribute ‘[01m[Kwarn_unused_result[m[K’ [[01;35m[K-Wunused-result[m[K]
[2.676s]   154 |                         [01;35m[Kfscanf(GPSFile, "%lf %lf %lf %lf %lf %lf ", &pos_accuracy, &vel_accuracy, &navstat, &numsats, &velmode, &orimode)[m[K;
[2.676s]       |                         [01;35m[K~~~~~~^~~~~~~~~~~~~~~~~~~~~~~~~~~~~~~~~~~~~~~~~~~~~~~~~~~~~~~~~~~~~~~~~~~~~~~~~~~~~~~~~~~~~~~~~~~~~~~~~~~~~~~~~~~[m[K
[2.686s] [01m[K/home/deathstroke/vins-fusion-ros2/src/VINS-Fusion-ROS2-humble-arm/vins/src/rosNodeTest.cpp:26:30:[m[K [01;35m[Kwarning: [m[K‘[01m[Ksensor_msgs::msg::Imu_<std::allocator<void> >::ConstPtr[m[K’ is deprecated [[01;35m[K-Wdeprecated-declarations[m[K]
[2.686s]    26 | queue<sensor_msgs::msg::Imu::[01;35m[KConstPtr[m[K> imu_buf;
[2.686s]       |                              [01;35m[K^~~~~~~~[m[K
[2.686s] In file included from [01m[K/home/deathstroke/rust_ws/install/sensor_msgs/include/sensor_msgs/sensor_msgs/msg/imu.hpp:7[m[K,
[2.686s]                  from [01m[K/home/deathstroke/vins-fusion-ros2/src/VINS-Fusion-ROS2-humble-arm/vins/src/utility/visualization.h:16[m[K,
[2.686s]                  from [01m[K/home/deathstroke/vins-fusion-ros2/src/VINS-Fusion-ROS2-humble-arm/vins/src/rosNodeTest.cpp:22[m[K:
[2.686s] [01m[K/home/deathstroke/rust_ws/install/sensor_msgs/include/sensor_msgs/sensor_msgs/msg/detail/imu__struct.hpp:183:5:[m[K [01;36m[Knote: [m[Kdeclared here
[2.686s]   183 |     [01;36m[KConstPtr[m[K;
[2.686s]       |     [01;36m[K^~~~~~~~[m[K
[2.686s] [01m[K/home/deathstroke/vins-fusion-ros2/src/VINS-Fusion-ROS2-humble-arm/vins/src/rosNodeTest.cpp:27:37:[m[K [01;35m[Kwarning: [m[K‘[01m[Ksensor_msgs::msg::PointCloud_<std::allocator<void> >::ConstPtr[m[K’ is deprecated [[01;35m[K-Wdeprecated-declarations[m[K]
[2.686s]    27 | queue<sensor_msgs::msg::PointCloud::[01;35m[KConstPtr[m[K> feature_buf;
[2.686s]       |                                     [01;35m[K^~~~~~~~[m[K
[2.686s] In file included from [01m[K/home/deathstroke/rust_ws/install/sensor_msgs/include/sensor_msgs/sensor_msgs/msg/point_cloud.hpp:7[m[K,
[2.686s]                  from [01m[K/home/deathstroke/vins-fusion-ros2/src/VINS-Fusion-ROS2-humble-arm/vins/src/utility/visualization.h:17[m[K,
[2.686s]                  from [01m[K/home/deathstroke/vins-fusion-ros2/src/VINS-Fusion-ROS2-humble-arm/vins/src/rosNodeTest.cpp:22[m[K:
[2.686s] [01m[K/home/deathstroke/rust_ws/install/sensor_msgs/include/sensor_msgs/sensor_msgs/msg/detail/point_cloud__struct.hpp:125:5:[m[K [01;36m[Knote: [m[Kdeclared here
[2.686s]   125 |     [01;36m[KConstPtr[m[K;
[2.686s]       |     [01;36m[K^~~~~~~~[m[K
[2.686s] [01m[K/home/deathstroke/vins-fusion-ros2/src/VINS-Fusion-ROS2-humble-arm/vins/src/rosNodeTest.cpp:28:32:[m[K [01;35m[Kwarning: [m[K‘[01m[Ksensor_msgs::msg::Image_<std::allocator<void> >::ConstPtr[m[K’ is deprecated [[01;35m[K-Wdeprecated-declarations[m[K]
[2.686s]    28 | queue<sensor_msgs::msg::Image::[01;35m[KConstPtr[m[K> img0_buf;
[2.686s]       |                                [01;35m[K^~~~~~~~[m[K
[2.686s] In file included from [01m[K/home/deathstroke/rust_ws/install/sensor_msgs/include/sensor_msgs/sensor_msgs/msg/image.hpp:7[m[K,
[2.686s]                  from [01m[K/opt/ros/humble/include/cv_bridge/cv_bridge/cv_bridge.h:40[m[K,
[2.686s]                  from [01m[K/home/deathstroke/vins-fusion-ros2/src/VINS-Fusion-ROS2-humble-arm/vins/src/rosNodeTest.cpp:18[m[K:
[2.686s] [01m[K/home/deathstroke/rust_ws/install/sensor_msgs/include/sensor_msgs/sensor_msgs/msg/detail/image__struct.hpp:174:5:[m[K [01;36m[Knote: [m[Kdeclared here
[2.686s]   174 |     [01;36m[KConstPtr[m[K;
[2.686s]       |     [01;36m[K^~~~~~~~[m[K
[2.686s] [01m[K/home/deathstroke/vins-fusion-ros2/src/VINS-Fusion-ROS2-humble-arm/vins/src/rosNodeTest.cpp:29:32:[m[K [01;35m[Kwarning: [m[K‘[01m[Ksensor_msgs::msg::Image_<std::allocator<void> >::ConstPtr[m[K’ is deprecated [[01;35m[K-Wdeprecated-declarations[m[K]
[2.686s]    29 | queue<sensor_msgs::msg::Image::[01;35m[KConstPtr[m[K> img1_buf;
[2.686s]       |                                [01;35m[K^~~~~~~~[m[K
[2.686s] In file included from [01m[K/home/deathstroke/rust_ws/install/sensor_msgs/include/sensor_msgs/sensor_msgs/msg/image.hpp:7[m[K,
[2.686s]                  from [01m[K/opt/ros/humble/include/cv_bridge/cv_bridge/cv_bridge.h:40[m[K,
[2.686s]                  from [01m[K/home/deathstroke/vins-fusion-ros2/src/VINS-Fusion-ROS2-humble-arm/vins/src/rosNodeTest.cpp:18[m[K:
[2.686s] [01m[K/home/deathstroke/rust_ws/install/sensor_msgs/include/sensor_msgs/sensor_msgs/msg/detail/image__struct.hpp:174:5:[m[K [01;36m[Knote: [m[Kdeclared here
[2.686s]   174 |     [01;36m[KConstPtr[m[K;
[2.686s]       |     [01;36m[K^~~~~~~~[m[K
[2.686s] [01m[K/home/deathstroke/vins-fusion-ros2/src/VINS-Fusion-ROS2-humble-arm/vins/src/rosNodeTest.cpp:51:73:[m[K [01;35m[Kwarning: [m[K‘[01m[Ksensor_msgs::msg::Image_<std::allocator<void> >::ConstPtr[m[K’ is deprecated [[01;35m[K-Wdeprecated-declarations[m[K]
[2.686s]    51 | cv::Mat getImageFromMsg(const sensor_msgs::msg::Image::ConstPtr &img_msg[01;35m[K)[m[K
[2.686s]       |                                                                         [01;35m[K^[m[K
[2.687s] In file included from [01m[K/home/deathstroke/rust_ws/install/sensor_msgs/include/sensor_msgs/sensor_msgs/msg/image.hpp:7[m[K,
[2.687s]                  from [01m[K/opt/ros/humble/include/cv_bridge/cv_bridge/cv_bridge.h:40[m[K,
[2.687s]                  from [01m[K/home/deathstroke/vins-fusion-ros2/src/VINS-Fusion-ROS2-humble-arm/vins/src/rosNodeTest.cpp:18[m[K:
[2.687s] [01m[K/home/deathstroke/rust_ws/install/sensor_msgs/include/sensor_msgs/sensor_msgs/msg/detail/image__struct.hpp:174:5:[m[K [01;36m[Knote: [m[Kdeclared here
[2.687s]   174 |     [01;36m[KConstPtr[m[K;
[2.687s]       |     [01;36m[K^~~~~~~~[m[K
[2.687s] [ 98%] [32m[1mLinking CXX executable kitti_gps_test[0m
[2.696s] [100%] [32m[1mLinking CXX executable vins_node[0m
[2.910s] /usr/bin/ld: warning: libopencv_imgcodecs.so.4.5d, needed by /opt/ros/humble/lib/libcv_bridge.so, may conflict with libopencv_imgcodecs.so.408
[2.911s] /usr/bin/ld: warning: libopencv_core.so.4.5d, needed by /opt/ros/humble/lib/libcv_bridge.so, may conflict with libopencv_core.so.408
[2.933s] /usr/bin/ld: warning: libopencv_imgcodecs.so.4.5d, needed by /opt/ros/humble/lib/libcv_bridge.so, may conflict with libopencv_imgcodecs.so.408
[2.934s] /usr/bin/ld: warning: libopencv_core.so.4.5d, needed by /opt/ros/humble/lib/libcv_bridge.so, may conflict with libopencv_core.so.408
[2.953s] /usr/bin/ld: warning: libopencv_core.so.4.5d, needed by /opt/ros/humble/lib/libcv_bridge.so, may conflict with libopencv_core.so.408
[3.100s] [100%] Built target kitti_odom_test
[3.111s] [100%] Built target kitti_gps_test
[3.166s] [100%] Built target vins_node
[3.172s] Invoked command in '/home/deathstroke/vins-fusion-ros2/build/vins' returned '0': CMAKE_PREFIX_PATH=/home/deathstroke/vins-fusion-ros2/install/camera_models:/home/deathstroke/.local:/home/deathstroke/gz-ros2-bridge/install/gz-ros2-bridge:/home/deathstroke/mavros/install/mavros_extras:/home/deathstroke/mavros/install/mavros_examples:/home/deathstroke/mavros/install/mavros:/home/deathstroke/mavros/install/mavros_msgs:/home/deathstroke/mavros/install/libmavconn:/home/deathstroke/.local:/home/deathstroke/aruco_lander/install/aruco_mavsdk:/home/deathstroke/aruco_lander/install/aruco_detector:/home/deathstroke/workspace/catkin_ws_ov/install/ov_msckf:/home/deathstroke/workspace/catkin_ws_ov/install/ov_init:/home/deathstroke/workspace/catkin_ws_ov/install/ov_eval:/home/deathstroke/workspace/catkin_ws_ov/install/ov_data:/home/deathstroke/workspace/catkin_ws_ov/install/ov_core:/home/deathstroke/vins-fusion-ros2/install/vins:/home/deathstroke/vins-fusion-ros2/install/loop_fusion:/home/deathstroke/vins-fusion-ros2/install/global_fusion:/home/deathstroke/realsense-ros/install/realsense2_rviz_plugin:/home/deathstroke/realsense-ros/install/realsense2_description:/home/deathstroke/realsense-ros/install/realsense2_camera:/home/deathstroke/realsense-ros/install/realsense2_camera_msgs:/home/deathstroke/rust_ws/install/common_interfaces:/home/deathstroke/rust_ws/install/visualization_msgs:/home/deathstroke/rust_ws/install/test_msgs:/home/deathstroke/rust_ws/install/example_interfaces:/home/deathstroke/rust_ws/install/action_msgs:/home/deathstroke/rust_ws/install/unique_identifier_msgs:/home/deathstroke/rust_ws/install/trajectory_msgs:/home/deathstroke/rust_ws/install/test_interface_files:/home/deathstroke/rust_ws/install/stereo_msgs:/home/deathstroke/rust_ws/install/std_srvs:/home/deathstroke/rust_ws/install/shape_msgs:/home/deathstroke/rust_ws/install/sensor_msgs:/home/deathstroke/rust_ws/install/nav_msgs:/home/deathstroke/rust_ws/install/diagnostic_msgs:/home/deathstroke/rust_ws/install/geometry_msgs:/home/deathstroke/rust_ws/install/actionlib_msgs:/home/deathstroke/rust_ws/install/std_msgs:/home/deathstroke/rust_ws/install/statistics_msgs:/home/deathstroke/rust_ws/install/rosgraph_msgs:/home/deathstroke/rust_ws/install/rclrs_example_msgs:/home/deathstroke/rust_ws/install/composition_interfaces:/home/deathstroke/rust_ws/install/rcl_interfaces:/home/deathstroke/rust_ws/install/lifecycle_msgs:/home/deathstroke/rust_ws/install/builtin_interfaces:/home/deathstroke/rust_ws/install/rosidl_default_runtime:/home/deathstroke/rust_ws/install/rosidl_default_generators:/home/deathstroke/rust_ws/install/rosidl_generator_rs:/home/deathstroke/zed-ros2/install/zed_ros2:/home/deathstroke/zed-ros2/install/zed_wrapper:/home/deathstroke/zed-ros2/install/zed_debug:/home/deathstroke/zed-ros2/install/zed_components:/home/deathstroke/realsense-ros/install/realsense2_ros_mqtt_bridge:/home/deathstroke/rust_ws/install/examples_worker_demo:/home/deathstroke/rust_ws/install/examples_rclrs_minimal_pub_sub:/home/deathstroke/rust_ws/install/examples_rclrs_minimal_client_service:/home/deathstroke/rust_ws/install/examples_parameter_demo:/home/deathstroke/rust_ws/install/examples_logging_demo:/home/deathstroke/rust_ws/install/sensor_msgs_py:/home/deathstroke/rust_ws/install/rust_pubsub:/home/deathstroke/rust_ws/install/examples_rclrs_message_demo:/home/deathstroke/rust_ws/install/rosidl_runtime_rs:/home/deathstroke/rust_ws/install/rclrs:/opt/ros/humble PATH=/home/deathstroke/vins-fusion-ros2/install/camera_models/bin:/home/deathstroke/Android/Sdk/platform-tools:/usr/local/cuda-12.8/bin:/home/deathstroke/.pyenv/shims:/home/deathstroke/.pyenv/bin:/home/deathstroke/.pyenv/bin:/usr/lib/ccache:/home/deathstroke/rt-ardupilot/Tools/autotest:/home/deathstroke/Android/Sdk/platform-tools:/usr/local/cuda-12.8/bin:/home/deathstroke/.pyenv/bin:/home/deathstroke/.pyenv/bin:/home/deathstroke/vins-fusion-ros2/install/global_fusion/bin:/opt/ros/humble/bin:/usr/lib/ccache:/home/deathstroke/rt-ardupilot/Tools/autotest:/home/deathstroke/ardupilot/Tools/autotest:/usr/lib/ccache:/home/deathstroke/ardupilot/Tools/autotest:/opt/gcc-arm-none-eabi-10-2020-q4-major/bin:/home/deathstroke/.cargo/bin:/home/deathstroke/.local/bin:/usr/local/sbin:/usr/local/bin:/usr/sbin:/usr/bin:/sbin:/bin:/usr/games:/usr/local/games:/snap/bin:/snap/bin:/usr/local/lib/android-ndk:/usr/local/lib/android-ndk /usr/bin/cmake --build /home/deathstroke/vins-fusion-ros2/build/vins -- -j32 -l32
[3.173s] Invoking command in '/home/deathstroke/vins-fusion-ros2/build/vins': CMAKE_PREFIX_PATH=/home/deathstroke/vins-fusion-ros2/install/camera_models:/home/deathstroke/.local:/home/deathstroke/gz-ros2-bridge/install/gz-ros2-bridge:/home/deathstroke/mavros/install/mavros_extras:/home/deathstroke/mavros/install/mavros_examples:/home/deathstroke/mavros/install/mavros:/home/deathstroke/mavros/install/mavros_msgs:/home/deathstroke/mavros/install/libmavconn:/home/deathstroke/.local:/home/deathstroke/aruco_lander/install/aruco_mavsdk:/home/deathstroke/aruco_lander/install/aruco_detector:/home/deathstroke/workspace/catkin_ws_ov/install/ov_msckf:/home/deathstroke/workspace/catkin_ws_ov/install/ov_init:/home/deathstroke/workspace/catkin_ws_ov/install/ov_eval:/home/deathstroke/workspace/catkin_ws_ov/install/ov_data:/home/deathstroke/workspace/catkin_ws_ov/install/ov_core:/home/deathstroke/vins-fusion-ros2/install/vins:/home/deathstroke/vins-fusion-ros2/install/loop_fusion:/home/deathstroke/vins-fusion-ros2/install/global_fusion:/home/deathstroke/realsense-ros/install/realsense2_rviz_plugin:/home/deathstroke/realsense-ros/install/realsense2_description:/home/deathstroke/realsense-ros/install/realsense2_camera:/home/deathstroke/realsense-ros/install/realsense2_camera_msgs:/home/deathstroke/rust_ws/install/common_interfaces:/home/deathstroke/rust_ws/install/visualization_msgs:/home/deathstroke/rust_ws/install/test_msgs:/home/deathstroke/rust_ws/install/example_interfaces:/home/deathstroke/rust_ws/install/action_msgs:/home/deathstroke/rust_ws/install/unique_identifier_msgs:/home/deathstroke/rust_ws/install/trajectory_msgs:/home/deathstroke/rust_ws/install/test_interface_files:/home/deathstroke/rust_ws/install/stereo_msgs:/home/deathstroke/rust_ws/install/std_srvs:/home/deathstroke/rust_ws/install/shape_msgs:/home/deathstroke/rust_ws/install/sensor_msgs:/home/deathstroke/rust_ws/install/nav_msgs:/home/deathstroke/rust_ws/install/diagnostic_msgs:/home/deathstroke/rust_ws/install/geometry_msgs:/home/deathstroke/rust_ws/install/actionlib_msgs:/home/deathstroke/rust_ws/install/std_msgs:/home/deathstroke/rust_ws/install/statistics_msgs:/home/deathstroke/rust_ws/install/rosgraph_msgs:/home/deathstroke/rust_ws/install/rclrs_example_msgs:/home/deathstroke/rust_ws/install/composition_interfaces:/home/deathstroke/rust_ws/install/rcl_interfaces:/home/deathstroke/rust_ws/install/lifecycle_msgs:/home/deathstroke/rust_ws/install/builtin_interfaces:/home/deathstroke/rust_ws/install/rosidl_default_runtime:/home/deathstroke/rust_ws/install/rosidl_default_generators:/home/deathstroke/rust_ws/install/rosidl_generator_rs:/home/deathstroke/zed-ros2/install/zed_ros2:/home/deathstroke/zed-ros2/install/zed_wrapper:/home/deathstroke/zed-ros2/install/zed_debug:/home/deathstroke/zed-ros2/install/zed_components:/home/deathstroke/realsense-ros/install/realsense2_ros_mqtt_bridge:/home/deathstroke/rust_ws/install/examples_worker_demo:/home/deathstroke/rust_ws/install/examples_rclrs_minimal_pub_sub:/home/deathstroke/rust_ws/install/examples_rclrs_minimal_client_service:/home/deathstroke/rust_ws/install/examples_parameter_demo:/home/deathstroke/rust_ws/install/examples_logging_demo:/home/deathstroke/rust_ws/install/sensor_msgs_py:/home/deathstroke/rust_ws/install/rust_pubsub:/home/deathstroke/rust_ws/install/examples_rclrs_message_demo:/home/deathstroke/rust_ws/install/rosidl_runtime_rs:/home/deathstroke/rust_ws/install/rclrs:/opt/ros/humble PATH=/home/deathstroke/vins-fusion-ros2/install/camera_models/bin:/home/deathstroke/Android/Sdk/platform-tools:/usr/local/cuda-12.8/bin:/home/deathstroke/.pyenv/shims:/home/deathstroke/.pyenv/bin:/home/deathstroke/.pyenv/bin:/usr/lib/ccache:/home/deathstroke/rt-ardupilot/Tools/autotest:/home/deathstroke/Android/Sdk/platform-tools:/usr/local/cuda-12.8/bin:/home/deathstroke/.pyenv/bin:/home/deathstroke/.pyenv/bin:/home/deathstroke/vins-fusion-ros2/install/global_fusion/bin:/opt/ros/humble/bin:/usr/lib/ccache:/home/deathstroke/rt-ardupilot/Tools/autotest:/home/deathstroke/ardupilot/Tools/autotest:/usr/lib/ccache:/home/deathstroke/ardupilot/Tools/autotest:/opt/gcc-arm-none-eabi-10-2020-q4-major/bin:/home/deathstroke/.cargo/bin:/home/deathstroke/.local/bin:/usr/local/sbin:/usr/local/bin:/usr/sbin:/usr/bin:/sbin:/bin:/usr/games:/usr/local/games:/snap/bin:/snap/bin:/usr/local/lib/android-ndk:/usr/local/lib/android-ndk /usr/bin/cmake --install /home/deathstroke/vins-fusion-ros2/build/vins
[3.176s] -- Install configuration: "Release"
[3.177s] -- Execute custom install script
[3.177s] -- Symlinking: /home/deathstroke/vins-fusion-ros2/install/vins/share/ament_index/resource_index/rosidl_interfaces/vins
[3.182s] -- Symlinking: /home/deathstroke/vins-fusion-ros2/install/vins/include/vins/vins/msg/detail/feature_quality__functions.h
[3.186s] -- Symlinking: /home/deathstroke/vins-fusion-ros2/install/vins/include/vins/vins/msg/detail/feature_quality__struct.h
[3.191s] -- Symlinking: /home/deathstroke/vins-fusion-ros2/install/vins/include/vins/vins/msg/detail/feature_quality__type_support.h
[3.196s] -- Symlinking: /home/deathstroke/vins-fusion-ros2/install/vins/include/vins/vins/msg/feature_quality.h
[3.200s] -- Symlinking: /home/deathstroke/vins-fusion-ros2/install/vins/include/vins/vins/msg/rosidl_generator_c__visibility_control.h
[3.205s] -- Symlinking: /home/deathstroke/vins-fusion-ros2/install/vins/share/vins/environment/library_path.sh
[3.210s] -- Symlinking: /home/deathstroke/vins-fusion-ros2/install/vins/share/vins/environment/library_path.dsv
[3.214s] -- Symlinking: /home/deathstroke/vins-fusion-ros2/install/vins/include/vins/vins/msg/detail/feature_quality__rosidl_typesupport_fastrtps_c.h
[3.218s] -- Symlinking: /home/deathstroke/vins-fusion-ros2/install/vins/include/vins/vins/msg/rosidl_typesupport_fastrtps_c__visibility_control.h
[3.223s] -- Symlinking: /home/deathstroke/vins-fusion-ros2/install/vins/include/vins/vins/msg/detail/feature_quality__builder.hpp
[3.228s] -- Symlinking: /home/deathstroke/vins-fusion-ros2/install/vins/include/vins/vins/msg/detail/feature_quality__struct.hpp
[3.231s] -- Symlinking: /home/deathstroke/vins-fusion-ros2/install/vins/include/vins/vins/msg/detail/feature_quality__traits.hpp
[3.235s] -- Symlinking: /home/deathstroke/vins-fusion-ros2/install/vins/include/vins/vins/msg/detail/feature_quality__type_support.hpp
[3.240s] -- Symlinking: /home/deathstroke/vins-fusion-ros2/install/vins/include/vins/vins/msg/feature_quality.hpp
[3.245s] -- Symlinking: /home/deathstroke/vins-fusion-ros2/install/vins/include/vins/vins/msg/rosidl_generator_cpp__visibility_control.hpp
[3.250s] -- Symlinking: /home/deathstroke/vins-fusion-ros2/install/vins/include/vins/vins/msg/detail/feature_quality__rosidl_typesupport_fastrtps_cpp.hpp
[3.254s] -- Symlinking: /home/deathstroke/vins-fusion-ros2/install/vins/include/vins/vins/msg/rosidl_typesupport_fastrtps_cpp__visibility_control.h
[3.259s] -- Symlinking: /home/deathstroke/vins-fusion-ros2/install/vins/include/vins/vins/msg/detail/feature_quality__rosidl_typesupport_introspection_c.h
[3.264s] -- Symlinking: /home/deathstroke/vins-fusion-ros2/install/vins/include/vins/vins/msg/rosidl_typesupport_introspection_c__visibility_control.h
[3.269s] -- Symlinking: /home/deathstroke/vins-fusion-ros2/install/vins/include/vins/vins/msg/detail/feature_quality__rosidl_typesupport_introspection_cpp.hpp
[3.274s] -- Symlinking: /home/deathstroke/vins-fusion-ros2/install/vins/share/ament_index/resource_index/rust_packages/vins
[3.279s] -- Symlinking: /home/deathstroke/vins-fusion-ros2/install/vins/share/vins/rust/Cargo.toml
[3.282s] -- Symlinking: /home/deathstroke/vins-fusion-ros2/install/vins/share/vins/rust/build.rs
[3.288s] -- Symlinking: /home/deathstroke/vins-fusion-ros2/install/vins/share/vins/rust/src/lib.rs
[3.292s] -- Symlinking: /home/deathstroke/vins-fusion-ros2/install/vins/share/vins/rust/src/msg.rs
[3.296s] -- Symlinking: /home/deathstroke/vins-fusion-ros2/install/vins/share/vins/environment/pythonpath.sh
[3.300s] -- Symlinking: /home/deathstroke/vins-fusion-ros2/install/vins/share/vins/environment/pythonpath.dsv
[3.305s] -- Symlinking: /home/deathstroke/vins-fusion-ros2/install/vins/local/lib/python3.10/dist-packages/vins-0.0.0-py3.10.egg-info/PKG-INFO
[3.308s] -- Symlinking: /home/deathstroke/vins-fusion-ros2/install/vins/local/lib/python3.10/dist-packages/vins-0.0.0-py3.10.egg-info/SOURCES.txt
[3.312s] -- Symlinking: /home/deathstroke/vins-fusion-ros2/install/vins/local/lib/python3.10/dist-packages/vins-0.0.0-py3.10.egg-info/dependency_links.txt
[3.316s] -- Symlinking: /home/deathstroke/vins-fusion-ros2/install/vins/local/lib/python3.10/dist-packages/vins-0.0.0-py3.10.egg-info/top_level.txt
[3.320s] -- Symlinking: /home/deathstroke/vins-fusion-ros2/install/vins/local/lib/python3.10/dist-packages/vins/__init__.py
[3.323s] -- Symlinking: /home/deathstroke/vins-fusion-ros2/install/vins/local/lib/python3.10/dist-packages/vins/_vins_s.ep.rosidl_typesupport_c.c
[3.328s] -- Symlinking: /home/deathstroke/vins-fusion-ros2/install/vins/local/lib/python3.10/dist-packages/vins/_vins_s.ep.rosidl_typesupport_fastrtps_c.c
[3.332s] -- Symlinking: /home/deathstroke/vins-fusion-ros2/install/vins/local/lib/python3.10/dist-packages/vins/_vins_s.ep.rosidl_typesupport_introspection_c.c
[3.336s] -- Symlinking: /home/deathstroke/vins-fusion-ros2/install/vins/local/lib/python3.10/dist-packages/vins/libvins__rosidl_generator_py.so
[3.340s] -- Symlinking: /home/deathstroke/vins-fusion-ros2/install/vins/local/lib/python3.10/dist-packages/vins/msg/__init__.py
[3.344s] -- Symlinking: /home/deathstroke/vins-fusion-ros2/install/vins/local/lib/python3.10/dist-packages/vins/msg/_feature_quality.py
[3.348s] -- Symlinking: /home/deathstroke/vins-fusion-ros2/install/vins/local/lib/python3.10/dist-packages/vins/msg/_feature_quality_s.c
[3.351s] -- Symlinking: /home/deathstroke/vins-fusion-ros2/install/vins/local/lib/python3.10/dist-packages/vins/vins_s__rosidl_typesupport_c.cpython-310-x86_64-linux-gnu.so
[3.356s] -- Symlinking: /home/deathstroke/vins-fusion-ros2/install/vins/local/lib/python3.10/dist-packages/vins/vins_s__rosidl_typesupport_fastrtps_c.cpython-310-x86_64-linux-gnu.so
[3.361s] -- Symlinking: /home/deathstroke/vins-fusion-ros2/install/vins/local/lib/python3.10/dist-packages/vins/vins_s__rosidl_typesupport_introspection_c.cpython-310-x86_64-linux-gnu.so
[3.365s] -- Up-to-date symlink: /home/deathstroke/vins-fusion-ros2/install/vins/local/lib/python3.10/dist-packages/vins/vins_s__rosidl_typesupport_fastrtps_c.cpython-310-x86_64-linux-gnu.so
[3.366s] -- Up-to-date symlink: /home/deathstroke/vins-fusion-ros2/install/vins/local/lib/python3.10/dist-packages/vins/vins_s__rosidl_typesupport_introspection_c.cpython-310-x86_64-linux-gnu.so
[3.366s] -- Up-to-date symlink: /home/deathstroke/vins-fusion-ros2/install/vins/local/lib/python3.10/dist-packages/vins/vins_s__rosidl_typesupport_c.cpython-310-x86_64-linux-gnu.so
[3.366s] -- Symlinking: /home/deathstroke/vins-fusion-ros2/install/vins/share/vins/msg/FeatureQuality.idl
[3.370s] -- Symlinking: /home/deathstroke/vins-fusion-ros2/install/vins/share/vins/msg/FeatureQuality.msg
[3.375s] -- Symlinking: /home/deathstroke/vins-fusion-ros2/install/vins/share/vins/launch/vins_rviz.launch.xml
[3.380s] -- Symlinking: /home/deathstroke/vins-fusion-ros2/install/vins/lib/vins/vins_node
[3.385s] -- Symlinking: /home/deathstroke/vins-fusion-ros2/install/vins/bin/vins_node
[3.390s] -- Symlinking: /home/deathstroke/vins-fusion-ros2/install/vins/bin/kitti_odom_test
[3.394s] -- Symlinking: /home/deathstroke/vins-fusion-ros2/install/vins/bin/kitti_gps_test
[3.397s] -- Symlinking: /home/deathstroke/vins-fusion-ros2/install/vins/lib/libvins_lib.so
[3.402s] -- Symlinking: /home/deathstroke/vins-fusion-ros2/install/vins/share/ament_index/resource_index/package_run_dependencies/vins
[3.407s] -- Symlinking: /home/deathstroke/vins-fusion-ros2/install/vins/share/ament_index/resource_index/parent_prefix_path/vins
[3.410s] -- Symlinking: /home/deathstroke/vins-fusion-ros2/install/vins/share/vins/environment/ament_prefix_path.sh
[3.415s] -- Symlinking: /home/deathstroke/vins-fusion-ros2/install/vins/share/vins/environment/ament_prefix_path.dsv
[3.420s] -- Symlinking: /home/deathstroke/vins-fusion-ros2/install/vins/share/vins/environment/path.sh
[3.424s] -- Symlinking: /home/deathstroke/vins-fusion-ros2/install/vins/share/vins/environment/path.dsv
[3.430s] -- Symlinking: /home/deathstroke/vins-fusion-ros2/install/vins/share/vins/local_setup.bash
[3.434s] -- Symlinking: /home/deathstroke/vins-fusion-ros2/install/vins/share/vins/local_setup.sh
[3.439s] -- Symlinking: /home/deathstroke/vins-fusion-ros2/install/vins/share/vins/local_setup.zsh
[3.442s] -- Symlinking: /home/deathstroke/vins-fusion-ros2/install/vins/share/vins/local_setup.dsv
[3.447s] -- Symlinking: /home/deathstroke/vins-fusion-ros2/install/vins/share/vins/package.dsv
[3.451s] -- Symlinking: /home/deathstroke/vins-fusion-ros2/install/vins/share/ament_index/resource_index/packages/vins
[3.456s] -- Symlinking: /home/deathstroke/vins-fusion-ros2/install/vins/share/vins/cmake/rosidl_cmake-extras.cmake
[3.460s] -- Symlinking: /home/deathstroke/vins-fusion-ros2/install/vins/share/vins/cmake/ament_cmake_export_dependencies-extras.cmake
[3.464s] -- Symlinking: /home/deathstroke/vins-fusion-ros2/install/vins/share/vins/cmake/ament_cmake_export_include_directories-extras.cmake
[3.467s] -- Symlinking: /home/deathstroke/vins-fusion-ros2/install/vins/share/vins/cmake/ament_cmake_export_libraries-extras.cmake
[3.471s] -- Symlinking: /home/deathstroke/vins-fusion-ros2/install/vins/share/vins/cmake/ament_cmake_export_targets-extras.cmake
[3.476s] -- Symlinking: /home/deathstroke/vins-fusion-ros2/install/vins/share/vins/cmake/rosidl_cmake_export_typesupport_targets-extras.cmake
[3.480s] -- Symlinking: /home/deathstroke/vins-fusion-ros2/install/vins/share/vins/cmake/rosidl_cmake_export_typesupport_libraries-extras.cmake
[3.485s] -- Symlinking: /home/deathstroke/vins-fusion-ros2/install/vins/share/vins/cmake/rosidl_cmake_aggregate_target-extras.cmake
[3.489s] -- Symlinking: /home/deathstroke/vins-fusion-ros2/install/vins/share/vins/cmake/vinsConfig.cmake
[3.492s] -- Symlinking: /home/deathstroke/vins-fusion-ros2/install/vins/share/vins/cmake/vinsConfig-version.cmake
[3.496s] -- Symlinking: /home/deathstroke/vins-fusion-ros2/install/vins/share/vins/package.xml
[3.500s] -- Installing: /home/deathstroke/vins-fusion-ros2/install/vins/lib/libvins__rosidl_generator_c.so
[3.500s] -- Set runtime path of "/home/deathstroke/vins-fusion-ros2/install/vins/lib/libvins__rosidl_generator_c.so" to ""
[3.500s] -- Installing: /home/deathstroke/vins-fusion-ros2/install/vins/lib/libvins__rosidl_typesupport_fastrtps_c.so
[3.500s] -- Set runtime path of "/home/deathstroke/vins-fusion-ros2/install/vins/lib/libvins__rosidl_typesupport_fastrtps_c.so" to ""
[3.500s] -- Installing: /home/deathstroke/vins-fusion-ros2/install/vins/lib/libvins__rosidl_typesupport_fastrtps_cpp.so
[3.500s] -- Set runtime path of "/home/deathstroke/vins-fusion-ros2/install/vins/lib/libvins__rosidl_typesupport_fastrtps_cpp.so" to ""
[3.501s] -- Installing: /home/deathstroke/vins-fusion-ros2/install/vins/lib/libvins__rosidl_typesupport_introspection_c.so
[3.501s] -- Set runtime path of "/home/deathstroke/vins-fusion-ros2/install/vins/lib/libvins__rosidl_typesupport_introspection_c.so" to ""
[3.501s] -- Installing: /home/deathstroke/vins-fusion-ros2/install/vins/lib/libvins__rosidl_typesupport_c.so
[3.501s] -- Set runtime path of "/home/deathstroke/vins-fusion-ros2/install/vins/lib/libvins__rosidl_typesupport_c.so" to ""
[3.501s] -- Installing: /home/deathstroke/vins-fusion-ros2/install/vins/lib/libvins__rosidl_typesupport_introspection_cpp.so
[3.501s] -- Set runtime path of "/home/deathstroke/vins-fusion-ros2/install/vins/lib/libvins__rosidl_typesupport_introspection_cpp.so" to ""
[3.501s] -- Installing: /home/deathstroke/vins-fusion-ros2/install/vins/lib/libvins__rosidl_typesupport_cpp.so
[3.501s] -- Set runtime path of "/home/deathstroke/vins-fusion-ros2/install/vins/lib/libvins__rosidl_typesupport_cpp.so" to ""
[3.526s] Listing '/home/deathstroke/vins-fusion-ros2/install/vins/local/lib/python3.10/dist-packages/vins'...
[3.526s] Compiling '/home/deathstroke/vins-fusion-ros2/install/vins/local/lib/python3.10/dist-packages/vins/__init__.py'...
[3.526s] Listing '/home/deathstroke/vins-fusion-ros2/install/vins/local/lib/python3.10/dist-packages/vins/msg'...
[3.526s] Compiling '/home/deathstroke/vins-fusion-ros2/install/vins/local/lib/python3.10/dist-packages/vins/msg/__init__.py'...
[3.526s] Compiling '/home/deathstroke/vins-fusion-ros2/install/vins/local/lib/python3.10/dist-packages/vins/msg/_feature_quality.py'...
[3.528s] -- Installing: /home/deathstroke/vins-fusion-ros2/install/vins/lib/libvins__rosidl_generator_py.so
[3.528s] -- Set runtime path of "/home/deathstroke/vins-fusion-ros2/install/vins/lib/libvins__rosidl_generator_py.so" to ""
[3.528s] -- Installing: /home/deathstroke/vins-fusion-ros2/install/vins/share/vins/cmake/export_vins__rosidl_generator_cExport.cmake
[3.528s] -- Installing: /home/deathstroke/vins-fusion-ros2/install/vins/share/vins/cmake/export_vins__rosidl_generator_cExport-release.cmake
[3.528s] -- Installing: /home/deathstroke/vins-fusion-ros2/install/vins/share/vins/cmake/export_vins__rosidl_typesupport_fastrtps_cExport.cmake
[3.528s] -- Installing: /home/deathstroke/vins-fusion-ros2/install/vins/share/vins/cmake/export_vins__rosidl_typesupport_fastrtps_cExport-release.cmake
[3.528s] -- Installing: /home/deathstroke/vins-fusion-ros2/install/vins/share/vins/cmake/export_vins__rosidl_generator_cppExport.cmake
[3.528s] -- Installing: /home/deathstroke/vins-fusion-ros2/install/vins/share/vins/cmake/export_vins__rosidl_typesupport_fastrtps_cppExport.cmake
[3.528s] -- Installing: /home/deathstroke/vins-fusion-ros2/install/vins/share/vins/cmake/export_vins__rosidl_typesupport_fastrtps_cppExport-release.cmake
[3.528s] -- Installing: /home/deathstroke/vins-fusion-ros2/install/vins/share/vins/cmake/vins__rosidl_typesupport_introspection_cExport.cmake
[3.528s] -- Installing: /home/deathstroke/vins-fusion-ros2/install/vins/share/vins/cmake/vins__rosidl_typesupport_introspection_cExport-release.cmake
[3.529s] -- Installing: /home/deathstroke/vins-fusion-ros2/install/vins/share/vins/cmake/vins__rosidl_typesupport_cExport.cmake
[3.529s] -- Installing: /home/deathstroke/vins-fusion-ros2/install/vins/share/vins/cmake/vins__rosidl_typesupport_cExport-release.cmake
[3.529s] -- Installing: /home/deathstroke/vins-fusion-ros2/install/vins/share/vins/cmake/vins__rosidl_typesupport_introspection_cppExport.cmake
[3.529s] -- Installing: /home/deathstroke/vins-fusion-ros2/install/vins/share/vins/cmake/vins__rosidl_typesupport_introspection_cppExport-release.cmake
[3.529s] -- Installing: /home/deathstroke/vins-fusion-ros2/install/vins/share/vins/cmake/vins__rosidl_typesupport_cppExport.cmake
[3.529s] -- Installing: /home/deathstroke/vins-fusion-ros2/install/vins/share/vins/cmake/vins__rosidl_typesupport_cppExport-release.cmake
[3.529s] -- Installing: /home/deathstroke/vins-fusion-ros2/install/vins/share/vins/cmake/export_vins__rosidl_generator_pyExport.cmake
[3.529s] -- Installing: /home/deathstroke/vins-fusion-ros2/install/vins/share/vins/cmake/export_vins__rosidl_generator_pyExport-release.cmake
[3.530s] Invoked command in '/home/deathstroke/vins-fusion-ros2/build/vins' returned '0': CMAKE_PREFIX_PATH=/home/deathstroke/vins-fusion-ros2/install/camera_models:/home/deathstroke/.local:/home/deathstroke/gz-ros2-bridge/install/gz-ros2-bridge:/home/deathstroke/mavros/install/mavros_extras:/home/deathstroke/mavros/install/mavros_examples:/home/deathstroke/mavros/install/mavros:/home/deathstroke/mavros/install/mavros_msgs:/home/deathstroke/mavros/install/libmavconn:/home/deathstroke/.local:/home/deathstroke/aruco_lander/install/aruco_mavsdk:/home/deathstroke/aruco_lander/install/aruco_detector:/home/deathstroke/workspace/catkin_ws_ov/install/ov_msckf:/home/deathstroke/workspace/catkin_ws_ov/install/ov_init:/home/deathstroke/workspace/catkin_ws_ov/install/ov_eval:/home/deathstroke/workspace/catkin_ws_ov/install/ov_data:/home/deathstroke/workspace/catkin_ws_ov/install/ov_core:/home/deathstroke/vins-fusion-ros2/install/vins:/home/deathstroke/vins-fusion-ros2/install/loop_fusion:/home/deathstroke/vins-fusion-ros2/install/global_fusion:/home/deathstroke/realsense-ros/install/realsense2_rviz_plugin:/home/deathstroke/realsense-ros/install/realsense2_description:/home/deathstroke/realsense-ros/install/realsense2_camera:/home/deathstroke/realsense-ros/install/realsense2_camera_msgs:/home/deathstroke/rust_ws/install/common_interfaces:/home/deathstroke/rust_ws/install/visualization_msgs:/home/deathstroke/rust_ws/install/test_msgs:/home/deathstroke/rust_ws/install/example_interfaces:/home/deathstroke/rust_ws/install/action_msgs:/home/deathstroke/rust_ws/install/unique_identifier_msgs:/home/deathstroke/rust_ws/install/trajectory_msgs:/home/deathstroke/rust_ws/install/test_interface_files:/home/deathstroke/rust_ws/install/stereo_msgs:/home/deathstroke/rust_ws/install/std_srvs:/home/deathstroke/rust_ws/install/shape_msgs:/home/deathstroke/rust_ws/install/sensor_msgs:/home/deathstroke/rust_ws/install/nav_msgs:/home/deathstroke/rust_ws/install/diagnostic_msgs:/home/deathstroke/rust_ws/install/geometry_msgs:/home/deathstroke/rust_ws/install/actionlib_msgs:/home/deathstroke/rust_ws/install/std_msgs:/home/deathstroke/rust_ws/install/statistics_msgs:/home/deathstroke/rust_ws/install/rosgraph_msgs:/home/deathstroke/rust_ws/install/rclrs_example_msgs:/home/deathstroke/rust_ws/install/composition_interfaces:/home/deathstroke/rust_ws/install/rcl_interfaces:/home/deathstroke/rust_ws/install/lifecycle_msgs:/home/deathstroke/rust_ws/install/builtin_interfaces:/home/deathstroke/rust_ws/install/rosidl_default_runtime:/home/deathstroke/rust_ws/install/rosidl_default_generators:/home/deathstroke/rust_ws/install/rosidl_generator_rs:/home/deathstroke/zed-ros2/install/zed_ros2:/home/deathstroke/zed-ros2/install/zed_wrapper:/home/deathstroke/zed-ros2/install/zed_debug:/home/deathstroke/zed-ros2/install/zed_components:/home/deathstroke/realsense-ros/install/realsense2_ros_mqtt_bridge:/home/deathstroke/rust_ws/install/examples_worker_demo:/home/deathstroke/rust_ws/install/examples_rclrs_minimal_pub_sub:/home/deathstroke/rust_ws/install/examples_rclrs_minimal_client_service:/home/deathstroke/rust_ws/install/examples_parameter_demo:/home/deathstroke/rust_ws/install/examples_logging_demo:/home/deathstroke/rust_ws/install/sensor_msgs_py:/home/deathstroke/rust_ws/install/rust_pubsub:/home/deathstroke/rust_ws/install/examples_rclrs_message_demo:/home/deathstroke/rust_ws/install/rosidl_runtime_rs:/home/deathstroke/rust_ws/install/rclrs:/opt/ros/humble PATH=/home/deathstroke/vins-fusion-ros2/install/camera_models/bin:/home/deathstroke/Android/Sdk/platform-tools:/usr/local/cuda-12.8/bin:/home/deathstroke/.pyenv/shims:/home/deathstroke/.pyenv/bin:/home/deathstroke/.pyenv/bin:/usr/lib/ccache:/home/deathstroke/rt-ardupilot/Tools/autotest:/home/deathstroke/Android/Sdk/platform-tools:/usr/local/cuda-12.8/bin:/home/deathstroke/.pyenv/bin:/home/deathstroke/.pyenv/bin:/home/deathstroke/vins-fusion-ros2/install/global_fusion/bin:/opt/ros/humble/bin:/usr/lib/ccache:/home/deathstroke/rt-ardupilot/Tools/autotest:/home/deathstroke/ardupilot/Tools/autotest:/usr/lib/ccache:/home/deathstroke/ardupilot/Tools/autotest:/opt/gcc-arm-none-eabi-10-2020-q4-major/bin:/home/deathstroke/.cargo/bin:/home/deathstroke/.local/bin:/usr/local/sbin:/usr/local/bin:/usr/sbin:/usr/bin:/sbin:/bin:/usr/games:/usr/local/games:/snap/bin:/snap/bin:/usr/local/lib/android-ndk:/usr/local/lib/android-ndk /usr/bin/cmake --install /home/deathstroke/vins-fusion-ros2/build/vins
