[0mCMake Deprecation Warning at ThirdParty/GeographicLib/CMakeLists.txt:19 (cmake_minimum_required):
  Compatibility with CMake < 2.8.12 will be removed from a future version of
  CMake.

  Update the VERSION argument <min> value or use a ...<max> suffix to tell
  CMake that the project does not need compatibility with older versions.

[0m
[01m[K/home/deathstroke/vins-fusion-ros2/src/VINS-Fusion-ROS2-humble-arm/global_fusion/src/globalOptNode.cpp:[m[K In function ‘[01m[Kvoid vio_callback(nav_msgs::msg::Odometry_<std::allocator<void> >::SharedPtr)[m[K’:
[01m[K/home/deathstroke/vins-fusion-ros2/src/VINS-Fusion-ROS2-humble-arm/global_fusion/src/globalOptNode.cpp:99:47:[m[K [01;35m[Kwarning: [m[K‘[01m[Ksensor_msgs::msg::NavSatFix_<std::allocator<void> >::ConstPtr[m[K’ is deprecated [[01;35m[K-Wdeprecated-declarations[m[K]
   99 |         sensor_msgs::msg::NavSatFix::ConstPtr [01;35m[KGPS_msg[m[K = gpsQueue.front();
      |                                               [01;35m[K^~~~~~~[m[K
In file included from [01m[K/home/deathstroke/rust_ws/install/sensor_msgs/include/sensor_msgs/sensor_msgs/msg/nav_sat_fix.hpp:7[m[K,
                 from [01m[K/home/deathstroke/vins-fusion-ros2/src/VINS-Fusion-ROS2-humble-arm/global_fusion/src/globalOpt.h:28[m[K,
                 from [01m[K/home/deathstroke/vins-fusion-ros2/src/VINS-Fusion-ROS2-humble-arm/global_fusion/src/globalOptNode.cpp:13[m[K:
[01m[K/home/deathstroke/rust_ws/install/sensor_msgs/include/sensor_msgs/sensor_msgs/msg/detail/nav_sat_fix__struct.hpp:186:5:[m[K [01;36m[Knote: [m[Kdeclared here
  186 |     [01;36m[KConstPtr[m[K;
      |     [01;36m[K^~~~~~~~[m[K
[01m[K/home/deathstroke/vins-fusion-ros2/src/VINS-Fusion-ROS2-humble-arm/global_fusion/src/globalOptNode.cpp:[m[K In function ‘[01m[Kint main(int, char**)[m[K’:
[01m[K/home/deathstroke/vins-fusion-ros2/src/VINS-Fusion-ROS2-humble-arm/global_fusion/src/globalOptNode.cpp:177:10:[m[K [01;35m[Kwarning: [m[Kvariable ‘[01m[Kqos_profile[m[K’ set but not used [[01;35m[K-Wunused-but-set-variable[m[K]
  177 |     auto [01;35m[Kqos_profile[m[K = rclcpp::QoS(rclcpp::KeepLast(100));
      |          [01;35m[K^~~~~~~~~~~[m[K
[01m[K/home/deathstroke/vins-fusion-ros2/src/VINS-Fusion-ROS2-humble-arm/global_fusion/src/globalOpt.cpp:[m[K In member function ‘[01m[Kvoid GlobalOptimization::optimize()[m[K’:
[01m[K/home/deathstroke/vins-fusion-ros2/src/VINS-Fusion-ROS2-humble-arm/global_fusion/src/globalOpt.cpp:117:43:[m[K [01;35m[Kwarning: [m[K‘[01m[KLocalParameterization[m[K’ is deprecated: LocalParameterizations will be removed from the Ceres Solver API in version 2.2.0. Use Manifolds instead. [[01;35m[K-Wdeprecated-declarations[m[K]
  117 |             ceres::LocalParameterization* [01;35m[Klocal_parameterization[m[K = new ceres::QuaternionParameterization();
      |                                           [01;35m[K^~~~~~~~~~~~~~~~~~~~~~[m[K
In file included from [01m[K/usr/local/include/ceres/autodiff_local_parameterization.h:39[m[K,
                 from [01m[K/usr/local/include/ceres/ceres.h:39[m[K,
                 from [01m[K/home/deathstroke/vins-fusion-ros2/src/VINS-Fusion-ROS2-humble-arm/global_fusion/src/globalOpt.h:20[m[K,
                 from [01m[K/home/deathstroke/vins-fusion-ros2/src/VINS-Fusion-ROS2-humble-arm/global_fusion/src/globalOpt.cpp:12[m[K:
[01m[K/usr/local/include/ceres/local_parameterization.h:121:18:[m[K [01;36m[Knote: [m[Kdeclared here
  121 |     CERES_EXPORT [01;36m[KLocalParameterization[m[K {
      |                  [01;36m[K^~~~~~~~~~~~~~~~~~~~~[m[K
[01m[K/home/deathstroke/vins-fusion-ros2/src/VINS-Fusion-ROS2-humble-arm/global_fusion/src/globalOpt.cpp:117:79:[m[K [01;35m[Kwarning: [m[K‘[01m[KQuaternionParameterization[m[K’ is deprecated: Use QuaternionManifold instead. [[01;35m[K-Wdeprecated-declarations[m[K]
  117 |             ceres::LocalParameterization* local_parameterization = new ceres::[01;35m[KQuaternionParameterization[m[K();
      |                                                                               [01;35m[K^~~~~~~~~~~~~~~~~~~~~~~~~~[m[K
In file included from [01m[K/usr/local/include/ceres/autodiff_local_parameterization.h:39[m[K,
                 from [01m[K/usr/local/include/ceres/ceres.h:39[m[K,
                 from [01m[K/home/deathstroke/vins-fusion-ros2/src/VINS-Fusion-ROS2-humble-arm/global_fusion/src/globalOpt.h:20[m[K,
                 from [01m[K/home/deathstroke/vins-fusion-ros2/src/VINS-Fusion-ROS2-humble-arm/global_fusion/src/globalOpt.cpp:12[m[K:
[01m[K/usr/local/include/ceres/local_parameterization.h:211:18:[m[K [01;36m[Knote: [m[Kdeclared here
  211 |     CERES_EXPORT [01;36m[KQuaternionParameterization[m[K : public LocalParameterization {
      |                  [01;36m[K^~~~~~~~~~~~~~~~~~~~~~~~~~[m[K
[01m[K/home/deathstroke/vins-fusion-ros2/src/VINS-Fusion-ROS2-humble-arm/global_fusion/src/globalOpt.cpp:123:20:[m[K [01;35m[Kwarning: [m[KISO C++ forbids variable length array ‘[01m[Kt_array[m[K’ [[01;35m[K-Wvla[m[K]
  123 |             double [01;35m[Kt_array[m[K[length][3];
      |                    [01;35m[K^~~~~~~[m[K
[01m[K/home/deathstroke/vins-fusion-ros2/src/VINS-Fusion-ROS2-humble-arm/global_fusion/src/globalOpt.cpp:124:20:[m[K [01;35m[Kwarning: [m[KISO C++ forbids variable length array ‘[01m[Kq_array[m[K’ [[01;35m[K-Wvla[m[K]
  124 |             double [01;35m[Kq_array[m[K[length][4];
      |                    [01;35m[K^~~~~~~[m[K
[01m[K/home/deathstroke/vins-fusion-ros2/src/VINS-Fusion-ROS2-humble-arm/global_fusion/src/globalOpt.cpp:136:42:[m[K [01;35m[Kwarning: [m[K‘[01m[Kvoid ceres::Problem::AddParameterBlock(double*, int, ceres::LocalParameterization*)[m[K’ is deprecated: LocalParameterizations are deprecated. Use the version with Manifolds instead. [[01;35m[K-Wdeprecated-declarations[m[K]
  136 |                 [01;35m[Kproblem.AddParameterBlock(q_array[i], 4, local_parameterization)[m[K;
      |                 [01;35m[K~~~~~~~~~~~~~~~~~~~~~~~~~^~~~~~~~~~~~~~~~~~~~~~~~~~~~~~~~~~~~~~~[m[K
In file included from [01m[K/usr/local/include/ceres/ceres.h:66[m[K,
                 from [01m[K/home/deathstroke/vins-fusion-ros2/src/VINS-Fusion-ROS2-humble-arm/global_fusion/src/globalOpt.h:20[m[K,
                 from [01m[K/home/deathstroke/vins-fusion-ros2/src/VINS-Fusion-ROS2-humble-arm/global_fusion/src/globalOpt.cpp:12[m[K:
[01m[K/usr/local/include/ceres/problem.h:302:8:[m[K [01;36m[Knote: [m[Kdeclared here
  302 |   void [01;36m[KAddParameterBlock[m[K(double* values,
      |        [01;36m[K^~~~~~~~~~~~~~~~~[m[K
