[0.007s] Invoking command in '/home/deathstroke/vins-fusion-ros2/build/global_fusion': CMAKE_PREFIX_PATH=${CMAKE_PREFIX_PATH}:/home/deathstroke/realsense-ros/install/realsense2_ros_mqtt_bridge:/home/deathstroke/rust_ws/install/examples_worker_demo:/home/deathstroke/rust_ws/install/examples_rclrs_minimal_pub_sub:/home/deathstroke/rust_ws/install/examples_rclrs_minimal_client_service:/home/deathstroke/rust_ws/install/examples_parameter_demo:/home/deathstroke/rust_ws/install/examples_logging_demo:/home/deathstroke/rust_ws/install/sensor_msgs_py:/home/deathstroke/rust_ws/install/rust_pubsub:/home/deathstroke/rust_ws/install/examples_rclrs_message_demo:/home/deathstroke/rust_ws/install/rosidl_runtime_rs:/home/deathstroke/rust_ws/install/rclrs:/opt/ros/humble /usr/bin/cmake /home/deathstroke/vins-fusion-ros2/src/VINS-Fusion-ROS2-humble-arm/global_fusion -DAMENT_CMAKE_SYMLINK_INSTALL=1 -DCMAKE_INSTALL_PREFIX=/home/deathstroke/vins-fusion-ros2/install/global_fusion
[0.044s] -- The C compiler identification is GNU 11.4.0
[0.082s] -- The CXX compiler identification is GNU 11.4.0
[0.088s] -- Detecting C compiler ABI info
[0.121s] -- Detecting C compiler ABI info - done
[0.124s] -- Check for working C compiler: /usr/lib/ccache/cc - skipped
[0.124s] -- Detecting C compile features
[0.124s] -- Detecting C compile features - done
[0.126s] -- Detecting CXX compiler ABI info
[0.163s] -- Detecting CXX compiler ABI info - done
[0.167s] -- Check for working CXX compiler: /usr/lib/ccache/c++ - skipped
[0.167s] -- Detecting CXX compile features
[0.168s] -- Detecting CXX compile features - done
[0.171s] -- Found ament_cmake: 1.3.14 (/opt/ros/humble/share/ament_cmake/cmake)
[0.576s] -- Found Python3: /usr/bin/python3 (found version "3.10.12") found components: Interpreter 
[0.622s] -- Override CMake install command with custom implementation using symlinks instead of copying resources
[0.665s] -- Found rclcpp: 16.0.19 (/opt/ros/humble/share/rclcpp/cmake)
[0.706s] -- Found rosidl_generator_c: 3.1.9 (/opt/ros/humble/share/rosidl_generator_c/cmake)
[0.712s] -- Found rosidl_adapter: 3.1.9 (/opt/ros/humble/share/rosidl_adapter/cmake)
[0.720s] -- Found rosidl_generator_cpp: 3.1.9 (/opt/ros/humble/share/rosidl_generator_cpp/cmake)
[0.730s] -- Using all available rosidl_typesupport_c: rosidl_typesupport_fastrtps_c;rosidl_typesupport_introspection_c
[0.744s] -- Using all available rosidl_typesupport_cpp: rosidl_typesupport_fastrtps_cpp;rosidl_typesupport_introspection_cpp
[0.782s] -- Found rmw_implementation_cmake: 6.1.2 (/opt/ros/humble/share/rmw_implementation_cmake/cmake)
[0.787s] -- Found rmw_fastrtps_cpp: 6.2.10 (/opt/ros/humble/share/rmw_fastrtps_cpp/cmake)
[0.851s] -- Found OpenSSL: /usr/lib/x86_64-linux-gnu/libcrypto.so (found version "3.0.2")  
[0.871s] -- Found FastRTPS: /opt/ros/humble/include  
[0.899s] -- Using RMW implementation 'rmw_fastrtps_cpp' as default
[0.909s] -- Looking for pthread.h
[0.944s] -- Looking for pthread.h - found
[0.944s] -- Performing Test CMAKE_HAVE_LIBC_PTHREAD
[0.978s] -- Performing Test CMAKE_HAVE_LIBC_PTHREAD - Success
[0.979s] -- Found Threads: TRUE  
[1.009s] -- Found rclpy: 3.3.21 (/opt/ros/humble/share/rclpy/cmake)
[1.011s] -- Found sensor_msgs: 4.9.0 (/home/deathstroke/rust_ws/install/sensor_msgs/share/sensor_msgs/cmake)
[1.026s] -- Found nav_msgs: 4.9.0 (/home/deathstroke/rust_ws/install/nav_msgs/share/nav_msgs/cmake)
[1.036s] -- Found visualization_msgs: 4.9.0 (/home/deathstroke/rust_ws/install/visualization_msgs/share/visualization_msgs/cmake)
[1.065s] -- Found CXSparse: /usr/include/suitesparse (found suitable version "3.2.0", minimum required is "3.2.0") 
[1.268s] -- Found AMD headers in: /usr/include/suitesparse
[1.269s] -- Found AMD library: /usr/lib/x86_64-linux-gnu/libamd.so
[1.269s] -- Found CAMD headers in: /usr/include/suitesparse
[1.270s] -- Found CAMD library: /usr/lib/x86_64-linux-gnu/libcamd.so
[1.271s] -- Found CCOLAMD headers in: /usr/include/suitesparse
[1.272s] -- Found CCOLAMD library: /usr/lib/x86_64-linux-gnu/libccolamd.so
[1.272s] -- Found CHOLMOD headers in: /usr/include/suitesparse
[1.273s] -- Found CHOLMOD library: /usr/lib/x86_64-linux-gnu/libcholmod.so
[1.273s] -- Found COLAMD headers in: /usr/include/suitesparse
[1.274s] -- Found COLAMD library: /usr/lib/x86_64-linux-gnu/libcolamd.so
[1.274s] -- Found SPQR headers in: /usr/include/suitesparse
[1.275s] -- Found SPQR library: /usr/lib/x86_64-linux-gnu/libspqr.so
[1.276s] -- Found Config headers in: /usr/include/suitesparse
[1.276s] -- Found Config library: /usr/lib/x86_64-linux-gnu/libsuitesparseconfig.so
[1.280s] -- Found Intel Thread Building Blocks (TBB) library (2021.5 / ) include location: . Assuming SuiteSparseQR was compiled with TBB.
[1.280s] -- Looking for shm_open in rt
[1.314s] -- Looking for shm_open in rt - found
[1.314s] -- Adding librt to SuiteSparse_config libraries (required on Linux & Unix [not OSX] if SuiteSparse is compiled with timing).
[1.321s] -- Could NOT find METIS (missing: METIS_INCLUDE_DIR METIS_LIBRARY) 
[1.321s] -- Found SuiteSparse: /usr/include/suitesparse (found suitable version "5.10.1", minimum required is "5.10.1") found components: AMD CAMD CCOLAMD CHOLMOD COLAMD SPQR Config 
[1.325s] -- Found required Ceres dependency: Eigen version 3.3.91 in /usr/local/share/eigen3/cmake
[1.328s] -- Found required Ceres dependency: glog
[1.331s] -- Found required Ceres dependency: gflags
[1.331s] -- Found Ceres version: 2.1.0 installed in: /usr/local with components: [EigenSparse, SparseLinearAlgebraLibrary, LAPACK, SuiteSparse, CXSparse, SchurSpecializations, Multithreading]
[1.333s] [0mCMake Deprecation Warning at ThirdParty/GeographicLib/CMakeLists.txt:19 (cmake_minimum_required):
[1.333s]   Compatibility with CMake < 2.8.12 will be removed from a future version of
[1.333s]   CMake.
[1.333s] 
[1.333s]   Update the VERSION argument <min> value or use a ...<max> suffix to tell
[1.333s]   CMake that the project does not need compatibility with older versions.
[1.333s] 
[1.333s] [0m
[1.376s] -- Configuring done
[1.384s] -- Generating done
[1.387s] -- Build files have been written to: /home/deathstroke/vins-fusion-ros2/build/global_fusion
[1.394s] Invoked command in '/home/deathstroke/vins-fusion-ros2/build/global_fusion' returned '0': CMAKE_PREFIX_PATH=${CMAKE_PREFIX_PATH}:/home/deathstroke/realsense-ros/install/realsense2_ros_mqtt_bridge:/home/deathstroke/rust_ws/install/examples_worker_demo:/home/deathstroke/rust_ws/install/examples_rclrs_minimal_pub_sub:/home/deathstroke/rust_ws/install/examples_rclrs_minimal_client_service:/home/deathstroke/rust_ws/install/examples_parameter_demo:/home/deathstroke/rust_ws/install/examples_logging_demo:/home/deathstroke/rust_ws/install/sensor_msgs_py:/home/deathstroke/rust_ws/install/rust_pubsub:/home/deathstroke/rust_ws/install/examples_rclrs_message_demo:/home/deathstroke/rust_ws/install/rosidl_runtime_rs:/home/deathstroke/rust_ws/install/rclrs:/opt/ros/humble /usr/bin/cmake /home/deathstroke/vins-fusion-ros2/src/VINS-Fusion-ROS2-humble-arm/global_fusion -DAMENT_CMAKE_SYMLINK_INSTALL=1 -DCMAKE_INSTALL_PREFIX=/home/deathstroke/vins-fusion-ros2/install/global_fusion
[1.395s] Invoking command in '/home/deathstroke/vins-fusion-ros2/build/global_fusion': CMAKE_PREFIX_PATH=${CMAKE_PREFIX_PATH}:/home/deathstroke/realsense-ros/install/realsense2_ros_mqtt_bridge:/home/deathstroke/rust_ws/install/examples_worker_demo:/home/deathstroke/rust_ws/install/examples_rclrs_minimal_pub_sub:/home/deathstroke/rust_ws/install/examples_rclrs_minimal_client_service:/home/deathstroke/rust_ws/install/examples_parameter_demo:/home/deathstroke/rust_ws/install/examples_logging_demo:/home/deathstroke/rust_ws/install/sensor_msgs_py:/home/deathstroke/rust_ws/install/rust_pubsub:/home/deathstroke/rust_ws/install/examples_rclrs_message_demo:/home/deathstroke/rust_ws/install/rosidl_runtime_rs:/home/deathstroke/rust_ws/install/rclrs:/opt/ros/humble /usr/bin/cmake --build /home/deathstroke/vins-fusion-ros2/build/global_fusion -- -j32 -l32
[1.426s] [ 14%] [32mBuilding CXX object ThirdParty/GeographicLib/CMakeFiles/libGeographiccc.dir/src/Math.cpp.o[0m
[1.427s] [ 28%] [32mBuilding CXX object ThirdParty/GeographicLib/CMakeFiles/libGeographiccc.dir/src/LocalCartesian.cpp.o[0m
[1.427s] [ 42%] [32mBuilding CXX object ThirdParty/GeographicLib/CMakeFiles/libGeographiccc.dir/src/Geocentric.cpp.o[0m
[1.437s] [ 57%] [32m[1mLinking CXX static library liblibGeographiccc.a[0m
[1.473s] [ 57%] Built target libGeographiccc
[1.483s] [ 71%] [32mBuilding CXX object CMakeFiles/global_fusion_node.dir/src/globalOpt.cpp.o[0m
[1.483s] [ 85%] [32mBuilding CXX object CMakeFiles/global_fusion_node.dir/src/globalOptNode.cpp.o[0m
[1.725s] [01m[K/home/deathstroke/vins-fusion-ros2/src/VINS-Fusion-ROS2-humble-arm/global_fusion/src/globalOptNode.cpp:[m[K In function ‘[01m[Kvoid vio_callback(nav_msgs::msg::Odometry_<std::allocator<void> >::SharedPtr)[m[K’:
[1.725s] [01m[K/home/deathstroke/vins-fusion-ros2/src/VINS-Fusion-ROS2-humble-arm/global_fusion/src/globalOptNode.cpp:99:47:[m[K [01;35m[Kwarning: [m[K‘[01m[Ksensor_msgs::msg::NavSatFix_<std::allocator<void> >::ConstPtr[m[K’ is deprecated [[01;35m[K-Wdeprecated-declarations[m[K]
[1.725s]    99 |         sensor_msgs::msg::NavSatFix::ConstPtr [01;35m[KGPS_msg[m[K = gpsQueue.front();
[1.725s]       |                                               [01;35m[K^~~~~~~[m[K
[1.725s] In file included from [01m[K/home/deathstroke/rust_ws/install/sensor_msgs/include/sensor_msgs/sensor_msgs/msg/nav_sat_fix.hpp:7[m[K,
[1.725s]                  from [01m[K/home/deathstroke/vins-fusion-ros2/src/VINS-Fusion-ROS2-humble-arm/global_fusion/src/globalOpt.h:28[m[K,
[1.725s]                  from [01m[K/home/deathstroke/vins-fusion-ros2/src/VINS-Fusion-ROS2-humble-arm/global_fusion/src/globalOptNode.cpp:13[m[K:
[1.726s] [01m[K/home/deathstroke/rust_ws/install/sensor_msgs/include/sensor_msgs/sensor_msgs/msg/detail/nav_sat_fix__struct.hpp:186:5:[m[K [01;36m[Knote: [m[Kdeclared here
[1.726s]   186 |     [01;36m[KConstPtr[m[K;
[1.726s]       |     [01;36m[K^~~~~~~~[m[K
[1.726s] [01m[K/home/deathstroke/vins-fusion-ros2/src/VINS-Fusion-ROS2-humble-arm/global_fusion/src/globalOptNode.cpp:[m[K In function ‘[01m[Kint main(int, char**)[m[K’:
[1.726s] [01m[K/home/deathstroke/vins-fusion-ros2/src/VINS-Fusion-ROS2-humble-arm/global_fusion/src/globalOptNode.cpp:177:10:[m[K [01;35m[Kwarning: [m[Kvariable ‘[01m[Kqos_profile[m[K’ set but not used [[01;35m[K-Wunused-but-set-variable[m[K]
[1.726s]   177 |     auto [01;35m[Kqos_profile[m[K = rclcpp::QoS(rclcpp::KeepLast(100));
[1.726s]       |          [01;35m[K^~~~~~~~~~~[m[K
[1.735s] [01m[K/home/deathstroke/vins-fusion-ros2/src/VINS-Fusion-ROS2-humble-arm/global_fusion/src/globalOpt.cpp:[m[K In member function ‘[01m[Kvoid GlobalOptimization::optimize()[m[K’:
[1.736s] [01m[K/home/deathstroke/vins-fusion-ros2/src/VINS-Fusion-ROS2-humble-arm/global_fusion/src/globalOpt.cpp:117:43:[m[K [01;35m[Kwarning: [m[K‘[01m[KLocalParameterization[m[K’ is deprecated: LocalParameterizations will be removed from the Ceres Solver API in version 2.2.0. Use Manifolds instead. [[01;35m[K-Wdeprecated-declarations[m[K]
[1.736s]   117 |             ceres::LocalParameterization* [01;35m[Klocal_parameterization[m[K = new ceres::QuaternionParameterization();
[1.736s]       |                                           [01;35m[K^~~~~~~~~~~~~~~~~~~~~~[m[K
[1.736s] In file included from [01m[K/usr/local/include/ceres/autodiff_local_parameterization.h:39[m[K,
[1.736s]                  from [01m[K/usr/local/include/ceres/ceres.h:39[m[K,
[1.736s]                  from [01m[K/home/deathstroke/vins-fusion-ros2/src/VINS-Fusion-ROS2-humble-arm/global_fusion/src/globalOpt.h:20[m[K,
[1.736s]                  from [01m[K/home/deathstroke/vins-fusion-ros2/src/VINS-Fusion-ROS2-humble-arm/global_fusion/src/globalOpt.cpp:12[m[K:
[1.736s] [01m[K/usr/local/include/ceres/local_parameterization.h:121:18:[m[K [01;36m[Knote: [m[Kdeclared here
[1.736s]   121 |     CERES_EXPORT [01;36m[KLocalParameterization[m[K {
[1.736s]       |                  [01;36m[K^~~~~~~~~~~~~~~~~~~~~[m[K
[1.736s] [01m[K/home/deathstroke/vins-fusion-ros2/src/VINS-Fusion-ROS2-humble-arm/global_fusion/src/globalOpt.cpp:117:79:[m[K [01;35m[Kwarning: [m[K‘[01m[KQuaternionParameterization[m[K’ is deprecated: Use QuaternionManifold instead. [[01;35m[K-Wdeprecated-declarations[m[K]
[1.736s]   117 |             ceres::LocalParameterization* local_parameterization = new ceres::[01;35m[KQuaternionParameterization[m[K();
[1.736s]       |                                                                               [01;35m[K^~~~~~~~~~~~~~~~~~~~~~~~~~[m[K
[1.736s] In file included from [01m[K/usr/local/include/ceres/autodiff_local_parameterization.h:39[m[K,
[1.736s]                  from [01m[K/usr/local/include/ceres/ceres.h:39[m[K,
[1.736s]                  from [01m[K/home/deathstroke/vins-fusion-ros2/src/VINS-Fusion-ROS2-humble-arm/global_fusion/src/globalOpt.h:20[m[K,
[1.736s]                  from [01m[K/home/deathstroke/vins-fusion-ros2/src/VINS-Fusion-ROS2-humble-arm/global_fusion/src/globalOpt.cpp:12[m[K:
[1.736s] [01m[K/usr/local/include/ceres/local_parameterization.h:211:18:[m[K [01;36m[Knote: [m[Kdeclared here
[1.736s]   211 |     CERES_EXPORT [01;36m[KQuaternionParameterization[m[K : public LocalParameterization {
[1.736s]       |                  [01;36m[K^~~~~~~~~~~~~~~~~~~~~~~~~~[m[K
[1.736s] [01m[K/home/deathstroke/vins-fusion-ros2/src/VINS-Fusion-ROS2-humble-arm/global_fusion/src/globalOpt.cpp:123:20:[m[K [01;35m[Kwarning: [m[KISO C++ forbids variable length array ‘[01m[Kt_array[m[K’ [[01;35m[K-Wvla[m[K]
[1.736s]   123 |             double [01;35m[Kt_array[m[K[length][3];
[1.736s]       |                    [01;35m[K^~~~~~~[m[K
[1.736s] [01m[K/home/deathstroke/vins-fusion-ros2/src/VINS-Fusion-ROS2-humble-arm/global_fusion/src/globalOpt.cpp:124:20:[m[K [01;35m[Kwarning: [m[KISO C++ forbids variable length array ‘[01m[Kq_array[m[K’ [[01;35m[K-Wvla[m[K]
[1.736s]   124 |             double [01;35m[Kq_array[m[K[length][4];
[1.736s]       |                    [01;35m[K^~~~~~~[m[K
[1.736s] [01m[K/home/deathstroke/vins-fusion-ros2/src/VINS-Fusion-ROS2-humble-arm/global_fusion/src/globalOpt.cpp:136:42:[m[K [01;35m[Kwarning: [m[K‘[01m[Kvoid ceres::Problem::AddParameterBlock(double*, int, ceres::LocalParameterization*)[m[K’ is deprecated: LocalParameterizations are deprecated. Use the version with Manifolds instead. [[01;35m[K-Wdeprecated-declarations[m[K]
[1.736s]   136 |                 [01;35m[Kproblem.AddParameterBlock(q_array[i], 4, local_parameterization)[m[K;
[1.736s]       |                 [01;35m[K~~~~~~~~~~~~~~~~~~~~~~~~~^~~~~~~~~~~~~~~~~~~~~~~~~~~~~~~~~~~~~~~[m[K
[1.736s] In file included from [01m[K/usr/local/include/ceres/ceres.h:66[m[K,
[1.736s]                  from [01m[K/home/deathstroke/vins-fusion-ros2/src/VINS-Fusion-ROS2-humble-arm/global_fusion/src/globalOpt.h:20[m[K,
[1.736s]                  from [01m[K/home/deathstroke/vins-fusion-ros2/src/VINS-Fusion-ROS2-humble-arm/global_fusion/src/globalOpt.cpp:12[m[K:
[1.736s] [01m[K/usr/local/include/ceres/problem.h:302:8:[m[K [01;36m[Knote: [m[Kdeclared here
[1.737s]   302 |   void [01;36m[KAddParameterBlock[m[K(double* values,
[1.737s]       |        [01;36m[K^~~~~~~~~~~~~~~~~[m[K
[1.744s] [100%] [32m[1mLinking CXX executable global_fusion_node[0m
[1.995s] [100%] Built target global_fusion_node
[2.002s] Invoked command in '/home/deathstroke/vins-fusion-ros2/build/global_fusion' returned '0': CMAKE_PREFIX_PATH=${CMAKE_PREFIX_PATH}:/home/deathstroke/realsense-ros/install/realsense2_ros_mqtt_bridge:/home/deathstroke/rust_ws/install/examples_worker_demo:/home/deathstroke/rust_ws/install/examples_rclrs_minimal_pub_sub:/home/deathstroke/rust_ws/install/examples_rclrs_minimal_client_service:/home/deathstroke/rust_ws/install/examples_parameter_demo:/home/deathstroke/rust_ws/install/examples_logging_demo:/home/deathstroke/rust_ws/install/sensor_msgs_py:/home/deathstroke/rust_ws/install/rust_pubsub:/home/deathstroke/rust_ws/install/examples_rclrs_message_demo:/home/deathstroke/rust_ws/install/rosidl_runtime_rs:/home/deathstroke/rust_ws/install/rclrs:/opt/ros/humble /usr/bin/cmake --build /home/deathstroke/vins-fusion-ros2/build/global_fusion -- -j32 -l32
[2.008s] Invoking command in '/home/deathstroke/vins-fusion-ros2/build/global_fusion': CMAKE_PREFIX_PATH=${CMAKE_PREFIX_PATH}:/home/deathstroke/realsense-ros/install/realsense2_ros_mqtt_bridge:/home/deathstroke/rust_ws/install/examples_worker_demo:/home/deathstroke/rust_ws/install/examples_rclrs_minimal_pub_sub:/home/deathstroke/rust_ws/install/examples_rclrs_minimal_client_service:/home/deathstroke/rust_ws/install/examples_parameter_demo:/home/deathstroke/rust_ws/install/examples_logging_demo:/home/deathstroke/rust_ws/install/sensor_msgs_py:/home/deathstroke/rust_ws/install/rust_pubsub:/home/deathstroke/rust_ws/install/examples_rclrs_message_demo:/home/deathstroke/rust_ws/install/rosidl_runtime_rs:/home/deathstroke/rust_ws/install/rclrs:/opt/ros/humble /usr/bin/cmake --install /home/deathstroke/vins-fusion-ros2/build/global_fusion
[2.013s] -- Install configuration: "Release"
[2.013s] -- Execute custom install script
[2.014s] -- Symlinking: /home/deathstroke/vins-fusion-ros2/install/global_fusion/lib/global_fusion/global_fusion_node
[2.019s] -- Symlinking: /home/deathstroke/vins-fusion-ros2/install/global_fusion/bin/global_fusion_node
[2.025s] -- Up-to-date symlink: /home/deathstroke/vins-fusion-ros2/install/global_fusion/lib/global_fusion/global_fusion_node
[2.025s] -- Symlinking: /home/deathstroke/vins-fusion-ros2/install/global_fusion/share/ament_index/resource_index/package_run_dependencies/global_fusion
[2.030s] -- Symlinking: /home/deathstroke/vins-fusion-ros2/install/global_fusion/share/ament_index/resource_index/parent_prefix_path/global_fusion
[2.035s] -- Symlinking: /home/deathstroke/vins-fusion-ros2/install/global_fusion/share/global_fusion/environment/ament_prefix_path.sh
[2.042s] -- Symlinking: /home/deathstroke/vins-fusion-ros2/install/global_fusion/share/global_fusion/environment/ament_prefix_path.dsv
[2.048s] -- Symlinking: /home/deathstroke/vins-fusion-ros2/install/global_fusion/share/global_fusion/environment/path.sh
[2.053s] -- Symlinking: /home/deathstroke/vins-fusion-ros2/install/global_fusion/share/global_fusion/environment/path.dsv
[2.059s] -- Symlinking: /home/deathstroke/vins-fusion-ros2/install/global_fusion/share/global_fusion/local_setup.bash
[2.064s] -- Symlinking: /home/deathstroke/vins-fusion-ros2/install/global_fusion/share/global_fusion/local_setup.sh
[2.070s] -- Symlinking: /home/deathstroke/vins-fusion-ros2/install/global_fusion/share/global_fusion/local_setup.zsh
[2.075s] -- Symlinking: /home/deathstroke/vins-fusion-ros2/install/global_fusion/share/global_fusion/local_setup.dsv
[2.080s] -- Symlinking: /home/deathstroke/vins-fusion-ros2/install/global_fusion/share/global_fusion/package.dsv
[2.085s] -- Symlinking: /home/deathstroke/vins-fusion-ros2/install/global_fusion/share/ament_index/resource_index/packages/global_fusion
[2.091s] -- Symlinking: /home/deathstroke/vins-fusion-ros2/install/global_fusion/share/global_fusion/cmake/global_fusionConfig.cmake
[2.096s] -- Symlinking: /home/deathstroke/vins-fusion-ros2/install/global_fusion/share/global_fusion/cmake/global_fusionConfig-version.cmake
[2.101s] -- Symlinking: /home/deathstroke/vins-fusion-ros2/install/global_fusion/share/global_fusion/package.xml
[2.108s] Invoked command in '/home/deathstroke/vins-fusion-ros2/build/global_fusion' returned '0': CMAKE_PREFIX_PATH=${CMAKE_PREFIX_PATH}:/home/deathstroke/realsense-ros/install/realsense2_ros_mqtt_bridge:/home/deathstroke/rust_ws/install/examples_worker_demo:/home/deathstroke/rust_ws/install/examples_rclrs_minimal_pub_sub:/home/deathstroke/rust_ws/install/examples_rclrs_minimal_client_service:/home/deathstroke/rust_ws/install/examples_parameter_demo:/home/deathstroke/rust_ws/install/examples_logging_demo:/home/deathstroke/rust_ws/install/sensor_msgs_py:/home/deathstroke/rust_ws/install/rust_pubsub:/home/deathstroke/rust_ws/install/examples_rclrs_message_demo:/home/deathstroke/rust_ws/install/rosidl_runtime_rs:/home/deathstroke/rust_ws/install/rclrs:/opt/ros/humble /usr/bin/cmake --install /home/deathstroke/vins-fusion-ros2/build/global_fusion
